Warning in embedding_acceptance.crexx @ 141:6 - #NOT_IN_SAME_SCOPE: Implicit use creates a separate binding; the earlier same-named binding is at line 138, column 6. Declare this binding explicitly if intentional., "i"
1 warning(s) in source file
Error in embedding_acceptance.crexx @ 49:8 - #FUNCTION_NOT_FOUND: Function was not found., "rxllama..process"
Error in embedding_acceptance.crexx @ 72:6 - #FUNCTION_NOT_FOUND: Function was not found., "rxllama..requestopen"
Error in embedding_acceptance.crexx @ 73:18 - #FUNCTION_NOT_FOUND: Function was not found., "rxllama..submit"
Error in embedding_acceptance.crexx @ 75:6 - #FUNCTION_NOT_FOUND: Function was not found., "rxllama..requestopen"
Error in embedding_acceptance.crexx @ 77:12 - #FUNCTION_NOT_FOUND: Function was not found., "rxllama..addembedding"
Error in embedding_acceptance.crexx @ 78:46 - #FUNCTION_NOT_FOUND: Function was not found., "rxllama..submit"
Error in embedding_acceptance.crexx @ 80:6 - #FUNCTION_NOT_FOUND: Function was not found., "rxllama..requestopen"
Error in embedding_acceptance.crexx @ 84:27 - #FUNCTION_NOT_FOUND: Function was not found., "rxllama..embeddings"
Error in embedding_acceptance.crexx @ 91:6 - #FUNCTION_NOT_FOUND: Function was not found., "rxllama..requestopen"
Error in embedding_acceptance.crexx @ 98:14 - #FUNCTION_NOT_FOUND: Function was not found., "rxllama..addembedding"
Error in embedding_acceptance.crexx @ 101:27 - #FUNCTION_NOT_FOUND: Function was not found., "rxllama..submit"
Error in embedding_acceptance.crexx @ 106:12 - #FUNCTION_NOT_FOUND: Function was not found., "rxllama..embeddings"
Error in embedding_acceptance.crexx @ 120:27 - #FUNCTION_NOT_FOUND: Function was not found., "rxllama..submit"
Error in embedding_acceptance.crexx @ 148:27 - #FUNCTION_NOT_FOUND: Function was not found., "rxllama..requestopen"
Error in embedding_acceptance.crexx @ 149:27 - #FUNCTION_NOT_FOUND: Function was not found., "rxllama..requestopen"
Error in embedding_acceptance.crexx @ 152:27 - #FUNCTION_NOT_FOUND: Function was not found., "rxllama..addembedding"
Error in embedding_acceptance.crexx @ 153:27 - #FUNCTION_NOT_FOUND: Function was not found., "rxllama..submit"
Error in embedding_acceptance.crexx @ 154:27 - #FUNCTION_NOT_FOUND: Function was not found., "rxllama..cancel"
Error in embedding_acceptance.crexx @ 156:27 - #FUNCTION_NOT_FOUND: Function was not found., "rxllama..process"
19 error(s) in source file
