PASS: opt-typed_configuration-compile
PASS: opt-typed_configuration-assemble
PASS: opt-typed_configuration-link
PASS: opt-typed_configuration-no-model-rxbvm
PASS: opt-typed_configuration-no-model-rxtvm
PASS: opt-typed_embeddings-compile
PASS: opt-typed_embeddings-assemble
PASS: opt-typed_embeddings-link
PASS: opt-typed_embeddings-cpu-rxbvm
PASS: opt-typed_embeddings-cpu-rxtvm
PASS: opt-typed_embeddings-required-gpu-rxbvm
PASS: opt-typed_embeddings-required-gpu-rxtvm
PASS: opt-persistent_embeddings-compile
PASS: opt-persistent_embeddings-assemble
PASS: opt-persistent_embeddings-link
PASS: opt-persistent_embeddings-cpu-rxbvm
PASS: opt-persistent_embeddings-cpu-rxtvm
PASS: opt-persistent_embeddings-required-gpu-rxbvm
PASS: opt-persistent_embeddings-required-gpu-rxtvm
PASS: opt-shared_embeddings-compile
PASS: opt-shared_embeddings-assemble
PASS: opt-shared_embeddings-link
PASS: opt-shared_embeddings-cpu-rxbvm
PASS: opt-shared_embeddings-cpu-rxtvm
PASS: opt-shared_embeddings-required-gpu-rxbvm
PASS: opt-shared_embeddings-required-gpu-rxtvm
PASS: noopt-typed_configuration-compile
PASS: noopt-typed_configuration-assemble
PASS: noopt-typed_configuration-link
PASS: noopt-typed_configuration-no-model-rxbvm
PASS: noopt-typed_configuration-no-model-rxtvm
PASS: noopt-typed_embeddings-compile
PASS: noopt-typed_embeddings-assemble
PASS: noopt-typed_embeddings-link
PASS: noopt-typed_embeddings-cpu-rxbvm
PASS: noopt-typed_embeddings-cpu-rxtvm
PASS: noopt-typed_embeddings-required-gpu-rxbvm
PASS: noopt-typed_embeddings-required-gpu-rxtvm
PASS: noopt-persistent_embeddings-compile
PASS: noopt-persistent_embeddings-assemble
PASS: noopt-persistent_embeddings-link
PASS: noopt-persistent_embeddings-cpu-rxbvm
PASS: noopt-persistent_embeddings-cpu-rxtvm
PASS: noopt-persistent_embeddings-required-gpu-rxbvm
PASS: noopt-persistent_embeddings-required-gpu-rxtvm
PASS: noopt-shared_embeddings-compile
PASS: noopt-shared_embeddings-assemble
PASS: noopt-shared_embeddings-link
PASS: noopt-shared_embeddings-cpu-rxbvm
PASS: noopt-shared_embeddings-cpu-rxtvm
PASS: noopt-shared_embeddings-required-gpu-rxbvm
PASS: noopt-shared_embeddings-required-gpu-rxtvm
PASS: typed four-tool matrix 28 consumer executions
