PASS: install
PASS: sdk-configure
PASS: sdk-build
PASS: rxpa_objects-compile
PASS: rxpa_objects-assemble
PASS: rxpa_objects-link
PASS: rxpa_objects-rxbvm
PASS: rxpa_objects-rxtvm
PASS: rxpa_objects-native-build
PASS: rxpa_objects-relocated
PASS: rxpa_objects_class_only-compile
PASS: rxpa_objects_class_only-assemble
PASS: rxpa_objects_class_only-link
PASS: rxpa_objects_class_only-rxbvm
PASS: rxpa_objects_class_only-rxtvm
PASS: rxpa_objects_class_only-native-build
PASS: rxpa_objects_class_only-relocated
PASS: rxpa_objects_workers-compile
PASS: rxpa_objects_workers-assemble
PASS: rxpa_objects_workers-link
PASS: rxpa_objects_workers-rxbvm
PASS: rxpa_objects_workers-rxtvm
PASS: rxpa_objects_workers-native-build
PASS: rxpa_objects_workers-relocated
PASS: rxpa_objects_text_worker-compile
PASS: rxpa_objects_text_worker-assemble
PASS: rxpa_objects_text_worker-link
PASS: rxpa_objects_text_worker-rxbvm
PASS: rxpa_objects_text_worker-rxtvm
PASS: rxpa_objects_text_worker-native-build
PASS: rxpa_objects_text_worker-relocated
PASS: installed C/C++ SDK and relocated C native object consumers
