channel phase=warmup round=0 position=1 vm=rxbvml variant=accepted
GF_CHANNEL_LATENCY_JOBS: 1024
GF_CHANNEL_LATENCY_US: 7233
GF_CHANNEL_THROUGHPUT_JOBS: 256
GF_CHANNEL_THROUGHPUT_US: 81132
PASS: Gate F F1b channel benchmark
channel phase=warmup round=0 position=2 vm=rxbvml variant=candidate
GF_CHANNEL_LATENCY_JOBS: 1024
GF_CHANNEL_LATENCY_US: 7412
GF_CHANNEL_THROUGHPUT_JOBS: 256
GF_CHANNEL_THROUGHPUT_US: 92504
PASS: Gate F F1b channel benchmark
channel phase=warmup round=0 position=3 vm=rxtvml variant=accepted
GF_CHANNEL_LATENCY_JOBS: 1024
GF_CHANNEL_LATENCY_US: 7535
GF_CHANNEL_THROUGHPUT_JOBS: 256
GF_CHANNEL_THROUGHPUT_US: 106050
PASS: Gate F F1b channel benchmark
channel phase=warmup round=0 position=4 vm=rxtvml variant=candidate
GF_CHANNEL_LATENCY_JOBS: 1024
GF_CHANNEL_LATENCY_US: 7496
GF_CHANNEL_THROUGHPUT_JOBS: 256
GF_CHANNEL_THROUGHPUT_US: 105560
PASS: Gate F F1b channel benchmark
channel phase=recorded round=1 position=5 vm=rxbvml variant=accepted
GF_CHANNEL_LATENCY_JOBS: 1024
GF_CHANNEL_LATENCY_US: 7676
GF_CHANNEL_THROUGHPUT_JOBS: 256
GF_CHANNEL_THROUGHPUT_US: 93547
PASS: Gate F F1b channel benchmark
channel phase=recorded round=1 position=6 vm=rxbvml variant=candidate
GF_CHANNEL_LATENCY_JOBS: 1024
GF_CHANNEL_LATENCY_US: 7318
GF_CHANNEL_THROUGHPUT_JOBS: 256
GF_CHANNEL_THROUGHPUT_US: 98688
PASS: Gate F F1b channel benchmark
channel phase=recorded round=1 position=7 vm=rxtvml variant=accepted
GF_CHANNEL_LATENCY_JOBS: 1024
GF_CHANNEL_LATENCY_US: 7501
GF_CHANNEL_THROUGHPUT_JOBS: 256
GF_CHANNEL_THROUGHPUT_US: 108277
PASS: Gate F F1b channel benchmark
channel phase=recorded round=1 position=8 vm=rxtvml variant=candidate
GF_CHANNEL_LATENCY_JOBS: 1024
GF_CHANNEL_LATENCY_US: 7318
GF_CHANNEL_THROUGHPUT_JOBS: 256
GF_CHANNEL_THROUGHPUT_US: 96093
PASS: Gate F F1b channel benchmark
channel phase=recorded round=2 position=9 vm=rxtvml variant=candidate
GF_CHANNEL_LATENCY_JOBS: 1024
GF_CHANNEL_LATENCY_US: 7219
GF_CHANNEL_THROUGHPUT_JOBS: 256
GF_CHANNEL_THROUGHPUT_US: 93371
PASS: Gate F F1b channel benchmark
channel phase=recorded round=2 position=10 vm=rxtvml variant=accepted
GF_CHANNEL_LATENCY_JOBS: 1024
GF_CHANNEL_LATENCY_US: 7336
GF_CHANNEL_THROUGHPUT_JOBS: 256
GF_CHANNEL_THROUGHPUT_US: 96178
PASS: Gate F F1b channel benchmark
channel phase=recorded round=2 position=11 vm=rxbvml variant=candidate
GF_CHANNEL_LATENCY_JOBS: 1024
GF_CHANNEL_LATENCY_US: 7489
GF_CHANNEL_THROUGHPUT_JOBS: 256
GF_CHANNEL_THROUGHPUT_US: 81812
PASS: Gate F F1b channel benchmark
channel phase=recorded round=2 position=12 vm=rxbvml variant=accepted
GF_CHANNEL_LATENCY_JOBS: 1024
GF_CHANNEL_LATENCY_US: 7322
GF_CHANNEL_THROUGHPUT_JOBS: 256
GF_CHANNEL_THROUGHPUT_US: 81105
PASS: Gate F F1b channel benchmark
channel phase=recorded round=3 position=13 vm=rxbvml variant=accepted
GF_CHANNEL_LATENCY_JOBS: 1024
GF_CHANNEL_LATENCY_US: 7232
GF_CHANNEL_THROUGHPUT_JOBS: 256
GF_CHANNEL_THROUGHPUT_US: 79677
PASS: Gate F F1b channel benchmark
channel phase=recorded round=3 position=14 vm=rxbvml variant=candidate
GF_CHANNEL_LATENCY_JOBS: 1024
GF_CHANNEL_LATENCY_US: 7566
GF_CHANNEL_THROUGHPUT_JOBS: 256
GF_CHANNEL_THROUGHPUT_US: 81491
PASS: Gate F F1b channel benchmark
channel phase=recorded round=3 position=15 vm=rxtvml variant=accepted
GF_CHANNEL_LATENCY_JOBS: 1024
GF_CHANNEL_LATENCY_US: 7488
GF_CHANNEL_THROUGHPUT_JOBS: 256
GF_CHANNEL_THROUGHPUT_US: 95374
PASS: Gate F F1b channel benchmark
channel phase=recorded round=3 position=16 vm=rxtvml variant=candidate
GF_CHANNEL_LATENCY_JOBS: 1024
GF_CHANNEL_LATENCY_US: 7131
GF_CHANNEL_THROUGHPUT_JOBS: 256
GF_CHANNEL_THROUGHPUT_US: 93873
PASS: Gate F F1b channel benchmark
channel phase=recorded round=4 position=17 vm=rxtvml variant=candidate
GF_CHANNEL_LATENCY_JOBS: 1024
GF_CHANNEL_LATENCY_US: 7331
GF_CHANNEL_THROUGHPUT_JOBS: 256
GF_CHANNEL_THROUGHPUT_US: 93809
PASS: Gate F F1b channel benchmark
channel phase=recorded round=4 position=18 vm=rxtvml variant=accepted
GF_CHANNEL_LATENCY_JOBS: 1024
GF_CHANNEL_LATENCY_US: 7223
GF_CHANNEL_THROUGHPUT_JOBS: 256
GF_CHANNEL_THROUGHPUT_US: 94198
PASS: Gate F F1b channel benchmark
channel phase=recorded round=4 position=19 vm=rxbvml variant=candidate
GF_CHANNEL_LATENCY_JOBS: 1024
GF_CHANNEL_LATENCY_US: 7340
GF_CHANNEL_THROUGHPUT_JOBS: 256
GF_CHANNEL_THROUGHPUT_US: 82064
PASS: Gate F F1b channel benchmark
channel phase=recorded round=4 position=20 vm=rxbvml variant=accepted
GF_CHANNEL_LATENCY_JOBS: 1024
GF_CHANNEL_LATENCY_US: 7295
GF_CHANNEL_THROUGHPUT_JOBS: 256
GF_CHANNEL_THROUGHPUT_US: 81369
PASS: Gate F F1b channel benchmark
channel phase=recorded round=5 position=21 vm=rxbvml variant=accepted
GF_CHANNEL_LATENCY_JOBS: 1024
GF_CHANNEL_LATENCY_US: 7374
GF_CHANNEL_THROUGHPUT_JOBS: 256
GF_CHANNEL_THROUGHPUT_US: 80125
PASS: Gate F F1b channel benchmark
channel phase=recorded round=5 position=22 vm=rxbvml variant=candidate
GF_CHANNEL_LATENCY_JOBS: 1024
GF_CHANNEL_LATENCY_US: 7415
GF_CHANNEL_THROUGHPUT_JOBS: 256
GF_CHANNEL_THROUGHPUT_US: 81719
PASS: Gate F F1b channel benchmark
channel phase=recorded round=5 position=23 vm=rxtvml variant=accepted
GF_CHANNEL_LATENCY_JOBS: 1024
GF_CHANNEL_LATENCY_US: 7517
GF_CHANNEL_THROUGHPUT_JOBS: 256
GF_CHANNEL_THROUGHPUT_US: 95406
PASS: Gate F F1b channel benchmark
channel phase=recorded round=5 position=24 vm=rxtvml variant=candidate
GF_CHANNEL_LATENCY_JOBS: 1024
GF_CHANNEL_LATENCY_US: 7402
GF_CHANNEL_THROUGHPUT_JOBS: 256
GF_CHANNEL_THROUGHPUT_US: 94286
PASS: Gate F F1b channel benchmark
channel phase=recorded round=6 position=25 vm=rxtvml variant=candidate
GF_CHANNEL_LATENCY_JOBS: 1024
GF_CHANNEL_LATENCY_US: 7364
GF_CHANNEL_THROUGHPUT_JOBS: 256
GF_CHANNEL_THROUGHPUT_US: 94354
PASS: Gate F F1b channel benchmark
channel phase=recorded round=6 position=26 vm=rxtvml variant=accepted
GF_CHANNEL_LATENCY_JOBS: 1024
GF_CHANNEL_LATENCY_US: 7508
GF_CHANNEL_THROUGHPUT_JOBS: 256
GF_CHANNEL_THROUGHPUT_US: 95947
PASS: Gate F F1b channel benchmark
channel phase=recorded round=6 position=27 vm=rxbvml variant=candidate
GF_CHANNEL_LATENCY_JOBS: 1024
GF_CHANNEL_LATENCY_US: 7491
GF_CHANNEL_THROUGHPUT_JOBS: 256
GF_CHANNEL_THROUGHPUT_US: 112620
PASS: Gate F F1b channel benchmark
channel phase=recorded round=6 position=28 vm=rxbvml variant=accepted
GF_CHANNEL_LATENCY_JOBS: 1024
GF_CHANNEL_LATENCY_US: 7422
GF_CHANNEL_THROUGHPUT_JOBS: 256
GF_CHANNEL_THROUGHPUT_US: 81087
PASS: Gate F F1b channel benchmark
channel phase=recorded round=7 position=29 vm=rxbvml variant=accepted
GF_CHANNEL_LATENCY_JOBS: 1024
GF_CHANNEL_LATENCY_US: 7874
GF_CHANNEL_THROUGHPUT_JOBS: 256
GF_CHANNEL_THROUGHPUT_US: 83308
PASS: Gate F F1b channel benchmark
channel phase=recorded round=7 position=30 vm=rxbvml variant=candidate
GF_CHANNEL_LATENCY_JOBS: 1024
GF_CHANNEL_LATENCY_US: 8018
GF_CHANNEL_THROUGHPUT_JOBS: 256
GF_CHANNEL_THROUGHPUT_US: 81810
PASS: Gate F F1b channel benchmark
channel phase=recorded round=7 position=31 vm=rxtvml variant=accepted
GF_CHANNEL_LATENCY_JOBS: 1024
GF_CHANNEL_LATENCY_US: 7491
GF_CHANNEL_THROUGHPUT_JOBS: 256
GF_CHANNEL_THROUGHPUT_US: 96320
PASS: Gate F F1b channel benchmark
channel phase=recorded round=7 position=32 vm=rxtvml variant=candidate
GF_CHANNEL_LATENCY_JOBS: 1024
GF_CHANNEL_LATENCY_US: 7467
GF_CHANNEL_THROUGHPUT_JOBS: 256
GF_CHANNEL_THROUGHPUT_US: 94889
PASS: Gate F F1b channel benchmark
channel phase=recorded round=8 position=33 vm=rxtvml variant=candidate
GF_CHANNEL_LATENCY_JOBS: 1024
GF_CHANNEL_LATENCY_US: 7379
GF_CHANNEL_THROUGHPUT_JOBS: 256
GF_CHANNEL_THROUGHPUT_US: 96013
PASS: Gate F F1b channel benchmark
channel phase=recorded round=8 position=34 vm=rxtvml variant=accepted
GF_CHANNEL_LATENCY_JOBS: 1024
GF_CHANNEL_LATENCY_US: 7275
GF_CHANNEL_THROUGHPUT_JOBS: 256
GF_CHANNEL_THROUGHPUT_US: 95075
PASS: Gate F F1b channel benchmark
channel phase=recorded round=8 position=35 vm=rxbvml variant=candidate
GF_CHANNEL_LATENCY_JOBS: 1024
GF_CHANNEL_LATENCY_US: 7571
GF_CHANNEL_THROUGHPUT_JOBS: 256
GF_CHANNEL_THROUGHPUT_US: 82553
PASS: Gate F F1b channel benchmark
channel phase=recorded round=8 position=36 vm=rxbvml variant=accepted
GF_CHANNEL_LATENCY_JOBS: 1024
GF_CHANNEL_LATENCY_US: 7286
GF_CHANNEL_THROUGHPUT_JOBS: 256
GF_CHANNEL_THROUGHPUT_US: 83162
PASS: Gate F F1b channel benchmark
channel phase=recorded round=9 position=37 vm=rxbvml variant=accepted
GF_CHANNEL_LATENCY_JOBS: 1024
GF_CHANNEL_LATENCY_US: 7449
GF_CHANNEL_THROUGHPUT_JOBS: 256
GF_CHANNEL_THROUGHPUT_US: 81858
PASS: Gate F F1b channel benchmark
channel phase=recorded round=9 position=38 vm=rxbvml variant=candidate
GF_CHANNEL_LATENCY_JOBS: 1024
GF_CHANNEL_LATENCY_US: 7422
GF_CHANNEL_THROUGHPUT_JOBS: 256
GF_CHANNEL_THROUGHPUT_US: 82901
PASS: Gate F F1b channel benchmark
channel phase=recorded round=9 position=39 vm=rxtvml variant=accepted
GF_CHANNEL_LATENCY_JOBS: 1024
GF_CHANNEL_LATENCY_US: 7849
GF_CHANNEL_THROUGHPUT_JOBS: 256
GF_CHANNEL_THROUGHPUT_US: 96291
PASS: Gate F F1b channel benchmark
channel phase=recorded round=9 position=40 vm=rxtvml variant=candidate
GF_CHANNEL_LATENCY_JOBS: 1024
GF_CHANNEL_LATENCY_US: 8019
GF_CHANNEL_THROUGHPUT_JOBS: 256
GF_CHANNEL_THROUGHPUT_US: 95638
PASS: Gate F F1b channel benchmark
channel phase=recorded round=10 position=41 vm=rxtvml variant=candidate
GF_CHANNEL_LATENCY_JOBS: 1024
GF_CHANNEL_LATENCY_US: 7520
GF_CHANNEL_THROUGHPUT_JOBS: 256
GF_CHANNEL_THROUGHPUT_US: 94841
PASS: Gate F F1b channel benchmark
channel phase=recorded round=10 position=42 vm=rxtvml variant=accepted
GF_CHANNEL_LATENCY_JOBS: 1024
GF_CHANNEL_LATENCY_US: 7526
GF_CHANNEL_THROUGHPUT_JOBS: 256
GF_CHANNEL_THROUGHPUT_US: 95726
PASS: Gate F F1b channel benchmark
channel phase=recorded round=10 position=43 vm=rxbvml variant=candidate
GF_CHANNEL_LATENCY_JOBS: 1024
GF_CHANNEL_LATENCY_US: 7222
GF_CHANNEL_THROUGHPUT_JOBS: 256
GF_CHANNEL_THROUGHPUT_US: 83035
PASS: Gate F F1b channel benchmark
channel phase=recorded round=10 position=44 vm=rxbvml variant=accepted
GF_CHANNEL_LATENCY_JOBS: 1024
GF_CHANNEL_LATENCY_US: 7363
GF_CHANNEL_THROUGHPUT_JOBS: 256
GF_CHANNEL_THROUGHPUT_US: 82656
PASS: Gate F F1b channel benchmark
channel phase=recorded round=11 position=45 vm=rxbvml variant=accepted
GF_CHANNEL_LATENCY_JOBS: 1024
GF_CHANNEL_LATENCY_US: 7274
GF_CHANNEL_THROUGHPUT_JOBS: 256
GF_CHANNEL_THROUGHPUT_US: 82257
PASS: Gate F F1b channel benchmark
channel phase=recorded round=11 position=46 vm=rxbvml variant=candidate
GF_CHANNEL_LATENCY_JOBS: 1024
GF_CHANNEL_LATENCY_US: 7438
GF_CHANNEL_THROUGHPUT_JOBS: 256
GF_CHANNEL_THROUGHPUT_US: 84047
PASS: Gate F F1b channel benchmark
channel phase=recorded round=11 position=47 vm=rxtvml variant=accepted
GF_CHANNEL_LATENCY_JOBS: 1024
GF_CHANNEL_LATENCY_US: 7374
GF_CHANNEL_THROUGHPUT_JOBS: 256
GF_CHANNEL_THROUGHPUT_US: 96581
PASS: Gate F F1b channel benchmark
channel phase=recorded round=11 position=48 vm=rxtvml variant=candidate
GF_CHANNEL_LATENCY_JOBS: 1024
GF_CHANNEL_LATENCY_US: 7637
GF_CHANNEL_THROUGHPUT_JOBS: 256
GF_CHANNEL_THROUGHPUT_US: 95277
PASS: Gate F F1b channel benchmark
channel phase=recorded round=12 position=49 vm=rxtvml variant=candidate
GF_CHANNEL_LATENCY_JOBS: 1024
GF_CHANNEL_LATENCY_US: 7595
GF_CHANNEL_THROUGHPUT_JOBS: 256
GF_CHANNEL_THROUGHPUT_US: 95551
PASS: Gate F F1b channel benchmark
channel phase=recorded round=12 position=50 vm=rxtvml variant=accepted
GF_CHANNEL_LATENCY_JOBS: 1024
GF_CHANNEL_LATENCY_US: 7317
GF_CHANNEL_THROUGHPUT_JOBS: 256
GF_CHANNEL_THROUGHPUT_US: 97209
PASS: Gate F F1b channel benchmark
channel phase=recorded round=12 position=51 vm=rxbvml variant=candidate
GF_CHANNEL_LATENCY_JOBS: 1024
GF_CHANNEL_LATENCY_US: 7518
GF_CHANNEL_THROUGHPUT_JOBS: 256
GF_CHANNEL_THROUGHPUT_US: 82946
PASS: Gate F F1b channel benchmark
channel phase=recorded round=12 position=52 vm=rxbvml variant=accepted
GF_CHANNEL_LATENCY_JOBS: 1024
GF_CHANNEL_LATENCY_US: 7780
GF_CHANNEL_THROUGHPUT_JOBS: 256
GF_CHANNEL_THROUGHPUT_US: 84515
PASS: Gate F F1b channel benchmark
