[0/2] Re-checking globbed directories...
[1/192] Building C object interpreter/CMakeFiles/test_rxpa_host_services.dir/tests/test_rxpa_host_services.c.o
[2/192] Building C object interpreter/CMakeFiles/rxbvm_core_objects.dir/rxvmintp.c.o
[3/192] Building C object interpreter/CMakeFiles/rxtvm_core_objects.dir/rxvmintp.c.o
[4/192] Linking C executable tests/funcvm
[5/192] Linking C executable tests/objects_rxbvm
[6/192] Linking C static library bin/librxbvml.a
[7/192] Linking C static library bin/librxvml.a
[8/192] Linking C executable bin/rxbvm
[9/192] Creating rxvm symlink to rxbvm
[10/192] Linking C executable bin/rxtvm
[11/192] Linking C executable tests/objects_rxtvm
[12/192] Linking C executable bin/rxc
[13/192] Linking C executable interpreter/test_rxpa_host_services
[14/192] Linking C executable tests/rxc_objects_static
[15/192] Building token.rxbin
[16/192] cREXX compile and assemble _address ...
[17/192] cREXX compile and assemble _rxsystem ...
[18/192] cREXX compile and assemble _jdn ...
[19/192] cREXX compile and assemble _datei ...
[20/192] cREXX compile and assemble _dateo ...
[21/192] cREXX compile and assemble _ftrunc ...
[22/192] cREXX compile and assemble _itrunc ...
[23/192] cREXX compile and assemble _typedformat ...
[24/192] cREXX compile and assemble abbrev ...
[25/192] cREXX compile and assemble abs ...
[26/192] cREXX compile and assemble intabs ...
[27/192] cREXX compile and assemble floatabs ...
[28/192] cREXX compile and assemble b2x ...
[29/192] cREXX compile and assemble b2d ...
[30/192] cREXX compile and assemble binary ...
[31/192] cREXX compile and assemble c2x ...
[32/192] cREXX compile and assemble c2d ...
[33/192] cREXX compile and assemble center ...
[34/192] cREXX compile and assemble centre ...
[35/192] cREXX compile and assemble changestr ...
[36/192] cREXX compile and assemble compare ...
[37/192] cREXX compile and assemble copies ...
[38/192] cREXX compile and assemble countstr ...
[39/192] cREXX compile and assemble d2b ...
[40/192] cREXX compile and assemble d2c ...
[41/192] cREXX compile and assemble d2x ...
[42/192] cREXX compile and assemble date ...
[43/192] cREXX compile and assemble delstr ...
[44/192] cREXX compile and assemble delword ...
[45/192] cREXX compile and assemble fileio ...
[46/192] cREXX compile and assemble filter ...
[47/192] cREXX compile and assemble format ...
[48/192] cREXX compile and assemble intformat ...
[49/192] cREXX compile and assemble floatformat ...
[50/192] cREXX compile and assemble fnv ...
[51/192] cREXX compile and assemble getenv ...
[52/192] cREXX compile and assemble insert ...
[53/192] cREXX compile and assemble length ...
[54/192] cREXX compile and assemble linesize ...
[55/192] cREXX compile and assemble loadmodule ...
[56/192] cREXX compile and assemble lower ...
[57/192] cREXX compile and assemble max ...
[58/192] cREXX compile and assemble intmax ...
[59/192] cREXX compile and assemble floatmax ...
[60/192] cREXX compile and assemble min ...
[61/192] cREXX compile and assemble intmin ...
[62/192] cREXX compile and assemble floatmin ...
[63/192] cREXX compile and assemble numeric ...
[64/192] cREXX compile and assemble overlay ...
[65/192] cREXX compile and assemble pos ...
[66/192] cREXX compile and assemble qscan ...
[67/192] cREXX compile and assemble qpos ...
[68/192] cREXX compile and assemble qsplit ...
[69/192] cREXX compile and assemble qsplitsafe ...
[70/192] cREXX compile and assemble qextractall ...
[71/192] cREXX compile and assemble qextractpair ...
[72/192] cREXX compile and assemble qstripcomment ...
[73/192] cREXX compile and assemble qremoveall ...
[74/192] cREXX compile and assemble fsayfmt ...
[75/192] cREXX compile and assemble lastpos ...
[76/192] cREXX compile and assemble left ...
[77/192] cREXX compile and assemble right ...
[78/192] cREXX compile and assemble raise ...
[79/192] cREXX compile and assemble reverse ...
[80/192] cREXX compile and assemble signal ...
[81/192] cREXX compile and assemble trace ...
[82/192] cREXX compile and assemble sign ...
[83/192] cREXX compile and assemble intsign ...
[84/192] cREXX compile and assemble floatsign ...
[85/192] cREXX compile and assemble space ...
[86/192] cREXX compile and assemble strip ...
[87/192] cREXX compile and assemble substr ...
[88/192] cREXX compile and assemble substro ...
[89/192] cREXX compile and assemble symbol ...
[90/192] cREXX compile and assemble time ...
[91/192] cREXX compile and assemble translate ...
[92/192] cREXX compile and assemble trunc ...
[93/192] cREXX compile and assemble floattrunc ...
[94/192] cREXX compile and assemble upper ...
[95/192] cREXX compile and assemble value ...
[96/192] cREXX compile and assemble verify ...
[97/192] cREXX compile and assemble version ...
[98/192] cREXX compile and assemble sourceinfo ...
[99/192] cREXX compile and assemble word ...
[100/192] cREXX compile and assemble words ...
[101/192] cREXX compile and assemble wordindex ...
[102/192] cREXX compile and assemble subword ...
[103/192] cREXX compile and assemble wordlength ...
[104/192] cREXX compile and assemble wordpos ...
[105/192] cREXX compile and assemble qword ...
[106/192] cREXX compile and assemble qwordlength ...
[107/192] cREXX compile and assemble qwords ...
[108/192] cREXX compile and assemble qwordindex ...
[109/192] cREXX compile and assemble qwordpos ...
[110/192] cREXX compile and assemble qsubword ...
[111/192] cREXX compile and assemble regex ...
[112/192] cREXX compile and assemble x2b ...
[113/192] cREXX compile and assemble x2c ...
[114/192] cREXX compile and assemble x2d ...
[115/192] cREXX compile and assemble random ...
[116/192] cREXX compile and assemble reradix ...
[117/192] cREXX compile and assemble sequence ...
[118/192] cREXX compile and assemble find ...
[119/192] cREXX compile and assemble index ...
[120/192] cREXX compile and assemble xrange ...
[121/192] cREXX compile and assemble parsecompile ...
[122/192] cREXX compile and assemble parsestring ...
[123/192] cREXX compile and assemble parse ...
[124/192] cREXX compile and assemble datatype ...
[125/192] cREXX compile and assemble arrayfind ...
[126/192] cREXX compile and assemble splice ...
[127/192] cREXX compile and assemble arrayinsert ...
[128/192] cREXX compile and assemble arraydelete ...
[129/192] cREXX compile and assemble arrayappend ...
[130/192] cREXX compile and assemble arrayprepend ...
[131/192] cREXX compile and assemble objectarrayinsert ...
[132/192] cREXX compile and assemble objectarraydelete ...
[133/192] cREXX compile and assemble objectarrayappend ...
[134/192] cREXX compile and assemble objectarrayprepend ...
[135/192] cREXX compile and assemble objectarraydrop ...
[136/192] cREXX compile and assemble objectarraymove ...
[137/192] cREXX compile and assemble arraypop ...
[138/192] cREXX compile and assemble arrayshift ...
[139/192] cREXX compile and assemble arrayget ...
[140/192] cREXX compile and assemble arrayset ...
[141/192] cREXX compile and assemble arraycontains ...
[142/192] cREXX compile and assemble arrayindexof ...
[143/192] cREXX compile and assemble arrayreverse ...
[144/192] cREXX compile and assemble arrayjoin ...
[145/192] cREXX compile and assemble arraysort ...
[146/192] cREXX compile and assemble arraycopy ...
[147/192] cREXX compile and assemble arraydrop ...
[148/192] cREXX compile and assemble arrayhi ...
[149/192] cREXX compile and assemble arraymove ...
[150/192] cREXX compile and assemble fmtmask ...
[151/192] cREXX compile and assemble compilemask ...
[152/192] cREXX compile and assemble runmask ...
[153/192] cREXX compile and assemble stem ...
[154/192] cREXX compile and assemble rxjson ...
[155/192] cREXX compile and assemble rxsocket ...
[156/192] cREXX compile and assemble wordrep ...
[157/192] cREXX compile and assemble rxqueue ...
[158/192] cREXX compile and assemble afterword ...
[159/192] cREXX REXX Library Archive ...
[160/192] cREXX Linked Library Image ...
[161/192] Staging deterministic compiler-exit imports ...
[162/192] Linking C executable tests/rxc_classdecl_static
[163/192] Building Dump.rxbin
[164/192] Building Query.rxbin
[165/192] Building Sort.rxbin
[166/192] Building Sortx.rxbin
[167/192] Building Add.rxbin
[168/192] Building Fsay.rxbin
[169/192] Building Execio.rxbin
[170/192] Building Msay.rxbin
[171/192] Building Substr.rxbin
[172/192] Building Signal.rxbin
[173/192] Building Dummy.rxbin
[174/192] Building Queue.rxbin
[175/192] Building Trace.rxbin
[176/192] Building RexxScript.rxbin
[177/192] Building Address.rxbin
[178/192] Building Parse.rxbin
[179/192] Building rxcexits.rxbin (bundled via concatenation)
[180/192] Generating rxpa_native_payload_funcs_dynamic_opt.rxbin
[181/192] Generating rxpa_callmethod_run_noopt.rxbin
[182/192] Generating rxpa_callmethod_static_run_opt.rxbin
[183/192] Generating rxpa_callmethod_run_opt.rxbin
[184/192] Generating rxpa_native_payload_funcs_dynamic_noopt.rxbin
[185/192] Generating rxpa_callmethod_static_run_noopt.rxbin
[186/192] Generating rxpa_native_unwind_funcs_dynamic_opt.rxbin
[187/192] Generating rxpa_native_payload_funcs_static_opt.rxbin
[188/192] Generating rxpa_native_unwind_funcs_dynamic_noopt.rxbin
[189/192] Generating rxpa_native_payload_funcs_static_noopt.rxbin
[190/192] Generating rxpa_native_unwind_funcs_static_opt.rxbin
[191/192] Generating rxpa_native_unwind_funcs_static_noopt.rxbin
Test project /Users/adrian/CLionProjects/CREXX/cmake-build-debug
      Start  656: inline_receiver_signal_cleanup
      Start  602: interface_named_factory_source_import_run_noopt
      Start  604: interface_named_factory_binary_import_run_noopt
      Start  603: interface_named_factory_source_import_run_opt
      Start  605: interface_named_factory_binary_import_run_opt
      Start  527: interface_factory_tiebreak_run_noopt
 1/44 Test  #527: interface_factory_tiebreak_run_noopt ..............   Passed    1.32 sec
      Start  586: interface_named_factory_tiebreak_run_noopt
 2/44 Test  #605: interface_named_factory_binary_import_run_opt .....   Passed    1.93 sec
      Start  584: interface_named_factory_same_module_run_noopt
 3/44 Test  #603: interface_named_factory_source_import_run_opt .....   Passed    2.00 sec
      Start  588: interface_named_factory_no_impl_run_noopt
 4/44 Test  #602: interface_named_factory_source_import_run_noopt ...   Passed    2.05 sec
      Start  585: interface_named_factory_same_module_run_opt
 5/44 Test  #604: interface_named_factory_binary_import_run_noopt ...   Passed    2.06 sec
      Start  587: interface_named_factory_tiebreak_run_opt
 6/44 Test  #586: interface_named_factory_tiebreak_run_noopt ........   Passed    1.07 sec
      Start  528: interface_factory_tiebreak_run_opt
 7/44 Test  #588: interface_named_factory_no_impl_run_noopt .........   Passed    1.09 sec
      Start  589: interface_named_factory_no_impl_run_opt
 8/44 Test  #587: interface_named_factory_tiebreak_run_opt ..........   Passed    1.04 sec
      Start  163: interface_match_without_factory_fail
 9/44 Test  #584: interface_named_factory_same_module_run_noopt .....   Passed    1.17 sec
      Start  847: inline_indexed_attr_factory_lifetime_run_noopt
10/44 Test  #585: interface_named_factory_same_module_run_opt .......   Passed    1.21 sec
      Start  747: inline_test_factory_arg_scope_run_noopt
11/44 Test  #656: inline_receiver_signal_cleanup ....................   Passed    3.35 sec
      Start  745: inline_test_named_factory_selector_run_noopt
12/44 Test  #528: interface_factory_tiebreak_run_opt ................   Passed    1.27 sec
      Start  848: inline_indexed_attr_factory_lifetime_run_opt
13/44 Test  #163: interface_match_without_factory_fail ..............   Passed    1.11 sec
      Start  849: inline_indexed_attr_factory_lifetime_shape
14/44 Test  #589: interface_named_factory_no_impl_run_opt ...........   Passed    1.18 sec
      Start  748: inline_test_factory_arg_scope_run_opt
15/44 Test  #847: inline_indexed_attr_factory_lifetime_run_noopt ....   Passed    1.66 sec
      Start  746: inline_test_named_factory_selector_run_opt
16/44 Test  #848: inline_indexed_attr_factory_lifetime_run_opt ......   Passed    1.11 sec
      Start  297: inline_test_named_factory_selector_noopt
17/44 Test  #747: inline_test_factory_arg_scope_run_noopt ...........   Passed    1.53 sec
      Start  298: inline_test_named_factory_selector_opt
18/44 Test  #745: inline_test_named_factory_selector_run_noopt ......   Passed    1.44 sec
      Start  165: interface_factory_return_type_fail
19/44 Test  #165: interface_factory_return_type_fail ................   Passed    0.23 sec
      Start 2457: rxpa_native_payload_funcs_static_noopt
20/44 Test  #849: inline_indexed_attr_factory_lifetime_shape ........   Passed    0.97 sec
      Start 2455: rxpa_native_payload_funcs_dynamic_noopt
21/44 Test #2455: rxpa_native_payload_funcs_dynamic_noopt ...........   Passed    0.10 sec
      Start 2461: rxpa_native_unwind_funcs_static_noopt
22/44 Test  #748: inline_test_factory_arg_scope_run_opt .............   Passed    1.09 sec
      Start 2459: rxpa_native_unwind_funcs_dynamic_noopt
23/44 Test #2461: rxpa_native_unwind_funcs_static_noopt .............   Passed    0.11 sec
      Start 2433: rxpa_callmethod_static_run_noopt
24/44 Test #2457: rxpa_native_payload_funcs_static_noopt ............   Passed    0.37 sec
      Start 2458: rxpa_native_payload_funcs_static_opt
25/44 Test #2458: rxpa_native_payload_funcs_static_opt ..............   Passed    0.07 sec
      Start 2418: rxpa_callmethod_run_noopt
26/44 Test #2459: rxpa_native_unwind_funcs_dynamic_noopt ............   Passed    0.11 sec
      Start 2456: rxpa_native_payload_funcs_dynamic_opt
27/44 Test #2433: rxpa_callmethod_static_run_noopt ..................   Passed    0.11 sec
      Start 2432: rxpa_classdecl_static_compile_opt
28/44 Test #2456: rxpa_native_payload_funcs_dynamic_opt .............   Passed    0.06 sec
      Start 2428: rxpa_classdecl_static_compile_noopt
29/44 Test #2418: rxpa_callmethod_run_noopt .........................   Passed    0.10 sec
      Start 2427: rxpa_classdecl_dynamic_compile_noopt
30/44 Test  #297: inline_test_named_factory_selector_noopt ..........   Passed    0.94 sec
      Start 2431: rxpa_classdecl_dynamic_compile_opt
31/44 Test  #298: inline_test_named_factory_selector_opt ............   Passed    0.93 sec
      Start 2462: rxpa_native_unwind_funcs_static_opt
32/44 Test #2462: rxpa_native_unwind_funcs_static_opt ...............   Passed    0.06 sec
      Start 2460: rxpa_native_unwind_funcs_dynamic_opt
33/44 Test  #746: inline_test_named_factory_selector_run_opt ........   Passed    1.03 sec
      Start 2434: rxpa_callmethod_static_run_opt
34/44 Test #2460: rxpa_native_unwind_funcs_dynamic_opt ..............   Passed    0.07 sec
      Start 2419: rxpa_callmethod_run_opt
35/44 Test #2434: rxpa_callmethod_static_run_opt ....................   Passed    0.07 sec
      Start 1158: rxpa_host_text_services
36/44 Test #2419: rxpa_callmethod_run_opt ...........................   Passed    0.07 sec
      Start 1193: rxaspanicaddresstests
37/44 Test #1193: rxaspanicaddresstests .............................   Passed    0.02 sec
      Start 1194: rxaspanicsourcetests
38/44 Test #1194: rxaspanicsourcetests ..............................   Passed    0.02 sec
      Start    4: rxgraph_unit
39/44 Test #1158: rxpa_host_text_services ...........................   Passed    0.26 sec
40/44 Test    #4: rxgraph_unit ......................................   Passed    0.37 sec
41/44 Test #2427: rxpa_classdecl_dynamic_compile_noopt ..............   Passed    1.02 sec
42/44 Test #2431: rxpa_classdecl_dynamic_compile_opt ................   Passed    0.97 sec
43/44 Test #2432: rxpa_classdecl_static_compile_opt .................   Passed    1.29 sec
44/44 Test #2428: rxpa_classdecl_static_compile_noopt ...............   Passed    1.25 sec

100% tests passed, 0 tests failed out of 44

Label Time Summary:
callback             =   0.36 sec*proc (4 tests)
classes              =   0.36 sec*proc (4 tests)
compiler             =   4.32 sec*proc (2 tests)
comprehensive        =  37.78 sec*proc (41 tests)
concurrency          =   0.37 sec*proc (1 test)
concurrency-sp03     =   0.37 sec*proc (1 test)
correctness          =   3.35 sec*proc (1 test)
flow                 =   3.35 sec*proc (1 test)
inlining             =   4.32 sec*proc (2 tests)
interpreter          =   0.62 sec*proc (5 tests)
linked_opt           =  15.62 sec*proc (16 tests)
optimizer-parity     =   1.31 sec*proc (12 tests)
plugins              =   0.26 sec*proc (1 test)
receiver             =   3.35 sec*proc (1 test)
register-lifetime    =   0.97 sec*proc (1 test)
regression           =   1.59 sec*proc (6 tests)
rxpa                 =   0.62 sec*proc (5 tests)
signals              =   3.35 sec*proc (1 test)
smoke                =   1.50 sec*proc (3 tests)
static               =   0.18 sec*proc (2 tests)

Total Test time (real) =   6.86 sec
