Internal ctest changing into directory: /home/qa/crexx/build-debug
Test project /home/qa/crexx/build-debug
      Start 3045: decimal_gate1_adapter_db_common18_arithmetic
 1/10 Test #3045: decimal_gate1_adapter_db_common18_arithmetic ...   Passed    0.00 sec
      Start 3046: decimal_gate1_adapter_db_common18_conversion
 2/10 Test #3046: decimal_gate1_adapter_db_common18_conversion ...   Passed    0.00 sec
      Start 3047: decimal_gate1_adapter_db_common18_compare
 3/10 Test #3047: decimal_gate1_adapter_db_common18_compare ......   Passed    0.00 sec
      Start 3048: decimal_gate1_adapter_db_common18_copy-clear
 4/10 Test #3048: decimal_gate1_adapter_db_common18_copy-clear ...   Passed    0.00 sec
      Start 3049: decimal_gate1_adapter_db_common18_sync
 5/10 Test #3049: decimal_gate1_adapter_db_common18_sync .........   Passed    0.00 sec
      Start 3050: decimal_gate1_adapter_db_classic9_arithmetic
 6/10 Test #3050: decimal_gate1_adapter_db_classic9_arithmetic ...   Passed    0.00 sec
      Start 3051: decimal_gate1_adapter_db_classic9_conversion
 7/10 Test #3051: decimal_gate1_adapter_db_classic9_conversion ...   Passed    0.00 sec
      Start 3052: decimal_gate1_adapter_db_classic9_compare
 8/10 Test #3052: decimal_gate1_adapter_db_classic9_compare ......   Passed    0.00 sec
      Start 3053: decimal_gate1_adapter_db_classic9_copy-clear
 9/10 Test #3053: decimal_gate1_adapter_db_classic9_copy-clear ...   Passed    0.00 sec
      Start 3054: decimal_gate1_adapter_db_classic9_sync
10/10 Test #3054: decimal_gate1_adapter_db_classic9_sync .........   Passed    0.00 sec

100% tests passed, 0 tests failed out of 10

Label Time Summary:
adapter                    =   0.01 sec*proc (10 tests)
decimal                    =   0.01 sec*proc (10 tests)
decimal01                  =   0.01 sec*proc (10 tests)
gate1                      =   0.01 sec*proc (10 tests)
performance                =   0.01 sec*proc (10 tests)
performance-measurement    =   0.01 sec*proc (10 tests)

Total Test time (real) =   0.12 sec
