Assembling cmake-build-release/tests/benchmarks/benchmark_awfy_sieve_opt.rxas
DEBUG: Token 4 (NEWLINE) at line 4
DEBUG: Token 4 (NEWLINE) at line 5
DEBUG: Token 7 (KW_GLOBALS) at line 5
DEBUG: Token 8 (EQUAL) at line 5
DEBUG: Token 9 (INT) at line 5
DEBUG: Token 4 (NEWLINE) at line 6
DEBUG: Token 4 (NEWLINE) at line 7
DEBUG: Token 17 (FUNC) at line 7
DEBUG: Token 25 (KW_LOCALS) at line 7
DEBUG: Token 8 (EQUAL) at line 7
DEBUG: Token 9 (INT) at line 7
DEBUG: Token 4 (NEWLINE) at line 8
DEBUG: Token 15 (KW_META) at line 8
DEBUG: Token 16 (STRING) at line 8
DEBUG: Token 8 (EQUAL) at line 8
DEBUG: Token 16 (STRING) at line 8
DEBUG: Token 16 (STRING) at line 8
DEBUG: Token 17 (FUNC) at line 8
DEBUG: Token 16 (STRING) at line 8
DEBUG: Token 4 (NEWLINE) at line 9
DEBUG: Token 12 (ID) at line 9
DEBUG: Token 9 (INT) at line 9
DEBUG: Token 29 (COMMA) at line 9
DEBUG: Token 9 (INT) at line 9
DEBUG: Token 29 (COMMA) at line 9
DEBUG: Token 9 (INT) at line 9
DEBUG: Token 4 (NEWLINE) at line 10
DEBUG: Token 27 (KW_SRCSTEP) at line 10
DEBUG: Token 9 (INT) at line 10
DEBUG: Token 9 (INT) at line 10
DEBUG: Token 9 (INT) at line 10
DEBUG: Token 16 (STRING) at line 10
DEBUG: Token 9 (INT) at line 10
DEBUG: Token 9 (INT) at line 10
DEBUG: Token 9 (INT) at line 10
DEBUG: Token 16 (STRING) at line 10
DEBUG: Token 4 (NEWLINE) at line 11
DEBUG: Token 15 (KW_META) at line 11
DEBUG: Token 16 (STRING) at line 11
DEBUG: Token 8 (EQUAL) at line 11
DEBUG: Token 16 (STRING) at line 11
DEBUG: Token 16 (STRING) at line 11
DEBUG: Token 14 (RREG) at line 11
DEBUG: Token 4 (NEWLINE) at line 12
DEBUG: Token 12 (ID) at line 12
DEBUG: Token 12 (ID) at line 12
DEBUG: Token 29 (COMMA) at line 12
DEBUG: Token 13 (AREG) at line 12
DEBUG: Token 29 (COMMA) at line 12
DEBUG: Token 9 (INT) at line 12
DEBUG: Token 4 (NEWLINE) at line 13
DEBUG: Token 12 (ID) at line 13
DEBUG: Token 14 (RREG) at line 13
DEBUG: Token 29 (COMMA) at line 13
DEBUG: Token 13 (AREG) at line 13
DEBUG: Token 4 (NEWLINE) at line 14
DEBUG: Token 12 (ID) at line 14
DEBUG: Token 12 (ID) at line 14
DEBUG: Token 4 (NEWLINE) at line 15
DEBUG: Token 26 (LABEL) at line 15
DEBUG: Token 4 (NEWLINE) at line 16
DEBUG: Token 12 (ID) at line 16
DEBUG: Token 14 (RREG) at line 16
DEBUG: Token 29 (COMMA) at line 16
DEBUG: Token 13 (AREG) at line 16
DEBUG: Token 4 (NEWLINE) at line 17
DEBUG: Token 26 (LABEL) at line 17
DEBUG: Token 4 (NEWLINE) at line 18
DEBUG: Token 27 (KW_SRCSTEP) at line 18
DEBUG: Token 9 (INT) at line 18
DEBUG: Token 9 (INT) at line 18
DEBUG: Token 9 (INT) at line 18
DEBUG: Token 16 (STRING) at line 18
DEBUG: Token 9 (INT) at line 18
DEBUG: Token 9 (INT) at line 18
DEBUG: Token 9 (INT) at line 18
DEBUG: Token 16 (STRING) at line 18
DEBUG: Token 4 (NEWLINE) at line 19
DEBUG: Token 15 (KW_META) at line 19
DEBUG: Token 16 (STRING) at line 19
DEBUG: Token 8 (EQUAL) at line 19
DEBUG: Token 16 (STRING) at line 19
DEBUG: Token 16 (STRING) at line 19
DEBUG: Token 14 (RREG) at line 19
DEBUG: Token 4 (NEWLINE) at line 20
DEBUG: Token 12 (ID) at line 20
DEBUG: Token 14 (RREG) at line 20
DEBUG: Token 29 (COMMA) at line 20
DEBUG: Token 9 (INT) at line 20
DEBUG: Token 4 (NEWLINE) at line 21
DEBUG: Token 28 (KW_TRACEEVENT) at line 21
DEBUG: Token 16 (STRING) at line 21
DEBUG: Token 9 (INT) at line 21
DEBUG: Token 16 (STRING) at line 21
DEBUG: Token 16 (STRING) at line 21
DEBUG: Token 16 (STRING) at line 21
DEBUG: Token 9 (INT) at line 21
DEBUG: Token 9 (INT) at line 21
DEBUG: Token 9 (INT) at line 21
DEBUG: Token 9 (INT) at line 21
DEBUG: Token 16 (STRING) at line 21
DEBUG: Token 16 (STRING) at line 21
DEBUG: Token 4 (NEWLINE) at line 22
DEBUG: Token 28 (KW_TRACEEVENT) at line 22
DEBUG: Token 16 (STRING) at line 22
DEBUG: Token 9 (INT) at line 22
DEBUG: Token 16 (STRING) at line 22
DEBUG: Token 16 (STRING) at line 22
DEBUG: Token 16 (STRING) at line 22
DEBUG: Token 9 (INT) at line 22
DEBUG: Token 9 (INT) at line 22
DEBUG: Token 9 (INT) at line 22
DEBUG: Token 9 (INT) at line 22
DEBUG: Token 16 (STRING) at line 22
DEBUG: Token 16 (STRING) at line 22
DEBUG: Token 4 (NEWLINE) at line 23
DEBUG: Token 27 (KW_SRCSTEP) at line 23
DEBUG: Token 9 (INT) at line 23
DEBUG: Token 9 (INT) at line 23
DEBUG: Token 9 (INT) at line 23
DEBUG: Token 16 (STRING) at line 23
DEBUG: Token 9 (INT) at line 23
DEBUG: Token 9 (INT) at line 23
DEBUG: Token 9 (INT) at line 23
DEBUG: Token 16 (STRING) at line 23
DEBUG: Token 4 (NEWLINE) at line 24
DEBUG: Token 28 (KW_TRACEEVENT) at line 24
DEBUG: Token 16 (STRING) at line 24
DEBUG: Token 9 (INT) at line 24
DEBUG: Token 16 (STRING) at line 24
DEBUG: Token 16 (STRING) at line 24
DEBUG: Token 16 (STRING) at line 24
DEBUG: Token 9 (INT) at line 24
DEBUG: Token 9 (INT) at line 24
DEBUG: Token 9 (INT) at line 24
DEBUG: Token 9 (INT) at line 24
DEBUG: Token 16 (STRING) at line 24
DEBUG: Token 16 (STRING) at line 24
DEBUG: Token 4 (NEWLINE) at line 25
DEBUG: Token 12 (ID) at line 25
DEBUG: Token 14 (RREG) at line 25
DEBUG: Token 29 (COMMA) at line 25
DEBUG: Token 14 (RREG) at line 25
DEBUG: Token 29 (COMMA) at line 25
DEBUG: Token 9 (INT) at line 25
DEBUG: Token 4 (NEWLINE) at line 26
DEBUG: Token 28 (KW_TRACEEVENT) at line 26
DEBUG: Token 16 (STRING) at line 26
DEBUG: Token 9 (INT) at line 26
DEBUG: Token 16 (STRING) at line 26
DEBUG: Token 16 (STRING) at line 26
DEBUG: Token 16 (STRING) at line 26
DEBUG: Token 9 (INT) at line 26
DEBUG: Token 9 (INT) at line 26
DEBUG: Token 9 (INT) at line 26
DEBUG: Token 9 (INT) at line 26
DEBUG: Token 16 (STRING) at line 26
DEBUG: Token 16 (STRING) at line 26
DEBUG: Token 4 (NEWLINE) at line 27
DEBUG: Token 12 (ID) at line 27
DEBUG: Token 14 (RREG) at line 27
DEBUG: Token 29 (COMMA) at line 27
DEBUG: Token 14 (RREG) at line 27
DEBUG: Token 29 (COMMA) at line 27
DEBUG: Token 9 (INT) at line 27
DEBUG: Token 4 (NEWLINE) at line 28
DEBUG: Token 28 (KW_TRACEEVENT) at line 28
DEBUG: Token 16 (STRING) at line 28
DEBUG: Token 9 (INT) at line 28
DEBUG: Token 16 (STRING) at line 28
DEBUG: Token 16 (STRING) at line 28
DEBUG: Token 16 (STRING) at line 28
DEBUG: Token 9 (INT) at line 28
DEBUG: Token 9 (INT) at line 28
DEBUG: Token 9 (INT) at line 28
DEBUG: Token 9 (INT) at line 28
DEBUG: Token 16 (STRING) at line 28
DEBUG: Token 16 (STRING) at line 28
DEBUG: Token 4 (NEWLINE) at line 29
DEBUG: Token 12 (ID) at line 29
DEBUG: Token 12 (ID) at line 29
DEBUG: Token 29 (COMMA) at line 29
DEBUG: Token 14 (RREG) at line 29
DEBUG: Token 4 (NEWLINE) at line 30
DEBUG: Token 27 (KW_SRCSTEP) at line 30
DEBUG: Token 9 (INT) at line 30
DEBUG: Token 9 (INT) at line 30
DEBUG: Token 9 (INT) at line 30
DEBUG: Token 16 (STRING) at line 30
DEBUG: Token 9 (INT) at line 30
DEBUG: Token 9 (INT) at line 30
DEBUG: Token 9 (INT) at line 30
DEBUG: Token 16 (STRING) at line 30
DEBUG: Token 4 (NEWLINE) at line 31
DEBUG: Token 27 (KW_SRCSTEP) at line 31
DEBUG: Token 9 (INT) at line 31
DEBUG: Token 9 (INT) at line 31
DEBUG: Token 9 (INT) at line 31
DEBUG: Token 16 (STRING) at line 31
DEBUG: Token 9 (INT) at line 31
DEBUG: Token 9 (INT) at line 31
DEBUG: Token 9 (INT) at line 31
DEBUG: Token 16 (STRING) at line 31
DEBUG: Token 4 (NEWLINE) at line 32
DEBUG: Token 12 (ID) at line 32
DEBUG: Token 14 (RREG) at line 32
DEBUG: Token 29 (COMMA) at line 32
DEBUG: Token 14 (RREG) at line 32
DEBUG: Token 29 (COMMA) at line 32
DEBUG: Token 9 (INT) at line 32
DEBUG: Token 4 (NEWLINE) at line 33
DEBUG: Token 12 (ID) at line 33
DEBUG: Token 14 (RREG) at line 33
DEBUG: Token 4 (NEWLINE) at line 34
DEBUG: Token 28 (KW_TRACEEVENT) at line 34
DEBUG: Token 16 (STRING) at line 34
DEBUG: Token 9 (INT) at line 34
DEBUG: Token 16 (STRING) at line 34
DEBUG: Token 16 (STRING) at line 34
DEBUG: Token 16 (STRING) at line 34
DEBUG: Token 9 (INT) at line 34
DEBUG: Token 9 (INT) at line 34
DEBUG: Token 9 (INT) at line 34
DEBUG: Token 9 (INT) at line 34
DEBUG: Token 16 (STRING) at line 34
DEBUG: Token 16 (STRING) at line 34
DEBUG: Token 4 (NEWLINE) at line 35
DEBUG: Token 12 (ID) at line 35
DEBUG: Token 14 (RREG) at line 35
DEBUG: Token 29 (COMMA) at line 35
DEBUG: Token 14 (RREG) at line 35
DEBUG: Token 4 (NEWLINE) at line 36
DEBUG: Token 28 (KW_TRACEEVENT) at line 36
DEBUG: Token 16 (STRING) at line 36
DEBUG: Token 9 (INT) at line 36
DEBUG: Token 16 (STRING) at line 36
DEBUG: Token 16 (STRING) at line 36
DEBUG: Token 16 (STRING) at line 36
DEBUG: Token 9 (INT) at line 36
DEBUG: Token 9 (INT) at line 36
DEBUG: Token 9 (INT) at line 36
DEBUG: Token 9 (INT) at line 36
DEBUG: Token 16 (STRING) at line 36
DEBUG: Token 16 (STRING) at line 36
DEBUG: Token 4 (NEWLINE) at line 37
DEBUG: Token 26 (LABEL) at line 37
DEBUG: Token 4 (NEWLINE) at line 38
DEBUG: Token 27 (KW_SRCSTEP) at line 38
DEBUG: Token 9 (INT) at line 38
DEBUG: Token 9 (INT) at line 38
DEBUG: Token 9 (INT) at line 38
DEBUG: Token 16 (STRING) at line 38
DEBUG: Token 9 (INT) at line 38
DEBUG: Token 9 (INT) at line 38
DEBUG: Token 9 (INT) at line 38
DEBUG: Token 16 (STRING) at line 38
DEBUG: Token 4 (NEWLINE) at line 39
DEBUG: Token 28 (KW_TRACEEVENT) at line 39
DEBUG: Token 16 (STRING) at line 39
DEBUG: Token 9 (INT) at line 39
DEBUG: Token 16 (STRING) at line 39
DEBUG: Token 16 (STRING) at line 39
DEBUG: Token 16 (STRING) at line 39
DEBUG: Token 9 (INT) at line 39
DEBUG: Token 9 (INT) at line 39
DEBUG: Token 9 (INT) at line 39
DEBUG: Token 9 (INT) at line 39
DEBUG: Token 16 (STRING) at line 39
DEBUG: Token 16 (STRING) at line 39
DEBUG: Token 4 (NEWLINE) at line 40
DEBUG: Token 12 (ID) at line 40
DEBUG: Token 14 (RREG) at line 40
DEBUG: Token 29 (COMMA) at line 40
DEBUG: Token 14 (RREG) at line 40
DEBUG: Token 29 (COMMA) at line 40
DEBUG: Token 9 (INT) at line 40
DEBUG: Token 4 (NEWLINE) at line 41
DEBUG: Token 28 (KW_TRACEEVENT) at line 41
DEBUG: Token 16 (STRING) at line 41
DEBUG: Token 9 (INT) at line 41
DEBUG: Token 16 (STRING) at line 41
DEBUG: Token 16 (STRING) at line 41
DEBUG: Token 16 (STRING) at line 41
DEBUG: Token 9 (INT) at line 41
DEBUG: Token 9 (INT) at line 41
DEBUG: Token 9 (INT) at line 41
DEBUG: Token 9 (INT) at line 41
DEBUG: Token 16 (STRING) at line 41
DEBUG: Token 16 (STRING) at line 41
DEBUG: Token 4 (NEWLINE) at line 42
DEBUG: Token 12 (ID) at line 42
DEBUG: Token 12 (ID) at line 42
DEBUG: Token 29 (COMMA) at line 42
DEBUG: Token 14 (RREG) at line 42
DEBUG: Token 4 (NEWLINE) at line 43
DEBUG: Token 27 (KW_SRCSTEP) at line 43
DEBUG: Token 9 (INT) at line 43
DEBUG: Token 9 (INT) at line 43
DEBUG: Token 9 (INT) at line 43
DEBUG: Token 16 (STRING) at line 43
DEBUG: Token 9 (INT) at line 43
DEBUG: Token 9 (INT) at line 43
DEBUG: Token 9 (INT) at line 43
DEBUG: Token 16 (STRING) at line 43
DEBUG: Token 4 (NEWLINE) at line 44
DEBUG: Token 27 (KW_SRCSTEP) at line 44
DEBUG: Token 9 (INT) at line 44
DEBUG: Token 9 (INT) at line 44
DEBUG: Token 9 (INT) at line 44
DEBUG: Token 16 (STRING) at line 44
DEBUG: Token 9 (INT) at line 44
DEBUG: Token 9 (INT) at line 44
DEBUG: Token 9 (INT) at line 44
DEBUG: Token 16 (STRING) at line 44
DEBUG: Token 4 (NEWLINE) at line 45
DEBUG: Token 27 (KW_SRCSTEP) at line 45
DEBUG: Token 9 (INT) at line 45
DEBUG: Token 9 (INT) at line 45
DEBUG: Token 9 (INT) at line 45
DEBUG: Token 16 (STRING) at line 45
DEBUG: Token 9 (INT) at line 45
DEBUG: Token 9 (INT) at line 45
DEBUG: Token 9 (INT) at line 45
DEBUG: Token 16 (STRING) at line 45
DEBUG: Token 4 (NEWLINE) at line 46
DEBUG: Token 27 (KW_SRCSTEP) at line 46
DEBUG: Token 9 (INT) at line 46
DEBUG: Token 9 (INT) at line 46
DEBUG: Token 9 (INT) at line 46
DEBUG: Token 16 (STRING) at line 46
DEBUG: Token 9 (INT) at line 46
DEBUG: Token 9 (INT) at line 46
DEBUG: Token 9 (INT) at line 46
DEBUG: Token 16 (STRING) at line 46
DEBUG: Token 4 (NEWLINE) at line 47
DEBUG: Token 12 (ID) at line 47
DEBUG: Token 16 (STRING) at line 47
DEBUG: Token 4 (NEWLINE) at line 48
DEBUG: Token 27 (KW_SRCSTEP) at line 48
DEBUG: Token 9 (INT) at line 48
DEBUG: Token 9 (INT) at line 48
DEBUG: Token 9 (INT) at line 48
DEBUG: Token 16 (STRING) at line 48
DEBUG: Token 9 (INT) at line 48
DEBUG: Token 9 (INT) at line 48
DEBUG: Token 9 (INT) at line 48
DEBUG: Token 16 (STRING) at line 48
DEBUG: Token 4 (NEWLINE) at line 49
DEBUG: Token 12 (ID) at line 49
DEBUG: Token 14 (RREG) at line 49
DEBUG: Token 29 (COMMA) at line 49
DEBUG: Token 9 (INT) at line 49
DEBUG: Token 4 (NEWLINE) at line 50
DEBUG: Token 28 (KW_TRACEEVENT) at line 50
DEBUG: Token 16 (STRING) at line 50
DEBUG: Token 9 (INT) at line 50
DEBUG: Token 16 (STRING) at line 50
DEBUG: Token 16 (STRING) at line 50
DEBUG: Token 16 (STRING) at line 50
DEBUG: Token 9 (INT) at line 50
DEBUG: Token 9 (INT) at line 50
DEBUG: Token 9 (INT) at line 50
DEBUG: Token 9 (INT) at line 50
DEBUG: Token 16 (STRING) at line 50
DEBUG: Token 16 (STRING) at line 50
DEBUG: Token 4 (NEWLINE) at line 51
DEBUG: Token 12 (ID) at line 51
DEBUG: Token 14 (RREG) at line 51
DEBUG: Token 29 (COMMA) at line 51
DEBUG: Token 14 (RREG) at line 51
DEBUG: Token 4 (NEWLINE) at line 52
DEBUG: Token 12 (ID) at line 52
DEBUG: Token 12 (ID) at line 52
DEBUG: Token 4 (NEWLINE) at line 53
DEBUG: Token 26 (LABEL) at line 53
DEBUG: Token 4 (NEWLINE) at line 54
DEBUG: Token 12 (ID) at line 54
DEBUG: Token 14 (RREG) at line 54
DEBUG: Token 4 (NEWLINE) at line 55
DEBUG: Token 26 (LABEL) at line 55
DEBUG: Token 4 (NEWLINE) at line 56
DEBUG: Token 27 (KW_SRCSTEP) at line 56
DEBUG: Token 9 (INT) at line 56
DEBUG: Token 9 (INT) at line 56
DEBUG: Token 9 (INT) at line 56
DEBUG: Token 16 (STRING) at line 56
DEBUG: Token 9 (INT) at line 56
DEBUG: Token 9 (INT) at line 56
DEBUG: Token 9 (INT) at line 56
DEBUG: Token 16 (STRING) at line 56
DEBUG: Token 4 (NEWLINE) at line 57
DEBUG: Token 15 (KW_META) at line 57
DEBUG: Token 16 (STRING) at line 57
DEBUG: Token 8 (EQUAL) at line 57
DEBUG: Token 16 (STRING) at line 57
DEBUG: Token 16 (STRING) at line 57
DEBUG: Token 14 (RREG) at line 57
DEBUG: Token 4 (NEWLINE) at line 58
DEBUG: Token 12 (ID) at line 58
DEBUG: Token 14 (RREG) at line 58
DEBUG: Token 29 (COMMA) at line 58
DEBUG: Token 9 (INT) at line 58
DEBUG: Token 4 (NEWLINE) at line 59
DEBUG: Token 28 (KW_TRACEEVENT) at line 59
DEBUG: Token 16 (STRING) at line 59
DEBUG: Token 9 (INT) at line 59
DEBUG: Token 16 (STRING) at line 59
DEBUG: Token 16 (STRING) at line 59
DEBUG: Token 16 (STRING) at line 59
DEBUG: Token 9 (INT) at line 59
DEBUG: Token 9 (INT) at line 59
DEBUG: Token 9 (INT) at line 59
DEBUG: Token 9 (INT) at line 59
DEBUG: Token 16 (STRING) at line 59
DEBUG: Token 16 (STRING) at line 59
DEBUG: Token 4 (NEWLINE) at line 60
DEBUG: Token 28 (KW_TRACEEVENT) at line 60
DEBUG: Token 16 (STRING) at line 60
DEBUG: Token 9 (INT) at line 60
DEBUG: Token 16 (STRING) at line 60
DEBUG: Token 16 (STRING) at line 60
DEBUG: Token 16 (STRING) at line 60
DEBUG: Token 9 (INT) at line 60
DEBUG: Token 9 (INT) at line 60
DEBUG: Token 9 (INT) at line 60
DEBUG: Token 9 (INT) at line 60
DEBUG: Token 16 (STRING) at line 60
DEBUG: Token 16 (STRING) at line 60
DEBUG: Token 4 (NEWLINE) at line 61
DEBUG: Token 27 (KW_SRCSTEP) at line 61
DEBUG: Token 9 (INT) at line 61
DEBUG: Token 9 (INT) at line 61
DEBUG: Token 9 (INT) at line 61
DEBUG: Token 16 (STRING) at line 61
DEBUG: Token 9 (INT) at line 61
DEBUG: Token 9 (INT) at line 61
DEBUG: Token 9 (INT) at line 61
DEBUG: Token 16 (STRING) at line 61
DEBUG: Token 4 (NEWLINE) at line 62
DEBUG: Token 27 (KW_SRCSTEP) at line 62
DEBUG: Token 9 (INT) at line 62
DEBUG: Token 9 (INT) at line 62
DEBUG: Token 9 (INT) at line 62
DEBUG: Token 16 (STRING) at line 62
DEBUG: Token 9 (INT) at line 62
DEBUG: Token 9 (INT) at line 62
DEBUG: Token 9 (INT) at line 62
DEBUG: Token 16 (STRING) at line 62
DEBUG: Token 4 (NEWLINE) at line 63
DEBUG: Token 15 (KW_META) at line 63
DEBUG: Token 16 (STRING) at line 63
DEBUG: Token 8 (EQUAL) at line 63
DEBUG: Token 16 (STRING) at line 63
DEBUG: Token 16 (STRING) at line 63
DEBUG: Token 14 (RREG) at line 63
DEBUG: Token 4 (NEWLINE) at line 64
DEBUG: Token 12 (ID) at line 64
DEBUG: Token 14 (RREG) at line 64
DEBUG: Token 29 (COMMA) at line 64
DEBUG: Token 9 (INT) at line 64
DEBUG: Token 4 (NEWLINE) at line 65
DEBUG: Token 28 (KW_TRACEEVENT) at line 65
DEBUG: Token 16 (STRING) at line 65
DEBUG: Token 9 (INT) at line 65
DEBUG: Token 16 (STRING) at line 65
DEBUG: Token 16 (STRING) at line 65
DEBUG: Token 16 (STRING) at line 65
DEBUG: Token 9 (INT) at line 65
DEBUG: Token 9 (INT) at line 65
DEBUG: Token 9 (INT) at line 65
DEBUG: Token 9 (INT) at line 65
DEBUG: Token 16 (STRING) at line 65
DEBUG: Token 16 (STRING) at line 65
DEBUG: Token 4 (NEWLINE) at line 66
DEBUG: Token 28 (KW_TRACEEVENT) at line 66
DEBUG: Token 16 (STRING) at line 66
DEBUG: Token 9 (INT) at line 66
DEBUG: Token 16 (STRING) at line 66
DEBUG: Token 16 (STRING) at line 66
DEBUG: Token 16 (STRING) at line 66
DEBUG: Token 9 (INT) at line 66
DEBUG: Token 9 (INT) at line 66
DEBUG: Token 9 (INT) at line 66
DEBUG: Token 9 (INT) at line 66
DEBUG: Token 16 (STRING) at line 66
DEBUG: Token 16 (STRING) at line 66
DEBUG: Token 4 (NEWLINE) at line 67
DEBUG: Token 27 (KW_SRCSTEP) at line 67
DEBUG: Token 9 (INT) at line 67
DEBUG: Token 9 (INT) at line 67
DEBUG: Token 9 (INT) at line 67
DEBUG: Token 16 (STRING) at line 67
DEBUG: Token 9 (INT) at line 67
DEBUG: Token 9 (INT) at line 67
DEBUG: Token 9 (INT) at line 67
DEBUG: Token 16 (STRING) at line 67
DEBUG: Token 4 (NEWLINE) at line 68
DEBUG: Token 28 (KW_TRACEEVENT) at line 68
DEBUG: Token 16 (STRING) at line 68
DEBUG: Token 9 (INT) at line 68
DEBUG: Token 16 (STRING) at line 68
DEBUG: Token 16 (STRING) at line 68
DEBUG: Token 16 (STRING) at line 68
DEBUG: Token 9 (INT) at line 68
DEBUG: Token 9 (INT) at line 68
DEBUG: Token 9 (INT) at line 68
DEBUG: Token 9 (INT) at line 68
DEBUG: Token 16 (STRING) at line 68
DEBUG: Token 16 (STRING) at line 68
DEBUG: Token 4 (NEWLINE) at line 69
DEBUG: Token 26 (LABEL) at line 69
DEBUG: Token 4 (NEWLINE) at line 70
DEBUG: Token 27 (KW_SRCSTEP) at line 70
DEBUG: Token 9 (INT) at line 70
DEBUG: Token 9 (INT) at line 70
DEBUG: Token 9 (INT) at line 70
DEBUG: Token 16 (STRING) at line 70
DEBUG: Token 9 (INT) at line 70
DEBUG: Token 9 (INT) at line 70
DEBUG: Token 9 (INT) at line 70
DEBUG: Token 16 (STRING) at line 70
DEBUG: Token 4 (NEWLINE) at line 71
DEBUG: Token 12 (ID) at line 71
DEBUG: Token 14 (RREG) at line 71
DEBUG: Token 29 (COMMA) at line 71
DEBUG: Token 14 (RREG) at line 71
DEBUG: Token 29 (COMMA) at line 71
DEBUG: Token 14 (RREG) at line 71
DEBUG: Token 4 (NEWLINE) at line 72
DEBUG: Token 12 (ID) at line 72
DEBUG: Token 12 (ID) at line 72
DEBUG: Token 29 (COMMA) at line 72
DEBUG: Token 14 (RREG) at line 72
DEBUG: Token 4 (NEWLINE) at line 73
DEBUG: Token 27 (KW_SRCSTEP) at line 73
DEBUG: Token 9 (INT) at line 73
DEBUG: Token 9 (INT) at line 73
DEBUG: Token 9 (INT) at line 73
DEBUG: Token 16 (STRING) at line 73
DEBUG: Token 9 (INT) at line 73
DEBUG: Token 9 (INT) at line 73
DEBUG: Token 9 (INT) at line 73
DEBUG: Token 16 (STRING) at line 73
DEBUG: Token 4 (NEWLINE) at line 74
DEBUG: Token 15 (KW_META) at line 74
DEBUG: Token 16 (STRING) at line 74
DEBUG: Token 8 (EQUAL) at line 74
DEBUG: Token 16 (STRING) at line 74
DEBUG: Token 16 (STRING) at line 74
DEBUG: Token 14 (RREG) at line 74
DEBUG: Token 4 (NEWLINE) at line 75
DEBUG: Token 27 (KW_SRCSTEP) at line 75
DEBUG: Token 9 (INT) at line 75
DEBUG: Token 9 (INT) at line 75
DEBUG: Token 9 (INT) at line 75
DEBUG: Token 16 (STRING) at line 75
DEBUG: Token 9 (INT) at line 75
DEBUG: Token 9 (INT) at line 75
DEBUG: Token 9 (INT) at line 75
DEBUG: Token 16 (STRING) at line 75
DEBUG: Token 4 (NEWLINE) at line 76
DEBUG: Token 12 (ID) at line 76
DEBUG: Token 14 (RREG) at line 76
DEBUG: Token 4 (NEWLINE) at line 77
DEBUG: Token 27 (KW_SRCSTEP) at line 77
DEBUG: Token 9 (INT) at line 77
DEBUG: Token 9 (INT) at line 77
DEBUG: Token 9 (INT) at line 77
DEBUG: Token 16 (STRING) at line 77
DEBUG: Token 9 (INT) at line 77
DEBUG: Token 9 (INT) at line 77
DEBUG: Token 9 (INT) at line 77
DEBUG: Token 16 (STRING) at line 77
DEBUG: Token 4 (NEWLINE) at line 78
DEBUG: Token 27 (KW_SRCSTEP) at line 78
DEBUG: Token 9 (INT) at line 78
DEBUG: Token 9 (INT) at line 78
DEBUG: Token 9 (INT) at line 78
DEBUG: Token 16 (STRING) at line 78
DEBUG: Token 9 (INT) at line 78
DEBUG: Token 9 (INT) at line 78
DEBUG: Token 9 (INT) at line 78
DEBUG: Token 16 (STRING) at line 78
DEBUG: Token 4 (NEWLINE) at line 79
DEBUG: Token 12 (ID) at line 79
DEBUG: Token 14 (RREG) at line 79
DEBUG: Token 29 (COMMA) at line 79
DEBUG: Token 9 (INT) at line 79
DEBUG: Token 4 (NEWLINE) at line 80
DEBUG: Token 28 (KW_TRACEEVENT) at line 80
DEBUG: Token 16 (STRING) at line 80
DEBUG: Token 9 (INT) at line 80
DEBUG: Token 16 (STRING) at line 80
DEBUG: Token 16 (STRING) at line 80
DEBUG: Token 16 (STRING) at line 80
DEBUG: Token 9 (INT) at line 80
DEBUG: Token 9 (INT) at line 80
DEBUG: Token 9 (INT) at line 80
DEBUG: Token 9 (INT) at line 80
DEBUG: Token 16 (STRING) at line 80
DEBUG: Token 16 (STRING) at line 80
DEBUG: Token 4 (NEWLINE) at line 81
DEBUG: Token 28 (KW_TRACEEVENT) at line 81
DEBUG: Token 16 (STRING) at line 81
DEBUG: Token 9 (INT) at line 81
DEBUG: Token 16 (STRING) at line 81
DEBUG: Token 16 (STRING) at line 81
DEBUG: Token 16 (STRING) at line 81
DEBUG: Token 9 (INT) at line 81
DEBUG: Token 9 (INT) at line 81
DEBUG: Token 9 (INT) at line 81
DEBUG: Token 9 (INT) at line 81
DEBUG: Token 16 (STRING) at line 81
DEBUG: Token 16 (STRING) at line 81
DEBUG: Token 4 (NEWLINE) at line 82
DEBUG: Token 27 (KW_SRCSTEP) at line 82
DEBUG: Token 9 (INT) at line 82
DEBUG: Token 9 (INT) at line 82
DEBUG: Token 9 (INT) at line 82
DEBUG: Token 16 (STRING) at line 82
DEBUG: Token 9 (INT) at line 82
DEBUG: Token 9 (INT) at line 82
DEBUG: Token 9 (INT) at line 82
DEBUG: Token 16 (STRING) at line 82
DEBUG: Token 4 (NEWLINE) at line 83
DEBUG: Token 12 (ID) at line 83
DEBUG: Token 14 (RREG) at line 83
DEBUG: Token 29 (COMMA) at line 83
DEBUG: Token 9 (INT) at line 83
DEBUG: Token 4 (NEWLINE) at line 84
DEBUG: Token 28 (KW_TRACEEVENT) at line 84
DEBUG: Token 16 (STRING) at line 84
DEBUG: Token 9 (INT) at line 84
DEBUG: Token 16 (STRING) at line 84
DEBUG: Token 16 (STRING) at line 84
DEBUG: Token 16 (STRING) at line 84
DEBUG: Token 9 (INT) at line 84
DEBUG: Token 9 (INT) at line 84
DEBUG: Token 9 (INT) at line 84
DEBUG: Token 9 (INT) at line 84
DEBUG: Token 16 (STRING) at line 84
DEBUG: Token 16 (STRING) at line 84
DEBUG: Token 4 (NEWLINE) at line 85
DEBUG: Token 26 (LABEL) at line 85
DEBUG: Token 4 (NEWLINE) at line 86
DEBUG: Token 27 (KW_SRCSTEP) at line 86
DEBUG: Token 9 (INT) at line 86
DEBUG: Token 9 (INT) at line 86
DEBUG: Token 9 (INT) at line 86
DEBUG: Token 16 (STRING) at line 86
DEBUG: Token 9 (INT) at line 86
DEBUG: Token 9 (INT) at line 86
DEBUG: Token 9 (INT) at line 86
DEBUG: Token 16 (STRING) at line 86
DEBUG: Token 4 (NEWLINE) at line 87
DEBUG: Token 12 (ID) at line 87
DEBUG: Token 14 (RREG) at line 87
DEBUG: Token 29 (COMMA) at line 87
DEBUG: Token 14 (RREG) at line 87
DEBUG: Token 29 (COMMA) at line 87
DEBUG: Token 14 (RREG) at line 87
DEBUG: Token 4 (NEWLINE) at line 88
DEBUG: Token 12 (ID) at line 88
DEBUG: Token 12 (ID) at line 88
DEBUG: Token 29 (COMMA) at line 88
DEBUG: Token 14 (RREG) at line 88
DEBUG: Token 4 (NEWLINE) at line 89
DEBUG: Token 27 (KW_SRCSTEP) at line 89
DEBUG: Token 9 (INT) at line 89
DEBUG: Token 9 (INT) at line 89
DEBUG: Token 9 (INT) at line 89
DEBUG: Token 16 (STRING) at line 89
DEBUG: Token 9 (INT) at line 89
DEBUG: Token 9 (INT) at line 89
DEBUG: Token 9 (INT) at line 89
DEBUG: Token 16 (STRING) at line 89
DEBUG: Token 4 (NEWLINE) at line 90
DEBUG: Token 28 (KW_TRACEEVENT) at line 90
DEBUG: Token 16 (STRING) at line 90
DEBUG: Token 9 (INT) at line 90
DEBUG: Token 16 (STRING) at line 90
DEBUG: Token 16 (STRING) at line 90
DEBUG: Token 16 (STRING) at line 90
DEBUG: Token 9 (INT) at line 90
DEBUG: Token 9 (INT) at line 90
DEBUG: Token 9 (INT) at line 90
DEBUG: Token 9 (INT) at line 90
DEBUG: Token 16 (STRING) at line 90
DEBUG: Token 16 (STRING) at line 90
DEBUG: Token 4 (NEWLINE) at line 91
DEBUG: Token 28 (KW_TRACEEVENT) at line 91
DEBUG: Token 16 (STRING) at line 91
DEBUG: Token 9 (INT) at line 91
DEBUG: Token 16 (STRING) at line 91
DEBUG: Token 16 (STRING) at line 91
DEBUG: Token 16 (STRING) at line 91
DEBUG: Token 9 (INT) at line 91
DEBUG: Token 9 (INT) at line 91
DEBUG: Token 9 (INT) at line 91
DEBUG: Token 9 (INT) at line 91
DEBUG: Token 16 (STRING) at line 91
DEBUG: Token 16 (STRING) at line 91
DEBUG: Token 4 (NEWLINE) at line 92
DEBUG: Token 12 (ID) at line 92
DEBUG: Token 14 (RREG) at line 92
DEBUG: Token 29 (COMMA) at line 92
DEBUG: Token 14 (RREG) at line 92
DEBUG: Token 29 (COMMA) at line 92
DEBUG: Token 9 (INT) at line 92
DEBUG: Token 29 (COMMA) at line 92
DEBUG: Token 14 (RREG) at line 92
DEBUG: Token 29 (COMMA) at line 92
DEBUG: Token 14 (RREG) at line 92
DEBUG: Token 29 (COMMA) at line 92
DEBUG: Token 9 (INT) at line 92
DEBUG: Token 4 (NEWLINE) at line 93
DEBUG: Token 28 (KW_TRACEEVENT) at line 93
DEBUG: Token 16 (STRING) at line 93
DEBUG: Token 9 (INT) at line 93
DEBUG: Token 16 (STRING) at line 93
DEBUG: Token 16 (STRING) at line 93
DEBUG: Token 16 (STRING) at line 93
DEBUG: Token 9 (INT) at line 93
DEBUG: Token 9 (INT) at line 93
DEBUG: Token 9 (INT) at line 93
DEBUG: Token 9 (INT) at line 93
DEBUG: Token 16 (STRING) at line 93
DEBUG: Token 16 (STRING) at line 93
DEBUG: Token 4 (NEWLINE) at line 94
DEBUG: Token 12 (ID) at line 94
DEBUG: Token 14 (RREG) at line 94
DEBUG: Token 29 (COMMA) at line 94
DEBUG: Token 14 (RREG) at line 94
DEBUG: Token 4 (NEWLINE) at line 95
DEBUG: Token 28 (KW_TRACEEVENT) at line 95
DEBUG: Token 16 (STRING) at line 95
DEBUG: Token 9 (INT) at line 95
DEBUG: Token 16 (STRING) at line 95
DEBUG: Token 16 (STRING) at line 95
DEBUG: Token 16 (STRING) at line 95
DEBUG: Token 9 (INT) at line 95
DEBUG: Token 9 (INT) at line 95
DEBUG: Token 9 (INT) at line 95
DEBUG: Token 9 (INT) at line 95
DEBUG: Token 16 (STRING) at line 95
DEBUG: Token 16 (STRING) at line 95
DEBUG: Token 4 (NEWLINE) at line 96
DEBUG: Token 26 (LABEL) at line 96
DEBUG: Token 4 (NEWLINE) at line 97
DEBUG: Token 27 (KW_SRCSTEP) at line 97
DEBUG: Token 9 (INT) at line 97
DEBUG: Token 9 (INT) at line 97
DEBUG: Token 9 (INT) at line 97
DEBUG: Token 16 (STRING) at line 97
DEBUG: Token 9 (INT) at line 97
DEBUG: Token 9 (INT) at line 97
DEBUG: Token 9 (INT) at line 97
DEBUG: Token 16 (STRING) at line 97
DEBUG: Token 4 (NEWLINE) at line 98
DEBUG: Token 12 (ID) at line 98
DEBUG: Token 14 (RREG) at line 98
DEBUG: Token 4 (NEWLINE) at line 99
DEBUG: Token 27 (KW_SRCSTEP) at line 99
DEBUG: Token 9 (INT) at line 99
DEBUG: Token 9 (INT) at line 99
DEBUG: Token 9 (INT) at line 99
DEBUG: Token 16 (STRING) at line 99
DEBUG: Token 9 (INT) at line 99
DEBUG: Token 9 (INT) at line 99
DEBUG: Token 9 (INT) at line 99
DEBUG: Token 16 (STRING) at line 99
DEBUG: Token 4 (NEWLINE) at line 100
DEBUG: Token 12 (ID) at line 100
DEBUG: Token 12 (ID) at line 100
DEBUG: Token 4 (NEWLINE) at line 101
DEBUG: Token 26 (LABEL) at line 101
DEBUG: Token 4 (NEWLINE) at line 102
DEBUG: Token 27 (KW_SRCSTEP) at line 102
DEBUG: Token 9 (INT) at line 102
DEBUG: Token 9 (INT) at line 102
DEBUG: Token 9 (INT) at line 102
DEBUG: Token 16 (STRING) at line 102
DEBUG: Token 9 (INT) at line 102
DEBUG: Token 9 (INT) at line 102
DEBUG: Token 9 (INT) at line 102
DEBUG: Token 16 (STRING) at line 102
DEBUG: Token 4 (NEWLINE) at line 103
DEBUG: Token 12 (ID) at line 103
DEBUG: Token 14 (RREG) at line 103
DEBUG: Token 29 (COMMA) at line 103
DEBUG: Token 9 (INT) at line 103
DEBUG: Token 4 (NEWLINE) at line 104
DEBUG: Token 28 (KW_TRACEEVENT) at line 104
DEBUG: Token 16 (STRING) at line 104
DEBUG: Token 9 (INT) at line 104
DEBUG: Token 16 (STRING) at line 104
DEBUG: Token 16 (STRING) at line 104
DEBUG: Token 16 (STRING) at line 104
DEBUG: Token 9 (INT) at line 104
DEBUG: Token 9 (INT) at line 104
DEBUG: Token 9 (INT) at line 104
DEBUG: Token 9 (INT) at line 104
DEBUG: Token 16 (STRING) at line 104
DEBUG: Token 16 (STRING) at line 104
DEBUG: Token 4 (NEWLINE) at line 105
DEBUG: Token 28 (KW_TRACEEVENT) at line 105
DEBUG: Token 16 (STRING) at line 105
DEBUG: Token 9 (INT) at line 105
DEBUG: Token 16 (STRING) at line 105
DEBUG: Token 16 (STRING) at line 105
DEBUG: Token 16 (STRING) at line 105
DEBUG: Token 9 (INT) at line 105
DEBUG: Token 9 (INT) at line 105
DEBUG: Token 9 (INT) at line 105
DEBUG: Token 9 (INT) at line 105
DEBUG: Token 16 (STRING) at line 105
DEBUG: Token 16 (STRING) at line 105
DEBUG: Token 4 (NEWLINE) at line 106
DEBUG: Token 27 (KW_SRCSTEP) at line 106
DEBUG: Token 9 (INT) at line 106
DEBUG: Token 9 (INT) at line 106
DEBUG: Token 9 (INT) at line 106
DEBUG: Token 16 (STRING) at line 106
DEBUG: Token 9 (INT) at line 106
DEBUG: Token 9 (INT) at line 106
DEBUG: Token 9 (INT) at line 106
DEBUG: Token 16 (STRING) at line 106
DEBUG: Token 4 (NEWLINE) at line 107
DEBUG: Token 27 (KW_SRCSTEP) at line 107
DEBUG: Token 9 (INT) at line 107
DEBUG: Token 9 (INT) at line 107
DEBUG: Token 9 (INT) at line 107
DEBUG: Token 16 (STRING) at line 107
DEBUG: Token 9 (INT) at line 107
DEBUG: Token 9 (INT) at line 107
DEBUG: Token 9 (INT) at line 107
DEBUG: Token 16 (STRING) at line 107
DEBUG: Token 4 (NEWLINE) at line 108
DEBUG: Token 12 (ID) at line 108
DEBUG: Token 14 (RREG) at line 108
DEBUG: Token 29 (COMMA) at line 108
DEBUG: Token 9 (INT) at line 108
DEBUG: Token 4 (NEWLINE) at line 109
DEBUG: Token 28 (KW_TRACEEVENT) at line 109
DEBUG: Token 16 (STRING) at line 109
DEBUG: Token 9 (INT) at line 109
DEBUG: Token 16 (STRING) at line 109
DEBUG: Token 16 (STRING) at line 109
DEBUG: Token 16 (STRING) at line 109
DEBUG: Token 9 (INT) at line 109
DEBUG: Token 9 (INT) at line 109
DEBUG: Token 9 (INT) at line 109
DEBUG: Token 9 (INT) at line 109
DEBUG: Token 16 (STRING) at line 109
DEBUG: Token 16 (STRING) at line 109
DEBUG: Token 4 (NEWLINE) at line 110
DEBUG: Token 28 (KW_TRACEEVENT) at line 110
DEBUG: Token 16 (STRING) at line 110
DEBUG: Token 9 (INT) at line 110
DEBUG: Token 16 (STRING) at line 110
DEBUG: Token 16 (STRING) at line 110
DEBUG: Token 16 (STRING) at line 110
DEBUG: Token 9 (INT) at line 110
DEBUG: Token 9 (INT) at line 110
DEBUG: Token 9 (INT) at line 110
DEBUG: Token 9 (INT) at line 110
DEBUG: Token 16 (STRING) at line 110
DEBUG: Token 16 (STRING) at line 110
DEBUG: Token 4 (NEWLINE) at line 111
DEBUG: Token 27 (KW_SRCSTEP) at line 111
DEBUG: Token 9 (INT) at line 111
DEBUG: Token 9 (INT) at line 111
DEBUG: Token 9 (INT) at line 111
DEBUG: Token 16 (STRING) at line 111
DEBUG: Token 9 (INT) at line 111
DEBUG: Token 9 (INT) at line 111
DEBUG: Token 9 (INT) at line 111
DEBUG: Token 16 (STRING) at line 111
DEBUG: Token 4 (NEWLINE) at line 112
DEBUG: Token 12 (ID) at line 112
DEBUG: Token 14 (RREG) at line 112
DEBUG: Token 29 (COMMA) at line 112
DEBUG: Token 9 (INT) at line 112
DEBUG: Token 4 (NEWLINE) at line 113
DEBUG: Token 28 (KW_TRACEEVENT) at line 113
DEBUG: Token 16 (STRING) at line 113
DEBUG: Token 9 (INT) at line 113
DEBUG: Token 16 (STRING) at line 113
DEBUG: Token 16 (STRING) at line 113
DEBUG: Token 16 (STRING) at line 113
DEBUG: Token 9 (INT) at line 113
DEBUG: Token 9 (INT) at line 113
DEBUG: Token 9 (INT) at line 113
DEBUG: Token 9 (INT) at line 113
DEBUG: Token 16 (STRING) at line 113
DEBUG: Token 16 (STRING) at line 113
DEBUG: Token 4 (NEWLINE) at line 114
DEBUG: Token 26 (LABEL) at line 114
DEBUG: Token 4 (NEWLINE) at line 115
DEBUG: Token 27 (KW_SRCSTEP) at line 115
DEBUG: Token 9 (INT) at line 115
DEBUG: Token 9 (INT) at line 115
DEBUG: Token 9 (INT) at line 115
DEBUG: Token 16 (STRING) at line 115
DEBUG: Token 9 (INT) at line 115
DEBUG: Token 9 (INT) at line 115
DEBUG: Token 9 (INT) at line 115
DEBUG: Token 16 (STRING) at line 115
DEBUG: Token 4 (NEWLINE) at line 116
DEBUG: Token 12 (ID) at line 116
DEBUG: Token 14 (RREG) at line 116
DEBUG: Token 29 (COMMA) at line 116
DEBUG: Token 14 (RREG) at line 116
DEBUG: Token 29 (COMMA) at line 116
DEBUG: Token 14 (RREG) at line 116
DEBUG: Token 4 (NEWLINE) at line 117
DEBUG: Token 12 (ID) at line 117
DEBUG: Token 12 (ID) at line 117
DEBUG: Token 29 (COMMA) at line 117
DEBUG: Token 14 (RREG) at line 117
DEBUG: Token 4 (NEWLINE) at line 118
DEBUG: Token 27 (KW_SRCSTEP) at line 118
DEBUG: Token 9 (INT) at line 118
DEBUG: Token 9 (INT) at line 118
DEBUG: Token 9 (INT) at line 118
DEBUG: Token 16 (STRING) at line 118
DEBUG: Token 9 (INT) at line 118
DEBUG: Token 9 (INT) at line 118
DEBUG: Token 9 (INT) at line 118
DEBUG: Token 16 (STRING) at line 118
DEBUG: Token 4 (NEWLINE) at line 119
DEBUG: Token 28 (KW_TRACEEVENT) at line 119
DEBUG: Token 16 (STRING) at line 119
DEBUG: Token 9 (INT) at line 119
DEBUG: Token 16 (STRING) at line 119
DEBUG: Token 16 (STRING) at line 119
DEBUG: Token 16 (STRING) at line 119
DEBUG: Token 9 (INT) at line 119
DEBUG: Token 9 (INT) at line 119
DEBUG: Token 9 (INT) at line 119
DEBUG: Token 9 (INT) at line 119
DEBUG: Token 16 (STRING) at line 119
DEBUG: Token 16 (STRING) at line 119
DEBUG: Token 4 (NEWLINE) at line 120
DEBUG: Token 28 (KW_TRACEEVENT) at line 120
DEBUG: Token 16 (STRING) at line 120
DEBUG: Token 9 (INT) at line 120
DEBUG: Token 16 (STRING) at line 120
DEBUG: Token 16 (STRING) at line 120
DEBUG: Token 16 (STRING) at line 120
DEBUG: Token 9 (INT) at line 120
DEBUG: Token 9 (INT) at line 120
DEBUG: Token 9 (INT) at line 120
DEBUG: Token 9 (INT) at line 120
DEBUG: Token 16 (STRING) at line 120
DEBUG: Token 16 (STRING) at line 120
DEBUG: Token 4 (NEWLINE) at line 121
DEBUG: Token 12 (ID) at line 121
DEBUG: Token 14 (RREG) at line 121
DEBUG: Token 29 (COMMA) at line 121
DEBUG: Token 14 (RREG) at line 121
DEBUG: Token 29 (COMMA) at line 121
DEBUG: Token 9 (INT) at line 121
DEBUG: Token 29 (COMMA) at line 121
DEBUG: Token 14 (RREG) at line 121
DEBUG: Token 4 (NEWLINE) at line 122
DEBUG: Token 28 (KW_TRACEEVENT) at line 122
DEBUG: Token 16 (STRING) at line 122
DEBUG: Token 9 (INT) at line 122
DEBUG: Token 16 (STRING) at line 122
DEBUG: Token 16 (STRING) at line 122
DEBUG: Token 16 (STRING) at line 122
DEBUG: Token 9 (INT) at line 122
DEBUG: Token 9 (INT) at line 122
DEBUG: Token 9 (INT) at line 122
DEBUG: Token 9 (INT) at line 122
DEBUG: Token 16 (STRING) at line 122
DEBUG: Token 16 (STRING) at line 122
DEBUG: Token 4 (NEWLINE) at line 123
DEBUG: Token 12 (ID) at line 123
DEBUG: Token 12 (ID) at line 123
DEBUG: Token 29 (COMMA) at line 123
DEBUG: Token 14 (RREG) at line 123
DEBUG: Token 4 (NEWLINE) at line 124
DEBUG: Token 27 (KW_SRCSTEP) at line 124
DEBUG: Token 9 (INT) at line 124
DEBUG: Token 9 (INT) at line 124
DEBUG: Token 9 (INT) at line 124
DEBUG: Token 16 (STRING) at line 124
DEBUG: Token 9 (INT) at line 124
DEBUG: Token 9 (INT) at line 124
DEBUG: Token 9 (INT) at line 124
DEBUG: Token 16 (STRING) at line 124
DEBUG: Token 4 (NEWLINE) at line 125
DEBUG: Token 27 (KW_SRCSTEP) at line 125
DEBUG: Token 9 (INT) at line 125
DEBUG: Token 9 (INT) at line 125
DEBUG: Token 9 (INT) at line 125
DEBUG: Token 16 (STRING) at line 125
DEBUG: Token 9 (INT) at line 125
DEBUG: Token 9 (INT) at line 125
DEBUG: Token 9 (INT) at line 125
DEBUG: Token 16 (STRING) at line 125
DEBUG: Token 4 (NEWLINE) at line 126
DEBUG: Token 28 (KW_TRACEEVENT) at line 126
DEBUG: Token 16 (STRING) at line 126
DEBUG: Token 9 (INT) at line 126
DEBUG: Token 16 (STRING) at line 126
DEBUG: Token 16 (STRING) at line 126
DEBUG: Token 16 (STRING) at line 126
DEBUG: Token 9 (INT) at line 126
DEBUG: Token 9 (INT) at line 126
DEBUG: Token 9 (INT) at line 126
DEBUG: Token 9 (INT) at line 126
DEBUG: Token 16 (STRING) at line 126
DEBUG: Token 16 (STRING) at line 126
DEBUG: Token 4 (NEWLINE) at line 127
DEBUG: Token 12 (ID) at line 127
DEBUG: Token 14 (RREG) at line 127
DEBUG: Token 29 (COMMA) at line 127
DEBUG: Token 14 (RREG) at line 127
DEBUG: Token 29 (COMMA) at line 127
DEBUG: Token 9 (INT) at line 127
DEBUG: Token 4 (NEWLINE) at line 128
DEBUG: Token 28 (KW_TRACEEVENT) at line 128
DEBUG: Token 16 (STRING) at line 128
DEBUG: Token 9 (INT) at line 128
DEBUG: Token 16 (STRING) at line 128
DEBUG: Token 16 (STRING) at line 128
DEBUG: Token 16 (STRING) at line 128
DEBUG: Token 9 (INT) at line 128
DEBUG: Token 9 (INT) at line 128
DEBUG: Token 9 (INT) at line 128
DEBUG: Token 9 (INT) at line 128
DEBUG: Token 16 (STRING) at line 128
DEBUG: Token 16 (STRING) at line 128
DEBUG: Token 4 (NEWLINE) at line 129
DEBUG: Token 28 (KW_TRACEEVENT) at line 129
DEBUG: Token 16 (STRING) at line 129
DEBUG: Token 9 (INT) at line 129
DEBUG: Token 16 (STRING) at line 129
DEBUG: Token 16 (STRING) at line 129
DEBUG: Token 16 (STRING) at line 129
DEBUG: Token 9 (INT) at line 129
DEBUG: Token 9 (INT) at line 129
DEBUG: Token 9 (INT) at line 129
DEBUG: Token 9 (INT) at line 129
DEBUG: Token 16 (STRING) at line 129
DEBUG: Token 16 (STRING) at line 129
DEBUG: Token 4 (NEWLINE) at line 130
DEBUG: Token 27 (KW_SRCSTEP) at line 130
DEBUG: Token 9 (INT) at line 130
DEBUG: Token 9 (INT) at line 130
DEBUG: Token 9 (INT) at line 130
DEBUG: Token 16 (STRING) at line 130
DEBUG: Token 9 (INT) at line 130
DEBUG: Token 9 (INT) at line 130
DEBUG: Token 9 (INT) at line 130
DEBUG: Token 16 (STRING) at line 130
DEBUG: Token 4 (NEWLINE) at line 131
DEBUG: Token 27 (KW_SRCSTEP) at line 131
DEBUG: Token 9 (INT) at line 131
DEBUG: Token 9 (INT) at line 131
DEBUG: Token 9 (INT) at line 131
DEBUG: Token 16 (STRING) at line 131
DEBUG: Token 9 (INT) at line 131
DEBUG: Token 9 (INT) at line 131
DEBUG: Token 9 (INT) at line 131
DEBUG: Token 16 (STRING) at line 131
DEBUG: Token 4 (NEWLINE) at line 132
DEBUG: Token 28 (KW_TRACEEVENT) at line 132
DEBUG: Token 16 (STRING) at line 132
DEBUG: Token 9 (INT) at line 132
DEBUG: Token 16 (STRING) at line 132
DEBUG: Token 16 (STRING) at line 132
DEBUG: Token 16 (STRING) at line 132
DEBUG: Token 9 (INT) at line 132
DEBUG: Token 9 (INT) at line 132
DEBUG: Token 9 (INT) at line 132
DEBUG: Token 9 (INT) at line 132
DEBUG: Token 16 (STRING) at line 132
DEBUG: Token 16 (STRING) at line 132
DEBUG: Token 4 (NEWLINE) at line 133
DEBUG: Token 28 (KW_TRACEEVENT) at line 133
DEBUG: Token 16 (STRING) at line 133
DEBUG: Token 9 (INT) at line 133
DEBUG: Token 16 (STRING) at line 133
DEBUG: Token 16 (STRING) at line 133
DEBUG: Token 16 (STRING) at line 133
DEBUG: Token 9 (INT) at line 133
DEBUG: Token 9 (INT) at line 133
DEBUG: Token 9 (INT) at line 133
DEBUG: Token 9 (INT) at line 133
DEBUG: Token 16 (STRING) at line 133
DEBUG: Token 16 (STRING) at line 133
DEBUG: Token 4 (NEWLINE) at line 134
DEBUG: Token 12 (ID) at line 134
DEBUG: Token 14 (RREG) at line 134
DEBUG: Token 29 (COMMA) at line 134
DEBUG: Token 14 (RREG) at line 134
DEBUG: Token 29 (COMMA) at line 134
DEBUG: Token 14 (RREG) at line 134
DEBUG: Token 4 (NEWLINE) at line 135
DEBUG: Token 28 (KW_TRACEEVENT) at line 135
DEBUG: Token 16 (STRING) at line 135
DEBUG: Token 9 (INT) at line 135
DEBUG: Token 16 (STRING) at line 135
DEBUG: Token 16 (STRING) at line 135
DEBUG: Token 16 (STRING) at line 135
DEBUG: Token 9 (INT) at line 135
DEBUG: Token 9 (INT) at line 135
DEBUG: Token 9 (INT) at line 135
DEBUG: Token 9 (INT) at line 135
DEBUG: Token 16 (STRING) at line 135
DEBUG: Token 16 (STRING) at line 135
DEBUG: Token 4 (NEWLINE) at line 136
DEBUG: Token 28 (KW_TRACEEVENT) at line 136
DEBUG: Token 16 (STRING) at line 136
DEBUG: Token 9 (INT) at line 136
DEBUG: Token 16 (STRING) at line 136
DEBUG: Token 16 (STRING) at line 136
DEBUG: Token 16 (STRING) at line 136
DEBUG: Token 9 (INT) at line 136
DEBUG: Token 9 (INT) at line 136
DEBUG: Token 9 (INT) at line 136
DEBUG: Token 9 (INT) at line 136
DEBUG: Token 16 (STRING) at line 136
DEBUG: Token 16 (STRING) at line 136
DEBUG: Token 4 (NEWLINE) at line 137
DEBUG: Token 27 (KW_SRCSTEP) at line 137
DEBUG: Token 9 (INT) at line 137
DEBUG: Token 9 (INT) at line 137
DEBUG: Token 9 (INT) at line 137
DEBUG: Token 16 (STRING) at line 137
DEBUG: Token 9 (INT) at line 137
DEBUG: Token 9 (INT) at line 137
DEBUG: Token 9 (INT) at line 137
DEBUG: Token 16 (STRING) at line 137
DEBUG: Token 4 (NEWLINE) at line 138
DEBUG: Token 12 (ID) at line 138
DEBUG: Token 14 (RREG) at line 138
DEBUG: Token 29 (COMMA) at line 138
DEBUG: Token 9 (INT) at line 138
DEBUG: Token 4 (NEWLINE) at line 139
DEBUG: Token 28 (KW_TRACEEVENT) at line 139
DEBUG: Token 16 (STRING) at line 139
DEBUG: Token 9 (INT) at line 139
DEBUG: Token 16 (STRING) at line 139
DEBUG: Token 16 (STRING) at line 139
DEBUG: Token 16 (STRING) at line 139
DEBUG: Token 9 (INT) at line 139
DEBUG: Token 9 (INT) at line 139
DEBUG: Token 9 (INT) at line 139
DEBUG: Token 9 (INT) at line 139
DEBUG: Token 16 (STRING) at line 139
DEBUG: Token 16 (STRING) at line 139
DEBUG: Token 4 (NEWLINE) at line 140
DEBUG: Token 27 (KW_SRCSTEP) at line 140
DEBUG: Token 9 (INT) at line 140
DEBUG: Token 9 (INT) at line 140
DEBUG: Token 9 (INT) at line 140
DEBUG: Token 16 (STRING) at line 140
DEBUG: Token 9 (INT) at line 140
DEBUG: Token 9 (INT) at line 140
DEBUG: Token 9 (INT) at line 140
DEBUG: Token 16 (STRING) at line 140
DEBUG: Token 4 (NEWLINE) at line 141
DEBUG: Token 28 (KW_TRACEEVENT) at line 141
DEBUG: Token 16 (STRING) at line 141
DEBUG: Token 9 (INT) at line 141
DEBUG: Token 16 (STRING) at line 141
DEBUG: Token 16 (STRING) at line 141
DEBUG: Token 16 (STRING) at line 141
DEBUG: Token 9 (INT) at line 141
DEBUG: Token 9 (INT) at line 141
DEBUG: Token 9 (INT) at line 141
DEBUG: Token 9 (INT) at line 141
DEBUG: Token 16 (STRING) at line 141
DEBUG: Token 16 (STRING) at line 141
DEBUG: Token 4 (NEWLINE) at line 142
DEBUG: Token 26 (LABEL) at line 142
DEBUG: Token 4 (NEWLINE) at line 143
DEBUG: Token 27 (KW_SRCSTEP) at line 143
DEBUG: Token 9 (INT) at line 143
DEBUG: Token 9 (INT) at line 143
DEBUG: Token 9 (INT) at line 143
DEBUG: Token 16 (STRING) at line 143
DEBUG: Token 9 (INT) at line 143
DEBUG: Token 9 (INT) at line 143
DEBUG: Token 9 (INT) at line 143
DEBUG: Token 16 (STRING) at line 143
DEBUG: Token 4 (NEWLINE) at line 144
DEBUG: Token 12 (ID) at line 144
DEBUG: Token 14 (RREG) at line 144
DEBUG: Token 29 (COMMA) at line 144
DEBUG: Token 14 (RREG) at line 144
DEBUG: Token 29 (COMMA) at line 144
DEBUG: Token 9 (INT) at line 144
DEBUG: Token 4 (NEWLINE) at line 145
DEBUG: Token 12 (ID) at line 145
DEBUG: Token 12 (ID) at line 145
DEBUG: Token 29 (COMMA) at line 145
DEBUG: Token 14 (RREG) at line 145
DEBUG: Token 4 (NEWLINE) at line 146
DEBUG: Token 12 (ID) at line 146
DEBUG: Token 14 (RREG) at line 146
DEBUG: Token 29 (COMMA) at line 146
DEBUG: Token 14 (RREG) at line 146
DEBUG: Token 29 (COMMA) at line 146
DEBUG: Token 14 (RREG) at line 146
DEBUG: Token 4 (NEWLINE) at line 147
DEBUG: Token 12 (ID) at line 147
DEBUG: Token 12 (ID) at line 147
DEBUG: Token 29 (COMMA) at line 147
DEBUG: Token 12 (ID) at line 147
DEBUG: Token 29 (COMMA) at line 147
DEBUG: Token 14 (RREG) at line 147
DEBUG: Token 4 (NEWLINE) at line 148
DEBUG: Token 26 (LABEL) at line 148
DEBUG: Token 4 (NEWLINE) at line 149
DEBUG: Token 12 (ID) at line 149
DEBUG: Token 14 (RREG) at line 149
DEBUG: Token 29 (COMMA) at line 149
DEBUG: Token 14 (RREG) at line 149
DEBUG: Token 29 (COMMA) at line 149
DEBUG: Token 14 (RREG) at line 149
DEBUG: Token 4 (NEWLINE) at line 150
DEBUG: Token 12 (ID) at line 150
DEBUG: Token 12 (ID) at line 150
DEBUG: Token 29 (COMMA) at line 150
DEBUG: Token 14 (RREG) at line 150
DEBUG: Token 4 (NEWLINE) at line 151
DEBUG: Token 26 (LABEL) at line 151
DEBUG: Token 4 (NEWLINE) at line 152
DEBUG: Token 27 (KW_SRCSTEP) at line 152
DEBUG: Token 9 (INT) at line 152
DEBUG: Token 9 (INT) at line 152
DEBUG: Token 9 (INT) at line 152
DEBUG: Token 16 (STRING) at line 152
DEBUG: Token 9 (INT) at line 152
DEBUG: Token 9 (INT) at line 152
DEBUG: Token 9 (INT) at line 152
DEBUG: Token 16 (STRING) at line 152
DEBUG: Token 4 (NEWLINE) at line 153
DEBUG: Token 28 (KW_TRACEEVENT) at line 153
DEBUG: Token 16 (STRING) at line 153
DEBUG: Token 9 (INT) at line 153
DEBUG: Token 16 (STRING) at line 153
DEBUG: Token 16 (STRING) at line 153
DEBUG: Token 16 (STRING) at line 153
DEBUG: Token 9 (INT) at line 153
DEBUG: Token 9 (INT) at line 153
DEBUG: Token 9 (INT) at line 153
DEBUG: Token 9 (INT) at line 153
DEBUG: Token 16 (STRING) at line 153
DEBUG: Token 16 (STRING) at line 153
DEBUG: Token 4 (NEWLINE) at line 154
DEBUG: Token 28 (KW_TRACEEVENT) at line 154
DEBUG: Token 16 (STRING) at line 154
DEBUG: Token 9 (INT) at line 154
DEBUG: Token 16 (STRING) at line 154
DEBUG: Token 16 (STRING) at line 154
DEBUG: Token 16 (STRING) at line 154
DEBUG: Token 9 (INT) at line 154
DEBUG: Token 9 (INT) at line 154
DEBUG: Token 9 (INT) at line 154
DEBUG: Token 9 (INT) at line 154
DEBUG: Token 16 (STRING) at line 154
DEBUG: Token 16 (STRING) at line 154
DEBUG: Token 4 (NEWLINE) at line 155
DEBUG: Token 12 (ID) at line 155
DEBUG: Token 14 (RREG) at line 155
DEBUG: Token 29 (COMMA) at line 155
DEBUG: Token 14 (RREG) at line 155
DEBUG: Token 29 (COMMA) at line 155
DEBUG: Token 9 (INT) at line 155
DEBUG: Token 29 (COMMA) at line 155
DEBUG: Token 14 (RREG) at line 155
DEBUG: Token 29 (COMMA) at line 155
DEBUG: Token 14 (RREG) at line 155
DEBUG: Token 29 (COMMA) at line 155
DEBUG: Token 9 (INT) at line 155
DEBUG: Token 4 (NEWLINE) at line 156
DEBUG: Token 28 (KW_TRACEEVENT) at line 156
DEBUG: Token 16 (STRING) at line 156
DEBUG: Token 9 (INT) at line 156
DEBUG: Token 16 (STRING) at line 156
DEBUG: Token 16 (STRING) at line 156
DEBUG: Token 16 (STRING) at line 156
DEBUG: Token 9 (INT) at line 156
DEBUG: Token 9 (INT) at line 156
DEBUG: Token 9 (INT) at line 156
DEBUG: Token 9 (INT) at line 156
DEBUG: Token 16 (STRING) at line 156
DEBUG: Token 16 (STRING) at line 156
DEBUG: Token 4 (NEWLINE) at line 157
DEBUG: Token 12 (ID) at line 157
DEBUG: Token 14 (RREG) at line 157
DEBUG: Token 29 (COMMA) at line 157
DEBUG: Token 14 (RREG) at line 157
DEBUG: Token 4 (NEWLINE) at line 158
DEBUG: Token 28 (KW_TRACEEVENT) at line 158
DEBUG: Token 16 (STRING) at line 158
DEBUG: Token 9 (INT) at line 158
DEBUG: Token 16 (STRING) at line 158
DEBUG: Token 16 (STRING) at line 158
DEBUG: Token 16 (STRING) at line 158
DEBUG: Token 9 (INT) at line 158
DEBUG: Token 9 (INT) at line 158
DEBUG: Token 9 (INT) at line 158
DEBUG: Token 9 (INT) at line 158
DEBUG: Token 16 (STRING) at line 158
DEBUG: Token 16 (STRING) at line 158
DEBUG: Token 4 (NEWLINE) at line 159
DEBUG: Token 26 (LABEL) at line 159
DEBUG: Token 4 (NEWLINE) at line 160
DEBUG: Token 27 (KW_SRCSTEP) at line 160
DEBUG: Token 9 (INT) at line 160
DEBUG: Token 9 (INT) at line 160
DEBUG: Token 9 (INT) at line 160
DEBUG: Token 16 (STRING) at line 160
DEBUG: Token 9 (INT) at line 160
DEBUG: Token 9 (INT) at line 160
DEBUG: Token 9 (INT) at line 160
DEBUG: Token 16 (STRING) at line 160
DEBUG: Token 4 (NEWLINE) at line 161
DEBUG: Token 12 (ID) at line 161
DEBUG: Token 14 (RREG) at line 161
DEBUG: Token 29 (COMMA) at line 161
DEBUG: Token 14 (RREG) at line 161
DEBUG: Token 29 (COMMA) at line 161
DEBUG: Token 14 (RREG) at line 161
DEBUG: Token 4 (NEWLINE) at line 162
DEBUG: Token 27 (KW_SRCSTEP) at line 162
DEBUG: Token 9 (INT) at line 162
DEBUG: Token 9 (INT) at line 162
DEBUG: Token 9 (INT) at line 162
DEBUG: Token 16 (STRING) at line 162
DEBUG: Token 9 (INT) at line 162
DEBUG: Token 9 (INT) at line 162
DEBUG: Token 9 (INT) at line 162
DEBUG: Token 16 (STRING) at line 162
DEBUG: Token 4 (NEWLINE) at line 163
DEBUG: Token 12 (ID) at line 163
DEBUG: Token 12 (ID) at line 163
DEBUG: Token 4 (NEWLINE) at line 164
DEBUG: Token 26 (LABEL) at line 164
DEBUG: Token 4 (NEWLINE) at line 165
DEBUG: Token 26 (LABEL) at line 165
DEBUG: Token 4 (NEWLINE) at line 166
DEBUG: Token 12 (ID) at line 166
DEBUG: Token 14 (RREG) at line 166
DEBUG: Token 4 (NEWLINE) at line 167
DEBUG: Token 26 (LABEL) at line 167
DEBUG: Token 4 (NEWLINE) at line 168
DEBUG: Token 27 (KW_SRCSTEP) at line 168
DEBUG: Token 9 (INT) at line 168
DEBUG: Token 9 (INT) at line 168
DEBUG: Token 9 (INT) at line 168
DEBUG: Token 16 (STRING) at line 168
DEBUG: Token 9 (INT) at line 168
DEBUG: Token 9 (INT) at line 168
DEBUG: Token 9 (INT) at line 168
DEBUG: Token 16 (STRING) at line 168
DEBUG: Token 4 (NEWLINE) at line 169
DEBUG: Token 12 (ID) at line 169
DEBUG: Token 14 (RREG) at line 169
DEBUG: Token 4 (NEWLINE) at line 170
DEBUG: Token 27 (KW_SRCSTEP) at line 170
DEBUG: Token 9 (INT) at line 170
DEBUG: Token 9 (INT) at line 170
DEBUG: Token 9 (INT) at line 170
DEBUG: Token 16 (STRING) at line 170
DEBUG: Token 9 (INT) at line 170
DEBUG: Token 9 (INT) at line 170
DEBUG: Token 9 (INT) at line 170
DEBUG: Token 16 (STRING) at line 170
DEBUG: Token 4 (NEWLINE) at line 171
DEBUG: Token 12 (ID) at line 171
DEBUG: Token 12 (ID) at line 171
DEBUG: Token 4 (NEWLINE) at line 172
DEBUG: Token 26 (LABEL) at line 172
DEBUG: Token 4 (NEWLINE) at line 173
DEBUG: Token 27 (KW_SRCSTEP) at line 173
DEBUG: Token 9 (INT) at line 173
DEBUG: Token 9 (INT) at line 173
DEBUG: Token 9 (INT) at line 173
DEBUG: Token 16 (STRING) at line 173
DEBUG: Token 9 (INT) at line 173
DEBUG: Token 9 (INT) at line 173
DEBUG: Token 9 (INT) at line 173
DEBUG: Token 16 (STRING) at line 173
DEBUG: Token 4 (NEWLINE) at line 174
DEBUG: Token 28 (KW_TRACEEVENT) at line 174
DEBUG: Token 16 (STRING) at line 174
DEBUG: Token 9 (INT) at line 174
DEBUG: Token 16 (STRING) at line 174
DEBUG: Token 16 (STRING) at line 174
DEBUG: Token 16 (STRING) at line 174
DEBUG: Token 9 (INT) at line 174
DEBUG: Token 9 (INT) at line 174
DEBUG: Token 9 (INT) at line 174
DEBUG: Token 9 (INT) at line 174
DEBUG: Token 16 (STRING) at line 174
DEBUG: Token 16 (STRING) at line 174
DEBUG: Token 4 (NEWLINE) at line 175
DEBUG: Token 12 (ID) at line 175
DEBUG: Token 14 (RREG) at line 175
DEBUG: Token 29 (COMMA) at line 175
DEBUG: Token 14 (RREG) at line 175
DEBUG: Token 4 (NEWLINE) at line 176
DEBUG: Token 28 (KW_TRACEEVENT) at line 176
DEBUG: Token 16 (STRING) at line 176
DEBUG: Token 9 (INT) at line 176
DEBUG: Token 16 (STRING) at line 176
DEBUG: Token 16 (STRING) at line 176
DEBUG: Token 16 (STRING) at line 176
DEBUG: Token 9 (INT) at line 176
DEBUG: Token 9 (INT) at line 176
DEBUG: Token 9 (INT) at line 176
DEBUG: Token 9 (INT) at line 176
DEBUG: Token 16 (STRING) at line 176
DEBUG: Token 16 (STRING) at line 176
DEBUG: Token 4 (NEWLINE) at line 177
DEBUG: Token 27 (KW_SRCSTEP) at line 177
DEBUG: Token 9 (INT) at line 177
DEBUG: Token 9 (INT) at line 177
DEBUG: Token 9 (INT) at line 177
DEBUG: Token 16 (STRING) at line 177
DEBUG: Token 9 (INT) at line 177
DEBUG: Token 9 (INT) at line 177
DEBUG: Token 9 (INT) at line 177
DEBUG: Token 16 (STRING) at line 177
DEBUG: Token 4 (NEWLINE) at line 178
DEBUG: Token 28 (KW_TRACEEVENT) at line 178
DEBUG: Token 16 (STRING) at line 178
DEBUG: Token 9 (INT) at line 178
DEBUG: Token 16 (STRING) at line 178
DEBUG: Token 16 (STRING) at line 178
DEBUG: Token 16 (STRING) at line 178
DEBUG: Token 9 (INT) at line 178
DEBUG: Token 9 (INT) at line 178
DEBUG: Token 9 (INT) at line 178
DEBUG: Token 9 (INT) at line 178
DEBUG: Token 16 (STRING) at line 178
DEBUG: Token 16 (STRING) at line 178
DEBUG: Token 4 (NEWLINE) at line 179
DEBUG: Token 12 (ID) at line 179
DEBUG: Token 14 (RREG) at line 179
DEBUG: Token 29 (COMMA) at line 179
DEBUG: Token 14 (RREG) at line 179
DEBUG: Token 29 (COMMA) at line 179
DEBUG: Token 9 (INT) at line 179
DEBUG: Token 4 (NEWLINE) at line 180
DEBUG: Token 28 (KW_TRACEEVENT) at line 180
DEBUG: Token 16 (STRING) at line 180
DEBUG: Token 9 (INT) at line 180
DEBUG: Token 16 (STRING) at line 180
DEBUG: Token 16 (STRING) at line 180
DEBUG: Token 16 (STRING) at line 180
DEBUG: Token 9 (INT) at line 180
DEBUG: Token 9 (INT) at line 180
DEBUG: Token 9 (INT) at line 180
DEBUG: Token 9 (INT) at line 180
DEBUG: Token 16 (STRING) at line 180
DEBUG: Token 16 (STRING) at line 180
DEBUG: Token 4 (NEWLINE) at line 181
DEBUG: Token 12 (ID) at line 181
DEBUG: Token 12 (ID) at line 181
DEBUG: Token 29 (COMMA) at line 181
DEBUG: Token 14 (RREG) at line 181
DEBUG: Token 4 (NEWLINE) at line 182
DEBUG: Token 27 (KW_SRCSTEP) at line 182
DEBUG: Token 9 (INT) at line 182
DEBUG: Token 9 (INT) at line 182
DEBUG: Token 9 (INT) at line 182
DEBUG: Token 16 (STRING) at line 182
DEBUG: Token 9 (INT) at line 182
DEBUG: Token 9 (INT) at line 182
DEBUG: Token 9 (INT) at line 182
DEBUG: Token 16 (STRING) at line 182
DEBUG: Token 4 (NEWLINE) at line 183
DEBUG: Token 27 (KW_SRCSTEP) at line 183
DEBUG: Token 9 (INT) at line 183
DEBUG: Token 9 (INT) at line 183
DEBUG: Token 9 (INT) at line 183
DEBUG: Token 16 (STRING) at line 183
DEBUG: Token 9 (INT) at line 183
DEBUG: Token 9 (INT) at line 183
DEBUG: Token 9 (INT) at line 183
DEBUG: Token 16 (STRING) at line 183
DEBUG: Token 4 (NEWLINE) at line 184
DEBUG: Token 27 (KW_SRCSTEP) at line 184
DEBUG: Token 9 (INT) at line 184
DEBUG: Token 9 (INT) at line 184
DEBUG: Token 9 (INT) at line 184
DEBUG: Token 16 (STRING) at line 184
DEBUG: Token 9 (INT) at line 184
DEBUG: Token 9 (INT) at line 184
DEBUG: Token 9 (INT) at line 184
DEBUG: Token 16 (STRING) at line 184
DEBUG: Token 4 (NEWLINE) at line 185
DEBUG: Token 27 (KW_SRCSTEP) at line 185
DEBUG: Token 9 (INT) at line 185
DEBUG: Token 9 (INT) at line 185
DEBUG: Token 9 (INT) at line 185
DEBUG: Token 16 (STRING) at line 185
DEBUG: Token 9 (INT) at line 185
DEBUG: Token 9 (INT) at line 185
DEBUG: Token 9 (INT) at line 185
DEBUG: Token 16 (STRING) at line 185
DEBUG: Token 4 (NEWLINE) at line 186
DEBUG: Token 12 (ID) at line 186
DEBUG: Token 14 (RREG) at line 186
DEBUG: Token 4 (NEWLINE) at line 187
DEBUG: Token 28 (KW_TRACEEVENT) at line 187
DEBUG: Token 16 (STRING) at line 187
DEBUG: Token 9 (INT) at line 187
DEBUG: Token 16 (STRING) at line 187
DEBUG: Token 16 (STRING) at line 187
DEBUG: Token 16 (STRING) at line 187
DEBUG: Token 9 (INT) at line 187
DEBUG: Token 9 (INT) at line 187
DEBUG: Token 9 (INT) at line 187
DEBUG: Token 9 (INT) at line 187
DEBUG: Token 16 (STRING) at line 187
DEBUG: Token 16 (STRING) at line 187
DEBUG: Token 4 (NEWLINE) at line 188
DEBUG: Token 12 (ID) at line 188
DEBUG: Token 14 (RREG) at line 188
DEBUG: Token 29 (COMMA) at line 188
DEBUG: Token 16 (STRING) at line 188
DEBUG: Token 29 (COMMA) at line 188
DEBUG: Token 14 (RREG) at line 188
DEBUG: Token 4 (NEWLINE) at line 189
DEBUG: Token 28 (KW_TRACEEVENT) at line 189
DEBUG: Token 16 (STRING) at line 189
DEBUG: Token 9 (INT) at line 189
DEBUG: Token 16 (STRING) at line 189
DEBUG: Token 16 (STRING) at line 189
DEBUG: Token 16 (STRING) at line 189
DEBUG: Token 9 (INT) at line 189
DEBUG: Token 9 (INT) at line 189
DEBUG: Token 9 (INT) at line 189
DEBUG: Token 9 (INT) at line 189
DEBUG: Token 16 (STRING) at line 189
DEBUG: Token 16 (STRING) at line 189
DEBUG: Token 4 (NEWLINE) at line 190
DEBUG: Token 28 (KW_TRACEEVENT) at line 190
DEBUG: Token 16 (STRING) at line 190
DEBUG: Token 9 (INT) at line 190
DEBUG: Token 16 (STRING) at line 190
DEBUG: Token 16 (STRING) at line 190
DEBUG: Token 16 (STRING) at line 190
DEBUG: Token 9 (INT) at line 190
DEBUG: Token 9 (INT) at line 190
DEBUG: Token 9 (INT) at line 190
DEBUG: Token 9 (INT) at line 190
DEBUG: Token 16 (STRING) at line 190
DEBUG: Token 16 (STRING) at line 190
DEBUG: Token 4 (NEWLINE) at line 191
DEBUG: Token 27 (KW_SRCSTEP) at line 191
DEBUG: Token 9 (INT) at line 191
DEBUG: Token 9 (INT) at line 191
DEBUG: Token 9 (INT) at line 191
DEBUG: Token 16 (STRING) at line 191
DEBUG: Token 9 (INT) at line 191
DEBUG: Token 9 (INT) at line 191
DEBUG: Token 9 (INT) at line 191
DEBUG: Token 16 (STRING) at line 191
DEBUG: Token 4 (NEWLINE) at line 192
DEBUG: Token 28 (KW_TRACEEVENT) at line 192
DEBUG: Token 16 (STRING) at line 192
DEBUG: Token 9 (INT) at line 192
DEBUG: Token 16 (STRING) at line 192
DEBUG: Token 16 (STRING) at line 192
DEBUG: Token 16 (STRING) at line 192
DEBUG: Token 9 (INT) at line 192
DEBUG: Token 9 (INT) at line 192
DEBUG: Token 9 (INT) at line 192
DEBUG: Token 9 (INT) at line 192
DEBUG: Token 16 (STRING) at line 192
DEBUG: Token 16 (STRING) at line 192
DEBUG: Token 4 (NEWLINE) at line 193
DEBUG: Token 12 (ID) at line 193
DEBUG: Token 14 (RREG) at line 193
DEBUG: Token 29 (COMMA) at line 193
DEBUG: Token 16 (STRING) at line 193
DEBUG: Token 29 (COMMA) at line 193
DEBUG: Token 14 (RREG) at line 193
DEBUG: Token 4 (NEWLINE) at line 194
DEBUG: Token 28 (KW_TRACEEVENT) at line 194
DEBUG: Token 16 (STRING) at line 194
DEBUG: Token 9 (INT) at line 194
DEBUG: Token 16 (STRING) at line 194
DEBUG: Token 16 (STRING) at line 194
DEBUG: Token 16 (STRING) at line 194
DEBUG: Token 9 (INT) at line 194
DEBUG: Token 9 (INT) at line 194
DEBUG: Token 9 (INT) at line 194
DEBUG: Token 9 (INT) at line 194
DEBUG: Token 16 (STRING) at line 194
DEBUG: Token 16 (STRING) at line 194
DEBUG: Token 4 (NEWLINE) at line 195
DEBUG: Token 12 (ID) at line 195
DEBUG: Token 14 (RREG) at line 195
DEBUG: Token 4 (NEWLINE) at line 196
DEBUG: Token 27 (KW_SRCSTEP) at line 196
DEBUG: Token 9 (INT) at line 196
DEBUG: Token 9 (INT) at line 196
DEBUG: Token 9 (INT) at line 196
DEBUG: Token 16 (STRING) at line 196
DEBUG: Token 9 (INT) at line 196
DEBUG: Token 9 (INT) at line 196
DEBUG: Token 9 (INT) at line 196
DEBUG: Token 16 (STRING) at line 196
DEBUG: Token 4 (NEWLINE) at line 197
DEBUG: Token 12 (ID) at line 197
DEBUG: Token 14 (RREG) at line 197
DEBUG: Token 29 (COMMA) at line 197
DEBUG: Token 9 (INT) at line 197
DEBUG: Token 4 (NEWLINE) at line 198
DEBUG: Token 28 (KW_TRACEEVENT) at line 198
DEBUG: Token 16 (STRING) at line 198
DEBUG: Token 9 (INT) at line 198
DEBUG: Token 16 (STRING) at line 198
DEBUG: Token 16 (STRING) at line 198
DEBUG: Token 16 (STRING) at line 198
DEBUG: Token 9 (INT) at line 198
DEBUG: Token 9 (INT) at line 198
DEBUG: Token 9 (INT) at line 198
DEBUG: Token 9 (INT) at line 198
DEBUG: Token 16 (STRING) at line 198
DEBUG: Token 16 (STRING) at line 198
DEBUG: Token 4 (NEWLINE) at line 199
DEBUG: Token 12 (ID) at line 199
DEBUG: Token 14 (RREG) at line 199
DEBUG: Token 29 (COMMA) at line 199
DEBUG: Token 14 (RREG) at line 199
DEBUG: Token 4 (NEWLINE) at line 200
DEBUG: Token 12 (ID) at line 200
DEBUG: Token 12 (ID) at line 200
DEBUG: Token 4 (NEWLINE) at line 201
DEBUG: Token 26 (LABEL) at line 201
DEBUG: Token 4 (NEWLINE) at line 202
DEBUG: Token 12 (ID) at line 202
DEBUG: Token 14 (RREG) at line 202
DEBUG: Token 4 (NEWLINE) at line 203
DEBUG: Token 26 (LABEL) at line 203
DEBUG: Token 4 (NEWLINE) at line 204
DEBUG: Token 26 (LABEL) at line 204
DEBUG: Token 4 (NEWLINE) at line 205
DEBUG: Token 27 (KW_SRCSTEP) at line 205
DEBUG: Token 9 (INT) at line 205
DEBUG: Token 9 (INT) at line 205
DEBUG: Token 9 (INT) at line 205
DEBUG: Token 16 (STRING) at line 205
DEBUG: Token 9 (INT) at line 205
DEBUG: Token 9 (INT) at line 205
DEBUG: Token 9 (INT) at line 205
DEBUG: Token 16 (STRING) at line 205
DEBUG: Token 4 (NEWLINE) at line 206
DEBUG: Token 12 (ID) at line 206
DEBUG: Token 14 (RREG) at line 206
DEBUG: Token 4 (NEWLINE) at line 207
DEBUG: Token 27 (KW_SRCSTEP) at line 207
DEBUG: Token 9 (INT) at line 207
DEBUG: Token 9 (INT) at line 207
DEBUG: Token 9 (INT) at line 207
DEBUG: Token 16 (STRING) at line 207
DEBUG: Token 9 (INT) at line 207
DEBUG: Token 9 (INT) at line 207
DEBUG: Token 9 (INT) at line 207
DEBUG: Token 16 (STRING) at line 207
DEBUG: Token 4 (NEWLINE) at line 208
DEBUG: Token 12 (ID) at line 208
DEBUG: Token 12 (ID) at line 208
DEBUG: Token 4 (NEWLINE) at line 209
DEBUG: Token 26 (LABEL) at line 209
DEBUG: Token 4 (NEWLINE) at line 210
DEBUG: Token 15 (KW_META) at line 210
DEBUG: Token 16 (STRING) at line 210
DEBUG: Token 4 (NEWLINE) at line 211
DEBUG: Token 27 (KW_SRCSTEP) at line 211
DEBUG: Token 9 (INT) at line 211
DEBUG: Token 9 (INT) at line 211
DEBUG: Token 9 (INT) at line 211
DEBUG: Token 16 (STRING) at line 211
DEBUG: Token 9 (INT) at line 211
DEBUG: Token 9 (INT) at line 211
DEBUG: Token 9 (INT) at line 211
DEBUG: Token 16 (STRING) at line 211
DEBUG: Token 4 (NEWLINE) at line 212
DEBUG: Token 12 (ID) at line 212
DEBUG: Token 14 (RREG) at line 212
DEBUG: Token 4 (NEWLINE) at line 213
DEBUG: Token 28 (KW_TRACEEVENT) at line 213
DEBUG: Token 16 (STRING) at line 213
DEBUG: Token 9 (INT) at line 213
DEBUG: Token 16 (STRING) at line 213
DEBUG: Token 16 (STRING) at line 213
DEBUG: Token 16 (STRING) at line 213
DEBUG: Token 9 (INT) at line 213
DEBUG: Token 9 (INT) at line 213
DEBUG: Token 9 (INT) at line 213
DEBUG: Token 9 (INT) at line 213
DEBUG: Token 16 (STRING) at line 213
DEBUG: Token 16 (STRING) at line 213
DEBUG: Token 4 (NEWLINE) at line 214
DEBUG: Token 12 (ID) at line 214
DEBUG: Token 14 (RREG) at line 214
DEBUG: Token 29 (COMMA) at line 214
DEBUG: Token 16 (STRING) at line 214
DEBUG: Token 29 (COMMA) at line 214
DEBUG: Token 14 (RREG) at line 214
DEBUG: Token 4 (NEWLINE) at line 215
DEBUG: Token 28 (KW_TRACEEVENT) at line 215
DEBUG: Token 16 (STRING) at line 215
DEBUG: Token 9 (INT) at line 215
DEBUG: Token 16 (STRING) at line 215
DEBUG: Token 16 (STRING) at line 215
DEBUG: Token 16 (STRING) at line 215
DEBUG: Token 9 (INT) at line 215
DEBUG: Token 9 (INT) at line 215
DEBUG: Token 9 (INT) at line 215
DEBUG: Token 9 (INT) at line 215
DEBUG: Token 16 (STRING) at line 215
DEBUG: Token 16 (STRING) at line 215
DEBUG: Token 4 (NEWLINE) at line 216
DEBUG: Token 12 (ID) at line 216
DEBUG: Token 14 (RREG) at line 216
DEBUG: Token 29 (COMMA) at line 216
DEBUG: Token 14 (RREG) at line 216
DEBUG: Token 29 (COMMA) at line 216
DEBUG: Token 16 (STRING) at line 216
DEBUG: Token 4 (NEWLINE) at line 217
DEBUG: Token 28 (KW_TRACEEVENT) at line 217
DEBUG: Token 16 (STRING) at line 217
DEBUG: Token 9 (INT) at line 217
DEBUG: Token 16 (STRING) at line 217
DEBUG: Token 16 (STRING) at line 217
DEBUG: Token 16 (STRING) at line 217
DEBUG: Token 9 (INT) at line 217
DEBUG: Token 9 (INT) at line 217
DEBUG: Token 9 (INT) at line 217
DEBUG: Token 9 (INT) at line 217
DEBUG: Token 16 (STRING) at line 217
DEBUG: Token 16 (STRING) at line 217
DEBUG: Token 4 (NEWLINE) at line 218
DEBUG: Token 12 (ID) at line 218
DEBUG: Token 14 (RREG) at line 218
DEBUG: Token 4 (NEWLINE) at line 219
DEBUG: Token 28 (KW_TRACEEVENT) at line 219
DEBUG: Token 16 (STRING) at line 219
DEBUG: Token 9 (INT) at line 219
DEBUG: Token 16 (STRING) at line 219
DEBUG: Token 16 (STRING) at line 219
DEBUG: Token 16 (STRING) at line 219
DEBUG: Token 9 (INT) at line 219
DEBUG: Token 9 (INT) at line 219
DEBUG: Token 9 (INT) at line 219
DEBUG: Token 9 (INT) at line 219
DEBUG: Token 16 (STRING) at line 219
DEBUG: Token 16 (STRING) at line 219
DEBUG: Token 4 (NEWLINE) at line 220
DEBUG: Token 12 (ID) at line 220
DEBUG: Token 14 (RREG) at line 220
DEBUG: Token 29 (COMMA) at line 220
DEBUG: Token 14 (RREG) at line 220
DEBUG: Token 29 (COMMA) at line 220
DEBUG: Token 14 (RREG) at line 220
DEBUG: Token 4 (NEWLINE) at line 221
DEBUG: Token 28 (KW_TRACEEVENT) at line 221
DEBUG: Token 16 (STRING) at line 221
DEBUG: Token 9 (INT) at line 221
DEBUG: Token 16 (STRING) at line 221
DEBUG: Token 16 (STRING) at line 221
DEBUG: Token 16 (STRING) at line 221
DEBUG: Token 9 (INT) at line 221
DEBUG: Token 9 (INT) at line 221
DEBUG: Token 9 (INT) at line 221
DEBUG: Token 9 (INT) at line 221
DEBUG: Token 16 (STRING) at line 221
DEBUG: Token 16 (STRING) at line 221
DEBUG: Token 4 (NEWLINE) at line 222
DEBUG: Token 12 (ID) at line 222
DEBUG: Token 14 (RREG) at line 222
DEBUG: Token 4 (NEWLINE) at line 223
DEBUG: Token 27 (KW_SRCSTEP) at line 223
DEBUG: Token 9 (INT) at line 223
DEBUG: Token 9 (INT) at line 223
DEBUG: Token 9 (INT) at line 223
DEBUG: Token 16 (STRING) at line 223
DEBUG: Token 9 (INT) at line 223
DEBUG: Token 9 (INT) at line 223
DEBUG: Token 9 (INT) at line 223
DEBUG: Token 16 (STRING) at line 223
DEBUG: Token 4 (NEWLINE) at line 224
DEBUG: Token 12 (ID) at line 224
DEBUG: Token 16 (STRING) at line 224
DEBUG: Token 4 (NEWLINE) at line 225
DEBUG: Token 27 (KW_SRCSTEP) at line 225
DEBUG: Token 9 (INT) at line 225
DEBUG: Token 9 (INT) at line 225
DEBUG: Token 9 (INT) at line 225
DEBUG: Token 16 (STRING) at line 225
DEBUG: Token 9 (INT) at line 225
DEBUG: Token 9 (INT) at line 225
DEBUG: Token 9 (INT) at line 225
DEBUG: Token 16 (STRING) at line 225
DEBUG: Token 4 (NEWLINE) at line 226
DEBUG: Token 12 (ID) at line 226
DEBUG: Token 9 (INT) at line 226
DEBUG: Token 4 (NEWLINE) at line 227
DEBUG: Token 15 (KW_META) at line 227
DEBUG: Token 16 (STRING) at line 227
DEBUG: Token 4 (NEWLINE) at line 228
DEBUG: Token 15 (KW_META) at line 228
DEBUG: Token 16 (STRING) at line 228
DEBUG: Token 4 (NEWLINE) at line 229
DEBUG: Token 15 (KW_META) at line 229
DEBUG: Token 16 (STRING) at line 229
DEBUG: Token 4 (NEWLINE) at line 230
DEBUG: Token 3 (EOS) at line 230
Assembler Complete
Writing to /tmp/perf3-12b-b4.zzOY6L/sieve-s1
Assembling complete
