[0/2] Re-checking globbed directories...
[1/266] Building C object interpreter/CMakeFiles/rxbvm_core_objects.dir/interrupt.c.o
[2/266] Building C object binutils/CMakeFiles/rxbin.dir/rxbin.c.o
[3/266] Building C object interpreter/rxvmplugin/CMakeFiles/rxvmplugin.dir/rxvmplugin_framework.c.o
[4/266] Building C object interpreter/CMakeFiles/rxbvm_core_objects.dir/rxvml/rxvm_run.c.o
[5/266] Building C object interpreter/CMakeFiles/rxbvml.dir/rxvmlib.c.o
[6/266] Linking C static library bin/librxvmplugin.a
[7/266] Building C object interpreter/CMakeFiles/rxbvm_core_objects.dir/rxvmload.c.o
[8/266] Building C object interpreter/CMakeFiles/rxbvm_core_objects.dir/rxpafuncs.c.o
[9/266] Building C object interpreter/CMakeFiles/rxvm_core_objects.dir/interrupt.c.o
[10/266] Building C object interpreter/CMakeFiles/rxbvm_core_objects.dir/rxspawn.c.o
[11/266] Building C object binutils/CMakeFiles/rxbin.dir/rxbin007.c.o
[12/266] Building C object interpreter/CMakeFiles/rxvm_core_objects.dir/rxvmload.c.o
[13/266] Building C object interpreter/CMakeFiles/rxvm.dir/rxvmmain.c.o
[14/266] Building C object interpreter/CMakeFiles/rxvm_platform_objects.dir/rxvmsock.c.o
[15/266] Building C object interpreter/CMakeFiles/rxvm_core_objects.dir/rxvml/rxvm_run.c.o
[16/266] Building C object interpreter/CMakeFiles/rxvm_core_objects.dir/rxpafuncs.c.o
[17/266] Building C object interpreter/CMakeFiles/rxbvm.dir/rxvmmain.c.o
[18/266] Building C object interpreter/CMakeFiles/rxvm_core_objects.dir/rxspawn.c.o
[19/266] Building C object linker/CMakeFiles/rxlink.dir/rxlinkmain.c.o
[20/266] Building C object binutils/CMakeFiles/rxbin.dir/rxgraph.c.o
[21/266] Building C object interpreter/CMakeFiles/rxbvml.dir/rxvml.c.o
[22/266] Linking C static library bin/librxbin.a
[23/266] Building C object assembler/CMakeFiles/rxaslib.dir/rxaseror.c.o
[24/266] Building C object assembler/CMakeFiles/rxaslib.dir/rxastoke.c.o
[25/266] Building C object assembler/CMakeFiles/rxaslib.dir/__/binutils/rxopmeta.c.o
[26/266] Building C object assembler/CMakeFiles/rxaslib.dir/rxasgrmr.c.o
[27/266] Building C object assembler/CMakeFiles/rxaslib.dir/rxaslib.c.o
[28/266] Linking C executable bin/rxlink
[29/266] Building C object assembler/CMakeFiles/rxas.dir/rxasmain.c.o
[30/266] Building C object assembler/CMakeFiles/rxaslib.dir/rxas_dsl.c.o
[31/266] Building C object assembler/CMakeFiles/rxaslib.dir/rxasscan.c.o
[32/266] Building C object assembler/CMakeFiles/rxaslib.dir/rxas_opt.c.o
[33/266] Building C object assembler/CMakeFiles/rxaslib.dir/rxas_flow.c.o
[34/266] Building C object assembler/CMakeFiles/rxaslib.dir/rxasassm.c.o
[35/266] Linking C static library bin/librxaslib.a
[36/266] Linking C executable bin/rxas
[37/266] cREXX assemble _elapsed ...
[38/266] cREXX RXAS Library Archive ...
[39/266] Building C object interpreter/CMakeFiles/rxbvm_core_objects.dir/rxvmintp.c.o
[40/266] Linking C static library bin/librxbvml.a
[41/266] Linking C executable bin/rxbvm
[42/266] Building C object compiler/CMakeFiles/rxclib.dir/rxcp_diag_fallback.c.o
[43/266] Building C object compiler/CMakeFiles/rxclib.dir/rxcp_ast_walk.c.o
[44/266] Building C object compiler/CMakeFiles/rxclib.dir/rxcp_ast_print.c.o
[45/266] Building C object compiler/CMakeFiles/rxclib.dir/rxcp_source_tree.c.o
[46/266] Building C object compiler/CMakeFiles/rxclib.dir/rxcpmain.c.o
[47/266] Building C object compiler/CMakeFiles/rxclib.dir/rxcp_dsl.c.o
[48/266] Building C object compiler/CMakeFiles/rxclib.dir/rxcp_util.c.o
[49/266] Building C object compiler/CMakeFiles/rxclib.dir/rxcpopgr.c.o
[50/266] Building C object compiler/CMakeFiles/rxclib.dir/rxcpopar.c.o
[51/266] Building C object compiler/CMakeFiles/rxclib.dir/rxcp_srcmap.c.o
[52/266] Building C object compiler/CMakeFiles/rxclib.dir/rxcpbpar.c.o
[53/266] Building C object compiler/CMakeFiles/rxclib.dir/rxcp_ast_core.c.o
[54/266] Building C object compiler/CMakeFiles/rxclib.dir/rxcp_highlight_controller.c.o
[55/266] Building C object compiler/CMakeFiles/rxclib.dir/rxcposcn.c.o
[56/266] Building C object compiler/CMakeFiles/rxclib.dir/rxcpcpar.c.o
[57/266] Building C object compiler/CMakeFiles/rxclib.dir/rxcpcval.c.o
[58/266] Building C object compiler/CMakeFiles/rxclib.dir/rxcpcgmr.c.o
[59/266] Building C object compiler/CMakeFiles/rxclib.dir/rxcp_ast_rewrite.c.o
[60/266] Building C object compiler/CMakeFiles/rxclib.dir/rxcpbgmr.c.o
[61/266] Building C object compiler/CMakeFiles/rxclib.dir/rxcp_val_trans.c.o
[62/266] Building C object compiler/CMakeFiles/rxclib.dir/rxcp_val_sym.c.o
[63/266] Building C object compiler/CMakeFiles/rxclib.dir/rxcpcdiag.c.o
[64/266] Building C object compiler/CMakeFiles/rxclib.dir/rxcp_val_plugin.c.o
[65/266] Building C object compiler/CMakeFiles/rxclib.dir/rxcp_fixup.c.o
[66/266] Building C object compiler/CMakeFiles/rxclib.dir/rxcp_ast_val.c.o
[67/266] Building C object compiler/CMakeFiles/rxclib.dir/rxcp_val_check.c.o
[68/266] Building C object compiler/CMakeFiles/rxclib.dir/rxcp_remap_build.c.o
[69/266] Building C object compiler/CMakeFiles/rxclib.dir/rxcp_val_type.c.o
[70/266] Building C object compiler/CMakeFiles/rxclib.dir/rxcp_inline_rules.c.o
[71/266] Building C object compiler/CMakeFiles/rxclib.dir/rxcp_val_orch.c.o
[72/266] Building C object compiler/CMakeFiles/rxclib.dir/rxcpsymb.c.o
[73/266] Building C object compiler/CMakeFiles/rxclib.dir/rexcscan.c.o
[74/266] Building C object compiler/CMakeFiles/rxclib.dir/rxcpemit.c.o
[75/266] Building C object compiler/CMakeFiles/rxclib.dir/rxcp_emit_core.c.o
[76/266] Building C object compiler/CMakeFiles/rxclib.dir/rxcp_emit_super.c.o
[77/266] Building C object compiler/CMakeFiles/rxclib.dir/rxcp_emit_reg.c.o
[78/266] Building C object compiler/CMakeFiles/rxclib.dir/rxcp_emit_flow.c.o
[79/266] Building C object compiler/CMakeFiles/rxclib.dir/rxcp_levelc_lower.c.o
[80/266] Building C object compiler/CMakeFiles/rxclib.dir/rxcp_emit_proc.c.o
[81/266] Building C object compiler/CMakeFiles/rxclib.dir/rxcp_emit_meta.c.o
[82/266] Building C object compiler/CMakeFiles/rxclib.dir/rxcp_emit_expr.c.o
[83/266] Building C object compiler/CMakeFiles/rxclib.dir/rxcp_instr.c.o
[84/266] Building C object compiler/CMakeFiles/rxclib.dir/rxcp_dispatch.c.o
[85/266] Building C object compiler/CMakeFiles/rxclib.dir/rxcp_opt.c.o
[86/266] Building C object compiler/CMakeFiles/rxclib.dir/rxcp_exit.c.o
[87/266] Building C object compiler/CMakeFiles/rxclib.dir/rxcp_flow.c.o
[88/266] Building C object compiler/CMakeFiles/rxclib.dir/rxcp_inline.c.o
[89/266] Building C object compiler/CMakeFiles/rxclib.dir/rxcpfunc.c.o
[90/266] Building C object interpreter/CMakeFiles/rxvm_core_objects.dir/rxvmintp.c.o
[91/266] Linking C executable bin/rxvm
[92/266] Building C object compiler/CMakeFiles/rxclib.dir/rexbscan.c.o
[93/266] Linking C static library bin/librxclib.a
[94/266] Linking C executable bin/rxc
[95/266] Building token.rxbin
[96/266] Building Dummy.rxbin
[97/266] cREXX compile and assemble _address ...
[98/266] cREXX compile and assemble _rxsystem ...
[99/266] cREXX compile and assemble _jdn ...
[100/266] cREXX compile and assemble _datei ...
[101/266] cREXX compile and assemble _dateo ...
[102/266] cREXX compile and assemble _ftrunc ...
[103/266] cREXX compile and assemble _itrunc ...
[104/266] cREXX compile and assemble _typedformat ...
[105/266] cREXX compile and assemble abbrev ...
[106/266] cREXX compile and assemble abs ...
[107/266] cREXX compile and assemble intabs ...
[108/266] cREXX compile and assemble floatabs ...
[109/266] cREXX compile and assemble b2x ...
[110/266] cREXX compile and assemble b2d ...
[111/266] cREXX compile and assemble binary ...
[112/266] cREXX compile and assemble c2x ...
[113/266] cREXX compile and assemble c2d ...
[114/266] cREXX compile and assemble center ...
[115/266] cREXX compile and assemble centre ...
[116/266] cREXX compile and assemble changestr ...
[117/266] cREXX compile and assemble compare ...
[118/266] cREXX compile and assemble copies ...
[119/266] cREXX compile and assemble countstr ...
[120/266] cREXX compile and assemble d2b ...
[121/266] cREXX compile and assemble d2c ...
[122/266] cREXX compile and assemble d2x ...
[123/266] cREXX compile and assemble date ...
[124/266] cREXX compile and assemble delstr ...
[125/266] cREXX compile and assemble delword ...
[126/266] cREXX compile and assemble fileio ...
[127/266] cREXX compile and assemble filter ...
[128/266] cREXX compile and assemble format ...
[129/266] cREXX compile and assemble intformat ...
[130/266] cREXX compile and assemble floatformat ...
[131/266] cREXX compile and assemble fnv ...
[132/266] cREXX compile and assemble getenv ...
[133/266] cREXX compile and assemble insert ...
[134/266] cREXX compile and assemble length ...
[135/266] cREXX compile and assemble linesize ...
[136/266] cREXX compile and assemble loadmodule ...
[137/266] cREXX compile and assemble lower ...
[138/266] cREXX compile and assemble max ...
[139/266] cREXX compile and assemble intmax ...
[140/266] cREXX compile and assemble floatmax ...
[141/266] cREXX compile and assemble min ...
[142/266] cREXX compile and assemble intmin ...
[143/266] cREXX compile and assemble floatmin ...
[144/266] cREXX compile and assemble numeric ...
[145/266] cREXX compile and assemble overlay ...
[146/266] cREXX compile and assemble pos ...
[147/266] cREXX compile and assemble qscan ...
[148/266] cREXX compile and assemble qpos ...
[149/266] cREXX compile and assemble qsplit ...
[150/266] cREXX compile and assemble qsplitsafe ...
[151/266] cREXX compile and assemble qextractall ...
[152/266] cREXX compile and assemble qextractpair ...
[153/266] cREXX compile and assemble qstripcomment ...
[154/266] cREXX compile and assemble qremoveall ...
[155/266] cREXX compile and assemble fsayfmt ...
[156/266] cREXX compile and assemble lastpos ...
[157/266] cREXX compile and assemble left ...
[158/266] cREXX compile and assemble right ...
[159/266] cREXX compile and assemble raise ...
[160/266] cREXX compile and assemble reverse ...
[161/266] cREXX compile and assemble signal ...
[162/266] cREXX compile and assemble trace ...
[163/266] cREXX compile and assemble sign ...
[164/266] cREXX compile and assemble intsign ...
[165/266] cREXX compile and assemble floatsign ...
[166/266] cREXX compile and assemble space ...
[167/266] cREXX compile and assemble strip ...
[168/266] cREXX compile and assemble substr ...
[169/266] cREXX compile and assemble substro ...
[170/266] cREXX compile and assemble symbol ...
[171/266] cREXX compile and assemble time ...
[172/266] cREXX compile and assemble translate ...
[173/266] cREXX compile and assemble trunc ...
[174/266] cREXX compile and assemble floattrunc ...
[175/266] cREXX compile and assemble upper ...
[176/266] cREXX compile and assemble value ...
[177/266] cREXX compile and assemble verify ...
[178/266] cREXX compile and assemble version ...
[179/266] cREXX compile and assemble word ...
[180/266] cREXX compile and assemble words ...
[181/266] cREXX compile and assemble wordindex ...
[182/266] cREXX compile and assemble subword ...
[183/266] cREXX compile and assemble wordlength ...
[184/266] cREXX compile and assemble wordpos ...
[185/266] cREXX compile and assemble qword ...
[186/266] cREXX compile and assemble qwordlength ...
[187/266] cREXX compile and assemble qwords ...
[188/266] cREXX compile and assemble qwordindex ...
[189/266] cREXX compile and assemble qwordpos ...
[190/266] cREXX compile and assemble qsubword ...
[191/266] cREXX compile and assemble regex ...
[192/266] cREXX compile and assemble x2b ...
[193/266] cREXX compile and assemble x2c ...
[194/266] cREXX compile and assemble x2d ...
[195/266] cREXX compile and assemble random ...
[196/266] cREXX compile and assemble reradix ...
[197/266] cREXX compile and assemble sequence ...
[198/266] cREXX compile and assemble find ...
[199/266] cREXX compile and assemble index ...
[200/266] cREXX compile and assemble xrange ...
[201/266] cREXX compile and assemble parsecompile ...
[202/266] cREXX compile and assemble parsestring ...
[203/266] cREXX compile and assemble parse ...
[204/266] cREXX compile and assemble datatype ...
[205/266] cREXX compile and assemble arrayfind ...
[206/266] cREXX compile and assemble splice ...
[207/266] cREXX compile and assemble arrayinsert ...
[208/266] cREXX compile and assemble arraydelete ...
[209/266] cREXX compile and assemble arrayappend ...
[210/266] cREXX compile and assemble arrayprepend ...
[211/266] cREXX compile and assemble objectarrayinsert ...
[212/266] cREXX compile and assemble objectarraydelete ...
[213/266] cREXX compile and assemble objectarrayappend ...
[214/266] cREXX compile and assemble objectarrayprepend ...
[215/266] cREXX compile and assemble objectarraydrop ...
[216/266] cREXX compile and assemble objectarraymove ...
[217/266] cREXX compile and assemble arraypop ...
[218/266] cREXX compile and assemble arrayshift ...
[219/266] cREXX compile and assemble arrayget ...
[220/266] cREXX compile and assemble arrayset ...
[221/266] cREXX compile and assemble arraycontains ...
[222/266] cREXX compile and assemble arrayindexof ...
[223/266] cREXX compile and assemble arrayreverse ...
[224/266] cREXX compile and assemble arrayjoin ...
[225/266] cREXX compile and assemble arraysort ...
[226/266] cREXX compile and assemble arraycopy ...
[227/266] cREXX compile and assemble arraydrop ...
[228/266] cREXX compile and assemble arrayhi ...
[229/266] cREXX compile and assemble arraymove ...
[230/266] cREXX compile and assemble fmtmask ...
[231/266] cREXX compile and assemble compilemask ...
[232/266] cREXX compile and assemble runmask ...
[233/266] cREXX compile and assemble parseExec ...
[234/266] cREXX compile and assemble stem ...
[235/266] cREXX compile and assemble rxjson ...
[236/266] cREXX compile and assemble rxsocket ...
[237/266] cREXX compile and assemble rxhttp ...
[238/266] cREXX compile and assemble wordrep ...
[239/266] cREXX REXX Library Archive ...
[240/266] cREXX Linked Library Image ...
[241/266] Building Fsay.rxbin
[242/266] Building Query.rxbin
[243/266] Building Sortx.rxbin
[244/266] Building Dump.rxbin
[245/266] Building Msay.rxbin
[246/266] Building Add.rxbin
[247/266] Building Sort.rxbin
[248/266] Building Execio.rxbin
[249/266] Building Substr.rxbin
[250/266] Building RexxScript.rxbin
[251/266] Building Signal.rxbin
[252/266] Building Address.rxbin
[253/266] Building Trace.rxbin
[254/266] Building Parse.rxbin
[255/266] Building rxcexits.rxbin (bundled via concatenation)
[256/266] Generating nr15_stem_access_rxbvm_noopt.rxbin
[257/266] Generating nr15_stem_semantics_rxvm_noopt.rxbin
[258/266] Generating nr15_stem_access_rxvm_noopt.rxbin
[259/266] Generating nr15_stem_access_rxvm_opt.rxbin
[260/266] Generating nr15_stem_semantics_rxbvm_noopt.rxbin
[261/266] Generating nr15_stem_semantics_rxbvm_opt.rxbin
[262/266] Generating nr15_stem_access_rxbvm_opt.rxbin
[263/266] Generating nr15_stem_semantics_rxvm_opt.rxbin
[264/266] Generating benchmark_rexxcps_levelb_noopt.rxbin
[265/266] Generating benchmark_rexxcps_levelb_opt.rxbin
