argv=['/usr/bin/time', '-l', '/Users/adrian/CLionProjects/CREXX/cmake-build-release/bin/rxbvm', '/tmp/ni-s5/generation-memory-linked.rxbin', '-a', 'cpu', '/Users/adrian/Library/Caches/crexx/native-inference/smollm2-360m-instruct-q8_0.gguf', '48ab3034d0dd401fbc721eb1df3217902fee7dab9078992d66431f09b7750201', '4']
rc=0
TOKENS=24
PASS: generation VM memory control 4
        2.68 real         7.21 user         0.19 sys
          1574371328  maximum resident set size
                   0  average shared memory size
                   0  average unshared data size
                   0  average unshared stack size
               98913  page reclaims
                  26  page faults
                   0  swaps
                   0  block input operations
                   0  block output operations
                   0  messages sent
                   0  messages received
                   0  signals received
                   6  voluntary context switches
                5642  involuntary context switches
        120120958394  instructions retired
         25718033130  cycles elapsed
          1145571128  peak memory footprint
