WAVE: project compile/assemble jobs=1
START: project member provider_acceptance
FAILED: compile project member provider_acceptance rc=2
Warning in provider_acceptance.crexx @ 120:48 - #NOT_IN_SAME_SCOPE: Implicit use creates a separate binding; the earlier same-named binding is at line 102, column 5. Declare this binding explicitly if intentional., "state"
Warning in provider_acceptance.crexx @ 123:29 - #NOT_IN_SAME_SCOPE: Implicit use creates a separate binding; the earlier same-named binding is at line 111, column 7. Declare this binding explicitly if intentional., "finish"
2 warning(s) in source file
Error in provider_acceptance.crexx @ 26:8 - #FUNCTION_NOT_FOUND: Function was not found., "rxllama..modelstate"
Error in provider_acceptance.crexx @ 38:8 - #FUNCTION_NOT_FOUND: Function was not found., "rxllama..prepare"
Error in provider_acceptance.crexx @ 50:8 - #FUNCTION_NOT_FOUND: Function was not found., "rxllama..process"
Error in provider_acceptance.crexx @ 60:6 - #FUNCTION_NOT_FOUND: Function was not found., "rxllama..modelopen"
Error in provider_acceptance.crexx @ 64:8 - #FUNCTION_NOT_FOUND: Function was not found., "rxllama..modelstate"
Error in provider_acceptance.crexx @ 65:43 - #FUNCTION_NOT_FOUND: Function was not found., "rxllama..close"
Error in provider_acceptance.crexx @ 73:6 - #FUNCTION_NOT_FOUND: Function was not found., "rxllama..requestopen"
Error in provider_acceptance.crexx @ 74:18 - #FUNCTION_NOT_FOUND: Function was not found., "rxllama..submit"
Error in provider_acceptance.crexx @ 75:27 - #FUNCTION_NOT_FOUND: Function was not found., "rxllama..close"
Error in provider_acceptance.crexx @ 76:6 - #FUNCTION_NOT_FOUND: Function was not found., "rxllama..requestopen"
Error in provider_acceptance.crexx @ 78:12 - #FUNCTION_NOT_FOUND: Function was not found., "rxllama..addembedding"
Error in provider_acceptance.crexx @ 79:46 - #FUNCTION_NOT_FOUND: Function was not found., "rxllama..submit"
Error in provider_acceptance.crexx @ 80:27 - #FUNCTION_NOT_FOUND: Function was not found., "rxllama..close"
Error in provider_acceptance.crexx @ 81:6 - #FUNCTION_NOT_FOUND: Function was not found., "rxllama..requestopen"
Error in provider_acceptance.crexx @ 82:27 - #FUNCTION_NOT_FOUND: Function was not found., "rxllama..addprompt"
Error in provider_acceptance.crexx @ 86:27 - #FUNCTION_NOT_FOUND: Function was not found., "rxllama..embeddings"
Error in provider_acceptance.crexx @ 87:27 - #FUNCTION_NOT_FOUND: Function was not found., "rxllama..close"
Error in provider_acceptance.crexx @ 93:6 - #FUNCTION_NOT_FOUND: Function was not found., "rxllama..requestopen"
Error in provider_acceptance.crexx @ 95:6 - #FUNCTION_NOT_FOUND: Function was not found., "rxllama..addprompt"
Error in provider_acceptance.crexx @ 96:6 - #FUNCTION_NOT_FOUND: Function was not found., "rxllama..submit"
Error in provider_acceptance.crexx @ 103:8 - #FUNCTION_NOT_FOUND: Function was not found., "rxllama..process"
Error in provider_acceptance.crexx @ 106:31 - #FUNCTION_NOT_FOUND: Function was not found., "rxllama..cancel"
Error in provider_acceptance.crexx @ 112:16 - #FUNCTION_NOT_FOUND: Function was not found., "rxllama..readtext"
Error in provider_acceptance.crexx @ 125:27 - #FUNCTION_NOT_FOUND: Function was not found., "rxllama..close"
Error in provider_acceptance.crexx @ 131:6 - #FUNCTION_NOT_FOUND: Function was not found., "rxllama..requestopen"
Error in provider_acceptance.crexx @ 138:14 - #FUNCTION_NOT_FOUND: Function was not found., "rxllama..addembedding"
Error in provider_acceptance.crexx @ 141:27 - #FUNCTION_NOT_FOUND: Function was not found., "rxllama..submit"
Error in provider_acceptance.crexx @ 146:12 - #FUNCTION_NOT_FOUND: Function was not found., "rxllama..embeddings"
Error in provider_acceptance.crexx @ 158:27 - #FUNCTION_NOT_FOUND: Function was not found., "rxllama..close"
Error in provider_acceptance.crexx @ 159:27 - #FUNCTION_NOT_FOUND: Function was not found., "rxllama..close"
Error in provider_acceptance.crexx @ 160:27 - #FUNCTION_NOT_FOUND: Function was not found., "rxllama..submit"
Error in provider_acceptance.crexx @ 166:6 - #FUNCTION_NOT_FOUND: Function was not found., "rxllama..requestopen"
Error in provider_acceptance.crexx @ 172:14 - #FUNCTION_NOT_FOUND: Function was not found., "rxllama..addprompt"
Error in provider_acceptance.crexx @ 175:27 - #FUNCTION_NOT_FOUND: Function was not found., "rxllama..submit"
Error in provider_acceptance.crexx @ 182:14 - #FUNCTION_NOT_FOUND: Function was not found., "rxllama..readtext"
Error in provider_acceptance.crexx @ 188:27 - #FUNCTION_NOT_FOUND: Function was not found., "rxllama..close"
Error in provider_acceptance.crexx @ 202:6 - #FUNCTION_NOT_FOUND: Function was not found., "rxllama..configcreate"
Error in provider_acceptance.crexx @ 203:18 - #FUNCTION_NOT_FOUND: Function was not found., "rxllama..configtext"
Error in provider_acceptance.crexx @ 204:27 - #FUNCTION_NOT_FOUND: Function was not found., "rxllama..configint"
Error in provider_acceptance.crexx @ 205:27 - #FUNCTION_NOT_FOUND: Function was not found., "rxllama..configint"
Error in provider_acceptance.crexx @ 206:27 - #FUNCTION_NOT_FOUND: Function was not found., "rxllama..configint"
Error in provider_acceptance.crexx @ 207:27 - #FUNCTION_NOT_FOUND: Function was not found., "rxllama..configint"
Error in provider_acceptance.crexx @ 208:27 - #FUNCTION_NOT_FOUND: Function was not found., "rxllama..configint"
Error in provider_acceptance.crexx @ 209:27 - #FUNCTION_NOT_FOUND: Function was not found., "rxllama..configtext"
Error in provider_acceptance.crexx @ 210:6 - #FUNCTION_NOT_FOUND: Function was not found., "rxllama..runtimeopen"
Error in provider_acceptance.crexx @ 214:27 - #FUNCTION_NOT_FOUND: Function was not found., "rxllama..devicecount"
Error in provider_acceptance.crexx @ 215:6 - #FUNCTION_NOT_FOUND: Function was not found., "rxllama..modelopen"
Error in provider_acceptance.crexx @ 217:6 - #FUNCTION_NOT_FOUND: Function was not found., "rxllama..sessionopen"
Error in provider_acceptance.crexx @ 218:27 - #FUNCTION_NOT_FOUND: Function was not found., "rxllama..close"
Error in provider_acceptance.crexx @ 228:27 - #FUNCTION_NOT_FOUND: Function was not found., "rxllama..infoint"
Error in provider_acceptance.crexx @ 231:6 - #FUNCTION_NOT_FOUND: Function was not found., "rxllama..modelopen"
Error in provider_acceptance.crexx @ 233:6 - #FUNCTION_NOT_FOUND: Function was not found., "rxllama..sessionopen"
Error in provider_acceptance.crexx @ 244:27 - #FUNCTION_NOT_FOUND: Function was not found., "rxllama..infoint"
Error in provider_acceptance.crexx @ 245:27 - #FUNCTION_NOT_FOUND: Function was not found., "rxllama..close"
Error in provider_acceptance.crexx @ 246:27 - #FUNCTION_NOT_FOUND: Function was not found., "rxllama..close"
Error in provider_acceptance.crexx @ 247:27 - #FUNCTION_NOT_FOUND: Function was not found., "rxllama..close"
Error in provider_acceptance.crexx @ 248:27 - #FUNCTION_NOT_FOUND: Function was not found., "rxllama..close"
Error in provider_acceptance.crexx @ 249:27 - #FUNCTION_NOT_FOUND: Function was not found., "rxllama..close"
Error in provider_acceptance.crexx @ 250:27 - #FUNCTION_NOT_FOUND: Function was not found., "rxllama..close"
59 error(s) in source file
