benchmark=rxjson_numeric_materialization_compare
dimension=3072
iterations=10
legacy_extract_128_us=283755
float_source_bytes=58479
float_index_bytes=123282
float_first_parse_us=54362
float_element_walk_control_us=2769353
float_children_us=8037
float_repeated_traversal_us=1054746
float_materialize_us=106137
float_typed_copy_us=1438
float_packed_bytes=12288
float_pack_us=1326
production_float_project_us=7940
float_direct_scan_us=13392
integer_source_bytes=14265
integer_index_bytes=122966
integer_first_parse_us=42871
integer_children_us=6263
integer_materialize_us=83640
integer_typed_copy_us=1790
integer_packed_bytes=24576
integer_pack_us=1636
production_integer_project_us=56181
integer_direct_scan_us=17449
json_encoded_bytes=12289
json_encode_us=34982
parse_pack_scan_total_us=171771
production_parse_project_scan_total_us=67014
float_checksum=15360
integer_checksum=47201280
production_float_checksum=1536
PASS: CRI-13 JSON numeric materialization compare
