benchmark=rxjson_numeric_materialization_compare
dimension=3072
iterations=10
legacy_extract_128_us=9640
float_source_bytes=58479
float_index_bytes=123282
float_first_parse_us=1750
float_element_walk_control_us=62095
float_children_us=3534
float_repeated_traversal_us=138493
float_materialize_us=13745
float_typed_copy_us=58
float_packed_bytes=12288
float_pack_us=22
production_float_project_us=268
float_direct_scan_us=182
integer_source_bytes=14265
integer_index_bytes=122966
integer_first_parse_us=933
integer_children_us=3404
integer_materialize_us=13037
integer_typed_copy_us=102
integer_packed_bytes=24576
integer_pack_us=23
production_integer_project_us=1643
integer_direct_scan_us=189
json_encoded_bytes=12289
json_encode_us=2047
parse_pack_scan_total_us=19452
production_parse_project_scan_total_us=1752
float_checksum=15360
integer_checksum=47201280
production_float_checksum=1536
PASS: CRI-13 JSON numeric materialization compare
