benchmark=rxjson_numeric_materialization_compare
dimension=3072
iterations=10
legacy_extract_128_us=277783
float_source_bytes=58479
float_index_bytes=123282
float_first_parse_us=52385
float_element_walk_control_us=2909826
float_children_us=8283
float_repeated_traversal_us=1070699
float_materialize_us=107844
float_typed_copy_us=1372
float_packed_bytes=12288
float_pack_us=1267
production_float_project_us=8284
float_direct_scan_us=13437
integer_source_bytes=14265
integer_index_bytes=122966
integer_first_parse_us=41779
integer_children_us=6316
integer_materialize_us=82717
integer_typed_copy_us=1729
integer_packed_bytes=24576
integer_pack_us=1619
production_integer_project_us=55885
integer_direct_scan_us=16911
json_encoded_bytes=12289
json_encode_us=34736
parse_pack_scan_total_us=170273
production_parse_project_scan_total_us=62341
float_checksum=15360
integer_checksum=47201280
production_float_checksum=1536
PASS: CRI-13 JSON numeric materialization compare
