CANDIDATE-PANEL.md: OK
COMMANDS.md: OK
PROVENANCE.md: OK
README.md: OK
manifests/cow-canonical-timing.txt: OK
manifests/cow-profile-inputs.txt: OK
manifests/current-head-profile-capture.txt: OK
manifests/current-profile-summary-inputs.txt: OK
manifests/current-timing-profile-inputs.txt: OK
poc/cow-interrupt-table.patch: OK
results/cow-mechanism-summary.csv: OK
results/cow-paired-36.csv: OK
results/cow-rss-5-summary.csv: OK
results/current-mechanism-summary.csv: OK
results/current-timing-profile-summary.csv: OK
results/lifecycle-cli-samples.csv: OK
results/lifecycle-cli-summary.csv: OK
results/lifecycle-rxbvm-samples.csv: OK
results/lifecycle-rxbvm-summary.csv: OK
results/lifecycle-rxvm-samples.csv: OK
results/lifecycle-rxvm-summary.csv: OK
results/native-list-sample-summary.csv: OK
results/product-size-summary.csv: OK
rss/current-cow-5/capture-manifest.json: OK
rss/current-cow-5/samples.csv: OK
summarize_paired.crexx: OK
timing/current-cow-12/capture-manifest.json: OK
timing/current-cow-12/samples.csv: OK
timing/current-cow-append-24/capture-manifest.json: OK
timing/current-cow-append-24/samples.csv: OK
