./COMMANDS.md: OK
./PROVENANCE.md: OK
./README.md: OK
./VERDICT.md: OK
./build/build.log: OK
./build/configure.log: OK
./correctness/release-compatibility.log: OK
./correctness/release-focused.log: OK
./host/host-post.txt: OK
./host/host-pre.txt: OK
./manifests/list-r2a-r1a-work100.txt: OK
./paired-summary-24.csv: OK
./paired-summary-initial.csv: OK
./paired-summary.csv: OK
./runner-self-test.stderr: OK
./runner-self-test.stdout: OK
./summarize_paired.crexx: OK
./timing/list-append-12/capture-manifest.json: OK
./timing/list-append-12/geomeans.csv: OK
./timing/list-append-12/outputs.csv: OK
./timing/list-append-12/ratios.csv: OK
./timing/list-append-12/samples.csv: OK
./timing/list-append-12/summary.csv: OK
./timing/list-append-24/capture-manifest.json: OK
./timing/list-append-24/geomeans.csv: OK
./timing/list-append-24/outputs.csv: OK
./timing/list-append-24/ratios.csv: OK
./timing/list-append-24/samples.csv: OK
./timing/list-append-24/summary.csv: OK
./timing/list-initial-12/capture-manifest.json: OK
./timing/list-initial-12/geomeans.csv: OK
./timing/list-initial-12/outputs.csv: OK
./timing/list-initial-12/ratios.csv: OK
./timing/list-initial-12/samples.csv: OK
./timing/list-initial-12/summary.csv: OK
