COMMANDS.md: OK
PROVENANCE.md: OK
README.md: OK
VERDICT.md: OK
build/build.log: OK
build/configure.log: OK
manifests/list-q0-r2a-work100.txt: OK
manifests/list-q0-r2a.txt: OK
paired-summary-work10.csv: OK
paired-summary.csv: OK
runner-self-test.stderr: OK
runner-self-test.stdout: OK
summarize_paired.crexx: OK
timing/list-formal/capture-manifest.json: OK
timing/list-formal/geomeans.csv: OK
timing/list-formal/outputs.csv: OK
timing/list-formal/ratios.csv: OK
timing/list-formal/samples.csv: OK
timing/list-formal/summary.csv: OK
timing/list-work10-guard/capture-manifest.json: OK
timing/list-work10-guard/geomeans.csv: OK
timing/list-work10-guard/outputs.csv: OK
timing/list-work10-guard/ratios.csv: OK
timing/list-work10-guard/samples.csv: OK
timing/list-work10-guard/summary.csv: OK
