performance/evidence/2026-07-27-perf2-06-vm-c2-reset-poc/COMMANDS.md: OK
performance/evidence/2026-07-27-perf2-06-vm-c2-reset-poc/PROVENANCE.md: OK
performance/evidence/2026-07-27-perf2-06-vm-c2-reset-poc/README.md: OK
performance/evidence/2026-07-27-perf2-06-vm-c2-reset-poc/code-size/r0-rxbvm-nm.txt: OK
performance/evidence/2026-07-27-perf2-06-vm-c2-reset-poc/code-size/r0-rxbvm-otool.txt: OK
performance/evidence/2026-07-27-perf2-06-vm-c2-reset-poc/code-size/r0-rxbvm-stat.txt: OK
performance/evidence/2026-07-27-perf2-06-vm-c2-reset-poc/code-size/r0-rxvm-nm.txt: OK
performance/evidence/2026-07-27-perf2-06-vm-c2-reset-poc/code-size/r0-rxvm-otool.txt: OK
performance/evidence/2026-07-27-perf2-06-vm-c2-reset-poc/code-size/r0-rxvm-stat.txt: OK
performance/evidence/2026-07-27-perf2-06-vm-c2-reset-poc/code-size/r1-rxbvm-nm.txt: OK
performance/evidence/2026-07-27-perf2-06-vm-c2-reset-poc/code-size/r1-rxbvm-otool.txt: OK
performance/evidence/2026-07-27-perf2-06-vm-c2-reset-poc/code-size/r1-rxbvm-stat.txt: OK
performance/evidence/2026-07-27-perf2-06-vm-c2-reset-poc/code-size/r1-rxvm-nm.txt: OK
performance/evidence/2026-07-27-perf2-06-vm-c2-reset-poc/code-size/r1-rxvm-otool.txt: OK
performance/evidence/2026-07-27-perf2-06-vm-c2-reset-poc/code-size/r1-rxvm-stat.txt: OK
performance/evidence/2026-07-27-perf2-06-vm-c2-reset-poc/code-size/r2-rxbvm-nm.txt: OK
performance/evidence/2026-07-27-perf2-06-vm-c2-reset-poc/code-size/r2-rxbvm-otool.txt: OK
performance/evidence/2026-07-27-perf2-06-vm-c2-reset-poc/code-size/r2-rxbvm-stat.txt: OK
performance/evidence/2026-07-27-perf2-06-vm-c2-reset-poc/code-size/r2-rxvm-nm.txt: OK
performance/evidence/2026-07-27-perf2-06-vm-c2-reset-poc/code-size/r2-rxvm-otool.txt: OK
performance/evidence/2026-07-27-perf2-06-vm-c2-reset-poc/code-size/r2-rxvm-stat.txt: OK
performance/evidence/2026-07-27-perf2-06-vm-c2-reset-poc/correctness/r1-frame-ctest.log: OK
performance/evidence/2026-07-27-perf2-06-vm-c2-reset-poc/correctness/r1-life-ctest.log: OK
performance/evidence/2026-07-27-perf2-06-vm-c2-reset-poc/correctness/r1-signal-ctest.log: OK
performance/evidence/2026-07-27-perf2-06-vm-c2-reset-poc/correctness/r2-frame-ctest.log: OK
performance/evidence/2026-07-27-perf2-06-vm-c2-reset-poc/correctness/r2-life-ctest.log: OK
performance/evidence/2026-07-27-perf2-06-vm-c2-reset-poc/correctness/r2-signal-ctest.log: OK
performance/evidence/2026-07-27-perf2-06-vm-c2-reset-poc/machine-stats/r1-rxbvm-base64.out: OK
performance/evidence/2026-07-27-perf2-06-vm-c2-reset-poc/machine-stats/r1-rxbvm-list.out: OK
performance/evidence/2026-07-27-perf2-06-vm-c2-reset-poc/machine-stats/r1-rxbvm-permute.out: OK
performance/evidence/2026-07-27-perf2-06-vm-c2-reset-poc/machine-stats/r1-rxbvm-sieve.out: OK
performance/evidence/2026-07-27-perf2-06-vm-c2-reset-poc/machine-stats/r1-rxvm-base64.out: OK
performance/evidence/2026-07-27-perf2-06-vm-c2-reset-poc/machine-stats/r1-rxvm-list.out: OK
performance/evidence/2026-07-27-perf2-06-vm-c2-reset-poc/machine-stats/r1-rxvm-permute.out: OK
performance/evidence/2026-07-27-perf2-06-vm-c2-reset-poc/machine-stats/r1-rxvm-sieve.out: OK
performance/evidence/2026-07-27-perf2-06-vm-c2-reset-poc/machine-stats/r2-rxbvm-base64.out: OK
performance/evidence/2026-07-27-perf2-06-vm-c2-reset-poc/machine-stats/r2-rxbvm-list.out: OK
performance/evidence/2026-07-27-perf2-06-vm-c2-reset-poc/machine-stats/r2-rxbvm-permute.out: OK
performance/evidence/2026-07-27-perf2-06-vm-c2-reset-poc/machine-stats/r2-rxbvm-sieve.out: OK
performance/evidence/2026-07-27-perf2-06-vm-c2-reset-poc/machine-stats/r2-rxvm-base64.out: OK
performance/evidence/2026-07-27-perf2-06-vm-c2-reset-poc/machine-stats/r2-rxvm-list.out: OK
performance/evidence/2026-07-27-perf2-06-vm-c2-reset-poc/machine-stats/r2-rxvm-permute.out: OK
performance/evidence/2026-07-27-perf2-06-vm-c2-reset-poc/machine-stats/r2-rxvm-sieve.out: OK
performance/evidence/2026-07-27-perf2-06-vm-c2-reset-poc/machine-stats/reset-summary.csv: OK
performance/evidence/2026-07-27-perf2-06-vm-c2-reset-poc/poc/vm-c2-reset-poc.patch: OK
performance/evidence/2026-07-27-perf2-06-vm-c2-reset-poc/product-hashes.sha256: OK
performance/evidence/2026-07-27-perf2-06-vm-c2-reset-poc/product-size-summary.csv: OK
performance/evidence/2026-07-27-perf2-06-vm-c2-reset-poc/profiles/operation-identity.csv: OK
performance/evidence/2026-07-27-perf2-06-vm-c2-reset-poc/profiles/r0-rxbvm-list.csv: OK
performance/evidence/2026-07-27-perf2-06-vm-c2-reset-poc/profiles/r0-rxbvm-list.out: OK
performance/evidence/2026-07-27-perf2-06-vm-c2-reset-poc/profiles/r0-rxbvm-permute.csv: OK
performance/evidence/2026-07-27-perf2-06-vm-c2-reset-poc/profiles/r0-rxbvm-permute.out: OK
performance/evidence/2026-07-27-perf2-06-vm-c2-reset-poc/profiles/r0-rxbvm-sieve.csv: OK
performance/evidence/2026-07-27-perf2-06-vm-c2-reset-poc/profiles/r0-rxbvm-sieve.out: OK
performance/evidence/2026-07-27-perf2-06-vm-c2-reset-poc/profiles/r0-rxvm-list.csv: OK
performance/evidence/2026-07-27-perf2-06-vm-c2-reset-poc/profiles/r0-rxvm-list.out: OK
performance/evidence/2026-07-27-perf2-06-vm-c2-reset-poc/profiles/r0-rxvm-permute.csv: OK
performance/evidence/2026-07-27-perf2-06-vm-c2-reset-poc/profiles/r0-rxvm-permute.out: OK
performance/evidence/2026-07-27-perf2-06-vm-c2-reset-poc/profiles/r0-rxvm-sieve.csv: OK
performance/evidence/2026-07-27-perf2-06-vm-c2-reset-poc/profiles/r0-rxvm-sieve.out: OK
performance/evidence/2026-07-27-perf2-06-vm-c2-reset-poc/profiles/r1-rxbvm-list.csv: OK
performance/evidence/2026-07-27-perf2-06-vm-c2-reset-poc/profiles/r1-rxbvm-list.out: OK
performance/evidence/2026-07-27-perf2-06-vm-c2-reset-poc/profiles/r1-rxbvm-permute.csv: OK
performance/evidence/2026-07-27-perf2-06-vm-c2-reset-poc/profiles/r1-rxbvm-permute.out: OK
performance/evidence/2026-07-27-perf2-06-vm-c2-reset-poc/profiles/r1-rxbvm-sieve.csv: OK
performance/evidence/2026-07-27-perf2-06-vm-c2-reset-poc/profiles/r1-rxbvm-sieve.out: OK
performance/evidence/2026-07-27-perf2-06-vm-c2-reset-poc/profiles/r1-rxvm-list.csv: OK
performance/evidence/2026-07-27-perf2-06-vm-c2-reset-poc/profiles/r1-rxvm-list.out: OK
performance/evidence/2026-07-27-perf2-06-vm-c2-reset-poc/profiles/r1-rxvm-permute.csv: OK
performance/evidence/2026-07-27-perf2-06-vm-c2-reset-poc/profiles/r1-rxvm-permute.out: OK
performance/evidence/2026-07-27-perf2-06-vm-c2-reset-poc/profiles/r1-rxvm-sieve.csv: OK
performance/evidence/2026-07-27-perf2-06-vm-c2-reset-poc/profiles/r1-rxvm-sieve.out: OK
performance/evidence/2026-07-27-perf2-06-vm-c2-reset-poc/profiles/r2-rxbvm-list.csv: OK
performance/evidence/2026-07-27-perf2-06-vm-c2-reset-poc/profiles/r2-rxbvm-list.out: OK
performance/evidence/2026-07-27-perf2-06-vm-c2-reset-poc/profiles/r2-rxbvm-permute.csv: OK
performance/evidence/2026-07-27-perf2-06-vm-c2-reset-poc/profiles/r2-rxbvm-permute.out: OK
performance/evidence/2026-07-27-perf2-06-vm-c2-reset-poc/profiles/r2-rxbvm-sieve.csv: OK
performance/evidence/2026-07-27-perf2-06-vm-c2-reset-poc/profiles/r2-rxbvm-sieve.out: OK
performance/evidence/2026-07-27-perf2-06-vm-c2-reset-poc/profiles/r2-rxvm-list.csv: OK
performance/evidence/2026-07-27-perf2-06-vm-c2-reset-poc/profiles/r2-rxvm-list.out: OK
performance/evidence/2026-07-27-perf2-06-vm-c2-reset-poc/profiles/r2-rxvm-permute.csv: OK
performance/evidence/2026-07-27-perf2-06-vm-c2-reset-poc/profiles/r2-rxvm-permute.out: OK
performance/evidence/2026-07-27-perf2-06-vm-c2-reset-poc/profiles/r2-rxvm-sieve.csv: OK
performance/evidence/2026-07-27-perf2-06-vm-c2-reset-poc/profiles/r2-rxvm-sieve.out: OK
performance/evidence/2026-07-27-perf2-06-vm-c2-reset-poc/timing/extension-10/capture-manifest.json: OK
performance/evidence/2026-07-27-perf2-06-vm-c2-reset-poc/timing/extension-10/geomeans.csv: OK
performance/evidence/2026-07-27-perf2-06-vm-c2-reset-poc/timing/extension-10/outputs.csv: OK
performance/evidence/2026-07-27-perf2-06-vm-c2-reset-poc/timing/extension-10/r1-paired-samples.csv: OK
performance/evidence/2026-07-27-perf2-06-vm-c2-reset-poc/timing/extension-10/r2-paired-samples.csv: OK
performance/evidence/2026-07-27-perf2-06-vm-c2-reset-poc/timing/extension-10/ratios.csv: OK
performance/evidence/2026-07-27-perf2-06-vm-c2-reset-poc/timing/extension-10/samples.csv: OK
performance/evidence/2026-07-27-perf2-06-vm-c2-reset-poc/timing/extension-10/summary.csv: OK
performance/evidence/2026-07-27-perf2-06-vm-c2-reset-poc/timing/extension-12/capture-manifest.json: OK
performance/evidence/2026-07-27-perf2-06-vm-c2-reset-poc/timing/extension-12/geomeans.csv: OK
performance/evidence/2026-07-27-perf2-06-vm-c2-reset-poc/timing/extension-12/outputs.csv: OK
performance/evidence/2026-07-27-perf2-06-vm-c2-reset-poc/timing/extension-12/r1-paired-samples.csv: OK
performance/evidence/2026-07-27-perf2-06-vm-c2-reset-poc/timing/extension-12/r2-paired-samples.csv: OK
performance/evidence/2026-07-27-perf2-06-vm-c2-reset-poc/timing/extension-12/ratios.csv: OK
performance/evidence/2026-07-27-perf2-06-vm-c2-reset-poc/timing/extension-12/samples.csv: OK
performance/evidence/2026-07-27-perf2-06-vm-c2-reset-poc/timing/extension-12/summary.csv: OK
performance/evidence/2026-07-27-perf2-06-vm-c2-reset-poc/timing/formal-12/capture-manifest.json: OK
performance/evidence/2026-07-27-perf2-06-vm-c2-reset-poc/timing/formal-12/geomeans.csv: OK
performance/evidence/2026-07-27-perf2-06-vm-c2-reset-poc/timing/formal-12/outputs.csv: OK
performance/evidence/2026-07-27-perf2-06-vm-c2-reset-poc/timing/formal-12/r1-paired-samples.csv: OK
performance/evidence/2026-07-27-perf2-06-vm-c2-reset-poc/timing/formal-12/r2-paired-samples.csv: OK
performance/evidence/2026-07-27-perf2-06-vm-c2-reset-poc/timing/formal-12/ratios.csv: OK
performance/evidence/2026-07-27-perf2-06-vm-c2-reset-poc/timing/formal-12/samples.csv: OK
performance/evidence/2026-07-27-perf2-06-vm-c2-reset-poc/timing/formal-12/summary.csv: OK
performance/evidence/2026-07-27-perf2-06-vm-c2-reset-poc/timing/formal-22-summary/geomeans.csv: OK
performance/evidence/2026-07-27-perf2-06-vm-c2-reset-poc/timing/formal-22-summary/ratios.csv: OK
performance/evidence/2026-07-27-perf2-06-vm-c2-reset-poc/timing/formal-22-summary/summary.csv: OK
performance/evidence/2026-07-27-perf2-06-vm-c2-reset-poc/timing/formal-34-summary/geomeans.csv: OK
performance/evidence/2026-07-27-perf2-06-vm-c2-reset-poc/timing/formal-34-summary/ratios.csv: OK
performance/evidence/2026-07-27-perf2-06-vm-c2-reset-poc/timing/formal-34-summary/summary.csv: OK
performance/evidence/2026-07-27-perf2-06-vm-c2-reset-poc/timing/host-final.txt: OK
performance/evidence/2026-07-27-perf2-06-vm-c2-reset-poc/timing/host-post.txt: OK
performance/evidence/2026-07-27-perf2-06-vm-c2-reset-poc/timing/host-pre.txt: OK
performance/evidence/2026-07-27-perf2-06-vm-c2-reset-poc/timing/manifest.txt: OK
performance/evidence/2026-07-27-perf2-06-vm-c2-reset-poc/timing/r1-vs-r0-paired-summary.csv: OK
performance/evidence/2026-07-27-perf2-06-vm-c2-reset-poc/timing/r2-vs-r0-paired-summary.csv: OK
performance/evidence/2026-07-27-perf2-06-vm-c2-reset-poc/tools/compare_vm_c2_profiles.crexx: OK
performance/evidence/2026-07-27-perf2-06-vm-c2-reset-poc/tools/filter_vm_c2_pairs.crexx: OK
performance/evidence/2026-07-27-perf2-06-vm-c2-reset-poc/tools/summarize_vm_c2_reset.crexx: OK
