Updated golden file: /Users/adrian/CLionProjects/CREXX/compiler/tests/golden/noopt/02_flow.rxas
Updated golden file: /Users/adrian/CLionProjects/CREXX/compiler/tests/golden/opt/02_flow.rxas
Updated golden file: /Users/adrian/CLionProjects/CREXX/compiler/tests/golden/noopt/07_loops.rxas
Updated golden file: /Users/adrian/CLionProjects/CREXX/compiler/tests/golden/opt/07_loops.rxas
Updated golden file: /Users/adrian/CLionProjects/CREXX/compiler/tests/golden/opt/select_dispatch_integer.rxas
Updated golden file: /Users/adrian/CLionProjects/CREXX/compiler/tests/golden/opt/select_dispatch_fallback.rxas
Updated golden file: /Users/adrian/CLionProjects/CREXX/compiler/tests/golden/opt/select_dispatch_mixed.rxas
Updated golden file: /Users/adrian/CLionProjects/CREXX/compiler/tests/golden/opt/select_dispatch_general.rxas
Updated golden file: /Users/adrian/CLionProjects/CREXX/compiler/tests/golden/noopt/18_array_class.rxas
Updated golden file: /Users/adrian/CLionProjects/CREXX/compiler/tests/golden/opt/18_array_class.rxas
Updated golden file: /Users/adrian/CLionProjects/CREXX/compiler/tests/golden/opt/arg_semantics_scalar.rxas
Updated golden file: /Users/adrian/CLionProjects/CREXX/compiler/tests/golden/opt/arg_semantics_array.rxas
Updated golden file: /Users/adrian/CLionProjects/CREXX/compiler/tests/golden/noopt/object_reference_regression.rxas
Updated golden file: /Users/adrian/CLionProjects/CREXX/compiler/tests/golden/opt/object_reference_regression.rxas
Updated golden file: /Users/adrian/CLionProjects/CREXX/compiler/tests/golden/noopt/basic_loops.rxas
Updated golden file: /Users/adrian/CLionProjects/CREXX/compiler/tests/golden/opt/basic_loops.rxas
Updated golden file: /Users/adrian/CLionProjects/CREXX/compiler/tests/golden/opt/basic_strings.rxas
Updated golden file: /Users/adrian/CLionProjects/CREXX/compiler/tests/golden/noopt/basic_arrays.rxas
Updated golden file: /Users/adrian/CLionProjects/CREXX/compiler/tests/golden/opt/basic_arrays.rxas
Updated golden file: /Users/adrian/CLionProjects/CREXX/compiler/tests/golden/noopt/block_expr_basic.rxas
Updated golden file: /Users/adrian/CLionProjects/CREXX/compiler/tests/golden/noopt/inline_test1.rxas
Updated golden file: /Users/adrian/CLionProjects/CREXX/compiler/tests/golden/opt/inline_test1.rxas
Updated golden file: /Users/adrian/CLionProjects/CREXX/compiler/tests/golden/opt/inline_test2.rxas
Updated golden file: /Users/adrian/CLionProjects/CREXX/compiler/tests/golden/noopt/inline_test_call.rxas
Updated golden file: /Users/adrian/CLionProjects/CREXX/compiler/tests/golden/opt/inline_test_call.rxas
Updated golden file: /Users/adrian/CLionProjects/CREXX/compiler/tests/golden/noopt/inline_test_expr.rxas
Updated golden file: /Users/adrian/CLionProjects/CREXX/compiler/tests/golden/opt/inline_test_expr.rxas
Updated golden file: /Users/adrian/CLionProjects/CREXX/compiler/tests/golden/noopt/inline_test_expr_negative.rxas
Updated golden file: /Users/adrian/CLionProjects/CREXX/compiler/tests/golden/opt/inline_test_expr_negative.rxas
Updated golden file: /Users/adrian/CLionProjects/CREXX/compiler/tests/golden/noopt/inline_test_nested_call_expr.rxas
Updated golden file: /Users/adrian/CLionProjects/CREXX/compiler/tests/golden/opt/inline_test_nested_call_expr.rxas
Updated golden file: /Users/adrian/CLionProjects/CREXX/compiler/tests/golden/noopt/inline_test_concat_expr.rxas
Updated golden file: /Users/adrian/CLionProjects/CREXX/compiler/tests/golden/opt/inline_test_concat_expr.rxas
Updated golden file: /Users/adrian/CLionProjects/CREXX/compiler/tests/golden/noopt/inline_test_say_expr.rxas
Updated golden file: /Users/adrian/CLionProjects/CREXX/compiler/tests/golden/opt/inline_test_say_expr.rxas
Updated golden file: /Users/adrian/CLionProjects/CREXX/compiler/tests/golden/noopt/inline_test_say_expr_negative.rxas
Updated golden file: /Users/adrian/CLionProjects/CREXX/compiler/tests/golden/opt/inline_test_say_expr_negative.rxas
Updated golden file: /Users/adrian/CLionProjects/CREXX/compiler/tests/golden/noopt/inline_test_return_expr.rxas
Updated golden file: /Users/adrian/CLionProjects/CREXX/compiler/tests/golden/opt/inline_test_return_expr.rxas
Updated golden file: /Users/adrian/CLionProjects/CREXX/compiler/tests/golden/noopt/inline_test_unary_expr.rxas
Updated golden file: /Users/adrian/CLionProjects/CREXX/compiler/tests/golden/opt/inline_test_unary_expr.rxas
Updated golden file: /Users/adrian/CLionProjects/CREXX/compiler/tests/golden/noopt/inline_test_compare_expr.rxas
Updated golden file: /Users/adrian/CLionProjects/CREXX/compiler/tests/golden/opt/inline_test_compare_expr.rxas
Updated golden file: /Users/adrian/CLionProjects/CREXX/compiler/tests/golden/noopt/inline_test_call_arg_expr.rxas
Updated golden file: /Users/adrian/CLionProjects/CREXX/compiler/tests/golden/opt/inline_test_call_arg_expr.rxas
Updated golden file: /Users/adrian/CLionProjects/CREXX/compiler/tests/golden/noopt/inline_test_call_like_arg_expr.rxas
Updated golden file: /Users/adrian/CLionProjects/CREXX/compiler/tests/golden/opt/inline_test_call_like_arg_expr.rxas
Updated golden file: /Users/adrian/CLionProjects/CREXX/compiler/tests/golden/opt/inline_test_composed_expr_contexts.rxas
Updated golden file: /Users/adrian/CLionProjects/CREXX/compiler/tests/golden/opt/inline_test_byvalue_arg_reuse.rxas
Updated golden file: /Users/adrian/CLionProjects/CREXX/compiler/tests/golden/opt/inline_test_condition_contexts.rxas
Updated golden file: /Users/adrian/CLionProjects/CREXX/compiler/tests/golden/noopt/inline_test_loop_bound_expr.rxas
Updated golden file: /Users/adrian/CLionProjects/CREXX/compiler/tests/golden/opt/inline_test_loop_bound_expr.rxas
Updated golden file: /Users/adrian/CLionProjects/CREXX/compiler/tests/golden/noopt/inline_test_named_factory_selector.rxas
Updated golden file: /Users/adrian/CLionProjects/CREXX/compiler/tests/golden/noopt/inline_test_bool_expr_negative.rxas
Updated golden file: /Users/adrian/CLionProjects/CREXX/compiler/tests/golden/opt/inline_test_bool_expr_negative.rxas
Updated golden file: /Users/adrian/CLionProjects/CREXX/compiler/tests/golden/noopt/inline_test_vararg_dynamic_loop.rxas
Updated golden file: /Users/adrian/CLionProjects/CREXX/compiler/tests/golden/opt/inline_test_vararg_dynamic_loop.rxas
Updated golden file: /Users/adrian/CLionProjects/CREXX/compiler/tests/golden/noopt/inline_test_exposed_nested_call.rxas
Updated golden file: /Users/adrian/CLionProjects/CREXX/compiler/tests/golden/opt/inline_test_exposed_nested_call.rxas
Updated golden file: /Users/adrian/CLionProjects/CREXX/compiler/tests/golden/noopt/inline_test_nested_scope_do.rxas
Updated golden file: /Users/adrian/CLionProjects/CREXX/compiler/tests/golden/opt/inline_test_nested_scope_do.rxas
Updated golden file: /Users/adrian/CLionProjects/CREXX/compiler/tests/golden/noopt/inline_test_nested_scope_if_do.rxas
Updated golden file: /Users/adrian/CLionProjects/CREXX/compiler/tests/golden/opt/inline_test_nested_scope_if_do.rxas
Updated golden file: /Users/adrian/CLionProjects/CREXX/compiler/tests/golden/noopt/inline_test_nested_scope_exposed_call.rxas
Updated golden file: /Users/adrian/CLionProjects/CREXX/compiler/tests/golden/opt/inline_test_nested_scope_exposed_call.rxas
Updated golden file: /Users/adrian/CLionProjects/CREXX/compiler/tests/golden/noopt/inline_test_multi_return_assign.rxas
Updated golden file: /Users/adrian/CLionProjects/CREXX/compiler/tests/golden/opt/inline_test_multi_return_assign.rxas
Updated golden file: /Users/adrian/CLionProjects/CREXX/compiler/tests/golden/noopt/inline_test_multi_return_expr.rxas
Updated golden file: /Users/adrian/CLionProjects/CREXX/compiler/tests/golden/opt/inline_test_multi_return_expr.rxas
Updated golden file: /Users/adrian/CLionProjects/CREXX/compiler/tests/golden/noopt/inline_test_multi_return_call.rxas
Updated golden file: /Users/adrian/CLionProjects/CREXX/compiler/tests/golden/opt/inline_test_multi_return_call.rxas
