[0/2] Re-checking globbed directories...
[1/355] cREXX RXLINK fixture tests_link_interface_root ...
[2/355] cREXX RXLINK fixture tests_link_root ...
[3/355] cREXX RXLINK fixture tests_link_provider_a ...
[4/355] cREXX RXLINK fixture tests_link_interface_impl ...
[5/355] cREXX RXLINK interface fixture ...
[6/355] cREXX RXLINK success fixture ...
[7/355] C Packing cREXX RXFNSB Library ...
[8/355] Building optimized arraydump function example
[9/355] Building optimized arrayformat function example
[10/355] Bundling array-formatting function example
[11/355] Building C object disassembler/CMakeFiles/rxdas.dir/rxdamain.c.o
[12/355] Building C object interpreter/CMakeFiles/rxvme.dir/rxvmmain.c.o
[13/355] Building C object lib/plugins/system/CMakeFiles/_system_static.dir/system.c.o
[14/355] cREXX compile and assemble rxdb_gui ...
[15/355] Compiling dynamic_load_provider.crexx ...
[16/355] Compiling stub_plugin.crexx ...
[17/355] Compiling cms_address_demo.crexx ...
[18/355] Building optimized array-formatting example program
[19/355] Building C object disassembler/CMakeFiles/rxdas.dir/rxdadism.c.o
[20/355] cREXX RXLINK inline-metadata fixture ...
[21/355] Linking C static library bin/rx_system_static.a
[22/355] cREXX RXLINK stripped fixture ...
[23/355] cREXX RXLINK record-stream concat fixture ...
[24/355] Linking C executable bin/rxdas
[25/355] cREXX RXAS Float Constant Pool Tests ...
[26/355] Compiling kv_address_demo.crexx ...
[27/355] Compiling sqlite_address_demo.crexx ...
[28/355] cREXX RXBIN 007 portable-format tests ...
[29/355] Building C object tests/rxpa/CMakeFiles/_rxpa_classdecl_static_decl.dir/rxpa_classdecl.c.o
[30/355] Compiling address_callback_host.crexx ...
[31/355] Building C object tests/rxpa/CMakeFiles/_rxpalink_static.dir/rxpa_staticlink.c.o
[32/355] Compiling dynamic_load_host.crexx ...
[33/355] Compiling address_cms_host.crexx ...
[34/355] Building C object interpreter/CMakeFiles/rxvme.dir/library.c.o
[35/355] Compiling cms_address_environment.crexx ...
[36/355] Compiling crexxsaa_variables_host.crexx ...
[37/355] Building C object compiler/tests/CMakeFiles/test_source_provenance.dir/src/test_source_provenance.c.o
[38/355] cREXX RXLINK fixture tests_link_provider_b ...
[39/355] cREXX RXLINK fixture tests_link_srcfproc_root ...
[40/355] cREXX RXLINK fixture tests_link_srcfproc_contract ...
[41/355] cREXX RXLINK fixture tests_link_srcmethod_root ...
[42/355] cREXX RXLINK fixture tests_link_srcmethod_provider ...
[43/355] Compiling test_reentrancy.crexx ...
[44/355] Linking C executable bin/rxvme
[45/355] Building optimized pprint compiler-exit example
[46/355] cREXX RXDAS roundtrip fixture tests_compact_format ...
[47/355] cREXX compile, assemble, link and package rxdb ...
[48/355] Building C object compiler/tests/CMakeFiles/test_source_semantics.dir/src/test_source_semantics.c.o
[49/355] Compiling test_trace_source_jump_helper.crexx (noopt)
[50/355] Compiling test_trace_source_jump_helper.crexx (opt)
[51/355] Building C object disassembler/CMakeFiles/test_disassembler_dump.dir/tests/test_disassembler_dump.c.o
[52/355] Building C object debugger/CMakeFiles/rxdb.dir/rxdb.c.o
[53/355] Building C object interpreter/CMakeFiles/rxvm_instrumented_core_objects.dir/exitfunc.c.o
[54/355] Building C object interpreter/CMakeFiles/rxvm_instrumented_core_objects.dir/interrupt.c.o
[55/355] Building exittestsupport.rxbin
[56/355] Building C object interpreter/CMakeFiles/rxvm_instrumented_core_objects.dir/rxvmload.c.o
[57/355] Building C object interpreter/CMakeFiles/rxvm_instrumented_core_objects.dir/rxvml/rxvm_run.c.o
[58/355] Building C object disassembler/CMakeFiles/test_disassembler_dump.dir/rxdadism.c.o
[59/355] Building C object interpreter/CMakeFiles/rxbvm_instrumented_core_objects.dir/interrupt.c.o
[60/355] Building C object interpreter/CMakeFiles/rxbvm_instrumented_core_objects.dir/exitfunc.c.o
[61/355] Building C object interpreter/CMakeFiles/rxvm_instrumented_core_objects.dir/rxpafuncs.c.o
[62/355] Building C object interpreter/CMakeFiles/rxbvm_instrumented_core_objects.dir/rxvmload.c.o
[63/355] Building C object interpreter/CMakeFiles/rxvm_instrumented.dir/rxvmmain.c.o
[64/355] Building C object interpreter/CMakeFiles/rxvm_instrumented_core_objects.dir/rxspawn.c.o
[65/355] Building C object interpreter/CMakeFiles/rxbvm_instrumented_core_objects.dir/rxvml/rxvm_run.c.o
[66/355] Building C object interpreter/CMakeFiles/rxbvme.dir/rxvmmain.c.o
[67/355] Building C object interpreter/CMakeFiles/rxbvm_instrumented.dir/rxvmmain.c.o
[68/355] Building C object interpreter/CMakeFiles/test_rxcrexxcmd_flush.dir/tests/test_rxcrexxcmd_flush.c.o
[69/355] Building C object interpreter/CMakeFiles/rxbvm_instrumented_core_objects.dir/rxpafuncs.c.o
[70/355] cREXX RXAS jump-table corruption base (linear) ...
[71/355] cREXX RXAS jump-table corruption base (openhash) ...
[72/355] cREXX RXAS jump-table corruption base (acph) ...
[73/355] Linking C shared library bin/libcrexxsaa.dylib
[74/355] Building C object lib/plugins/stack/CMakeFiles/_stack_static.dir/stack.c.o
[75/355] Building C object interpreter/CMakeFiles/rxbvm_instrumented_core_objects.dir/rxspawn.c.o
[76/355] Building C object interpreter/CMakeFiles/test_rxpa_utf_validation.dir/tests/test_rxpa_utf_validation.c.o
[77/355] Building C object lib/plugins/rxmath/CMakeFiles/_rxmath_static.dir/rxmath.c.o
[78/355] Building C object lib/plugins/cipher/CMakeFiles/_cipher_static.dir/cipher.c.o
[79/355] Building C object interpreter/CMakeFiles/test_rxpa_utf_validation.dir/rxpafuncs.c.o
[80/355] Building C object lib/plugins/keyaccess/CMakeFiles/_keyaccess_static.dir/keyaccess.c.o
[81/355] Building C object lib/plugins/llist/CMakeFiles/_llist_static.dir/llist.c.o
[82/355] Bundling standalone pprint compiler-exit example
[83/355] Building C object lib/plugins/rxtcp/CMakeFiles/_rxtcp_static.dir/rxtcp.c.o
[84/355] Building C object lib/plugins/id/CMakeFiles/_id_static.dir/id.c.o
[85/355] Building C object tests/CMakeFiles/test_rxinteger_contract.dir/test_rxinteger_contract.c.o
[86/355] Building C object tests/rxpa/CMakeFiles/_rxpa_classdecl.dir/rxpa_classdecl.c.o
[87/355] Building C object lib/plugins/treemap/CMakeFiles/_treemap_static.dir/treemap.c.o
[88/355] Linking C static library tests/rx_rxpa_classdecl_static_decl.a
[89/355] Linking C static library tests/rx_rxpalink_static.a
[90/355] cREXX compile, assemble, link and package standalone RexxScript runner ...
[91/355] Building C object tests/rxpa/CMakeFiles/testvm.dir/__/__/interpreter/rxvmmain.c.o
[92/355] cREXX compile, assemble, link and package crexx ...
[93/355] Building C object lib/plugins/recv390/CMakeFiles/_recv390_static.dir/recv390.c.o
[94/355] Linking C executable compiler/tests/test_bridge
[95/355] Building C object interpreter/CMakeFiles/rxbvme.dir/library.c.o
[96/355] Linking C executable compiler/tests/test_address_bridge
[97/355] Linking C executable compiler/tests/native_kv_address_demo
[98/355] Linking C executable compiler/tests/native_sqlite_address_demo
[99/355] Linking C executable compiler/tests/test_dynamic_load
[100/355] Linking C executable compiler/tests/test_address_callback_host
[101/355] Linking C executable compiler/tests/test_crexxsaa_variables
[102/355] Linking C executable compiler/tests/test_rxvml_utf_boundaries
[103/355] Linking C executable compiler/tests/test_crexxsaa_status
[104/355] Linking C executable compiler/tests/test_source_provenance
[105/355] Building C object crexx_driver/CMakeFiles/crexx.dir/crexx.c.o
[106/355] Linking C executable compiler/tests/test_highlight_editor_diagnostics
[107/355] Linking C executable compiler/tests/test_highlight_cache
[108/355] Linking C executable compiler/tests/test_source_semantics
[109/355] Linking C executable bin/crexx
[110/355] Compiling test_dump.crexx with exit (opt)
[111/355] Compiling test_dump.crexx with exit (noopt)
[112/355] Compiling test_query.crexx with exit (noopt)
[113/355] Compiling test_query.crexx with exit (opt)
[114/355] Building C object rexxscript/CMakeFiles/rexxscript_cli.dir/RexxScriptRunner.c.o
[115/355] Compiling dynamic interface contract ...
[116/355] Compiling address_llm_host.crexx ...
[117/355] Compiling test_sort.crexx with exit (opt)
[118/355] Compiling test_sort.crexx with exit (noopt)
[119/355] Compiling test_sortx.crexx with exit (noopt)
[120/355] Compiling test_sortx.crexx with exit (opt)
[121/355] Compiling test_address.crexx with exit (noopt)
[122/355] Compiling dynamic interface host ...
[123/355] Compiling dynamic interface provider ...
[124/355] Compiling test_address.crexx with exit (opt)
[125/355] Compiling test_address_direct.crexx with exit (noopt)
[126/355] Compiling test_execio.crexx with exit (noopt)
[127/355] Compiling test_execio.crexx with exit (opt)
[128/355] Compiling llm_address_environment.crexx ...
[129/355] Compiling test_add.crexx with exit (noopt)
[130/355] Compiling test_add.crexx with exit (opt)
[131/355] Compiling test_fsay.crexx with exit (noopt)
[132/355] Compiling test_msay.crexx with exit (noopt)
[133/355] Compiling test_fsay.crexx with exit (opt)
[134/355] Compiling test_address_direct.crexx with exit (opt)
[135/355] Compiling test_msay.crexx with exit (opt)
[136/355] Compiling test_parse_direct.crexx with exit (noopt)
[137/355] Compiling test_signal.crexx with exit (noopt)
[138/355] Compiling test_signal.crexx with exit (opt)
[139/355] Compiling test_signal_direct.crexx with exit (noopt)
[140/355] Compiling test_signal_block.crexx with exit (noopt)
[141/355] Compiling test_signal_direct.crexx with exit (opt)
[142/355] Compiling test_parse_direct.crexx with exit (opt)
[143/355] Compiling reference_source_invalid_signal.crexx with exit (noopt)
[144/355] Compiling test_signal_block.crexx with exit (opt)
[145/355] Compiling reference_source_invalid_signal.crexx with exit (opt)
[146/355] Compiling test_parse.crexx with exit (noopt)
[147/355] Compiling test_trace_exit.crexx with exit (noopt)
[148/355] Compiling test_trace_negated_string.crexx with exit (noopt)
[149/355] Compiling test_trace_results.crexx with exit (noopt)
[150/355] Compiling test_trace_exit.crexx with exit (opt)
[151/355] Compiling test_trace_negated_string.crexx with exit (opt)
[152/355] Compiling test_trace_llm.crexx with exit (noopt)
[153/355] Compiling test_trace_results.crexx with exit (opt)
[154/355] Compiling test_parse.crexx with exit (opt)
[155/355] Compiling test_trace_llm.crexx with exit (opt)
[156/355] Compiling test_trace_direct.crexx with exit (noopt)
[157/355] Compiling test_trace_stderr.crexx with exit (noopt)
[158/355] Compiling test_trace_stderr.crexx with exit (opt)
[159/355] Compiling test_trace_file.crexx with exit (noopt)
[160/355] Compiling test_trace_normal_quiet.crexx with exit (noopt)
[161/355] Compiling test_trace_file.crexx with exit (opt)
[162/355] Compiling test_trace_normal_quiet.crexx with exit (opt)
[163/355] Compiling test_trace_normal_command.crexx with exit (noopt)
[164/355] Compiling test_trace_normal_command.crexx with exit (opt)
[165/355] Compiling test_trace_env.crexx with exit (noopt)
[166/355] Compiling test_trace_env.crexx with exit (opt)
[167/355] Compiling test_trace_env.crexx with exit (noopt)
[168/355] Compiling test_trace_direct.crexx with exit (opt)
[169/355] Compiling test_trace_env.crexx with exit (opt)
[170/355] Compiling test_trace_env_ignored.crexx with exit (noopt)
[171/355] Compiling test_trace_env_ignored.crexx with exit (opt)
[172/355] Compiling test_trace_source_jump.crexx with exit (noopt)
[173/355] Compiling test_trace_namespace_commands.crexx with exit (noopt)
[174/355] Compiling test_rexxscript.crexx with exit (noopt)
[175/355] Compiling test_trace_namespace_commands.crexx with exit (opt)
[176/355] Compiling test_trace_source_jump.crexx with exit (opt)
[177/355] cREXX RXLINK fixture tests_link_signature_bad_impl ...
[178/355] cREXX RXLINK control-file fixture ...
[179/355] cREXX RXLINK srcfprocsel fixture ...
[180/355] cREXX RXLINK srcmethodsel fixture ...
[181/355] Compiling test_rexxscript.crexx with exit (opt)
[182/355] Compiling test_rexxscript_direct.crexx with exit (noopt)
[183/355] cREXX RXDAS roundtrip fixture tests_basic ...
[184/355] cREXX RXDAS roundtrip fixture tests_int_contract ...
[185/355] cREXX RXDAS roundtrip fixture tests_float_pool ...
[186/355] cREXX RXDAS roundtrip fixture tests_disassembler_roundtrip ...
[187/355] cREXX RXDAS roundtrip fixture tests_interfaces ...
[188/355] Linking C executable disassembler/test_disassembler_dump
[189/355] cREXX RXDAS roundtrip fixture tests_disassembler_imported ...
[190/355] cREXX RXDAS roundtrip fixture tests_binary ...
[191/355] cREXX RXDAS roundtrip fixture tests_jump_table ...
[192/355] cREXX RXDAS roundtrip fixture tests_jump_table_hash_edges ...
[193/355] cREXX RXDAS roundtrip fixture tests_jump_table_rexx_strings ...
[194/355] Compiling test_substr.crexx with exit (noopt)
[195/355] Compiling test_dummy.crexx with exit (opt)
[196/355] Linking C executable bin/rxdb
[197/355] Linking C executable bin/rxbvme
[198/355] Compiling test_rexxscript_direct.crexx with exit (opt)
[199/355] cREXX RXAS Instruction Tests (raise uncaptured signal) ...
[200/355] Linking C executable bin/test_rxcrexxcmd_flush
[201/355] cREXX RXAS Instruction Tests (fallback panic source reporting) ...
[202/355] Compiling test_dummy.crexx with exit (noopt)
[203/355] cREXX RXAS Instruction Tests (breakpoint address reporting) ...
[204/355] cREXX RXAS Instruction Tests (register flag partitioning) ...
[205/355] cREXX RXAS Instruction Tests (UTF flag cache) ...
[206/355] Compiling test_substr.crexx with exit (opt)
[207/355] cREXX RXAS Instruction Tests (attribute bulk insert/delete) ...
[208/355] cREXX RXAS Instruction Tests (object initialization lifecycle instructions) ...
[209/355] cREXX RXAS Instruction Tests (reference value instructions) ...
[210/355] Linking C executable interpreter/test_rxpa_utf_validation
[211/355] cREXX RXAS Instruction Tests (signal call argument attributes) ...
[212/355] cREXX RXAS Instruction Tests (signal handler response modes) ...
[213/355] cREXX RXAS Instruction Tests (signal mask boundary handling) ...
[214/355] cREXX RXAS Instruction Tests (signal silent halt response) ...
[215/355] cREXX RXAS Instruction Tests (signal frame handler table scope) ...
[216/355] cREXX RXAS Instruction Tests (signal call-window mapping unwind) ...
[217/355] cREXX RXAS Instruction Tests (signal branch with bound value) ...
[218/355] cREXX RXAS Instruction Tests (nested pending signal delivery) ...
[219/355] cREXX RXAS Instruction Tests (signal handler push/pop scope) ...
[220/355] cREXX RXAS Instruction Tests (action-aware signal handlers) ...
[221/355] cREXX RXAS Basic Instruction Tests ...
[222/355] cREXX RXAS Instruction Tests (signed 64-bit integer contract) ...
[223/355] Linking C executable bin/crexxsaa
[224/355] cREXX RXAS Integer Math Instruction Tests ...
[225/355] cREXX RXAS Float Math Instruction Tests ...
[226/355] cREXX RXAS String Instruction Tests ...
[227/355] cREXX RXAS Logic and Flow Instruction Tests ...
[228/355] cREXX RXAS System and I/O Instruction Tests ...
[229/355] Linking C executable interpreter/test_reentrancy
[230/355] cREXX RXAS Instruction Tests (binary buffer and I/O) ...
[231/355] cREXX RXAS Instruction Tests (linear jump table dispatch) ...
[232/355] cREXX RXAS Instruction Tests (linear jump table source matrix) ...
[233/355] cREXX RXAS Instruction Tests (openhash jump table source matrix) ...
[234/355] cREXX RXAS Instruction Tests (acph jump table source matrix) ...
[235/355] cREXX RXAS Instruction Tests (auto jump table source matrix) ...
[236/355] cREXX RXAS Instruction Tests (auto jump table policy paths) ...
[237/355] cREXX RXAS Instruction Tests (Rexx padded and numeric string jump tables) ...
[238/355] cREXX RXAS Instruction Tests (open-hash and ACPH jump table edge cases) ...
[239/355] cREXX RXAS Instruction Tests (jump table syntax and value boundaries) ...
[240/355] cREXX RXAS Instruction Tests (typed binary memory operations) ...
[241/355] Mutating jump table rxasjtablecorruptlinearkey (linear-key-offset) ...
[242/355] Mutating jump table rxasjtablecorruptalgorithm (algorithm) ...
[243/355] Mutating jump table rxasjtablecorruptheader (header) ...
[244/355] Mutating jump table rxasjtablecorruptlineartarget (linear-target) ...
[245/355] Mutating jump table rxasjtablecorruptacphslot (acph-slot-kind) ...
[246/355] Mutating jump table rxasjtablecorruptopenslot (open-slot-offset) ...
[247/355] Mutating jump table rxasjtablecorruptacphtarget (acph-target) ...
[248/355] cREXX RXAS Object Instruction Tests ...
[249/355] cREXX RXAS Socket Instruction Tests ...
[250/355] cREXX RXAS Instruction Tests (descriptor selector contracts) ...
[251/355] cREXX RXAS Stress Instruction Tests ...
[252/355] cREXX RXAS Conversion Instruction Tests ...
[253/355] cREXX RXAS Reflection Instruction Tests ...
[254/355] cREXX RXAS Interface Dispatch Instruction Tests ...
[255/355] cREXX RXAS Decimal Instruction Tests ...
[256/355] cREXX RXAS Instruction Tests (remaining deterministic instruction gaps) ...
[257/355] Linking C executable bin/rxpp-sh
[258/355] Linking archive-level db_decimal regression harness ...
[259/355] Generating ts_arraysort_errors_noopt.rxbin
[260/355] Generating ts_llm_providers_noopt.rxbin
[261/355] Generating ts_stem_errors_noopt.rxbin
[262/355] Linking C static library bin/rx_rxmath_static.a
[263/355] Generating ts_rxhttp_noopt.rxbin
[264/355] Generating ts_tinyexpr_noopt.rxbin
[265/355] Generating crexxbrexx_noopt.rxbin
[266/355] Linking C static library bin/rx_cipher_static.a
[267/355] Linking C static library bin/rx_stack_static.a
[268/355] Linking C static library bin/rx_keyaccess_static.a
[269/355] Generating arrays_test_noopt.rxbin
[270/355] Generating math_test_noopt.rxbin
[271/355] Linking C static library bin/rx_llist_static.a
[272/355] Generating cipher_test_noopt.rxbin
[273/355] Generating strings_test_noopt.rxbin
[274/355] Generating stack_test_noopt.rxbin
[275/355] Generating getpi_test_noopt.rxbin
[276/355] Generating keyaccess_test_noopt.rxbin
[277/355] Linking C static library bin/rx_treemap_static.a
[278/355] Linking C static library bin/rx_id_static.a
[279/355] Linking C static library bin/rx_recv390_static.a
[280/355] Linking C static library bin/rx_rxtcp_static.a
[281/355] Generating llist_test_noopt.rxbin
[282/355] Generating treemap_test_noopt.rxbin
[283/355] Generating id_test_noopt.rxbin
[284/355] Generating recv390_test_noopt.rxbin
[285/355] Generating map_test_noopt.rxbin
[286/355] Generating testJSON_noopt.rxbin
[287/355] Generating tcp_test_noopt.rxbin
[288/355] Generating system_test_noopt.rxbin
[289/355] Linking C executable bin/rexxscript
[290/355] cREXX RXAS intr_test - Native Signal Test Harness ...
[291/355] cREXX compile and assemble veclib ...
[292/355] Linking C executable tests/test_rxinteger_contract
[293/355] Generating testOS_noopt.rxbin
[294/355] Generating testRexxClassicBifXrange_noopt.rxbin
[295/355] Generating testRexxScriptCompat_noopt.rxbin
[296/355] Generating concatenation_noopt.rxbin
[297/355] Generating levelbfunc_noopt.rxbin
[298/355] Building program with standalone pprint exit example
[299/355] Generating benchmark_awfy_sieve_noopt.rxbin
[300/355] Generating benchmark_awfy_permute_noopt.rxbin
[301/355] Generating benchmark_awfy_mandelbrot_noopt.rxbin
[302/355] Generating benchmark_awfy_towers_noopt.rxbin
[303/355] Generating benchmark_awfy_bounce_noopt.rxbin
[304/355] Generating benchmark_awfy_storage_noopt.rxbin
[305/355] Generating benchmark_awfy_list_noopt.rxbin
[306/355] Generating benchmark_base64_roundtrip_noopt.rxbin
[307/355] Generating benchmark_awfy_richards_noopt.rxbin
[308/355] Generating benchmark_json_parser_noopt.rxbin
[309/355] Generating benchmark_runner_noopt.rxbin
[310/355] Generating benchmark_rexxcps_levelb_noopt.rxbin
[311/355] Generating benchmark_rexxcps_levelb_opaque_noopt.rxbin
[312/355] Generating inlining_simple_noopt.rxbin
[313/355] Generating reference_iterator_compare_rxbvm_noopt.rxbin
[314/355] Generating reference_iterator_compare_rxvm_noopt.rxbin
[315/355] Generating stringarraylist_iterator_compare_rxvm_noopt.rxbin
[316/355] Generating stringarraylist_iterator_compare_rxbvm_noopt.rxbin
[317/355] Generating stringtreemap_insert_compare_noopt.rxbin
[318/355] Generating reference_iterator_system_rxvm_noopt.rxbin
[319/355] Generating reference_iterator_system_rxbvm_noopt.rxbin
[320/355] Generating binary_fastpath_compare_noopt.rxbin
[321/355] Generating nr03_evidence_tool_selftest_noopt.rxbin
[322/355] Generating reference_iterator_perf_rxvm_noopt.rxbin
[323/355] Generating reference_iterator_perf_rxbvm_noopt.rxbin
[324/355] Generating reference_generated_contract_rxvm_noopt.rxbin
[325/355] Generating reference_generated_contract_rxbvm_noopt.rxbin
[326/355] Generating tinyexpr_dispatch_compare_noopt.rxbin
[327/355] Generating rxjson_parser_compare_noopt.rxbin
[328/355] Linking C shared module tests/rxpa/rx_rxpa_classdecl.rxplugin
[329/355] Linking C executable tests/testvm
[330/355] Generating jump_dispatch_compare_noopt.rxbin
[331/355] Linking C executable tests/rxc_classdecl_static
[332/355] Generating runtime_interface_lookup_compare_noopt.rxbin
[333/355] Generating inlining_complex_noopt.rxbin
[334/355] Generating rxpa_int_funcs_static_noopt.rxbin
[335/355] Generating rxpa_string_funcs_static_noopt.rxbin
[336/355] Generating rxpa_int_funcs_dynamic_noopt.rxbin
[337/355] Generating rxpa_signal_funcs_dynamic_noopt.rxbin
[338/355] Generating rxpa_dynlink_run_noopt.rxbin
[339/355] Generating rxpa_signal_funcs_static_noopt.rxbin
[340/355] Generating rxpa_string_funcs_dynamic_noopt.rxbin
[341/355] Generating rxpa_staticlink_run_noopt.rxbin
[342/355] Generating rxpa_float_funcs_static_noopt.rxbin
[343/355] Generating rxpa_native_payload_funcs_dynamic_noopt.rxbin
[344/355] Generating rxpa_native_unwind_funcs_dynamic_noopt.rxbin
[345/355] Generating rxpa_array_push_funcs_dynamic_noopt.rxbin
[346/355] Generating rxpa_float_funcs_dynamic_noopt.rxbin
[347/355] Generating rxpa_array_push_funcs_static_noopt.rxbin
[348/355] Generating rxpa_native_payload_funcs_static_noopt.rxbin
[349/355] Generating rxpa_native_unwind_funcs_static_noopt.rxbin
[350/355] Generating rxpa_mult_test_noopt.rxbin
[351/355] Building C object interpreter/CMakeFiles/rxbvm_instrumented_core_objects.dir/rxvmintp.c.o
[352/355] Linking C executable bin/rxbvm_instrumented
[353/355] Building C object interpreter/CMakeFiles/rxvm_instrumented_core_objects.dir/rxvmintp.c.o
[354/355] Linking C executable bin/rxvm_instrumented
