Verified: bge README.md ddb964361a55c6e5dfca6361615854b260c9c960205d04c7520151aaa1d75837
Verified: bge config.json 094f8e891b932f2000c92cfc663bac4c62069f5d8af5b5278c4306aef3084750
Verified: bge model.safetensors 3c9f31665447c8911517620762200d2245a2518d6e7208acc78cd9db317e21ad
Verified: bge config_sentence_transformers.json 940d5f50db195fa6e5e6a4f122c095f77880de259d74b14a65779ed48bdd7c56
Verified: bge modules.json 84e40c8e006c9b1d6c122e02cba9b02458120b5fb0c87b746c41e0207cf642cf
Verified: bge sentence_bert_config.json 84e39fda68ccbff05bfa723ae9c0e70e23e2ec373b76e0f8c6e71af72a693cbf
Verified: bge 1_Pooling/config.json d1caf60c96f5fba2157c0c26b76d80818fad6cf0b8eb5e73ec372ff9818eba5c
Verified: bge special_tokens_map.json b6d346be366a7d1d48332dbc9fdf3bf8960b5d879522b7799ddba59e76237ee3
Verified: bge tokenizer.json d241a60d5e8f04cc1b2b3e9ef7a4921b27bf526d9f6050ab90f9267a1f9e5c66
Verified: bge tokenizer_config.json 9261e7d79b44c8195c1cada2b453e55b00aeb81e907a6664974b4d7776172ab3
Verified: bge vocab.txt 07eced375cec144d27c900241f3e339478dec958f92fddbc551f295c992038a3
Verified: smol README.md 6b88794416ac9da8f254ebb0bec228967a2bdd0badf9a2853863928b25facd95
Verified: smol config.json 224f72354f10d617a359cc82ad15a3c96e866b9b2ffadb81997eeea9e88e22ee
Verified: smol model.safetensors e6bffe7435d7ddc10fd3b9a9efd429dafbacb1cb17015fb5562664e7532bf86e
Verified: smol generation_config.json 87b916edaaab66b3899b9d0dd0752727dff6666686da0504d89ae0a6e055a013
Verified: smol special_tokens_map.json 2b7379f3ae813529281a5c602bc5a11c1d4e0a99107aaa597fe936c1e813ca52
Verified: smol tokenizer.json 9ca9acddb6525a194ec8ac7a87f24fbba7232a9a15ffa1af0c1224fcd888e47c
Verified: smol tokenizer_config.json 4ec77d44f62efeb38d7e044a1db318f6a939438425312dfa333b8382dbad98df
Verified: smol vocab.json 82b84012e3add4d01d12ba14442026e49b8cbbaead1f79ecf3d919784f82dc79
Verified: smol merges.txt 0b54e8aa4e53d5383e2e4bc635a56b43f9647f7b13832d5d9ecd8f82dac4f510
PASS: immutable conversion inputs
