Assembling input
DEBUG: Token 7 (KW_GLOBALS) at line 1
DEBUG: Token 8 (EQUAL) at line 1
DEBUG: Token 9 (INT) at line 1
DEBUG: Token 4 (NEWLINE) at line 2
DEBUG: Token 17 (FUNC) at line 2
DEBUG: Token 25 (KW_LOCALS) at line 2
DEBUG: Token 8 (EQUAL) at line 2
DEBUG: Token 9 (INT) at line 2
DEBUG: Token 4 (NEWLINE) at line 3
DEBUG: Token 12 (ID) at line 3
DEBUG: Token 9 (INT) at line 3
DEBUG: Token 29 (COMMA) at line 3
DEBUG: Token 9 (INT) at line 3
DEBUG: Token 29 (COMMA) at line 3
DEBUG: Token 9 (INT) at line 3
DEBUG: Token 4 (NEWLINE) at line 4
DEBUG: Token 12 (ID) at line 4
DEBUG: Token 10 (GREG) at line 4
DEBUG: Token 29 (COMMA) at line 4
DEBUG: Token 9 (INT) at line 4
DEBUG: Token 4 (NEWLINE) at line 5
DEBUG: Token 12 (ID) at line 5
DEBUG: Token 10 (GREG) at line 5
DEBUG: Token 4 (NEWLINE) at line 6
DEBUG: Token 12 (ID) at line 6
DEBUG: Token 17 (FUNC) at line 6
DEBUG: Token 4 (NEWLINE) at line 7
DEBUG: Token 12 (ID) at line 7
DEBUG: Token 10 (GREG) at line 7
DEBUG: Token 4 (NEWLINE) at line 8
DEBUG: Token 12 (ID) at line 8
DEBUG: Token 10 (GREG) at line 8
DEBUG: Token 4 (NEWLINE) at line 9
DEBUG: Token 12 (ID) at line 9
DEBUG: Token 14 (RREG) at line 9
DEBUG: Token 29 (COMMA) at line 9
DEBUG: Token 9 (INT) at line 9
DEBUG: Token 4 (NEWLINE) at line 10
DEBUG: Token 12 (ID) at line 10
DEBUG: Token 14 (RREG) at line 10
DEBUG: Token 29 (COMMA) at line 10
DEBUG: Token 9 (INT) at line 10
DEBUG: Token 4 (NEWLINE) at line 11
DEBUG: Token 12 (ID) at line 11
DEBUG: Token 14 (RREG) at line 11
DEBUG: Token 29 (COMMA) at line 11
DEBUG: Token 14 (RREG) at line 11
DEBUG: Token 4 (NEWLINE) at line 12
DEBUG: Token 12 (ID) at line 12
DEBUG: Token 14 (RREG) at line 12
DEBUG: Token 29 (COMMA) at line 12
DEBUG: Token 17 (FUNC) at line 12
DEBUG: Token 29 (COMMA) at line 12
DEBUG: Token 14 (RREG) at line 12
DEBUG: Token 4 (NEWLINE) at line 13
DEBUG: Token 12 (ID) at line 13
DEBUG: Token 14 (RREG) at line 13
DEBUG: Token 4 (NEWLINE) at line 14
DEBUG: Token 12 (ID) at line 14
DEBUG: Token 14 (RREG) at line 14
DEBUG: Token 4 (NEWLINE) at line 15
DEBUG: Token 12 (ID) at line 15
DEBUG: Token 9 (INT) at line 15
DEBUG: Token 4 (NEWLINE) at line 16
DEBUG: Token 17 (FUNC) at line 16
DEBUG: Token 25 (KW_LOCALS) at line 16
DEBUG: Token 8 (EQUAL) at line 16
DEBUG: Token 9 (INT) at line 16
DEBUG: Token 4 (NEWLINE) at line 17
DEBUG: Token 12 (ID) at line 17
DEBUG: Token 10 (GREG) at line 17
DEBUG: Token 4 (NEWLINE) at line 18
DEBUG: Token 12 (ID) at line 18
DEBUG: Token 4 (NEWLINE) at line 19
DEBUG: Token 17 (FUNC) at line 19
DEBUG: Token 25 (KW_LOCALS) at line 19
DEBUG: Token 8 (EQUAL) at line 19
DEBUG: Token 9 (INT) at line 19
DEBUG: Token 4 (NEWLINE) at line 20
DEBUG: Token 12 (ID) at line 20
DEBUG: Token 13 (AREG) at line 20
DEBUG: Token 4 (NEWLINE) at line 21
DEBUG: Token 12 (ID) at line 21
DEBUG: Token 13 (AREG) at line 21
DEBUG: Token 4 (NEWLINE) at line 22
DEBUG: Token 12 (ID) at line 22
DEBUG: Token 13 (AREG) at line 22
DEBUG: Token 4 (NEWLINE) at line 23
DEBUG: Token 12 (ID) at line 23
DEBUG: Token 13 (AREG) at line 23
DEBUG: Token 4 (NEWLINE) at line 24
DEBUG: Token 3 (EOS) at line 24
Assembler Complete
Writing to debug.rxbin
Assembling complete
PERF3 optimisation-census procedure=main records=13 instructions=13 capabilities=0x7f local-call-pack=3 M00-reachability=13 M01-derivation=2 M02-constant=3 M07-storage-diagnostic=13 diagnostic-flow-dump=13 K02-K03-linked-read=1
PERF3 derivation-proof-candidate opcode=ITOS_REG record=2 instruction=2 storage=6
PERF3 derivation-proof-candidate opcode=ITOS_REG record=4 instruction=4 storage=6
PERF3 flow-proof epoch=1 status=available budget=7104 work=49 bytes=6912 requested=0x3e acquired=0x3e repetition=1 cache-hits=0 proved=0 rejected=1 redundant-constant=0/0 rejected=0 redundant-absent=0/0 rejected=0 redundant-self-copy=0/0 rejected=0 typed-copy=0/0 rejected=0 rewrites=0 producer-forward=0/0 rejected=0 component-placement=0/0 rejected=0 rewrites=0 trace-deletions=0 duplicate-linked-read=0/0 rejected=0 storage-permutation=0/0 rejected=0 compare-branch=0/0 rejected=0 trace-deletions=0 joined-key-reuse=0/0 rejected=0 trace-deletions=0 preheader=0 string-literal-reuse=0/0 rejected=0 rewrites=0 successful-guard=0/0 rejected=0 success-edge=0 loop=0 ssa-bytes=48704 ssa-values=36 ssa-storages=6
PERF3 flow-proof-repetition generator=2 candidate=4 proved=0 reason=reference-effect-changed storage=6 source=0 candidate-source=0 result=3 candidate-result=3 effect-class=0 generator-effect=8 candidate-effect=15
PERF3 flow-proof-value query=0 role=source id=0 kind=2 definition=1 source=18446744073709551615 derivation=0 dependencies=0 effects=18446744073709551615,18446744073709551615,18446744073709551615,18446744073709551615,18446744073709551615,18446744073709551615,18446744073709551615,18446744073709551615 inputs=
PERF3 flow-proof-value query=0 role=candidate-source id=0 kind=2 definition=1 source=18446744073709551615 derivation=0 dependencies=0 effects=18446744073709551615,18446744073709551615,18446744073709551615,18446744073709551615,18446744073709551615,18446744073709551615,18446744073709551615,18446744073709551615 inputs=
PERF3 flow-proof-value query=0 role=result id=3 kind=4 definition=2 source=0 derivation=2 dependencies=1 effects=8,18446744073709551615,18446744073709551615,18446744073709551615,18446744073709551615,18446744073709551615,18446744073709551615,18446744073709551615 inputs=
PERF3 flow-proof-value query=0 role=candidate-result id=3 kind=4 definition=2 source=0 derivation=2 dependencies=1 effects=8,18446744073709551615,18446744073709551615,18446744073709551615,18446744073709551615,18446744073709551615,18446744073709551615,18446744073709551615 inputs=
NR27 flow procedure=main blocks=6 registers=6 instructions=13->13 unreachable=0 dead=0 typed-copy=0 local-single-use-copy=0 compare-prep=0 full-copy=0 redundant-load=0 redundant-init=0 redundant-conversion=0 successful-guard=0 guard-proof=0/0 rejected=0 unavailable=0 producer-forward=0 swap-roundtrip=0 compare-branch=0 trace-delete=0 redirects=0 constant-proof=0/0 rejected=0 unavailable=0 absent-proof=0/0 rejected=0 unavailable=0 self-copy-proof=0/0 rejected=0 unavailable=0 derivation-proof=0/1 rejected=1 unavailable=0 producer-proof=0/0 rejected=0 unavailable=0 component-placement-proof=0/0 rejected=0 unavailable=0 applied=0 trace-delete=0 duplicate-linked-read-proof=0/0 rejected=0 reused=0 storage-permutation-proof=0/0 rejected=0 compare-branch-proof=0/0 rejected=0 joined-key-reuse-proof=0/0 rejected=0 reused=0 trace-delete=0 private-locals=0 preheader=0 string-literal-reuse-proof=0/0 rejected=0 unavailable=0 reused=0 rewrites=0 branch-thread=0/0 rejected=0 applied=0 batches=0 semantic-batch=0 rejected=0 records=0 deleted=0 opcodes=0 operand-records=0 reject-live=0 reject-trace=0 reject-tainted=0 reject-effect=0
PERF3 flow-graph procedure=main epoch=2 records=13 instructions=13 code-blocks=6 blocks=13 edges=20 normal=7 branch=0 skip=3 handler=3 terminal=3 unwind=4 unknown=0 complete=1
PERF3 flow-block id=0 kind=code records=0:0 instructions=0:0
PERF3 flow-block id=1 kind=code records=1:2 instructions=1:2
PERF3 flow-block id=2 kind=code records=3:3 instructions=3:3
PERF3 flow-block id=3 kind=code records=4:8 instructions=4:8
PERF3 flow-block id=4 kind=code records=9:9 instructions=9:9
PERF3 flow-block id=5 kind=code records=10:12 instructions=10:12
PERF3 flow-block id=6 kind=entry records=-:- instructions=-:-
PERF3 flow-block id=7 kind=handler-root records=-:- instructions=-:-
PERF3 flow-block id=8 kind=async-root records=-:- instructions=-:-
PERF3 flow-block id=9 kind=normal-exit records=-:- instructions=-:-
PERF3 flow-block id=10 kind=unwind-exit records=-:- instructions=-:-
PERF3 flow-block id=11 kind=terminal-exit records=-:- instructions=-:-
PERF3 flow-block id=12 kind=unknown-exit records=-:- instructions=-:-
PERF3 flow-record id=0 kind=instruction block=0 instruction=0 address=0
PERF3 flow-record id=1 kind=instruction block=1 instruction=1 address=4
PERF3 flow-record id=2 kind=instruction block=1 instruction=2 address=7
PERF3 flow-record id=3 kind=instruction block=2 instruction=3 address=9
PERF3 flow-record id=4 kind=instruction block=3 instruction=4 address=11
PERF3 flow-record id=5 kind=instruction block=3 instruction=5 address=13
PERF3 flow-record id=6 kind=instruction block=3 instruction=6 address=15
PERF3 flow-record id=7 kind=instruction block=3 instruction=7 address=18
PERF3 flow-record id=8 kind=instruction block=3 instruction=8 address=21
PERF3 flow-record id=9 kind=instruction block=4 instruction=9 address=24
PERF3 flow-record id=10 kind=instruction block=5 instruction=10 address=28
PERF3 flow-record id=11 kind=instruction block=5 instruction=11 address=30
PERF3 flow-record id=12 kind=instruction block=5 instruction=12 address=32
PERF3 flow-instruction id=0 record=0 block=0 address=0 opcode=NUMSCI_INT_INT_INT signal=1 phase=1
PERF3 flow-instruction id=1 record=1 block=1 address=4 opcode=LOAD_REG_INT signal=0 phase=0
PERF3 flow-instruction id=2 record=2 block=1 address=7 opcode=ITOS_REG signal=0 phase=0
PERF3 flow-instruction id=3 record=3 block=2 address=9 opcode=CALL_FUNC signal=1 phase=3
PERF3 flow-instruction id=4 record=4 block=3 address=11 opcode=ITOS_REG signal=0 phase=0
PERF3 flow-instruction id=5 record=5 block=3 address=13 opcode=SAY_REG signal=0 phase=0
PERF3 flow-instruction id=6 record=6 block=3 address=15 opcode=LOAD_REG_INT signal=0 phase=0
PERF3 flow-instruction id=7 record=7 block=3 address=18 opcode=LOAD_REG_INT signal=0 phase=0
PERF3 flow-instruction id=8 record=8 block=3 address=21 opcode=LINK_REG_REG signal=0 phase=0
PERF3 flow-instruction id=9 record=9 block=4 address=24 opcode=CALL_REG_FUNC_REG signal=1 phase=3
PERF3 flow-instruction id=10 record=10 block=5 address=28 opcode=UNLINK_REG signal=0 phase=0
PERF3 flow-instruction id=11 record=11 block=5 address=30 opcode=SAY_REG signal=0 phase=0
PERF3 flow-instruction id=12 record=12 block=5 address=32 opcode=RET_INT signal=0 phase=0
PERF3 flow-edge from=6 to=0 kind=normal
PERF3 flow-edge from=0 to=1 kind=normal
PERF3 flow-edge from=0 to=1 kind=signal-skip
PERF3 flow-edge from=0 to=7 kind=handler
PERF3 flow-edge from=0 to=10 kind=unwind
PERF3 flow-edge from=0 to=11 kind=terminal
PERF3 flow-edge from=1 to=2 kind=normal
PERF3 flow-edge from=2 to=3 kind=normal
PERF3 flow-edge from=2 to=3 kind=signal-skip
PERF3 flow-edge from=2 to=7 kind=handler
PERF3 flow-edge from=2 to=10 kind=unwind
PERF3 flow-edge from=2 to=11 kind=terminal
PERF3 flow-edge from=3 to=4 kind=normal
PERF3 flow-edge from=4 to=5 kind=normal
PERF3 flow-edge from=4 to=5 kind=signal-skip
PERF3 flow-edge from=4 to=7 kind=handler
PERF3 flow-edge from=4 to=10 kind=unwind
PERF3 flow-edge from=4 to=11 kind=terminal
PERF3 flow-edge from=5 to=9 kind=normal
PERF3 flow-edge from=7 to=10 kind=unwind
PERF3 flow-analysis epoch=2 status=available budget=12800 work=268 bytes=1712 reachable=12 unreachable=1 rpo=12 preds=17 dom-iterations=2 frontiers=17 sccs=0 cyclic-sccs=0 irreducible-sccs=0 backedges=0 loops=0 memberships=0 max-loop-depth=0
PERF3 flow-analysis-block id=8 rpo=0 idom=- scc=- loop=- predecessors=0 frontier=0
PERF3 flow-analysis-block id=6 rpo=1 idom=- scc=- loop=- predecessors=0 frontier=2
PERF3 flow-analysis-block id=0 rpo=2 idom=6 scc=- loop=- predecessors=1 frontier=2
PERF3 flow-analysis-block id=1 rpo=3 idom=0 scc=- loop=- predecessors=1 frontier=3
PERF3 flow-analysis-block id=2 rpo=4 idom=1 scc=- loop=- predecessors=1 frontier=3
PERF3 flow-analysis-block id=3 rpo=5 idom=2 scc=- loop=- predecessors=1 frontier=3
PERF3 flow-analysis-block id=4 rpo=6 idom=3 scc=- loop=- predecessors=1 frontier=3
PERF3 flow-analysis-block id=11 rpo=7 idom=0 scc=- loop=- predecessors=3 frontier=0
PERF3 flow-analysis-block id=7 rpo=8 idom=- scc=- loop=- predecessors=3 frontier=1
PERF3 flow-analysis-block id=10 rpo=9 idom=- scc=- loop=- predecessors=4 frontier=0
PERF3 flow-analysis-block id=5 rpo=10 idom=4 scc=- loop=- predecessors=1 frontier=0
PERF3 flow-analysis-block id=9 rpo=11 idom=5 scc=- loop=- predecessors=1 frontier=0
PERF3 flow-signal-analysis epoch=2 status=available budget=34816 work=244 bytes=11432 policy-versions=6 writes=0 phis=5 clobbers=0 stack-writes=0 effect-versions=99 effect-phis=35 trace-writes=0 call-writes=2 edge-states=20 unknown-edge-states=40
PERF3 flow-policy-version id=0 kind=entry parent=- instruction=- block=- effect=0 name=- inputs=
PERF3 flow-policy-version id=1 kind=phi parent=- instruction=- block=1 effect=0 name=- inputs=0,0
PERF3 flow-policy-version id=2 kind=phi parent=- instruction=- block=3 effect=0 name=- inputs=1,1
PERF3 flow-policy-version id=3 kind=phi parent=- instruction=- block=5 effect=0 name=- inputs=2,2
PERF3 flow-policy-version id=4 kind=phi parent=- instruction=- block=10 effect=0 name=- inputs=0,0,0,0
PERF3 flow-policy-version id=5 kind=phi parent=- instruction=- block=11 effect=0 name=- inputs=0,1,2
PERF3 flow-effect-version id=0 kind=0 class=0 parent=- instruction=- block=- inputs=
PERF3 flow-effect-version id=1 kind=0 class=1 parent=- instruction=- block=- inputs=
PERF3 flow-effect-version id=2 kind=0 class=2 parent=- instruction=- block=- inputs=
PERF3 flow-effect-version id=3 kind=0 class=3 parent=- instruction=- block=- inputs=
PERF3 flow-effect-version id=4 kind=0 class=4 parent=- instruction=- block=- inputs=
PERF3 flow-effect-version id=5 kind=0 class=5 parent=- instruction=- block=- inputs=
PERF3 flow-effect-version id=6 kind=0 class=6 parent=- instruction=- block=- inputs=
PERF3 flow-effect-version id=7 kind=0 class=7 parent=- instruction=- block=- inputs=
PERF3 flow-effect-version id=8 kind=2 class=0 parent=- instruction=- block=1 inputs=43,0
PERF3 flow-effect-version id=9 kind=2 class=1 parent=- instruction=- block=1 inputs=1,1
PERF3 flow-effect-version id=10 kind=2 class=2 parent=- instruction=- block=1 inputs=2,2
PERF3 flow-effect-version id=11 kind=2 class=3 parent=- instruction=- block=1 inputs=44,3
PERF3 flow-effect-version id=12 kind=2 class=4 parent=- instruction=- block=1 inputs=4,4
PERF3 flow-effect-version id=13 kind=2 class=5 parent=- instruction=- block=1 inputs=5,5
PERF3 flow-effect-version id=14 kind=2 class=7 parent=- instruction=- block=1 inputs=7,7
PERF3 flow-effect-version id=15 kind=2 class=0 parent=- instruction=- block=3 inputs=8,8
PERF3 flow-effect-version id=16 kind=2 class=1 parent=- instruction=- block=3 inputs=45,50
PERF3 flow-effect-version id=17 kind=2 class=2 parent=- instruction=- block=3 inputs=46,51
PERF3 flow-effect-version id=18 kind=2 class=3 parent=- instruction=- block=3 inputs=47,52
PERF3 flow-effect-version id=19 kind=2 class=4 parent=- instruction=- block=3 inputs=12,12
PERF3 flow-effect-version id=20 kind=2 class=5 parent=- instruction=- block=3 inputs=48,53
PERF3 flow-effect-version id=21 kind=2 class=7 parent=- instruction=- block=3 inputs=49,54
PERF3 flow-effect-version id=22 kind=2 class=0 parent=- instruction=- block=5 inputs=15,15
PERF3 flow-effect-version id=23 kind=2 class=1 parent=- instruction=- block=5 inputs=72,77
PERF3 flow-effect-version id=24 kind=2 class=2 parent=- instruction=- block=5 inputs=73,78
PERF3 flow-effect-version id=25 kind=2 class=3 parent=- instruction=- block=5 inputs=74,79
PERF3 flow-effect-version id=26 kind=2 class=4 parent=- instruction=- block=5 inputs=71,71
PERF3 flow-effect-version id=27 kind=2 class=5 parent=- instruction=- block=5 inputs=75,80
PERF3 flow-effect-version id=28 kind=2 class=7 parent=- instruction=- block=5 inputs=76,81
PERF3 flow-effect-version id=29 kind=2 class=0 parent=- instruction=- block=10 inputs=0,8,15,0
PERF3 flow-effect-version id=30 kind=2 class=1 parent=- instruction=- block=10 inputs=1,60,87,1
PERF3 flow-effect-version id=31 kind=2 class=2 parent=- instruction=- block=10 inputs=2,61,88,2
PERF3 flow-effect-version id=32 kind=2 class=3 parent=- instruction=- block=10 inputs=3,62,89,3
PERF3 flow-effect-version id=33 kind=2 class=4 parent=- instruction=- block=10 inputs=4,12,71,4
PERF3 flow-effect-version id=34 kind=2 class=5 parent=- instruction=- block=10 inputs=5,63,90,5
PERF3 flow-effect-version id=35 kind=2 class=7 parent=- instruction=- block=10 inputs=7,64,91,7
PERF3 flow-effect-version id=36 kind=2 class=0 parent=- instruction=- block=11 inputs=0,8,15
PERF3 flow-effect-version id=37 kind=2 class=1 parent=- instruction=- block=11 inputs=1,65,92
PERF3 flow-effect-version id=38 kind=2 class=2 parent=- instruction=- block=11 inputs=2,66,93
PERF3 flow-effect-version id=39 kind=2 class=3 parent=- instruction=- block=11 inputs=3,67,94
PERF3 flow-effect-version id=40 kind=2 class=4 parent=- instruction=- block=11 inputs=4,12,71
PERF3 flow-effect-version id=41 kind=2 class=5 parent=- instruction=- block=11 inputs=5,68,95
PERF3 flow-effect-version id=42 kind=2 class=7 parent=- instruction=- block=11 inputs=7,69,96
PERF3 flow-effect-version id=43 kind=1 class=0 parent=0 instruction=0 block=0 inputs=
PERF3 flow-effect-version id=44 kind=1 class=3 parent=3 instruction=0 block=0 inputs=
PERF3 flow-effect-version id=45 kind=1 class=1 parent=9 instruction=3 block=2 inputs=
PERF3 flow-effect-version id=46 kind=1 class=2 parent=10 instruction=3 block=2 inputs=
PERF3 flow-effect-version id=47 kind=1 class=3 parent=11 instruction=3 block=2 inputs=
PERF3 flow-effect-version id=48 kind=1 class=5 parent=13 instruction=3 block=2 inputs=
PERF3 flow-effect-version id=49 kind=1 class=7 parent=14 instruction=3 block=2 inputs=
PERF3 flow-effect-version id=50 kind=3 class=1 parent=9 instruction=3 block=2 inputs=
PERF3 flow-effect-version id=51 kind=3 class=2 parent=10 instruction=3 block=2 inputs=
PERF3 flow-effect-version id=52 kind=3 class=3 parent=11 instruction=3 block=2 inputs=
PERF3 flow-effect-version id=53 kind=3 class=5 parent=13 instruction=3 block=2 inputs=
PERF3 flow-effect-version id=54 kind=3 class=7 parent=14 instruction=3 block=2 inputs=
PERF3 flow-effect-version id=55 kind=3 class=1 parent=9 instruction=3 block=2 inputs=
PERF3 flow-effect-version id=56 kind=3 class=2 parent=10 instruction=3 block=2 inputs=
PERF3 flow-effect-version id=57 kind=3 class=3 parent=11 instruction=3 block=2 inputs=
PERF3 flow-effect-version id=58 kind=3 class=5 parent=13 instruction=3 block=2 inputs=
PERF3 flow-effect-version id=59 kind=3 class=7 parent=14 instruction=3 block=2 inputs=
PERF3 flow-effect-version id=60 kind=3 class=1 parent=9 instruction=3 block=2 inputs=
PERF3 flow-effect-version id=61 kind=3 class=2 parent=10 instruction=3 block=2 inputs=
PERF3 flow-effect-version id=62 kind=3 class=3 parent=11 instruction=3 block=2 inputs=
PERF3 flow-effect-version id=63 kind=3 class=5 parent=13 instruction=3 block=2 inputs=
PERF3 flow-effect-version id=64 kind=3 class=7 parent=14 instruction=3 block=2 inputs=
PERF3 flow-effect-version id=65 kind=3 class=1 parent=9 instruction=3 block=2 inputs=
PERF3 flow-effect-version id=66 kind=3 class=2 parent=10 instruction=3 block=2 inputs=
PERF3 flow-effect-version id=67 kind=3 class=3 parent=11 instruction=3 block=2 inputs=
PERF3 flow-effect-version id=68 kind=3 class=5 parent=13 instruction=3 block=2 inputs=
PERF3 flow-effect-version id=69 kind=3 class=7 parent=14 instruction=3 block=2 inputs=
PERF3 flow-effect-version id=70 kind=1 class=3 parent=18 instruction=5 block=3 inputs=
PERF3 flow-effect-version id=71 kind=1 class=4 parent=19 instruction=8 block=3 inputs=
PERF3 flow-effect-version id=72 kind=1 class=1 parent=16 instruction=9 block=4 inputs=
PERF3 flow-effect-version id=73 kind=1 class=2 parent=17 instruction=9 block=4 inputs=
PERF3 flow-effect-version id=74 kind=1 class=3 parent=70 instruction=9 block=4 inputs=
PERF3 flow-effect-version id=75 kind=1 class=5 parent=20 instruction=9 block=4 inputs=
PERF3 flow-effect-version id=76 kind=1 class=7 parent=21 instruction=9 block=4 inputs=
PERF3 flow-effect-version id=77 kind=3 class=1 parent=16 instruction=9 block=4 inputs=
PERF3 flow-effect-version id=78 kind=3 class=2 parent=17 instruction=9 block=4 inputs=
PERF3 flow-effect-version id=79 kind=3 class=3 parent=70 instruction=9 block=4 inputs=
PERF3 flow-effect-version id=80 kind=3 class=5 parent=20 instruction=9 block=4 inputs=
PERF3 flow-effect-version id=81 kind=3 class=7 parent=21 instruction=9 block=4 inputs=
PERF3 flow-effect-version id=82 kind=3 class=1 parent=16 instruction=9 block=4 inputs=
PERF3 flow-effect-version id=83 kind=3 class=2 parent=17 instruction=9 block=4 inputs=
PERF3 flow-effect-version id=84 kind=3 class=3 parent=70 instruction=9 block=4 inputs=
PERF3 flow-effect-version id=85 kind=3 class=5 parent=20 instruction=9 block=4 inputs=
PERF3 flow-effect-version id=86 kind=3 class=7 parent=21 instruction=9 block=4 inputs=
PERF3 flow-effect-version id=87 kind=3 class=1 parent=16 instruction=9 block=4 inputs=
PERF3 flow-effect-version id=88 kind=3 class=2 parent=17 instruction=9 block=4 inputs=
PERF3 flow-effect-version id=89 kind=3 class=3 parent=70 instruction=9 block=4 inputs=
PERF3 flow-effect-version id=90 kind=3 class=5 parent=20 instruction=9 block=4 inputs=
PERF3 flow-effect-version id=91 kind=3 class=7 parent=21 instruction=9 block=4 inputs=
PERF3 flow-effect-version id=92 kind=3 class=1 parent=16 instruction=9 block=4 inputs=
PERF3 flow-effect-version id=93 kind=3 class=2 parent=17 instruction=9 block=4 inputs=
PERF3 flow-effect-version id=94 kind=3 class=3 parent=70 instruction=9 block=4 inputs=
PERF3 flow-effect-version id=95 kind=3 class=5 parent=20 instruction=9 block=4 inputs=
PERF3 flow-effect-version id=96 kind=3 class=7 parent=21 instruction=9 block=4 inputs=
PERF3 flow-effect-version id=97 kind=1 class=4 parent=26 instruction=10 block=5 inputs=
PERF3 flow-effect-version id=98 kind=1 class=3 parent=25 instruction=11 block=5 inputs=
PERF3 flow-signal-edge id=0 from=6 to=0 kind=0 policy=0 effects=0,1,2,3,4,5,6,7
PERF3 flow-signal-edge id=1 from=0 to=1 kind=0 policy=0 effects=43,1,2,44,4,5,6,7
PERF3 flow-signal-edge id=2 from=0 to=1 kind=2 policy=0 effects=0,1,2,3,4,5,6,7
PERF3 flow-signal-edge id=3 from=0 to=7 kind=3 policy=0 effects=0,1,2,3,4,5,6,7
PERF3 flow-signal-edge id=4 from=0 to=10 kind=5 policy=0 effects=0,1,2,3,4,5,6,7
PERF3 flow-signal-edge id=5 from=0 to=11 kind=4 policy=0 effects=0,1,2,3,4,5,6,7
PERF3 flow-signal-edge id=6 from=1 to=2 kind=0 policy=1 effects=8,9,10,11,12,13,6,14
PERF3 flow-signal-edge id=7 from=2 to=3 kind=0 policy=1 effects=8,45,46,47,12,48,6,49
PERF3 flow-signal-edge id=8 from=2 to=3 kind=2 policy=1 effects=8,50,51,52,12,53,6,54
PERF3 flow-signal-edge id=9 from=2 to=7 kind=3 policy=1 effects=8,55,56,57,12,58,6,59
PERF3 flow-signal-edge id=10 from=2 to=10 kind=5 policy=0 effects=8,60,61,62,12,63,6,64
PERF3 flow-signal-edge id=11 from=2 to=11 kind=4 policy=1 effects=8,65,66,67,12,68,6,69
PERF3 flow-signal-edge id=12 from=3 to=4 kind=0 policy=2 effects=15,16,17,70,71,20,6,21
PERF3 flow-signal-edge id=13 from=4 to=5 kind=0 policy=2 effects=15,72,73,74,71,75,6,76
PERF3 flow-signal-edge id=14 from=4 to=5 kind=2 policy=2 effects=15,77,78,79,71,80,6,81
PERF3 flow-signal-edge id=15 from=4 to=7 kind=3 policy=2 effects=15,82,83,84,71,85,6,86
PERF3 flow-signal-edge id=16 from=4 to=10 kind=5 policy=0 effects=15,87,88,89,71,90,6,91
PERF3 flow-signal-edge id=17 from=4 to=11 kind=4 policy=2 effects=15,92,93,94,71,95,6,96
PERF3 flow-signal-edge id=18 from=5 to=9 kind=0 policy=0 effects=22,23,24,98,97,27,6,28
PERF3 flow-signal-edge id=19 from=7 to=10 kind=5 policy=0 effects=0,1,2,3,4,5,6,7
PERF3 flow-ssa epoch=2 status=available budget=143360 work=150 bytes=46656 registers=6 states=25 joins=9 map-updates=2 map-clobbers=4 storages=6 sites=0 attribute-paths=0 storage-phis=0 phi-elisions=4 storage-inputs=0 storage-cache=11 component-updates=29 values=36 value-phis=6 value-inputs=9 value-cache=17 absent=6 constants=12 derived=2 unknown-values=9 edge-states=20
PERF3 flow-ssa-register id=0 class=0 number=0 base=1
PERF3 flow-ssa-register id=1 class=0 number=1 base=2
PERF3 flow-ssa-register id=2 class=0 number=2 base=3
PERF3 flow-ssa-register id=3 class=0 number=3 base=4
PERF3 flow-ssa-register id=4 class=0 number=4 base=5
PERF3 flow-ssa-register id=5 class=2 number=0 base=6
PERF3 flow-storage id=1 kind=0 register=0 instruction=- block=- owner=0 count=0 reference=0 slot=0
PERF3 flow-storage id=2 kind=0 register=1 instruction=- block=- owner=0 count=0 reference=0 slot=0
PERF3 flow-storage id=3 kind=0 register=2 instruction=- block=- owner=0 count=0 reference=0 slot=0
PERF3 flow-storage id=4 kind=0 register=3 instruction=- block=- owner=0 count=0 reference=0 slot=0
PERF3 flow-storage id=5 kind=0 register=4 instruction=- block=- owner=0 count=0 reference=0 slot=0
PERF3 flow-storage id=6 kind=0 register=5 instruction=- block=- owner=0 count=0 reference=0 slot=0
PERF3 flow-ssa-edge id=0 state=0
PERF3 flow-ssa-edge id=1 state=11
PERF3 flow-ssa-edge id=2 state=2
PERF3 flow-ssa-edge id=3 state=2
PERF3 flow-ssa-edge id=4 state=2
PERF3 flow-ssa-edge id=5 state=2
PERF3 flow-ssa-edge id=6 state=13
PERF3 flow-ssa-edge id=7 state=14
PERF3 flow-ssa-edge id=8 state=15
PERF3 flow-ssa-edge id=9 state=15
PERF3 flow-ssa-edge id=10 state=15
PERF3 flow-ssa-edge id=11 state=15
PERF3 flow-ssa-edge id=12 state=20
PERF3 flow-ssa-edge id=13 state=21
PERF3 flow-ssa-edge id=14 state=22
PERF3 flow-ssa-edge id=15 state=22
PERF3 flow-ssa-edge id=16 state=22
PERF3 flow-ssa-edge id=17 state=22
PERF3 flow-ssa-edge id=18 state=24
PERF3 flow-ssa-edge id=19 state=1
PERF3 sparse-storage-oracle procedure=main status=complete queries=2 exact=2 unknown=0 storage=6 base=6 site=0 attribute=0 phi=0 unknown-nodes=0 retained-bytes=46656
PERF3 flow-proof epoch=2 status=available budget=7104 work=40 bytes=1224 requested=0x7e acquired=0x7e repetition=0 cache-hits=0 proved=0 rejected=0 redundant-constant=0/0 rejected=0 redundant-absent=0/0 rejected=0 redundant-self-copy=0/0 rejected=0 typed-copy=0/0 rejected=0 rewrites=0 producer-forward=0/0 rejected=0 component-placement=0/0 rejected=0 rewrites=0 trace-deletions=0 duplicate-linked-read=0/0 rejected=0 storage-permutation=0/0 rejected=0 compare-branch=0/0 rejected=0 trace-deletions=0 joined-key-reuse=0/0 rejected=0 trace-deletions=0 preheader=0 string-literal-reuse=0/0 rejected=0 rewrites=0 successful-guard=0/0 rejected=0 success-edge=0 loop=0 ssa-bytes=108480 ssa-values=170 ssa-storages=6
PERF3 flow-use epoch=2 status=available uses=62 explicit=36 read-write=11 writes=14 opaque-writes=0 implicit=0 metadata=0 trace=0 call-window=1 opaque=0 unknown=0 phi-edges=36 live-values=81 budget=11584 work=885 retained-bytes=9634
PERF3 flow-use-entry id=0 record=1 instruction=1 operand=0 register=g0 component=0x1 value=18446744073709551615 read-components=0x1 storage=6 kind=explicit-write
PERF3 flow-use-entry id=1 record=2 instruction=2 operand=0 register=g0 component=0x1 value=0 read-components=0x1 storage=6 kind=read-write
PERF3 flow-use-entry id=2 record=2 instruction=2 operand=0 register=g0 component=0x4 value=18446744073709551615 read-components=0x4 storage=6 kind=explicit-write
PERF3 flow-use-entry id=3 record=4 instruction=4 operand=0 register=g0 component=0x1 value=0 read-components=0x1 storage=6 kind=read-write
PERF3 flow-use-entry id=4 record=4 instruction=4 operand=0 register=g0 component=0x4 value=18446744073709551615 read-components=0x4 storage=6 kind=explicit-write
PERF3 flow-use-entry id=5 record=5 instruction=5 operand=0 register=g0 component=0x1 value=0 read-components=0x1ff storage=6 kind=explicit-read
PERF3 flow-use-entry id=6 record=5 instruction=5 operand=0 register=g0 component=0x2 value=40 read-components=0x1ff storage=6 kind=explicit-read
PERF3 flow-use-entry id=7 record=5 instruction=5 operand=0 register=g0 component=0x4 value=4 read-components=0x1ff storage=6 kind=explicit-read
PERF3 flow-use-entry id=8 record=5 instruction=5 operand=0 register=g0 component=0x8 value=45 read-components=0x1ff storage=6 kind=explicit-read
PERF3 flow-use-entry id=9 record=5 instruction=5 operand=0 register=g0 component=0x10 value=50 read-components=0x1ff storage=6 kind=explicit-read
PERF3 flow-use-entry id=10 record=5 instruction=5 operand=0 register=g0 component=0x20 value=55 read-components=0x1ff storage=6 kind=explicit-read
PERF3 flow-use-entry id=11 record=5 instruction=5 operand=0 register=g0 component=0x40 value=1 read-components=0x1ff storage=6 kind=explicit-read
PERF3 flow-use-entry id=12 record=5 instruction=5 operand=0 register=g0 component=0x80 value=2 read-components=0x1ff storage=6 kind=explicit-read
PERF3 flow-use-entry id=13 record=5 instruction=5 operand=0 register=g0 component=0x100 value=64 read-components=0x1ff storage=6 kind=explicit-read
PERF3 flow-use-entry id=14 record=6 instruction=6 operand=0 register=r0 component=0x1 value=18446744073709551615 read-components=0x1 storage=1 kind=explicit-write
PERF3 flow-use-entry id=15 record=7 instruction=7 operand=0 register=r1 component=0x1 value=18446744073709551615 read-components=0x1 storage=2 kind=explicit-write
PERF3 flow-use-entry id=16 record=8 instruction=8 operand=1 register=r1 component=0x1 value=8 read-components=0x1ff storage=2 kind=explicit-read
PERF3 flow-use-entry id=17 record=8 instruction=8 operand=1 register=r1 component=0x2 value=69 read-components=0x1ff storage=2 kind=explicit-read
PERF3 flow-use-entry id=18 record=8 instruction=8 operand=1 register=r1 component=0x4 value=74 read-components=0x1ff storage=2 kind=explicit-read
PERF3 flow-use-entry id=19 record=8 instruction=8 operand=1 register=r1 component=0x8 value=79 read-components=0x1ff storage=2 kind=explicit-read
PERF3 flow-use-entry id=20 record=8 instruction=8 operand=1 register=r1 component=0x10 value=84 read-components=0x1ff storage=2 kind=explicit-read
PERF3 flow-use-entry id=21 record=8 instruction=8 operand=1 register=r1 component=0x20 value=89 read-components=0x1ff storage=2 kind=explicit-read
PERF3 flow-use-entry id=22 record=8 instruction=8 operand=1 register=r1 component=0x40 value=9 read-components=0x1ff storage=2 kind=explicit-read
PERF3 flow-use-entry id=23 record=8 instruction=8 operand=1 register=r1 component=0x80 value=10 read-components=0x1ff storage=2 kind=explicit-read
PERF3 flow-use-entry id=24 record=8 instruction=8 operand=1 register=r1 component=0x100 value=94 read-components=0x1ff storage=2 kind=explicit-read
PERF3 flow-use-entry id=25 record=9 instruction=9 operand=0 register=r3 component=0x1 value=18446744073709551615 read-components=0x1ff storage=4 kind=explicit-write
PERF3 flow-use-entry id=26 record=9 instruction=9 operand=0 register=r3 component=0x2 value=18446744073709551615 read-components=0x1ff storage=4 kind=explicit-write
PERF3 flow-use-entry id=27 record=9 instruction=9 operand=0 register=r3 component=0x4 value=18446744073709551615 read-components=0x1ff storage=4 kind=explicit-write
PERF3 flow-use-entry id=28 record=9 instruction=9 operand=0 register=r3 component=0x8 value=18446744073709551615 read-components=0x1ff storage=4 kind=explicit-write
PERF3 flow-use-entry id=29 record=9 instruction=9 operand=0 register=r3 component=0x10 value=18446744073709551615 read-components=0x1ff storage=4 kind=explicit-write
PERF3 flow-use-entry id=30 record=9 instruction=9 operand=0 register=r3 component=0x20 value=18446744073709551615 read-components=0x1ff storage=4 kind=explicit-write
PERF3 flow-use-entry id=31 record=9 instruction=9 operand=0 register=r3 component=0x40 value=18446744073709551615 read-components=0x1ff storage=4 kind=explicit-write
PERF3 flow-use-entry id=32 record=9 instruction=9 operand=0 register=r3 component=0x80 value=18446744073709551615 read-components=0x1ff storage=4 kind=explicit-write
PERF3 flow-use-entry id=33 record=9 instruction=9 operand=0 register=r3 component=0x100 value=18446744073709551615 read-components=0x1ff storage=4 kind=explicit-write
PERF3 flow-use-entry id=34 record=9 instruction=9 operand=2 register=r0 component=0x1 value=5 read-components=0x1ff storage=1 kind=explicit-read
PERF3 flow-use-entry id=35 record=9 instruction=9 operand=2 register=r0 component=0x2 value=101 read-components=0x1ff storage=1 kind=explicit-read
PERF3 flow-use-entry id=36 record=9 instruction=9 operand=2 register=r0 component=0x4 value=107 read-components=0x1ff storage=1 kind=explicit-read
PERF3 flow-use-entry id=37 record=9 instruction=9 operand=2 register=r0 component=0x8 value=113 read-components=0x1ff storage=1 kind=explicit-read
PERF3 flow-use-entry id=38 record=9 instruction=9 operand=2 register=r0 component=0x10 value=119 read-components=0x1ff storage=1 kind=explicit-read
PERF3 flow-use-entry id=39 record=9 instruction=9 operand=2 register=r0 component=0x20 value=125 read-components=0x1ff storage=1 kind=explicit-read
PERF3 flow-use-entry id=40 record=9 instruction=9 operand=2 register=r0 component=0x40 value=6 read-components=0x1ff storage=1 kind=explicit-read
PERF3 flow-use-entry id=41 record=9 instruction=9 operand=2 register=r0 component=0x80 value=7 read-components=0x1ff storage=1 kind=explicit-read
PERF3 flow-use-entry id=42 record=9 instruction=9 operand=2 register=r0 component=0x100 value=133 read-components=0x1ff storage=1 kind=explicit-read
PERF3 flow-use-entry id=43 record=9 instruction=9 operand=18446744073709551615 register=r0 component=0x1ff value=18446744073709551615 read-components=0x1ff storage=0 kind=call-window-read
PERF3 flow-use-entry id=44 record=10 instruction=10 operand=0 register=r2 component=0x1 value=134 read-components=0x1ff storage=2 kind=read-write
PERF3 flow-use-entry id=45 record=10 instruction=10 operand=0 register=r2 component=0x2 value=137 read-components=0x1ff storage=2 kind=read-write
PERF3 flow-use-entry id=46 record=10 instruction=10 operand=0 register=r2 component=0x4 value=140 read-components=0x1ff storage=2 kind=read-write
PERF3 flow-use-entry id=47 record=10 instruction=10 operand=0 register=r2 component=0x8 value=143 read-components=0x1ff storage=2 kind=read-write
PERF3 flow-use-entry id=48 record=10 instruction=10 operand=0 register=r2 component=0x10 value=146 read-components=0x1ff storage=2 kind=read-write
PERF3 flow-use-entry id=49 record=10 instruction=10 operand=0 register=r2 component=0x20 value=149 read-components=0x1ff storage=2 kind=read-write
PERF3 flow-use-entry id=50 record=10 instruction=10 operand=0 register=r2 component=0x40 value=152 read-components=0x1ff storage=2 kind=read-write
PERF3 flow-use-entry id=51 record=10 instruction=10 operand=0 register=r2 component=0x80 value=155 read-components=0x1ff storage=2 kind=read-write
PERF3 flow-use-entry id=52 record=10 instruction=10 operand=0 register=r2 component=0x100 value=158 read-components=0x1ff storage=2 kind=read-write
PERF3 flow-use-entry id=53 record=11 instruction=11 operand=0 register=r3 component=0x1 value=161 read-components=0x1ff storage=4 kind=explicit-read
PERF3 flow-use-entry id=54 record=11 instruction=11 operand=0 register=r3 component=0x2 value=162 read-components=0x1ff storage=4 kind=explicit-read
PERF3 flow-use-entry id=55 record=11 instruction=11 operand=0 register=r3 component=0x4 value=163 read-components=0x1ff storage=4 kind=explicit-read
PERF3 flow-use-entry id=56 record=11 instruction=11 operand=0 register=r3 component=0x8 value=164 read-components=0x1ff storage=4 kind=explicit-read
PERF3 flow-use-entry id=57 record=11 instruction=11 operand=0 register=r3 component=0x10 value=165 read-components=0x1ff storage=4 kind=explicit-read
PERF3 flow-use-entry id=58 record=11 instruction=11 operand=0 register=r3 component=0x20 value=166 read-components=0x1ff storage=4 kind=explicit-read
PERF3 flow-use-entry id=59 record=11 instruction=11 operand=0 register=r3 component=0x40 value=167 read-components=0x1ff storage=4 kind=explicit-read
PERF3 flow-use-entry id=60 record=11 instruction=11 operand=0 register=r3 component=0x80 value=168 read-components=0x1ff storage=4 kind=explicit-read
PERF3 flow-use-entry id=61 record=11 instruction=11 operand=0 register=r3 component=0x100 value=169 read-components=0x1ff storage=4 kind=explicit-read
PERF3 optimisation-census procedure=mutate_global records=2 instructions=2 capabilities=0x7f local-fixed-register=1 local-loop-branch=1 M00-reachability=2 M07-storage-diagnostic=2 diagnostic-flow-dump=2
NR27 flow procedure=mutate_global blocks=2 registers=1 instructions=2->2 unreachable=0 dead=0 typed-copy=0 local-single-use-copy=0 compare-prep=0 full-copy=0 redundant-load=0 redundant-init=0 redundant-conversion=0 successful-guard=0 guard-proof=0/0 rejected=0 unavailable=0 producer-forward=0 swap-roundtrip=0 compare-branch=0 trace-delete=0 redirects=0 constant-proof=0/0 rejected=0 unavailable=0 absent-proof=0/0 rejected=0 unavailable=0 self-copy-proof=0/0 rejected=0 unavailable=0 derivation-proof=0/0 rejected=0 unavailable=0 producer-proof=0/0 rejected=0 unavailable=0 component-placement-proof=0/0 rejected=0 unavailable=0 applied=0 trace-delete=0 duplicate-linked-read-proof=0/0 rejected=0 reused=0 storage-permutation-proof=0/0 rejected=0 compare-branch-proof=0/0 rejected=0 joined-key-reuse-proof=0/0 rejected=0 reused=0 trace-delete=0 private-locals=0 preheader=0 string-literal-reuse-proof=0/0 rejected=0 unavailable=0 reused=0 rewrites=0 branch-thread=0/0 rejected=0 applied=0 batches=0 semantic-batch=0 rejected=0 records=0 deleted=0 opcodes=0 operand-records=0 reject-live=0 reject-trace=0 reject-tainted=0 reject-effect=0
PERF3 flow-graph procedure=mutate_global epoch=2 records=2 instructions=2 code-blocks=2 blocks=9 edges=8 normal=3 branch=0 skip=1 handler=1 terminal=1 unwind=2 unknown=0 complete=1
PERF3 flow-block id=0 kind=code records=0:0 instructions=0:0
PERF3 flow-block id=1 kind=code records=1:1 instructions=1:1
PERF3 flow-block id=2 kind=entry records=-:- instructions=-:-
PERF3 flow-block id=3 kind=handler-root records=-:- instructions=-:-
PERF3 flow-block id=4 kind=async-root records=-:- instructions=-:-
PERF3 flow-block id=5 kind=normal-exit records=-:- instructions=-:-
PERF3 flow-block id=6 kind=unwind-exit records=-:- instructions=-:-
PERF3 flow-block id=7 kind=terminal-exit records=-:- instructions=-:-
PERF3 flow-block id=8 kind=unknown-exit records=-:- instructions=-:-
PERF3 flow-record id=0 kind=instruction block=0 instruction=0 address=34
PERF3 flow-record id=1 kind=instruction block=1 instruction=1 address=36
PERF3 flow-instruction id=0 record=0 block=0 address=34 opcode=INC_REG signal=1 phase=1
PERF3 flow-instruction id=1 record=1 block=1 address=36 opcode=RET signal=0 phase=0
PERF3 flow-edge from=2 to=0 kind=normal
PERF3 flow-edge from=0 to=1 kind=normal
PERF3 flow-edge from=0 to=1 kind=signal-skip
PERF3 flow-edge from=0 to=3 kind=handler
PERF3 flow-edge from=0 to=6 kind=unwind
PERF3 flow-edge from=0 to=7 kind=terminal
PERF3 flow-edge from=1 to=5 kind=normal
PERF3 flow-edge from=3 to=6 kind=unwind
PERF3 flow-analysis epoch=2 status=available budget=8704 work=102 bytes=1184 reachable=8 unreachable=1 rpo=8 preds=7 dom-iterations=2 frontiers=5 sccs=0 cyclic-sccs=0 irreducible-sccs=0 backedges=0 loops=0 memberships=0 max-loop-depth=0
PERF3 flow-analysis-block id=4 rpo=0 idom=- scc=- loop=- predecessors=0 frontier=0
PERF3 flow-analysis-block id=2 rpo=1 idom=- scc=- loop=- predecessors=0 frontier=2
PERF3 flow-analysis-block id=0 rpo=2 idom=2 scc=- loop=- predecessors=1 frontier=2
PERF3 flow-analysis-block id=7 rpo=3 idom=0 scc=- loop=- predecessors=1 frontier=0
PERF3 flow-analysis-block id=3 rpo=4 idom=- scc=- loop=- predecessors=1 frontier=1
PERF3 flow-analysis-block id=6 rpo=5 idom=- scc=- loop=- predecessors=2 frontier=0
PERF3 flow-analysis-block id=1 rpo=6 idom=0 scc=- loop=- predecessors=1 frontier=0
PERF3 flow-analysis-block id=5 rpo=7 idom=1 scc=- loop=- predecessors=1 frontier=0
PERF3 flow-signal-analysis epoch=2 status=available budget=15360 work=57 bytes=4984 policy-versions=3 writes=0 phis=2 clobbers=0 stack-writes=0 effect-versions=8 effect-phis=0 trace-writes=0 call-writes=0 edge-states=8 unknown-edge-states=0
PERF3 flow-policy-version id=0 kind=entry parent=- instruction=- block=- effect=0 name=- inputs=
PERF3 flow-policy-version id=1 kind=phi parent=- instruction=- block=1 effect=0 name=- inputs=0,0
PERF3 flow-policy-version id=2 kind=phi parent=- instruction=- block=6 effect=0 name=- inputs=0,0
PERF3 flow-effect-version id=0 kind=0 class=0 parent=- instruction=- block=- inputs=
PERF3 flow-effect-version id=1 kind=0 class=1 parent=- instruction=- block=- inputs=
PERF3 flow-effect-version id=2 kind=0 class=2 parent=- instruction=- block=- inputs=
PERF3 flow-effect-version id=3 kind=0 class=3 parent=- instruction=- block=- inputs=
PERF3 flow-effect-version id=4 kind=0 class=4 parent=- instruction=- block=- inputs=
PERF3 flow-effect-version id=5 kind=0 class=5 parent=- instruction=- block=- inputs=
PERF3 flow-effect-version id=6 kind=0 class=6 parent=- instruction=- block=- inputs=
PERF3 flow-effect-version id=7 kind=0 class=7 parent=- instruction=- block=- inputs=
PERF3 flow-signal-edge id=0 from=2 to=0 kind=0 policy=0 effects=0,1,2,3,4,5,6,7
PERF3 flow-signal-edge id=1 from=0 to=1 kind=0 policy=0 effects=0,1,2,3,4,5,6,7
PERF3 flow-signal-edge id=2 from=0 to=1 kind=2 policy=0 effects=0,1,2,3,4,5,6,7
PERF3 flow-signal-edge id=3 from=0 to=3 kind=3 policy=0 effects=0,1,2,3,4,5,6,7
PERF3 flow-signal-edge id=4 from=0 to=6 kind=5 policy=0 effects=0,1,2,3,4,5,6,7
PERF3 flow-signal-edge id=5 from=0 to=7 kind=4 policy=0 effects=0,1,2,3,4,5,6,7
PERF3 flow-signal-edge id=6 from=1 to=5 kind=0 policy=0 effects=0,1,2,3,4,5,6,7
PERF3 flow-signal-edge id=7 from=3 to=6 kind=5 policy=0 effects=0,1,2,3,4,5,6,7
PERF3 flow-ssa epoch=2 status=available budget=55296 work=28 bytes=32528 registers=1 states=8 joins=5 map-updates=0 map-clobbers=1 storages=1 sites=0 attribute-paths=0 storage-phis=0 phi-elisions=0 storage-inputs=0 storage-cache=0 component-updates=1 values=1 value-phis=0 value-inputs=0 value-cache=0 absent=0 constants=0 derived=0 unknown-values=0 edge-states=8
PERF3 flow-ssa-register id=0 class=2 number=0 base=1
PERF3 flow-storage id=1 kind=0 register=0 instruction=- block=- owner=0 count=0 reference=0 slot=0
PERF3 flow-ssa-edge id=0 state=0
PERF3 flow-ssa-edge id=1 state=7
PERF3 flow-ssa-edge id=2 state=2
PERF3 flow-ssa-edge id=3 state=2
PERF3 flow-ssa-edge id=4 state=2
PERF3 flow-ssa-edge id=5 state=2
PERF3 flow-ssa-edge id=6 state=3
PERF3 flow-ssa-edge id=7 state=1
PERF3 sparse-storage-oracle procedure=mutate_global status=complete queries=0 exact=0 unknown=0 storage=1 base=1 site=0 attribute=0 phi=0 unknown-nodes=0 retained-bytes=32528
PERF3 flow-proof epoch=2 status=available budget=5376 work=16 bytes=1032 requested=0x7e acquired=0x7e repetition=0 cache-hits=0 proved=0 rejected=0 redundant-constant=0/0 rejected=0 redundant-absent=0/0 rejected=0 redundant-self-copy=0/0 rejected=0 typed-copy=0/0 rejected=0 rewrites=0 producer-forward=0/0 rejected=0 component-placement=0/0 rejected=0 rewrites=0 trace-deletions=0 duplicate-linked-read=0/0 rejected=0 storage-permutation=0/0 rejected=0 compare-branch=0/0 rejected=0 trace-deletions=0 joined-key-reuse=0/0 rejected=0 trace-deletions=0 preheader=0 string-literal-reuse=0/0 rejected=0 rewrites=0 successful-guard=0/0 rejected=0 success-edge=0 loop=0 ssa-bytes=34064 ssa-values=3 ssa-storages=1
PERF3 flow-use epoch=2 status=available uses=2 explicit=0 read-write=1 writes=1 opaque-writes=0 implicit=0 metadata=0 trace=0 call-window=0 opaque=0 unknown=0 phi-edges=0 live-values=1 budget=8496 work=21 retained-bytes=5547
PERF3 flow-use-entry id=0 record=0 instruction=0 operand=0 register=g0 component=0x1 value=2 read-components=0x1 storage=1 kind=read-write
PERF3 flow-use-entry id=1 record=0 instruction=0 operand=0 register=g0 component=0x1 value=18446744073709551615 read-components=0x1 storage=1 kind=explicit-write
PERF3 optimisation-census procedure=aliased_args records=4 instructions=4 capabilities=0x7f local-fixed-register=1 local-loop-branch=1 M00-reachability=4 M01-derivation=2 M07-storage-diagnostic=4 diagnostic-flow-dump=4
PERF3 derivation-proof-candidate opcode=ITOS_REG record=0 instruction=0 storage=1
PERF3 derivation-proof-candidate opcode=ITOS_REG record=2 instruction=2 storage=1
NR27 accept procedure=aliased_args candidate=2:ITOS_REG reason=redundant-component-ssa-conversion redirects=0
PERF3 flow-proof epoch=1 status=available budget=5632 work=23 bytes=3528 requested=0x3e acquired=0x3e repetition=1 cache-hits=0 proved=1 rejected=0 redundant-constant=0/0 rejected=0 redundant-absent=0/0 rejected=0 redundant-self-copy=0/0 rejected=0 typed-copy=0/0 rejected=0 rewrites=0 producer-forward=0/0 rejected=0 component-placement=0/0 rejected=0 rewrites=0 trace-deletions=0 duplicate-linked-read=0/0 rejected=0 storage-permutation=0/0 rejected=0 compare-branch=0/0 rejected=0 trace-deletions=0 joined-key-reuse=0/0 rejected=0 trace-deletions=0 preheader=0 string-literal-reuse=0/0 rejected=0 rewrites=0 successful-guard=0/0 rejected=0 success-edge=0 loop=0 ssa-bytes=34400 ssa-values=11 ssa-storages=3
PERF3 flow-proof-repetition generator=0 candidate=2 proved=1 reason=proved storage=1 source=4 candidate-source=4 result=0 candidate-result=0 effect-class=0 generator-effect=0 candidate-effect=0
PERF3 flow-proof-value query=0 role=source id=4 kind=0 definition=18446744073709551615 source=18446744073709551615 derivation=0 dependencies=0 effects=18446744073709551615,18446744073709551615,18446744073709551615,18446744073709551615,18446744073709551615,18446744073709551615,18446744073709551615,18446744073709551615 inputs=
PERF3 flow-proof-value query=0 role=candidate-source id=4 kind=0 definition=18446744073709551615 source=18446744073709551615 derivation=0 dependencies=0 effects=18446744073709551615,18446744073709551615,18446744073709551615,18446744073709551615,18446744073709551615,18446744073709551615,18446744073709551615,18446744073709551615 inputs=
PERF3 flow-proof-value query=0 role=result id=0 kind=4 definition=0 source=4 derivation=2 dependencies=1 effects=0,18446744073709551615,18446744073709551615,18446744073709551615,18446744073709551615,18446744073709551615,18446744073709551615,18446744073709551615 inputs=
PERF3 flow-proof-value query=0 role=candidate-result id=0 kind=4 definition=0 source=4 derivation=2 dependencies=1 effects=0,18446744073709551615,18446744073709551615,18446744073709551615,18446744073709551615,18446744073709551615,18446744073709551615,18446744073709551615 inputs=
PERF3 semantic-batch procedure=aliased_args epoch=1 plans=1 records=1 deleted=1 opcodes=0 operand-records=0 private-locals=0 status=applied
NR27 flow procedure=aliased_args blocks=3 registers=3 instructions=4->3 unreachable=0 dead=0 typed-copy=0 local-single-use-copy=0 compare-prep=0 full-copy=0 redundant-load=0 redundant-init=0 redundant-conversion=1 successful-guard=0 guard-proof=0/0 rejected=0 unavailable=0 producer-forward=0 swap-roundtrip=0 compare-branch=0 trace-delete=0 redirects=0 constant-proof=0/0 rejected=0 unavailable=0 absent-proof=0/0 rejected=0 unavailable=0 self-copy-proof=0/0 rejected=0 unavailable=0 derivation-proof=1/1 rejected=0 unavailable=0 producer-proof=0/0 rejected=0 unavailable=0 component-placement-proof=0/0 rejected=0 unavailable=0 applied=0 trace-delete=0 duplicate-linked-read-proof=0/0 rejected=0 reused=0 storage-permutation-proof=0/0 rejected=0 compare-branch-proof=0/0 rejected=0 joined-key-reuse-proof=0/0 rejected=0 reused=0 trace-delete=0 private-locals=0 preheader=0 string-literal-reuse-proof=0/0 rejected=0 unavailable=0 reused=0 rewrites=0 branch-thread=0/0 rejected=0 applied=0 batches=0 semantic-batch=1 rejected=0 records=1 deleted=1 opcodes=0 operand-records=0 reject-live=0 reject-trace=0 reject-tainted=0 reject-effect=0
PERF3 flow-graph procedure=aliased_args epoch=3 records=4 instructions=3 code-blocks=3 blocks=10 edges=9 normal=4 branch=0 skip=1 handler=1 terminal=1 unwind=2 unknown=0 complete=1
PERF3 flow-block id=0 kind=code records=0:0 instructions=0:0
PERF3 flow-block id=1 kind=code records=1:2 instructions=1:1
PERF3 flow-block id=2 kind=code records=3:3 instructions=2:2
PERF3 flow-block id=3 kind=entry records=-:- instructions=-:-
PERF3 flow-block id=4 kind=handler-root records=-:- instructions=-:-
PERF3 flow-block id=5 kind=async-root records=-:- instructions=-:-
PERF3 flow-block id=6 kind=normal-exit records=-:- instructions=-:-
PERF3 flow-block id=7 kind=unwind-exit records=-:- instructions=-:-
PERF3 flow-block id=8 kind=terminal-exit records=-:- instructions=-:-
PERF3 flow-block id=9 kind=unknown-exit records=-:- instructions=-:-
PERF3 flow-record id=0 kind=instruction block=0 instruction=0 address=37
PERF3 flow-record id=1 kind=instruction block=1 instruction=1 address=39
PERF3 flow-record id=2 kind=empty block=1 instruction=- address=41
PERF3 flow-record id=3 kind=instruction block=2 instruction=2 address=41
PERF3 flow-instruction id=0 record=0 block=0 address=37 opcode=ITOS_REG signal=0 phase=0
PERF3 flow-instruction id=1 record=1 block=1 address=39 opcode=INC_REG signal=1 phase=1
PERF3 flow-instruction id=2 record=3 block=2 address=41 opcode=RET_REG signal=0 phase=0
PERF3 flow-edge from=3 to=0 kind=normal
PERF3 flow-edge from=0 to=1 kind=normal
PERF3 flow-edge from=1 to=2 kind=normal
PERF3 flow-edge from=1 to=2 kind=signal-skip
PERF3 flow-edge from=1 to=4 kind=handler
PERF3 flow-edge from=1 to=7 kind=unwind
PERF3 flow-edge from=1 to=8 kind=terminal
PERF3 flow-edge from=2 to=6 kind=normal
PERF3 flow-edge from=4 to=7 kind=unwind
PERF3 flow-analysis epoch=3 status=available budget=9216 work=120 bytes=1280 reachable=9 unreachable=1 rpo=9 preds=8 dom-iterations=2 frontiers=7 sccs=0 cyclic-sccs=0 irreducible-sccs=0 backedges=0 loops=0 memberships=0 max-loop-depth=0
PERF3 flow-analysis-block id=5 rpo=0 idom=- scc=- loop=- predecessors=0 frontier=0
PERF3 flow-analysis-block id=3 rpo=1 idom=- scc=- loop=- predecessors=0 frontier=2
PERF3 flow-analysis-block id=0 rpo=2 idom=3 scc=- loop=- predecessors=1 frontier=2
PERF3 flow-analysis-block id=1 rpo=3 idom=0 scc=- loop=- predecessors=1 frontier=2
PERF3 flow-analysis-block id=8 rpo=4 idom=1 scc=- loop=- predecessors=1 frontier=0
PERF3 flow-analysis-block id=4 rpo=5 idom=- scc=- loop=- predecessors=1 frontier=1
PERF3 flow-analysis-block id=7 rpo=6 idom=- scc=- loop=- predecessors=2 frontier=0
PERF3 flow-analysis-block id=2 rpo=7 idom=1 scc=- loop=- predecessors=1 frontier=0
PERF3 flow-analysis-block id=6 rpo=8 idom=2 scc=- loop=- predecessors=1 frontier=0
PERF3 flow-signal-analysis epoch=3 status=available budget=17920 work=67 bytes=5384 policy-versions=3 writes=0 phis=2 clobbers=0 stack-writes=0 effect-versions=8 effect-phis=0 trace-writes=0 call-writes=0 edge-states=9 unknown-edge-states=0
PERF3 flow-policy-version id=0 kind=entry parent=- instruction=- block=- effect=0 name=- inputs=
PERF3 flow-policy-version id=1 kind=phi parent=- instruction=- block=2 effect=0 name=- inputs=0,0
PERF3 flow-policy-version id=2 kind=phi parent=- instruction=- block=7 effect=0 name=- inputs=0,0
PERF3 flow-effect-version id=0 kind=0 class=0 parent=- instruction=- block=- inputs=
PERF3 flow-effect-version id=1 kind=0 class=1 parent=- instruction=- block=- inputs=
PERF3 flow-effect-version id=2 kind=0 class=2 parent=- instruction=- block=- inputs=
PERF3 flow-effect-version id=3 kind=0 class=3 parent=- instruction=- block=- inputs=
PERF3 flow-effect-version id=4 kind=0 class=4 parent=- instruction=- block=- inputs=
PERF3 flow-effect-version id=5 kind=0 class=5 parent=- instruction=- block=- inputs=
PERF3 flow-effect-version id=6 kind=0 class=6 parent=- instruction=- block=- inputs=
PERF3 flow-effect-version id=7 kind=0 class=7 parent=- instruction=- block=- inputs=
PERF3 flow-signal-edge id=0 from=3 to=0 kind=0 policy=0 effects=0,1,2,3,4,5,6,7
PERF3 flow-signal-edge id=1 from=0 to=1 kind=0 policy=0 effects=0,1,2,3,4,5,6,7
PERF3 flow-signal-edge id=2 from=1 to=2 kind=0 policy=0 effects=0,1,2,3,4,5,6,7
PERF3 flow-signal-edge id=3 from=1 to=2 kind=2 policy=0 effects=0,1,2,3,4,5,6,7
PERF3 flow-signal-edge id=4 from=1 to=4 kind=3 policy=0 effects=0,1,2,3,4,5,6,7
PERF3 flow-signal-edge id=5 from=1 to=7 kind=5 policy=0 effects=0,1,2,3,4,5,6,7
PERF3 flow-signal-edge id=6 from=1 to=8 kind=4 policy=0 effects=0,1,2,3,4,5,6,7
PERF3 flow-signal-edge id=7 from=2 to=6 kind=0 policy=0 effects=0,1,2,3,4,5,6,7
PERF3 flow-signal-edge id=8 from=4 to=7 kind=5 policy=0 effects=0,1,2,3,4,5,6,7
PERF3 flow-ssa epoch=3 status=available budget=65536 work=42 bytes=34128 registers=3 states=10 joins=6 map-updates=0 map-clobbers=1 storages=3 sites=0 attribute-paths=0 storage-phis=0 phi-elisions=1 storage-inputs=0 storage-cache=3 component-updates=2 values=6 value-phis=2 value-inputs=2 value-cache=5 absent=0 constants=0 derived=1 unknown-values=0 edge-states=9
PERF3 flow-ssa-register id=0 class=1 number=1 base=1
PERF3 flow-ssa-register id=1 class=1 number=2 base=2
PERF3 flow-ssa-register id=2 class=2 number=0 base=3
PERF3 flow-storage id=1 kind=0 register=0 instruction=- block=- owner=0 count=0 reference=0 slot=0
PERF3 flow-storage id=2 kind=0 register=1 instruction=- block=- owner=0 count=0 reference=0 slot=0
PERF3 flow-storage id=3 kind=0 register=2 instruction=- block=- owner=0 count=0 reference=0 slot=0
PERF3 flow-ssa-edge id=0 state=0
PERF3 flow-ssa-edge id=1 state=8
PERF3 flow-ssa-edge id=2 state=9
PERF3 flow-ssa-edge id=3 state=3
PERF3 flow-ssa-edge id=4 state=3
PERF3 flow-ssa-edge id=5 state=3
PERF3 flow-ssa-edge id=6 state=3
PERF3 flow-ssa-edge id=7 state=4
PERF3 flow-ssa-edge id=8 state=1
PERF3 sparse-storage-oracle procedure=aliased_args status=complete queries=0 exact=0 unknown=0 storage=3 base=3 site=0 attribute=0 phi=0 unknown-nodes=0 retained-bytes=34128
PERF3 flow-proof epoch=3 status=available budget=5568 work=18 bytes=1064 requested=0x7e acquired=0x7e repetition=0 cache-hits=0 proved=0 rejected=0 redundant-constant=0/0 rejected=0 redundant-absent=0/0 rejected=0 redundant-self-copy=0/0 rejected=0 typed-copy=0/0 rejected=0 rewrites=0 producer-forward=0/0 rejected=0 component-placement=0/0 rejected=0 rewrites=0 trace-deletions=0 duplicate-linked-read=0/0 rejected=0 storage-permutation=0/0 rejected=0 compare-branch=0/0 rejected=0 trace-deletions=0 joined-key-reuse=0/0 rejected=0 trace-deletions=0 preheader=0 string-literal-reuse=0/0 rejected=0 rewrites=0 successful-guard=0/0 rejected=0 success-edge=0 loop=0 ssa-bytes=45136 ssa-values=41 ssa-storages=3
PERF3 flow-use epoch=3 status=available uses=13 explicit=9 read-write=2 writes=2 opaque-writes=0 implicit=0 metadata=0 trace=0 call-window=0 opaque=0 unknown=0 phi-edges=0 live-values=10 budget=8992 work=192 retained-bytes=6409
PERF3 flow-use-entry id=0 record=0 instruction=0 operand=0 register=a1 component=0x1 value=3 read-components=0x1 storage=1 kind=read-write
PERF3 flow-use-entry id=1 record=0 instruction=0 operand=0 register=a1 component=0x4 value=18446744073709551615 read-components=0x4 storage=1 kind=explicit-write
PERF3 flow-use-entry id=2 record=1 instruction=1 operand=0 register=a2 component=0x1 value=8 read-components=0x1 storage=2 kind=read-write
PERF3 flow-use-entry id=3 record=1 instruction=1 operand=0 register=a2 component=0x1 value=18446744073709551615 read-components=0x1 storage=2 kind=explicit-write
PERF3 flow-use-entry id=4 record=3 instruction=2 operand=0 register=a1 component=0x1 value=3 read-components=0x1ff storage=1 kind=explicit-read
PERF3 flow-use-entry id=5 record=3 instruction=2 operand=0 register=a1 component=0x2 value=14 read-components=0x1ff storage=1 kind=explicit-read
PERF3 flow-use-entry id=6 record=3 instruction=2 operand=0 register=a1 component=0x4 value=0 read-components=0x1ff storage=1 kind=explicit-read
PERF3 flow-use-entry id=7 record=3 instruction=2 operand=0 register=a1 component=0x8 value=20 read-components=0x1ff storage=1 kind=explicit-read
PERF3 flow-use-entry id=8 record=3 instruction=2 operand=0 register=a1 component=0x10 value=24 read-components=0x1ff storage=1 kind=explicit-read
PERF3 flow-use-entry id=9 record=3 instruction=2 operand=0 register=a1 component=0x20 value=28 read-components=0x1ff storage=1 kind=explicit-read
PERF3 flow-use-entry id=10 record=3 instruction=2 operand=0 register=a1 component=0x40 value=32 read-components=0x1ff storage=1 kind=explicit-read
PERF3 flow-use-entry id=11 record=3 instruction=2 operand=0 register=a1 component=0x80 value=36 read-components=0x1ff storage=1 kind=explicit-read
PERF3 flow-use-entry id=12 record=3 instruction=2 operand=0 register=a1 component=0x100 value=40 read-components=0x1ff storage=1 kind=explicit-read
