channel phase=warmup round=0 position=1 vm=rxbvml variant=accepted
GF_CHANNEL_LATENCY_JOBS: 1024
GF_CHANNEL_LATENCY_US: 6985
GF_CHANNEL_THROUGHPUT_JOBS: 256
GF_CHANNEL_THROUGHPUT_US: 85162
PASS: Gate F F1b channel benchmark
channel phase=warmup round=0 position=2 vm=rxbvml variant=candidate
GF_CHANNEL_LATENCY_JOBS: 1024
GF_CHANNEL_LATENCY_US: 7383
GF_CHANNEL_THROUGHPUT_JOBS: 256
GF_CHANNEL_THROUGHPUT_US: 91497
PASS: Gate F F1b channel benchmark
channel phase=warmup round=0 position=3 vm=rxtvml variant=accepted
GF_CHANNEL_LATENCY_JOBS: 1024
GF_CHANNEL_LATENCY_US: 7385
GF_CHANNEL_THROUGHPUT_JOBS: 256
GF_CHANNEL_THROUGHPUT_US: 106642
PASS: Gate F F1b channel benchmark
channel phase=warmup round=0 position=4 vm=rxtvml variant=candidate
GF_CHANNEL_LATENCY_JOBS: 1024
GF_CHANNEL_LATENCY_US: 7523
GF_CHANNEL_THROUGHPUT_JOBS: 256
GF_CHANNEL_THROUGHPUT_US: 108054
PASS: Gate F F1b channel benchmark
channel phase=recorded round=1 position=5 vm=rxbvml variant=accepted
GF_CHANNEL_LATENCY_JOBS: 1024
GF_CHANNEL_LATENCY_US: 7350
GF_CHANNEL_THROUGHPUT_JOBS: 256
GF_CHANNEL_THROUGHPUT_US: 92608
PASS: Gate F F1b channel benchmark
channel phase=recorded round=1 position=6 vm=rxbvml variant=candidate
GF_CHANNEL_LATENCY_JOBS: 1024
GF_CHANNEL_LATENCY_US: 7675
GF_CHANNEL_THROUGHPUT_JOBS: 256
GF_CHANNEL_THROUGHPUT_US: 94124
PASS: Gate F F1b channel benchmark
channel phase=recorded round=1 position=7 vm=rxtvml variant=accepted
GF_CHANNEL_LATENCY_JOBS: 1024
GF_CHANNEL_LATENCY_US: 7009
GF_CHANNEL_THROUGHPUT_JOBS: 256
GF_CHANNEL_THROUGHPUT_US: 107986
PASS: Gate F F1b channel benchmark
channel phase=recorded round=1 position=8 vm=rxtvml variant=candidate
GF_CHANNEL_LATENCY_JOBS: 1024
GF_CHANNEL_LATENCY_US: 7626
GF_CHANNEL_THROUGHPUT_JOBS: 256
GF_CHANNEL_THROUGHPUT_US: 114656
PASS: Gate F F1b channel benchmark
channel phase=recorded round=2 position=9 vm=rxtvml variant=candidate
GF_CHANNEL_LATENCY_JOBS: 1024
GF_CHANNEL_LATENCY_US: 8036
GF_CHANNEL_THROUGHPUT_JOBS: 256
GF_CHANNEL_THROUGHPUT_US: 95429
PASS: Gate F F1b channel benchmark
channel phase=recorded round=2 position=10 vm=rxtvml variant=accepted
GF_CHANNEL_LATENCY_JOBS: 1024
GF_CHANNEL_LATENCY_US: 7653
GF_CHANNEL_THROUGHPUT_JOBS: 256
GF_CHANNEL_THROUGHPUT_US: 100295
PASS: Gate F F1b channel benchmark
channel phase=recorded round=2 position=11 vm=rxbvml variant=candidate
GF_CHANNEL_LATENCY_JOBS: 1024
GF_CHANNEL_LATENCY_US: 8319
GF_CHANNEL_THROUGHPUT_JOBS: 256
GF_CHANNEL_THROUGHPUT_US: 90222
PASS: Gate F F1b channel benchmark
channel phase=recorded round=2 position=12 vm=rxbvml variant=accepted
GF_CHANNEL_LATENCY_JOBS: 1024
GF_CHANNEL_LATENCY_US: 7779
GF_CHANNEL_THROUGHPUT_JOBS: 256
GF_CHANNEL_THROUGHPUT_US: 100987
PASS: Gate F F1b channel benchmark
channel phase=recorded round=3 position=13 vm=rxbvml variant=accepted
GF_CHANNEL_LATENCY_JOBS: 1024
GF_CHANNEL_LATENCY_US: 8316
GF_CHANNEL_THROUGHPUT_JOBS: 256
GF_CHANNEL_THROUGHPUT_US: 88836
PASS: Gate F F1b channel benchmark
channel phase=recorded round=3 position=14 vm=rxbvml variant=candidate
GF_CHANNEL_LATENCY_JOBS: 1024
GF_CHANNEL_LATENCY_US: 8089
GF_CHANNEL_THROUGHPUT_JOBS: 256
GF_CHANNEL_THROUGHPUT_US: 89849
PASS: Gate F F1b channel benchmark
channel phase=recorded round=3 position=15 vm=rxtvml variant=accepted
GF_CHANNEL_LATENCY_JOBS: 1024
GF_CHANNEL_LATENCY_US: 8159
GF_CHANNEL_THROUGHPUT_JOBS: 256
GF_CHANNEL_THROUGHPUT_US: 107591
PASS: Gate F F1b channel benchmark
channel phase=recorded round=3 position=16 vm=rxtvml variant=candidate
GF_CHANNEL_LATENCY_JOBS: 1024
GF_CHANNEL_LATENCY_US: 8001
GF_CHANNEL_THROUGHPUT_JOBS: 256
GF_CHANNEL_THROUGHPUT_US: 108104
PASS: Gate F F1b channel benchmark
channel phase=recorded round=4 position=17 vm=rxtvml variant=candidate
GF_CHANNEL_LATENCY_JOBS: 1024
GF_CHANNEL_LATENCY_US: 8138
GF_CHANNEL_THROUGHPUT_JOBS: 256
GF_CHANNEL_THROUGHPUT_US: 111414
PASS: Gate F F1b channel benchmark
channel phase=recorded round=4 position=18 vm=rxtvml variant=accepted
GF_CHANNEL_LATENCY_JOBS: 1024
GF_CHANNEL_LATENCY_US: 8138
GF_CHANNEL_THROUGHPUT_JOBS: 256
GF_CHANNEL_THROUGHPUT_US: 110694
PASS: Gate F F1b channel benchmark
channel phase=recorded round=4 position=19 vm=rxbvml variant=candidate
GF_CHANNEL_LATENCY_JOBS: 1024
GF_CHANNEL_LATENCY_US: 8571
GF_CHANNEL_THROUGHPUT_JOBS: 256
GF_CHANNEL_THROUGHPUT_US: 96332
PASS: Gate F F1b channel benchmark
channel phase=recorded round=4 position=20 vm=rxbvml variant=accepted
GF_CHANNEL_LATENCY_JOBS: 1024
GF_CHANNEL_LATENCY_US: 8558
GF_CHANNEL_THROUGHPUT_JOBS: 256
GF_CHANNEL_THROUGHPUT_US: 110865
PASS: Gate F F1b channel benchmark
channel phase=recorded round=5 position=21 vm=rxbvml variant=accepted
GF_CHANNEL_LATENCY_JOBS: 1024
GF_CHANNEL_LATENCY_US: 7853
GF_CHANNEL_THROUGHPUT_JOBS: 256
GF_CHANNEL_THROUGHPUT_US: 100437
PASS: Gate F F1b channel benchmark
channel phase=recorded round=5 position=22 vm=rxbvml variant=candidate
GF_CHANNEL_LATENCY_JOBS: 1024
GF_CHANNEL_LATENCY_US: 8751
GF_CHANNEL_THROUGHPUT_JOBS: 256
GF_CHANNEL_THROUGHPUT_US: 98389
PASS: Gate F F1b channel benchmark
channel phase=recorded round=5 position=23 vm=rxtvml variant=accepted
GF_CHANNEL_LATENCY_JOBS: 1024
GF_CHANNEL_LATENCY_US: 8650
GF_CHANNEL_THROUGHPUT_JOBS: 256
GF_CHANNEL_THROUGHPUT_US: 115248
PASS: Gate F F1b channel benchmark
channel phase=recorded round=5 position=24 vm=rxtvml variant=candidate
GF_CHANNEL_LATENCY_JOBS: 1024
GF_CHANNEL_LATENCY_US: 8487
GF_CHANNEL_THROUGHPUT_JOBS: 256
GF_CHANNEL_THROUGHPUT_US: 115070
PASS: Gate F F1b channel benchmark
channel phase=recorded round=6 position=25 vm=rxtvml variant=candidate
GF_CHANNEL_LATENCY_JOBS: 1024
GF_CHANNEL_LATENCY_US: 8548
GF_CHANNEL_THROUGHPUT_JOBS: 256
GF_CHANNEL_THROUGHPUT_US: 114324
PASS: Gate F F1b channel benchmark
channel phase=recorded round=6 position=26 vm=rxtvml variant=accepted
GF_CHANNEL_LATENCY_JOBS: 1024
GF_CHANNEL_LATENCY_US: 8698
GF_CHANNEL_THROUGHPUT_JOBS: 256
GF_CHANNEL_THROUGHPUT_US: 116356
PASS: Gate F F1b channel benchmark
channel phase=recorded round=6 position=27 vm=rxbvml variant=candidate
GF_CHANNEL_LATENCY_JOBS: 1024
GF_CHANNEL_LATENCY_US: 8993
GF_CHANNEL_THROUGHPUT_JOBS: 256
GF_CHANNEL_THROUGHPUT_US: 104655
PASS: Gate F F1b channel benchmark
channel phase=recorded round=6 position=28 vm=rxbvml variant=accepted
GF_CHANNEL_LATENCY_JOBS: 1024
GF_CHANNEL_LATENCY_US: 9203
GF_CHANNEL_THROUGHPUT_JOBS: 256
GF_CHANNEL_THROUGHPUT_US: 117247
PASS: Gate F F1b channel benchmark
channel phase=recorded round=7 position=29 vm=rxbvml variant=accepted
GF_CHANNEL_LATENCY_JOBS: 1024
GF_CHANNEL_LATENCY_US: 9187
GF_CHANNEL_THROUGHPUT_JOBS: 256
GF_CHANNEL_THROUGHPUT_US: 101445
PASS: Gate F F1b channel benchmark
channel phase=recorded round=7 position=30 vm=rxbvml variant=candidate
GF_CHANNEL_LATENCY_JOBS: 1024
GF_CHANNEL_LATENCY_US: 8690
GF_CHANNEL_THROUGHPUT_JOBS: 256
GF_CHANNEL_THROUGHPUT_US: 99935
PASS: Gate F F1b channel benchmark
channel phase=recorded round=7 position=31 vm=rxtvml variant=accepted
GF_CHANNEL_LATENCY_JOBS: 1024
GF_CHANNEL_LATENCY_US: 8489
GF_CHANNEL_THROUGHPUT_JOBS: 256
GF_CHANNEL_THROUGHPUT_US: 116393
PASS: Gate F F1b channel benchmark
channel phase=recorded round=7 position=32 vm=rxtvml variant=candidate
GF_CHANNEL_LATENCY_JOBS: 1024
GF_CHANNEL_LATENCY_US: 8653
GF_CHANNEL_THROUGHPUT_JOBS: 256
GF_CHANNEL_THROUGHPUT_US: 114465
PASS: Gate F F1b channel benchmark
channel phase=recorded round=8 position=33 vm=rxtvml variant=candidate
GF_CHANNEL_LATENCY_JOBS: 1024
GF_CHANNEL_LATENCY_US: 8490
GF_CHANNEL_THROUGHPUT_JOBS: 256
GF_CHANNEL_THROUGHPUT_US: 114825
PASS: Gate F F1b channel benchmark
channel phase=recorded round=8 position=34 vm=rxtvml variant=accepted
GF_CHANNEL_LATENCY_JOBS: 1024
GF_CHANNEL_LATENCY_US: 8526
GF_CHANNEL_THROUGHPUT_JOBS: 256
GF_CHANNEL_THROUGHPUT_US: 116312
PASS: Gate F F1b channel benchmark
channel phase=recorded round=8 position=35 vm=rxbvml variant=candidate
GF_CHANNEL_LATENCY_JOBS: 1024
GF_CHANNEL_LATENCY_US: 8612
GF_CHANNEL_THROUGHPUT_JOBS: 256
GF_CHANNEL_THROUGHPUT_US: 114570
PASS: Gate F F1b channel benchmark
channel phase=recorded round=8 position=36 vm=rxbvml variant=accepted
GF_CHANNEL_LATENCY_JOBS: 1024
GF_CHANNEL_LATENCY_US: 8483
GF_CHANNEL_THROUGHPUT_JOBS: 256
GF_CHANNEL_THROUGHPUT_US: 105696
PASS: Gate F F1b channel benchmark
channel phase=recorded round=9 position=37 vm=rxbvml variant=accepted
GF_CHANNEL_LATENCY_JOBS: 1024
GF_CHANNEL_LATENCY_US: 8905
GF_CHANNEL_THROUGHPUT_JOBS: 256
GF_CHANNEL_THROUGHPUT_US: 98409
PASS: Gate F F1b channel benchmark
channel phase=recorded round=9 position=38 vm=rxbvml variant=candidate
GF_CHANNEL_LATENCY_JOBS: 1024
GF_CHANNEL_LATENCY_US: 8864
GF_CHANNEL_THROUGHPUT_JOBS: 256
GF_CHANNEL_THROUGHPUT_US: 96721
PASS: Gate F F1b channel benchmark
channel phase=recorded round=9 position=39 vm=rxtvml variant=accepted
GF_CHANNEL_LATENCY_JOBS: 1024
GF_CHANNEL_LATENCY_US: 8574
GF_CHANNEL_THROUGHPUT_JOBS: 256
GF_CHANNEL_THROUGHPUT_US: 112530
PASS: Gate F F1b channel benchmark
channel phase=recorded round=9 position=40 vm=rxtvml variant=candidate
GF_CHANNEL_LATENCY_JOBS: 1024
GF_CHANNEL_LATENCY_US: 8606
GF_CHANNEL_THROUGHPUT_JOBS: 256
GF_CHANNEL_THROUGHPUT_US: 110625
PASS: Gate F F1b channel benchmark
channel phase=recorded round=10 position=41 vm=rxtvml variant=candidate
GF_CHANNEL_LATENCY_JOBS: 1024
GF_CHANNEL_LATENCY_US: 8553
GF_CHANNEL_THROUGHPUT_JOBS: 256
GF_CHANNEL_THROUGHPUT_US: 112365
PASS: Gate F F1b channel benchmark
channel phase=recorded round=10 position=42 vm=rxtvml variant=accepted
GF_CHANNEL_LATENCY_JOBS: 1024
GF_CHANNEL_LATENCY_US: 8708
GF_CHANNEL_THROUGHPUT_JOBS: 256
GF_CHANNEL_THROUGHPUT_US: 114963
PASS: Gate F F1b channel benchmark
channel phase=recorded round=10 position=43 vm=rxbvml variant=candidate
GF_CHANNEL_LATENCY_JOBS: 1024
GF_CHANNEL_LATENCY_US: 8673
GF_CHANNEL_THROUGHPUT_JOBS: 256
GF_CHANNEL_THROUGHPUT_US: 95542
PASS: Gate F F1b channel benchmark
channel phase=recorded round=10 position=44 vm=rxbvml variant=accepted
GF_CHANNEL_LATENCY_JOBS: 1024
GF_CHANNEL_LATENCY_US: 8559
GF_CHANNEL_THROUGHPUT_JOBS: 256
GF_CHANNEL_THROUGHPUT_US: 108326
PASS: Gate F F1b channel benchmark
channel phase=recorded round=11 position=45 vm=rxbvml variant=accepted
GF_CHANNEL_LATENCY_JOBS: 1024
GF_CHANNEL_LATENCY_US: 8684
GF_CHANNEL_THROUGHPUT_JOBS: 256
GF_CHANNEL_THROUGHPUT_US: 96021
PASS: Gate F F1b channel benchmark
channel phase=recorded round=11 position=46 vm=rxbvml variant=candidate
GF_CHANNEL_LATENCY_JOBS: 1024
GF_CHANNEL_LATENCY_US: 8587
GF_CHANNEL_THROUGHPUT_JOBS: 256
GF_CHANNEL_THROUGHPUT_US: 95259
PASS: Gate F F1b channel benchmark
channel phase=recorded round=11 position=47 vm=rxtvml variant=accepted
GF_CHANNEL_LATENCY_JOBS: 1024
GF_CHANNEL_LATENCY_US: 8659
GF_CHANNEL_THROUGHPUT_JOBS: 256
GF_CHANNEL_THROUGHPUT_US: 112091
PASS: Gate F F1b channel benchmark
channel phase=recorded round=11 position=48 vm=rxtvml variant=candidate
GF_CHANNEL_LATENCY_JOBS: 1024
GF_CHANNEL_LATENCY_US: 8595
GF_CHANNEL_THROUGHPUT_JOBS: 256
GF_CHANNEL_THROUGHPUT_US: 113356
PASS: Gate F F1b channel benchmark
channel phase=recorded round=12 position=49 vm=rxtvml variant=candidate
GF_CHANNEL_LATENCY_JOBS: 1024
GF_CHANNEL_LATENCY_US: 8724
GF_CHANNEL_THROUGHPUT_JOBS: 256
GF_CHANNEL_THROUGHPUT_US: 112532
PASS: Gate F F1b channel benchmark
channel phase=recorded round=12 position=50 vm=rxtvml variant=accepted
GF_CHANNEL_LATENCY_JOBS: 1024
GF_CHANNEL_LATENCY_US: 8455
GF_CHANNEL_THROUGHPUT_JOBS: 256
GF_CHANNEL_THROUGHPUT_US: 114525
PASS: Gate F F1b channel benchmark
channel phase=recorded round=12 position=51 vm=rxbvml variant=candidate
GF_CHANNEL_LATENCY_JOBS: 1024
GF_CHANNEL_LATENCY_US: 8508
GF_CHANNEL_THROUGHPUT_JOBS: 256
GF_CHANNEL_THROUGHPUT_US: 94455
PASS: Gate F F1b channel benchmark
channel phase=recorded round=12 position=52 vm=rxbvml variant=accepted
GF_CHANNEL_LATENCY_JOBS: 1024
GF_CHANNEL_LATENCY_US: 23138
GF_CHANNEL_THROUGHPUT_JOBS: 256
GF_CHANNEL_THROUGHPUT_US: 103682
PASS: Gate F F1b channel benchmark
