Core windows-x64 (msvc)	Package and test the actual core ZIP	﻿2026-09-15T20:52:42.1180493Z ##[group]Run python scripts/package-core-release.py --source . \
Core windows-x64 (msvc)	Package and test the actual core ZIP	2026-09-15T20:52:42.1181097Z ^[[36;1mpython scripts/package-core-release.py --source . \^[[0m
Core windows-x64 (msvc)	Package and test the actual core ZIP	2026-09-15T20:52:42.1181563Z ^[[36;1m  --build "D:\a\_temp/core-build" --output "D:\a\_temp/core-package" \^[[0m
Core windows-x64 (msvc)	Package and test the actual core ZIP	2026-09-15T20:52:42.1181994Z ^[[36;1m  --platform "windows-x64" --toolchain "msvc" \^[[0m
Core windows-x64 (msvc)	Package and test the actual core ZIP	2026-09-15T20:52:42.1182554Z ^[[36;1m  --preferred-vm "rxbvm" --commit "7425ff2417715b7e4f285d225867c0501fcb0002"^[[0m
Core windows-x64 (msvc)	Package and test the actual core ZIP	2026-09-15T20:52:42.1203181Z shell: C:\Program Files\Git\bin\bash.EXE --noprofile --norc -e -o pipefail {0}
Core windows-x64 (msvc)	Package and test the actual core ZIP	2026-09-15T20:52:42.1203592Z env:
Core windows-x64 (msvc)	Package and test the actual core ZIP	2026-09-15T20:52:42.1203859Z   pythonLocation: C:\hostedtoolcache\windows\Python\3.12.10\x64
Core windows-x64 (msvc)	Package and test the actual core ZIP	2026-09-15T20:52:42.1204333Z   PKG_CONFIG_PATH: C:\hostedtoolcache\windows\Python\3.12.10\x64/lib/pkgconfig
Core windows-x64 (msvc)	Package and test the actual core ZIP	2026-09-15T20:52:42.1204798Z   Python_ROOT_DIR: C:\hostedtoolcache\windows\Python\3.12.10\x64
Core windows-x64 (msvc)	Package and test the actual core ZIP	2026-09-15T20:52:42.1205206Z   Python2_ROOT_DIR: C:\hostedtoolcache\windows\Python\3.12.10\x64
Core windows-x64 (msvc)	Package and test the actual core ZIP	2026-09-15T20:52:42.1205964Z   Python3_ROOT_DIR: C:\hostedtoolcache\windows\Python\3.12.10\x64
Core windows-x64 (msvc)	Package and test the actual core ZIP	2026-09-15T20:52:42.1206556Z   CommandPromptType: Native
Core windows-x64 (msvc)	Package and test the actual core ZIP	2026-09-15T20:52:42.1207140Z   DevEnvDir: C:\Program Files\Microsoft Visual Studio\18\Enterprise\Common7\IDE\
Core windows-x64 (msvc)	Package and test the actual core ZIP	2026-09-15T20:52:42.1208282Z   ExtensionSdkDir: C:\Program Files (x86)\Microsoft SDKs\Windows Kits\10\ExtensionSDKs
Core windows-x64 (msvc)	Package and test the actual core ZIP	2026-09-15T20:52:42.1210709Z   EXTERNAL_INCLUDE: C:\Program Files\Microsoft Visual Studio\18\Enterprise\VC\Tools\MSVC\14.44.35207\include;C:\Program Files\Microsoft Visual Studio\18\Enterprise\VC\Auxiliary\VS\include;C:\Program Files (x86)\Windows Kits\10\include\10.0.26100.0\ucrt;C:\Program Files (x86)\Windows Kits\10\\include\10.0.26100.0\\um;C:\Program Files (x86)\Windows Kits\10\\include\10.0.26100.0\\shared;C:\Program Files (x86)\Windows Kits\10\\include\10.0.26100.0\\winrt;C:\Program Files (x86)\Windows Kits\10\\include\10.0.26100.0\\cppwinrt;C:\Program Files (x86)\Windows Kits\NETFXSDK\4.8.1\include\um
Core windows-x64 (msvc)	Package and test the actual core ZIP	2026-09-15T20:52:42.1212719Z   Framework40Version: v4.0
Core windows-x64 (msvc)	Package and test the actual core ZIP	2026-09-15T20:52:42.1212999Z   FrameworkDir: C:\Windows\Microsoft.NET\Framework64\
Core windows-x64 (msvc)	Package and test the actual core ZIP	2026-09-15T20:52:42.1213339Z   FrameworkDir64: C:\Windows\Microsoft.NET\Framework64\
Core windows-x64 (msvc)	Package and test the actual core ZIP	2026-09-15T20:52:42.1213651Z   FrameworkVersion: v4.0.30319
Core windows-x64 (msvc)	Package and test the actual core ZIP	2026-09-15T20:52:42.1213878Z   FrameworkVersion64: v4.0.30319
Core windows-x64 (msvc)	Package and test the actual core ZIP	2026-09-15T20:52:42.1214405Z   FSHARPINSTALLDIR: C:\Program Files\Microsoft Visual Studio\18\Enterprise\Common7\IDE\CommonExtensions\Microsoft\FSharp\Tools
Core windows-x64 (msvc)	Package and test the actual core ZIP	2026-09-15T20:52:42.1215028Z   HTMLHelpDir: C:\Program Files (x86)\HTML Help Workshop
Core windows-x64 (msvc)	Package and test the actual core ZIP	2026-09-15T20:52:42.1217017Z   INCLUDE: C:\Program Files\Microsoft Visual Studio\18\Enterprise\VC\Tools\MSVC\14.44.35207\include;C:\Program Files\Microsoft Visual Studio\18\Enterprise\VC\Auxiliary\VS\include;C:\Program Files (x86)\Windows Kits\10\include\10.0.26100.0\ucrt;C:\Program Files (x86)\Windows Kits\10\\include\10.0.26100.0\\um;C:\Program Files (x86)\Windows Kits\10\\include\10.0.26100.0\\shared;C:\Program Files (x86)\Windows Kits\10\\include\10.0.26100.0\\winrt;C:\Program Files (x86)\Windows Kits\10\\include\10.0.26100.0\\cppwinrt;C:\Program Files (x86)\Windows Kits\NETFXSDK\4.8.1\include\um
Core windows-x64 (msvc)	Package and test the actual core ZIP	2026-09-15T20:52:42.1219908Z   LIB: C:\Program Files\Microsoft Visual Studio\18\Enterprise\VC\Tools\MSVC\14.44.35207\lib\x64;C:\Program Files (x86)\Windows Kits\NETFXSDK\4.8.1\lib\um\x64;C:\Program Files (x86)\Windows Kits\10\lib\10.0.26100.0\ucrt\x64;C:\Program Files (x86)\Windows Kits\10\\lib\10.0.26100.0\\um\x64
Core windows-x64 (msvc)	Package and test the actual core ZIP	2026-09-15T20:52:42.1222956Z   LIBPATH: C:\Program Files\Microsoft Visual Studio\18\Enterprise\VC\Tools\MSVC\14.44.35207\lib\x64;C:\Program Files\Microsoft Visual Studio\18\Enterprise\VC\Tools\MSVC\14.44.35207\lib\x86\store\references;C:\Program Files (x86)\Windows Kits\10\UnionMetadata\10.0.26100.0;C:\Program Files (x86)\Windows Kits\10\References\10.0.26100.0;C:\Windows\Microsoft.NET\Framework64\v4.0.30319
Core windows-x64 (msvc)	Package and test the actual core ZIP	2026-09-15T20:52:42.1224665Z   llvmArm64: C:\Program Files\Microsoft Visual Studio\18\Enterprise\VC\Tools\Llvm\ARM64\bin
Core windows-x64 (msvc)	Package and test the actual core ZIP	2026-09-15T20:52:42.1227573Z   llvmX64: C:\Program Files\Microsoft Visual Studio\18\Enterprise\VC\Tools\Llvm\x64\bin
Core windows-x64 (msvc)	Package and test the actual core ZIP	2026-09-15T20:52:42.1228069Z   NETFXSDKDir: C:\Program Files (x86)\Windows Kits\NETFXSDK\4.8.1\
Core windows-x64 (msvc)	Package and test the actual core ZIP	2026-09-15T20:52:42.1243683Z   Path: C:\Program Files\Microsoft Visual Studio\18\Enterprise\VC\Tools\MSVC\14.44.35207\bin\HostX64\x64;C:\Program Files\Microsoft Visual Studio\18\Enterprise\Common7\IDE\VC\VCPackages;C:\Program Files\Microsoft Visual Studio\18\Enterprise\Common7\IDE\CommonExtensions\Microsoft\TestWindow;C:\Program Files\Microsoft Visual Studio\18\Enterprise\Common7\IDE\CommonExtensions\Microsoft\TeamFoundation\Team Explorer;C:\Program Files\Microsoft Visual Studio\18\Enterprise\MSBuild\Current\bin\Roslyn;C:\Program Files (x86)\Microsoft SDKs\Windows\v10.0A\bin\NETFX 4.8.1 Tools\x64\;C:\Program Files (x86)\HTML Help Workshop;C:\Program Files\Microsoft Visual Studio\18\Enterprise\Common7\IDE\CommonExtensions\Microsoft\FSharp\Tools;C:\Program Files\Microsoft Visual Studio\18\Enterprise\Team Tools\DiagnosticsHub\Collector;C:\Program Files\Microsoft Visual Studio\18\Enterprise\Common7\IDE\Extensions\Microsoft\CodeCoverage.Console;C:\Program Files (x86)\Windows Kits\10\bin\10.0.26100.0\\x64;C:\Program Files (x86)\Windows Kits\10\bin\\x64;C:\Program Files\Microsoft Visual Studio\18\Enterprise\\MSBuild\Current\Bin\amd64;C:\Windows\Microsoft.NET\Framework64\v4.0.30319;C:\Program Files\Microsoft Visual Studio\18\Enterprise\Common7\IDE\;C:\Program Files\Microsoft Visual Studio\18\Enterprise\Common7\Tools\;C:\Users\runneradmin\AppData\Roaming\Python\Python312\Scripts;C:\hostedtoolcache\windows\Python\3.12.10\x64\Scripts;C:\hostedtoolcache\windows\Python\3.12.10\x64;C:\Program Files\MongoDB\Server\7.0\bin;C:\vcpkg;C:\tools\zstd;C:\hostedtoolcache\windows\stack\3.11.1\x64;C:\cabal\bin;C:\\ghcup\bin;C:\mingw64\bin;C:\Program Files\dotnet;C:\Program Files\MySQL\MySQL Server 8.0\bin;C:\Program Files\R\R-4.6.1\bin\x64;C:\SeleniumWebDrivers\GeckoDriver;C:\SeleniumWebDrivers\EdgeDriver\;C:\SeleniumWebDrivers\ChromeDriver;C:\Program Files (x86)\sbt\bin;C:\Program Files (x86)\GitHub CLI;C:\Program Files\Git\bin;C:\Program Files (x86)\pipx_bin;C:\npm\prefix;C:\hostedtoolcache\windows\go\1.24.13\x64\bin;C:\hostedtoolcache\windows\Ruby\3.3.12\x64\bin;C:\Program Files\OpenSSL\bin;C:\tools\kotlinc\bin;C:\hostedtoolcache\windows\Java_Temurin-Hotspot_jdk\17.0.20-101\x64\bin;C:\Program Files\ImageMagick-7.1.2-Q16-HDRI;C:\Program Files\Microsoft SDKs\Azure\CLI2\wbin;C:\ProgramData\kind;C:\ProgramData\Chocolatey\bin;C:\Windows\system32;C:\Windows;C:\Windows\System32\Wbem;C:\Windows\System32\WindowsPowerShell\v1.0\;C:\Windows\System32\OpenSSH\;C:\Program Files\PowerShell\7\;C:\Program Files\Microsoft\Web Platform Installer\;C:\Program Files\Microsoft SQL Server\170\Tools\Binn\;C:\Program Files\Microsoft SQL Server\Client SDK\ODBC\170\Tools\Binn\;C:\Program Files\dotnet\;C:\Program Files (x86)\Windows Kits\10\Windows Performance Toolkit\;C:\Program Files (x86)\WiX Toolset v3.14\bin;C:\Program Files\Microsoft SQL Server\130\DTS\Binn\;C:\Program Files\Microsoft SQL Server\140\DTS\Binn\;C:\Program Files\Microsoft SQL Server\150\DTS\Binn\;C:\Program Files\Microsoft SQL Server\160\DTS\Binn\;C:\Program Files\Microsoft SQL Server\170\DTS\Binn\;C:\ProgramData\chocolatey\lib\pulumi\tools\Pulumi\bin;C:\Program Files\CMake\bin;C:\Strawberry\c\bin;C:\Strawberry\perl\site\bin;C:\Strawberry\perl\bin;C:\ProgramData\chocolatey\lib\maven\apache-maven-3.9.16\bin;C:\Program Files\Microsoft Service Fabric\bin\Fabric\Fabric.Code;C:\Program Files\Microsoft SDKs\Service Fabric\Tools\ServiceFabricLocalClusterManager;C:\Program Files\nodejs\;C:\Program Files\Git\cmd;C:\Program Files\Git\mingw64\bin;C:\Program Files\Git\usr\bin;C:\Program Files\GitHub CLI\;c:\tools\php;C:\Program Files\Amazon\AWSCLIV2\;C:\Program Files\Amazon\SessionManagerPlugin\bin\;C:\Program Files\Amazon\AWSSAMCLI\bin\;C:\Program Files\Microsoft SQL Server\130\Tools\Binn\;C:\Program Files\mongosh\;C:\Program Files\LLVM\bin;C:\Program Files (x86)\LLVM\bin;C:\Users\runneradmin\.dotnet\tools;C:\Users\runneradmin\.cargo\bin;C:\Users\runneradmin\AppData\Local\Microsoft\WindowsApps;C:\Program Files (x86)\Microsoft Visual Studio\Installer;C:\Program Files\Microsoft Visual Studio\18\Enterprise\VC\Tools\Llvm\x64\bin;C:\Program Files\Microsoft Visual Studio\18\Enterprise\Common7\IDE\CommonExtensions\Microsoft\CMake\CMake\bin;C:\Program Files\Microsoft Visual Studio\18\Enterprise\Common7\IDE\CommonExtensions\Microsoft\CMake\Ninja;C:\Program Files\Microsoft Visual Studio\18\Enterprise\Common7\IDE\VC\Linux\bin\ConnectionManagerExe;C:\Program Files\Microsoft Visual Studio\18\Enterprise\VC\vcpkg
Core windows-x64 (msvc)	Package and test the actual core ZIP	2026-09-15T20:52:42.1261756Z   Platform: x64
Core windows-x64 (msvc)	Package and test the actual core ZIP	2026-09-15T20:52:42.1261969Z   UCRTVersion: 10.0.26100.0
Core windows-x64 (msvc)	Package and test the actual core ZIP	2026-09-15T20:52:42.1262260Z   UniversalCRTSdkDir: C:\Program Files (x86)\Windows Kits\10\
Core windows-x64 (msvc)	Package and test the actual core ZIP	2026-09-15T20:52:42.1262585Z   use_x64_llvm: true
Core windows-x64 (msvc)	Package and test the actual core ZIP	2026-09-15T20:52:42.1262943Z   VCIDEInstallDir: C:\Program Files\Microsoft Visual Studio\18\Enterprise\Common7\IDE\VC\
Core windows-x64 (msvc)	Package and test the actual core ZIP	2026-09-15T20:52:42.1263476Z   VCINSTALLDIR: C:\Program Files\Microsoft Visual Studio\18\Enterprise\VC\
Core windows-x64 (msvc)	Package and test the actual core ZIP	2026-09-15T20:52:42.1263961Z   VCPKG_ROOT: C:\Program Files\Microsoft Visual Studio\18\Enterprise\VC\vcpkg
Core windows-x64 (msvc)	Package and test the actual core ZIP	2026-09-15T20:52:42.1264528Z   VCToolsInstallDir: C:\Program Files\Microsoft Visual Studio\18\Enterprise\VC\Tools\MSVC\14.44.35207\
Core windows-x64 (msvc)	Package and test the actual core ZIP	2026-09-15T20:52:42.1265191Z   VCToolsRedistDir: C:\Program Files\Microsoft Visual Studio\18\Enterprise\VC\Redist\MSVC\14.51.36231\
Core windows-x64 (msvc)	Package and test the actual core ZIP	2026-09-15T20:52:42.1265658Z   VCToolsVersion: 14.44.35207
Core windows-x64 (msvc)	Package and test the actual core ZIP	2026-09-15T20:52:42.1265883Z   VisualStudioVersion: 18.0
Core windows-x64 (msvc)	Package and test the actual core ZIP	2026-09-15T20:52:42.1266251Z   VS180COMNTOOLS: C:\Program Files\Microsoft Visual Studio\18\Enterprise\Common7\Tools\
Core windows-x64 (msvc)	Package and test the actual core ZIP	2026-09-15T20:52:42.1266663Z   VSCMD_ARG_app_plat: Desktop
Core windows-x64 (msvc)	Package and test the actual core ZIP	2026-09-15T20:52:42.1266886Z   VSCMD_ARG_HOST_ARCH: x64
Core windows-x64 (msvc)	Package and test the actual core ZIP	2026-09-15T20:52:42.1267096Z   VSCMD_ARG_TGT_ARCH: x64
Core windows-x64 (msvc)	Package and test the actual core ZIP	2026-09-15T20:52:42.1267298Z   VSCMD_ARG_VCVARS_VER: 14.44
Core windows-x64 (msvc)	Package and test the actual core ZIP	2026-09-15T20:52:42.1267509Z   VSCMD_VER: 18.9.2
Core windows-x64 (msvc)	Package and test the actual core ZIP	2026-09-15T20:52:42.1267813Z   VSINSTALLDIR: C:\Program Files\Microsoft Visual Studio\18\Enterprise\
Core windows-x64 (msvc)	Package and test the actual core ZIP	2026-09-15T20:52:42.1268501Z   VSSDK150INSTALL: C:\Program Files\Microsoft Visual Studio\18\Enterprise\VSSDK
Core windows-x64 (msvc)	Package and test the actual core ZIP	2026-09-15T20:52:42.1269003Z   VSSDKINSTALL: C:\Program Files\Microsoft Visual Studio\18\Enterprise\VSSDK
Core windows-x64 (msvc)	Package and test the actual core ZIP	2026-09-15T20:52:42.1269705Z   WindowsLibPath: C:\Program Files (x86)\Windows Kits\10\UnionMetadata\10.0.26100.0;C:\Program Files (x86)\Windows Kits\10\References\10.0.26100.0
Core windows-x64 (msvc)	Package and test the actual core ZIP	2026-09-15T20:52:42.1270376Z   WindowsSdkBinPath: C:\Program Files (x86)\Windows Kits\10\bin\
Core windows-x64 (msvc)	Package and test the actual core ZIP	2026-09-15T20:52:42.1270760Z   WindowsSdkDir: C:\Program Files (x86)\Windows Kits\10\
Core windows-x64 (msvc)	Package and test the actual core ZIP	2026-09-15T20:52:42.1271070Z   WindowsSDKLibVersion: 10.0.26100.0\
Core windows-x64 (msvc)	Package and test the actual core ZIP	2026-09-15T20:52:42.1271447Z   WindowsSdkVerBinPath: C:\Program Files (x86)\Windows Kits\10\bin\10.0.26100.0\
Core windows-x64 (msvc)	Package and test the actual core ZIP	2026-09-15T20:52:42.1271834Z   WindowsSDKVersion: 10.0.26100.0\
Core windows-x64 (msvc)	Package and test the actual core ZIP	2026-09-15T20:52:42.1272294Z   WindowsSDK_ExecutablePath_x64: C:\Program Files (x86)\Microsoft SDKs\Windows\v10.0A\bin\NETFX 4.8.1 Tools\x64\
Core windows-x64 (msvc)	Package and test the actual core ZIP	2026-09-15T20:52:42.1272991Z   WindowsSDK_ExecutablePath_x86: C:\Program Files (x86)\Microsoft SDKs\Windows\v10.0A\bin\NETFX 4.8.1 Tools\
Core windows-x64 (msvc)	Package and test the actual core ZIP	2026-09-15T20:52:42.1273459Z   __DOTNET_ADD_64BIT: 1
Core windows-x64 (msvc)	Package and test the actual core ZIP	2026-09-15T20:52:42.1273670Z   __DOTNET_PREFERRED_BITNESS: 64
Core windows-x64 (msvc)	Package and test the actual core ZIP	2026-09-15T20:52:42.1283463Z   __VSCMD_PREINIT_PATH: C:\Users\runneradmin\AppData\Roaming\Python\Python312\Scripts;C:\hostedtoolcache\windows\Python\3.12.10\x64\Scripts;C:\hostedtoolcache\windows\Python\3.12.10\x64;C:\Program Files\MongoDB\Server\7.0\bin;C:\vcpkg;C:\tools\zstd;C:\hostedtoolcache\windows\stack\3.11.1\x64;C:\cabal\bin;C:\\ghcup\bin;C:\mingw64\bin;C:\Program Files\dotnet;C:\Program Files\MySQL\MySQL Server 8.0\bin;C:\Program Files\R\R-4.6.1\bin\x64;C:\SeleniumWebDrivers\GeckoDriver;C:\SeleniumWebDrivers\EdgeDriver\;C:\SeleniumWebDrivers\ChromeDriver;C:\Program Files (x86)\sbt\bin;C:\Program Files (x86)\GitHub CLI;C:\Program Files\Git\bin;C:\Program Files (x86)\pipx_bin;C:\npm\prefix;C:\hostedtoolcache\windows\go\1.24.13\x64\bin;C:\hostedtoolcache\windows\Python\3.12.10\x64\Scripts;C:\hostedtoolcache\windows\Python\3.12.10\x64;C:\hostedtoolcache\windows\Ruby\3.3.12\x64\bin;C:\Program Files\OpenSSL\bin;C:\tools\kotlinc\bin;C:\hostedtoolcache\windows\Java_Temurin-Hotspot_jdk\17.0.20-101\x64\bin;C:\Program Files\ImageMagick-7.1.2-Q16-HDRI;C:\Program Files\Microsoft SDKs\Azure\CLI2\wbin;C:\ProgramData\kind;C:\ProgramData\Chocolatey\bin;C:\Windows\system32;C:\Windows;C:\Windows\System32\Wbem;C:\Windows\System32\WindowsPowerShell\v1.0\;C:\Windows\System32\OpenSSH\;C:\Program Files\PowerShell\7\;C:\Program Files\Microsoft\Web Platform Installer\;C:\Program Files\Microsoft SQL Server\170\Tools\Binn\;C:\Program Files\Microsoft SQL Server\Client SDK\ODBC\170\Tools\Binn\;C:\Program Files\dotnet\;C:\Program Files (x86)\Windows Kits\10\Windows Performance Toolkit\;C:\Program Files (x86)\WiX Toolset v3.14\bin;C:\Program Files\Microsoft SQL Server\130\DTS\Binn\;C:\Program Files\Microsoft SQL Server\140\DTS\Binn\;C:\Program Files\Microsoft SQL Server\150\DTS\Binn\;C:\Program Files\Microsoft SQL Server\160\DTS\Binn\;C:\Program Files\Microsoft SQL Server\170\DTS\Binn\;C:\ProgramData\chocolatey\lib\pulumi\tools\Pulumi\bin;C:\Program Files\CMake\bin;C:\Strawberry\c\bin;C:\Strawberry\perl\site\bin;C:\Strawberry\perl\bin;C:\ProgramData\chocolatey\lib\maven\apache-maven-3.9.16\bin;C:\Program Files\Microsoft Service Fabric\bin\Fabric\Fabric.Code;C:\Program Files\Microsoft SDKs\Service Fabric\Tools\ServiceFabricLocalClusterManager;C:\Program Files\nodejs\;C:\Program Files\Git\cmd;C:\Program Files\Git\mingw64\bin;C:\Program Files\Git\usr\bin;C:\Program Files\GitHub CLI\;c:\tools\php;C:\Program Files (x86)\sbt\bin;C:\Program Files\Amazon\AWSCLIV2\;C:\Program Files\Amazon\SessionManagerPlugin\bin\;C:\Program Files\Amazon\AWSSAMCLI\bin\;C:\Program Files\Microsoft SQL Server\130\Tools\Binn\;C:\Program Files\mongosh\;C:\Program Files\LLVM\bin;C:\Program Files (x86)\LLVM\bin;C:\Users\runneradmin\.dotnet\tools;C:\Users\runneradmin\.cargo\bin;C:\Users\runneradmin\AppData\Local\Microsoft\WindowsApps;C:\Program Files (x86)\Microsoft Visual Studio\Installer
Core windows-x64 (msvc)	Package and test the actual core ZIP	2026-09-15T20:52:42.1293820Z ##[endgroup]
Core windows-x64 (msvc)	Package and test the actual core ZIP	2026-09-15T20:52:48.4215220Z Traceback (most recent call last):
Core windows-x64 (msvc)	Package and test the actual core ZIP	2026-09-15T20:52:48.4225042Z   File "D:\a\CREXX\CREXX\scripts\package-core-release.py", line 184, in <module>
Core windows-x64 (msvc)	Package and test the actual core ZIP	2026-09-15T20:52:48.4225670Z     main()
Core windows-x64 (msvc)	Package and test the actual core ZIP	2026-09-15T20:52:48.4226106Z   File "D:\a\CREXX\CREXX\scripts\package-core-release.py", line 177, in main
Core windows-x64 (msvc)	Package and test the actual core ZIP	2026-09-15T20:52:48.4226652Z     smoke(installed, source, args.preferred_vm, logs)
Core windows-x64 (msvc)	Package and test the actual core ZIP	2026-09-15T20:52:48.4227178Z   File "D:\a\CREXX\CREXX\scripts\package-core-release.py", line 66, in smoke
Core windows-x64 (msvc)	Package and test the actual core ZIP	2026-09-15T20:52:48.4227634Z     system = Path(env['SystemRoot'])
Core windows-x64 (msvc)	Package and test the actual core ZIP	2026-09-15T20:52:48.4249290Z                   ~~~^^^^^^^^^^^^^^
Core windows-x64 (msvc)	Package and test the actual core ZIP	2026-09-15T20:52:48.4287598Z KeyError: 'SystemRoot'
Core windows-x64 (msvc)	Package and test the actual core ZIP	2026-09-15T20:52:48.4469075Z ##[error]Process completed with exit code 1.
