[0/2] Re-checking globbed directories...
[1/23] Building C object interpreter/CMakeFiles/rxbvm_core_objects.dir/exitfunc.c.o
[2/23] Building C object interpreter/CMakeFiles/rxvmref.dir/rxvmref.c.o
[3/23] Building C object interpreter/CMakeFiles/rxbvm_core_objects.dir/interrupt.c.o
[4/23] Building C object interpreter/CMakeFiles/rxvmmemory.dir/rxvmmemory.c.o
[5/23] Building C object interpreter/CMakeFiles/rxbvm.dir/rxvmmain.c.o
[6/23] Building C object interpreter/rxvmplugin/CMakeFiles/rxvmplugin.dir/rxvmplugin_framework.c.o
[7/23] Building C object interpreter/CMakeFiles/rxbvm_core_objects.dir/rxpafuncs.c.o
[8/23] Linking C static library bin/librxvmmemory.a
[9/23] Building C object interpreter/CMakeFiles/rxbvm_core_objects.dir/rxvml/rxvm_run.c.o
[10/23] Building C object interpreter/CMakeFiles/rxbvm_core_objects.dir/rxvmload.c.o
[11/23] Building C object interpreter/CMakeFiles/test_rxvmmemory.dir/tests/test_rxvmmemory.c.o
[12/23] Linking C static library bin/librxvmref.a
[13/23] Building C object interpreter/CMakeFiles/rxbvm_core_objects.dir/rxcrexxcmd.c.o
[14/23] Linking C executable interpreter/test_rxvmmemory
[15/23] Linking C static library bin/librxvmplugin.a
[16/23] Building C object interpreter/CMakeFiles/rxbvm_core_objects.dir/rxspawn.c.o
[17/23] Building C object interpreter/CMakeFiles/rxvm_platform_objects.dir/rxvmsock.c.o
[18/23] Building C object interpreter/CMakeFiles/ts_regvalue_tester.dir/tests/ts_regvalue_tester.c.o
[19/23] Linking C executable interpreter/ts_regvalue_tester
[20/23] Building C object interpreter/CMakeFiles/rxbvm_core_objects.dir/rxvmintp.c.o
[21/23] Linking C executable bin/rxbvm
[22/23] Creating rxvm symlink to rxbvm
