main-arg=0
pull=MiXeD|queued
upperpull=SPLIT SOURCE|0
linein=first input
queue-after-linein=still queued
eof=0
pull-eof=0
version=1|1|1
source=COMMAND|1
compound=CaSe|value
stem=DEFAULT
overwrite=one|two three
value=ab cd|0
empty=0
unicode=É🙂|MIXED
binary=410042
args=MiXeD|Third
upperarg=MIXED
local-source=COMMAND
binary-arg=410042
exposed=Visible value
recursive=CaSe|2
recursive=CaSe|1
recursive=CaSe|0
novalue=NOVALUE
