[rxvm-counts]
bundle-manifest.json: OK
entries/base64-noopt/manifest.json: OK
entries/base64-noopt/profile/profile.csv: OK
entries/base64-noopt/profile/stderr.txt: OK
entries/base64-noopt/profile/stdout.txt: OK
entries/base64-noopt/rxseq/n2-analyse.stderr.txt: OK
entries/base64-noopt/rxseq/n2-analyse.stdout.txt: OK
entries/base64-noopt/rxseq/n2-candidates.csv: OK
entries/base64-noopt/rxseq/n2.rxseq: OK
entries/base64-noopt/rxseq/n2.stderr.txt: OK
entries/base64-noopt/rxseq/n2.stdout.txt: OK
entries/base64-noopt/rxseq/n3-analyse.stderr.txt: OK
entries/base64-noopt/rxseq/n3-analyse.stdout.txt: OK
entries/base64-noopt/rxseq/n3-candidates.csv: OK
entries/base64-noopt/rxseq/n3.rxseq: OK
entries/base64-noopt/rxseq/n3.stderr.txt: OK
entries/base64-noopt/rxseq/n3.stdout.txt: OK
entries/base64-noopt/rxseq/n4-analyse.stderr.txt: OK
entries/base64-noopt/rxseq/n4-analyse.stdout.txt: OK
entries/base64-noopt/rxseq/n4-candidates.csv: OK
entries/base64-noopt/rxseq/n4.rxseq: OK
entries/base64-noopt/rxseq/n4.stderr.txt: OK
entries/base64-noopt/rxseq/n4.stdout.txt: OK
entries/base64-noopt/timing/raw/recorded-1.stderr.txt: OK
entries/base64-noopt/timing/raw/recorded-1.stdout.txt: OK
entries/base64-opt/manifest.json: OK
entries/base64-opt/profile/profile.csv: OK
entries/base64-opt/profile/stderr.txt: OK
entries/base64-opt/profile/stdout.txt: OK
entries/base64-opt/rxseq/n2-analyse.stderr.txt: OK
entries/base64-opt/rxseq/n2-analyse.stdout.txt: OK
entries/base64-opt/rxseq/n2-candidates.csv: OK
entries/base64-opt/rxseq/n2.rxseq: OK
entries/base64-opt/rxseq/n2.stderr.txt: OK
entries/base64-opt/rxseq/n2.stdout.txt: OK
entries/base64-opt/rxseq/n3-analyse.stderr.txt: OK
entries/base64-opt/rxseq/n3-analyse.stdout.txt: OK
entries/base64-opt/rxseq/n3-candidates.csv: OK
entries/base64-opt/rxseq/n3.rxseq: OK
entries/base64-opt/rxseq/n3.stderr.txt: OK
entries/base64-opt/rxseq/n3.stdout.txt: OK
entries/base64-opt/rxseq/n4-analyse.stderr.txt: OK
entries/base64-opt/rxseq/n4-analyse.stdout.txt: OK
entries/base64-opt/rxseq/n4-candidates.csv: OK
entries/base64-opt/rxseq/n4.rxseq: OK
entries/base64-opt/rxseq/n4.stderr.txt: OK
entries/base64-opt/rxseq/n4.stdout.txt: OK
entries/base64-opt/timing/raw/recorded-1.stderr.txt: OK
entries/base64-opt/timing/raw/recorded-1.stdout.txt: OK
entries/bounce-noopt/manifest.json: OK
entries/bounce-noopt/profile/profile.csv: OK
entries/bounce-noopt/profile/stderr.txt: OK
entries/bounce-noopt/profile/stdout.txt: OK
entries/bounce-noopt/rxseq/n2-analyse.stderr.txt: OK
entries/bounce-noopt/rxseq/n2-analyse.stdout.txt: OK
entries/bounce-noopt/rxseq/n2-candidates.csv: OK
entries/bounce-noopt/rxseq/n2.rxseq: OK
entries/bounce-noopt/rxseq/n2.stderr.txt: OK
entries/bounce-noopt/rxseq/n2.stdout.txt: OK
entries/bounce-noopt/rxseq/n3-analyse.stderr.txt: OK
entries/bounce-noopt/rxseq/n3-analyse.stdout.txt: OK
entries/bounce-noopt/rxseq/n3-candidates.csv: OK
entries/bounce-noopt/rxseq/n3.rxseq: OK
entries/bounce-noopt/rxseq/n3.stderr.txt: OK
entries/bounce-noopt/rxseq/n3.stdout.txt: OK
entries/bounce-noopt/rxseq/n4-analyse.stderr.txt: OK
entries/bounce-noopt/rxseq/n4-analyse.stdout.txt: OK
entries/bounce-noopt/rxseq/n4-candidates.csv: OK
entries/bounce-noopt/rxseq/n4.rxseq: OK
entries/bounce-noopt/rxseq/n4.stderr.txt: OK
entries/bounce-noopt/rxseq/n4.stdout.txt: OK
entries/bounce-noopt/timing/raw/recorded-1.stderr.txt: OK
entries/bounce-noopt/timing/raw/recorded-1.stdout.txt: OK
entries/bounce-opt/manifest.json: OK
entries/bounce-opt/profile/profile.csv: OK
entries/bounce-opt/profile/stderr.txt: OK
entries/bounce-opt/profile/stdout.txt: OK
entries/bounce-opt/rxseq/n2-analyse.stderr.txt: OK
entries/bounce-opt/rxseq/n2-analyse.stdout.txt: OK
entries/bounce-opt/rxseq/n2-candidates.csv: OK
entries/bounce-opt/rxseq/n2.rxseq: OK
entries/bounce-opt/rxseq/n2.stderr.txt: OK
entries/bounce-opt/rxseq/n2.stdout.txt: OK
entries/bounce-opt/rxseq/n3-analyse.stderr.txt: OK
entries/bounce-opt/rxseq/n3-analyse.stdout.txt: OK
entries/bounce-opt/rxseq/n3-candidates.csv: OK
entries/bounce-opt/rxseq/n3.rxseq: OK
entries/bounce-opt/rxseq/n3.stderr.txt: OK
entries/bounce-opt/rxseq/n3.stdout.txt: OK
entries/bounce-opt/rxseq/n4-analyse.stderr.txt: OK
entries/bounce-opt/rxseq/n4-analyse.stdout.txt: OK
entries/bounce-opt/rxseq/n4-candidates.csv: OK
entries/bounce-opt/rxseq/n4.rxseq: OK
entries/bounce-opt/rxseq/n4.stderr.txt: OK
entries/bounce-opt/rxseq/n4.stdout.txt: OK
entries/bounce-opt/timing/raw/recorded-1.stderr.txt: OK
entries/bounce-opt/timing/raw/recorded-1.stdout.txt: OK
entries/json-noopt/manifest.json: OK
entries/json-noopt/profile/profile.csv: OK
entries/json-noopt/profile/stderr.txt: OK
entries/json-noopt/profile/stdout.txt: OK
entries/json-noopt/rxseq/n2-analyse.stderr.txt: OK
entries/json-noopt/rxseq/n2-analyse.stdout.txt: OK
entries/json-noopt/rxseq/n2-candidates.csv: OK
entries/json-noopt/rxseq/n2.rxseq: OK
entries/json-noopt/rxseq/n2.stderr.txt: OK
entries/json-noopt/rxseq/n2.stdout.txt: OK
entries/json-noopt/rxseq/n3-analyse.stderr.txt: OK
entries/json-noopt/rxseq/n3-analyse.stdout.txt: OK
entries/json-noopt/rxseq/n3-candidates.csv: OK
entries/json-noopt/rxseq/n3.rxseq: OK
entries/json-noopt/rxseq/n3.stderr.txt: OK
entries/json-noopt/rxseq/n3.stdout.txt: OK
entries/json-noopt/rxseq/n4-analyse.stderr.txt: OK
entries/json-noopt/rxseq/n4-analyse.stdout.txt: OK
entries/json-noopt/rxseq/n4-candidates.csv: OK
entries/json-noopt/rxseq/n4.rxseq: OK
entries/json-noopt/rxseq/n4.stderr.txt: OK
entries/json-noopt/rxseq/n4.stdout.txt: OK
entries/json-noopt/timing/raw/recorded-1.stderr.txt: OK
entries/json-noopt/timing/raw/recorded-1.stdout.txt: OK
entries/json-opt/manifest.json: OK
entries/json-opt/profile/profile.csv: OK
entries/json-opt/profile/stderr.txt: OK
entries/json-opt/profile/stdout.txt: OK
entries/json-opt/rxseq/n2-analyse.stderr.txt: OK
entries/json-opt/rxseq/n2-analyse.stdout.txt: OK
entries/json-opt/rxseq/n2-candidates.csv: OK
entries/json-opt/rxseq/n2.rxseq: OK
entries/json-opt/rxseq/n2.stderr.txt: OK
entries/json-opt/rxseq/n2.stdout.txt: OK
entries/json-opt/rxseq/n3-analyse.stderr.txt: OK
entries/json-opt/rxseq/n3-analyse.stdout.txt: OK
entries/json-opt/rxseq/n3-candidates.csv: OK
entries/json-opt/rxseq/n3.rxseq: OK
entries/json-opt/rxseq/n3.stderr.txt: OK
entries/json-opt/rxseq/n3.stdout.txt: OK
entries/json-opt/rxseq/n4-analyse.stderr.txt: OK
entries/json-opt/rxseq/n4-analyse.stdout.txt: OK
entries/json-opt/rxseq/n4-candidates.csv: OK
entries/json-opt/rxseq/n4.rxseq: OK
entries/json-opt/rxseq/n4.stderr.txt: OK
entries/json-opt/rxseq/n4.stdout.txt: OK
entries/json-opt/timing/raw/recorded-1.stderr.txt: OK
entries/json-opt/timing/raw/recorded-1.stdout.txt: OK
entries/list-noopt/manifest.json: OK
entries/list-noopt/profile/profile.csv: OK
entries/list-noopt/profile/stderr.txt: OK
entries/list-noopt/profile/stdout.txt: OK
entries/list-noopt/rxseq/n2-analyse.stderr.txt: OK
entries/list-noopt/rxseq/n2-analyse.stdout.txt: OK
entries/list-noopt/rxseq/n2-candidates.csv: OK
entries/list-noopt/rxseq/n2.rxseq: OK
entries/list-noopt/rxseq/n2.stderr.txt: OK
entries/list-noopt/rxseq/n2.stdout.txt: OK
entries/list-noopt/rxseq/n3-analyse.stderr.txt: OK
entries/list-noopt/rxseq/n3-analyse.stdout.txt: OK
entries/list-noopt/rxseq/n3-candidates.csv: OK
entries/list-noopt/rxseq/n3.rxseq: OK
entries/list-noopt/rxseq/n3.stderr.txt: OK
entries/list-noopt/rxseq/n3.stdout.txt: OK
entries/list-noopt/rxseq/n4-analyse.stderr.txt: OK
entries/list-noopt/rxseq/n4-analyse.stdout.txt: OK
entries/list-noopt/rxseq/n4-candidates.csv: OK
entries/list-noopt/rxseq/n4.rxseq: OK
entries/list-noopt/rxseq/n4.stderr.txt: OK
entries/list-noopt/rxseq/n4.stdout.txt: OK
entries/list-noopt/timing/raw/recorded-1.stderr.txt: OK
entries/list-noopt/timing/raw/recorded-1.stdout.txt: OK
entries/list-opt/manifest.json: OK
entries/list-opt/profile/profile.csv: OK
entries/list-opt/profile/stderr.txt: OK
entries/list-opt/profile/stdout.txt: OK
entries/list-opt/rxseq/n2-analyse.stderr.txt: OK
entries/list-opt/rxseq/n2-analyse.stdout.txt: OK
entries/list-opt/rxseq/n2-candidates.csv: OK
entries/list-opt/rxseq/n2.rxseq: OK
entries/list-opt/rxseq/n2.stderr.txt: OK
entries/list-opt/rxseq/n2.stdout.txt: OK
entries/list-opt/rxseq/n3-analyse.stderr.txt: OK
entries/list-opt/rxseq/n3-analyse.stdout.txt: OK
entries/list-opt/rxseq/n3-candidates.csv: OK
entries/list-opt/rxseq/n3.rxseq: OK
entries/list-opt/rxseq/n3.stderr.txt: OK
entries/list-opt/rxseq/n3.stdout.txt: OK
entries/list-opt/rxseq/n4-analyse.stderr.txt: OK
entries/list-opt/rxseq/n4-analyse.stdout.txt: OK
entries/list-opt/rxseq/n4-candidates.csv: OK
entries/list-opt/rxseq/n4.rxseq: OK
entries/list-opt/rxseq/n4.stderr.txt: OK
entries/list-opt/rxseq/n4.stdout.txt: OK
entries/list-opt/timing/raw/recorded-1.stderr.txt: OK
entries/list-opt/timing/raw/recorded-1.stdout.txt: OK
entries/mandelbrot-noopt/manifest.json: OK
entries/mandelbrot-noopt/profile/profile.csv: OK
entries/mandelbrot-noopt/profile/stderr.txt: OK
entries/mandelbrot-noopt/profile/stdout.txt: OK
entries/mandelbrot-noopt/rxseq/n2-analyse.stderr.txt: OK
entries/mandelbrot-noopt/rxseq/n2-analyse.stdout.txt: OK
entries/mandelbrot-noopt/rxseq/n2-candidates.csv: OK
entries/mandelbrot-noopt/rxseq/n2.rxseq: OK
entries/mandelbrot-noopt/rxseq/n2.stderr.txt: OK
entries/mandelbrot-noopt/rxseq/n2.stdout.txt: OK
entries/mandelbrot-noopt/rxseq/n3-analyse.stderr.txt: OK
entries/mandelbrot-noopt/rxseq/n3-analyse.stdout.txt: OK
entries/mandelbrot-noopt/rxseq/n3-candidates.csv: OK
entries/mandelbrot-noopt/rxseq/n3.rxseq: OK
entries/mandelbrot-noopt/rxseq/n3.stderr.txt: OK
entries/mandelbrot-noopt/rxseq/n3.stdout.txt: OK
entries/mandelbrot-noopt/rxseq/n4-analyse.stderr.txt: OK
entries/mandelbrot-noopt/rxseq/n4-analyse.stdout.txt: OK
entries/mandelbrot-noopt/rxseq/n4-candidates.csv: OK
entries/mandelbrot-noopt/rxseq/n4.rxseq: OK
entries/mandelbrot-noopt/rxseq/n4.stderr.txt: OK
entries/mandelbrot-noopt/rxseq/n4.stdout.txt: OK
entries/mandelbrot-noopt/timing/raw/recorded-1.stderr.txt: OK
entries/mandelbrot-noopt/timing/raw/recorded-1.stdout.txt: OK
entries/mandelbrot-opt/manifest.json: OK
entries/mandelbrot-opt/profile/profile.csv: OK
entries/mandelbrot-opt/profile/stderr.txt: OK
entries/mandelbrot-opt/profile/stdout.txt: OK
entries/mandelbrot-opt/rxseq/n2-analyse.stderr.txt: OK
entries/mandelbrot-opt/rxseq/n2-analyse.stdout.txt: OK
entries/mandelbrot-opt/rxseq/n2-candidates.csv: OK
entries/mandelbrot-opt/rxseq/n2.rxseq: OK
entries/mandelbrot-opt/rxseq/n2.stderr.txt: OK
entries/mandelbrot-opt/rxseq/n2.stdout.txt: OK
entries/mandelbrot-opt/rxseq/n3-analyse.stderr.txt: OK
entries/mandelbrot-opt/rxseq/n3-analyse.stdout.txt: OK
entries/mandelbrot-opt/rxseq/n3-candidates.csv: OK
entries/mandelbrot-opt/rxseq/n3.rxseq: OK
entries/mandelbrot-opt/rxseq/n3.stderr.txt: OK
entries/mandelbrot-opt/rxseq/n3.stdout.txt: OK
entries/mandelbrot-opt/rxseq/n4-analyse.stderr.txt: OK
entries/mandelbrot-opt/rxseq/n4-analyse.stdout.txt: OK
entries/mandelbrot-opt/rxseq/n4-candidates.csv: OK
entries/mandelbrot-opt/rxseq/n4.rxseq: OK
entries/mandelbrot-opt/rxseq/n4.stderr.txt: OK
entries/mandelbrot-opt/rxseq/n4.stdout.txt: OK
entries/mandelbrot-opt/timing/raw/recorded-1.stderr.txt: OK
entries/mandelbrot-opt/timing/raw/recorded-1.stdout.txt: OK
entries/permute-noopt/manifest.json: OK
entries/permute-noopt/profile/profile.csv: OK
entries/permute-noopt/profile/stderr.txt: OK
entries/permute-noopt/profile/stdout.txt: OK
entries/permute-noopt/rxseq/n2-analyse.stderr.txt: OK
entries/permute-noopt/rxseq/n2-analyse.stdout.txt: OK
entries/permute-noopt/rxseq/n2-candidates.csv: OK
entries/permute-noopt/rxseq/n2.rxseq: OK
entries/permute-noopt/rxseq/n2.stderr.txt: OK
entries/permute-noopt/rxseq/n2.stdout.txt: OK
entries/permute-noopt/rxseq/n3-analyse.stderr.txt: OK
entries/permute-noopt/rxseq/n3-analyse.stdout.txt: OK
entries/permute-noopt/rxseq/n3-candidates.csv: OK
entries/permute-noopt/rxseq/n3.rxseq: OK
entries/permute-noopt/rxseq/n3.stderr.txt: OK
entries/permute-noopt/rxseq/n3.stdout.txt: OK
entries/permute-noopt/rxseq/n4-analyse.stderr.txt: OK
entries/permute-noopt/rxseq/n4-analyse.stdout.txt: OK
entries/permute-noopt/rxseq/n4-candidates.csv: OK
entries/permute-noopt/rxseq/n4.rxseq: OK
entries/permute-noopt/rxseq/n4.stderr.txt: OK
entries/permute-noopt/rxseq/n4.stdout.txt: OK
entries/permute-noopt/timing/raw/recorded-1.stderr.txt: OK
entries/permute-noopt/timing/raw/recorded-1.stdout.txt: OK
entries/permute-opt/manifest.json: OK
entries/permute-opt/profile/profile.csv: OK
entries/permute-opt/profile/stderr.txt: OK
entries/permute-opt/profile/stdout.txt: OK
entries/permute-opt/rxseq/n2-analyse.stderr.txt: OK
entries/permute-opt/rxseq/n2-analyse.stdout.txt: OK
entries/permute-opt/rxseq/n2-candidates.csv: OK
entries/permute-opt/rxseq/n2.rxseq: OK
entries/permute-opt/rxseq/n2.stderr.txt: OK
entries/permute-opt/rxseq/n2.stdout.txt: OK
entries/permute-opt/rxseq/n3-analyse.stderr.txt: OK
entries/permute-opt/rxseq/n3-analyse.stdout.txt: OK
entries/permute-opt/rxseq/n3-candidates.csv: OK
entries/permute-opt/rxseq/n3.rxseq: OK
entries/permute-opt/rxseq/n3.stderr.txt: OK
entries/permute-opt/rxseq/n3.stdout.txt: OK
entries/permute-opt/rxseq/n4-analyse.stderr.txt: OK
entries/permute-opt/rxseq/n4-analyse.stdout.txt: OK
entries/permute-opt/rxseq/n4-candidates.csv: OK
entries/permute-opt/rxseq/n4.rxseq: OK
entries/permute-opt/rxseq/n4.stderr.txt: OK
entries/permute-opt/rxseq/n4.stdout.txt: OK
entries/permute-opt/timing/raw/recorded-1.stderr.txt: OK
entries/permute-opt/timing/raw/recorded-1.stdout.txt: OK
entries/rexxcps-noopt/manifest.json: OK
entries/rexxcps-noopt/profile/profile.csv: OK
entries/rexxcps-noopt/profile/stderr.txt: OK
entries/rexxcps-noopt/profile/stdout.txt: OK
entries/rexxcps-noopt/rxseq/n2-analyse.stderr.txt: OK
entries/rexxcps-noopt/rxseq/n2-analyse.stdout.txt: OK
entries/rexxcps-noopt/rxseq/n2-candidates.csv: OK
entries/rexxcps-noopt/rxseq/n2.rxseq: OK
entries/rexxcps-noopt/rxseq/n2.stderr.txt: OK
entries/rexxcps-noopt/rxseq/n2.stdout.txt: OK
entries/rexxcps-noopt/rxseq/n3-analyse.stderr.txt: OK
entries/rexxcps-noopt/rxseq/n3-analyse.stdout.txt: OK
entries/rexxcps-noopt/rxseq/n3-candidates.csv: OK
entries/rexxcps-noopt/rxseq/n3.rxseq: OK
entries/rexxcps-noopt/rxseq/n3.stderr.txt: OK
entries/rexxcps-noopt/rxseq/n3.stdout.txt: OK
entries/rexxcps-noopt/rxseq/n4-analyse.stderr.txt: OK
entries/rexxcps-noopt/rxseq/n4-analyse.stdout.txt: OK
entries/rexxcps-noopt/rxseq/n4-candidates.csv: OK
entries/rexxcps-noopt/rxseq/n4.rxseq: OK
entries/rexxcps-noopt/rxseq/n4.stderr.txt: OK
entries/rexxcps-noopt/rxseq/n4.stdout.txt: OK
entries/rexxcps-noopt/timing/raw/recorded-1.stderr.txt: OK
entries/rexxcps-noopt/timing/raw/recorded-1.stdout.txt: OK
entries/rexxcps-opt/manifest.json: OK
entries/rexxcps-opt/profile/profile.csv: OK
entries/rexxcps-opt/profile/stderr.txt: OK
entries/rexxcps-opt/profile/stdout.txt: OK
entries/rexxcps-opt/rxseq/n2-analyse.stderr.txt: OK
entries/rexxcps-opt/rxseq/n2-analyse.stdout.txt: OK
entries/rexxcps-opt/rxseq/n2-candidates.csv: OK
entries/rexxcps-opt/rxseq/n2.rxseq: OK
entries/rexxcps-opt/rxseq/n2.stderr.txt: OK
entries/rexxcps-opt/rxseq/n2.stdout.txt: OK
entries/rexxcps-opt/rxseq/n3-analyse.stderr.txt: OK
entries/rexxcps-opt/rxseq/n3-analyse.stdout.txt: OK
entries/rexxcps-opt/rxseq/n3-candidates.csv: OK
entries/rexxcps-opt/rxseq/n3.rxseq: OK
entries/rexxcps-opt/rxseq/n3.stderr.txt: OK
entries/rexxcps-opt/rxseq/n3.stdout.txt: OK
entries/rexxcps-opt/rxseq/n4-analyse.stderr.txt: OK
entries/rexxcps-opt/rxseq/n4-analyse.stdout.txt: OK
entries/rexxcps-opt/rxseq/n4-candidates.csv: OK
entries/rexxcps-opt/rxseq/n4.rxseq: OK
entries/rexxcps-opt/rxseq/n4.stderr.txt: OK
entries/rexxcps-opt/rxseq/n4.stdout.txt: OK
entries/rexxcps-opt/timing/raw/recorded-1.stderr.txt: OK
entries/rexxcps-opt/timing/raw/recorded-1.stdout.txt: OK
entries/richards-noopt/manifest.json: OK
entries/richards-noopt/profile/profile.csv: OK
entries/richards-noopt/profile/stderr.txt: OK
entries/richards-noopt/profile/stdout.txt: OK
entries/richards-noopt/rxseq/n2-analyse.stderr.txt: OK
entries/richards-noopt/rxseq/n2-analyse.stdout.txt: OK
entries/richards-noopt/rxseq/n2-candidates.csv: OK
entries/richards-noopt/rxseq/n2.rxseq: OK
entries/richards-noopt/rxseq/n2.stderr.txt: OK
entries/richards-noopt/rxseq/n2.stdout.txt: OK
entries/richards-noopt/rxseq/n3-analyse.stderr.txt: OK
entries/richards-noopt/rxseq/n3-analyse.stdout.txt: OK
entries/richards-noopt/rxseq/n3-candidates.csv: OK
entries/richards-noopt/rxseq/n3.rxseq: OK
entries/richards-noopt/rxseq/n3.stderr.txt: OK
entries/richards-noopt/rxseq/n3.stdout.txt: OK
entries/richards-noopt/rxseq/n4-analyse.stderr.txt: OK
entries/richards-noopt/rxseq/n4-analyse.stdout.txt: OK
entries/richards-noopt/rxseq/n4-candidates.csv: OK
entries/richards-noopt/rxseq/n4.rxseq: OK
entries/richards-noopt/rxseq/n4.stderr.txt: OK
entries/richards-noopt/rxseq/n4.stdout.txt: OK
entries/richards-noopt/timing/raw/recorded-1.stderr.txt: OK
entries/richards-noopt/timing/raw/recorded-1.stdout.txt: OK
entries/richards-opt/manifest.json: OK
entries/richards-opt/profile/profile.csv: OK
entries/richards-opt/profile/stderr.txt: OK
entries/richards-opt/profile/stdout.txt: OK
entries/richards-opt/rxseq/n2-analyse.stderr.txt: OK
entries/richards-opt/rxseq/n2-analyse.stdout.txt: OK
entries/richards-opt/rxseq/n2-candidates.csv: OK
entries/richards-opt/rxseq/n2.rxseq: OK
entries/richards-opt/rxseq/n2.stderr.txt: OK
entries/richards-opt/rxseq/n2.stdout.txt: OK
entries/richards-opt/rxseq/n3-analyse.stderr.txt: OK
entries/richards-opt/rxseq/n3-analyse.stdout.txt: OK
entries/richards-opt/rxseq/n3-candidates.csv: OK
entries/richards-opt/rxseq/n3.rxseq: OK
entries/richards-opt/rxseq/n3.stderr.txt: OK
entries/richards-opt/rxseq/n3.stdout.txt: OK
entries/richards-opt/rxseq/n4-analyse.stderr.txt: OK
entries/richards-opt/rxseq/n4-analyse.stdout.txt: OK
entries/richards-opt/rxseq/n4-candidates.csv: OK
entries/richards-opt/rxseq/n4.rxseq: OK
entries/richards-opt/rxseq/n4.stderr.txt: OK
entries/richards-opt/rxseq/n4.stdout.txt: OK
entries/richards-opt/timing/raw/recorded-1.stderr.txt: OK
entries/richards-opt/timing/raw/recorded-1.stdout.txt: OK
entries/sieve-noopt/manifest.json: OK
entries/sieve-noopt/profile/profile.csv: OK
entries/sieve-noopt/profile/stderr.txt: OK
entries/sieve-noopt/profile/stdout.txt: OK
entries/sieve-noopt/rxseq/n2-analyse.stderr.txt: OK
entries/sieve-noopt/rxseq/n2-analyse.stdout.txt: OK
entries/sieve-noopt/rxseq/n2-candidates.csv: OK
entries/sieve-noopt/rxseq/n2.rxseq: OK
entries/sieve-noopt/rxseq/n2.stderr.txt: OK
entries/sieve-noopt/rxseq/n2.stdout.txt: OK
entries/sieve-noopt/rxseq/n3-analyse.stderr.txt: OK
entries/sieve-noopt/rxseq/n3-analyse.stdout.txt: OK
entries/sieve-noopt/rxseq/n3-candidates.csv: OK
entries/sieve-noopt/rxseq/n3.rxseq: OK
entries/sieve-noopt/rxseq/n3.stderr.txt: OK
entries/sieve-noopt/rxseq/n3.stdout.txt: OK
entries/sieve-noopt/rxseq/n4-analyse.stderr.txt: OK
entries/sieve-noopt/rxseq/n4-analyse.stdout.txt: OK
entries/sieve-noopt/rxseq/n4-candidates.csv: OK
entries/sieve-noopt/rxseq/n4.rxseq: OK
entries/sieve-noopt/rxseq/n4.stderr.txt: OK
entries/sieve-noopt/rxseq/n4.stdout.txt: OK
entries/sieve-noopt/timing/raw/recorded-1.stderr.txt: OK
entries/sieve-noopt/timing/raw/recorded-1.stdout.txt: OK
entries/sieve-opt/manifest.json: OK
entries/sieve-opt/profile/profile.csv: OK
entries/sieve-opt/profile/stderr.txt: OK
entries/sieve-opt/profile/stdout.txt: OK
entries/sieve-opt/rxseq/n2-analyse.stderr.txt: OK
entries/sieve-opt/rxseq/n2-analyse.stdout.txt: OK
entries/sieve-opt/rxseq/n2-candidates.csv: OK
entries/sieve-opt/rxseq/n2.rxseq: OK
entries/sieve-opt/rxseq/n2.stderr.txt: OK
entries/sieve-opt/rxseq/n2.stdout.txt: OK
entries/sieve-opt/rxseq/n3-analyse.stderr.txt: OK
entries/sieve-opt/rxseq/n3-analyse.stdout.txt: OK
entries/sieve-opt/rxseq/n3-candidates.csv: OK
entries/sieve-opt/rxseq/n3.rxseq: OK
entries/sieve-opt/rxseq/n3.stderr.txt: OK
entries/sieve-opt/rxseq/n3.stdout.txt: OK
entries/sieve-opt/rxseq/n4-analyse.stderr.txt: OK
entries/sieve-opt/rxseq/n4-analyse.stdout.txt: OK
entries/sieve-opt/rxseq/n4-candidates.csv: OK
entries/sieve-opt/rxseq/n4.rxseq: OK
entries/sieve-opt/rxseq/n4.stderr.txt: OK
entries/sieve-opt/rxseq/n4.stdout.txt: OK
entries/sieve-opt/timing/raw/recorded-1.stderr.txt: OK
entries/sieve-opt/timing/raw/recorded-1.stdout.txt: OK
entries/storage-noopt/manifest.json: OK
entries/storage-noopt/profile/profile.csv: OK
entries/storage-noopt/profile/stderr.txt: OK
entries/storage-noopt/profile/stdout.txt: OK
entries/storage-noopt/rxseq/n2-analyse.stderr.txt: OK
entries/storage-noopt/rxseq/n2-analyse.stdout.txt: OK
entries/storage-noopt/rxseq/n2-candidates.csv: OK
entries/storage-noopt/rxseq/n2.rxseq: OK
entries/storage-noopt/rxseq/n2.stderr.txt: OK
entries/storage-noopt/rxseq/n2.stdout.txt: OK
entries/storage-noopt/rxseq/n3-analyse.stderr.txt: OK
entries/storage-noopt/rxseq/n3-analyse.stdout.txt: OK
entries/storage-noopt/rxseq/n3-candidates.csv: OK
entries/storage-noopt/rxseq/n3.rxseq: OK
entries/storage-noopt/rxseq/n3.stderr.txt: OK
entries/storage-noopt/rxseq/n3.stdout.txt: OK
entries/storage-noopt/rxseq/n4-analyse.stderr.txt: OK
entries/storage-noopt/rxseq/n4-analyse.stdout.txt: OK
entries/storage-noopt/rxseq/n4-candidates.csv: OK
entries/storage-noopt/rxseq/n4.rxseq: OK
entries/storage-noopt/rxseq/n4.stderr.txt: OK
entries/storage-noopt/rxseq/n4.stdout.txt: OK
entries/storage-noopt/timing/raw/recorded-1.stderr.txt: OK
entries/storage-noopt/timing/raw/recorded-1.stdout.txt: OK
entries/storage-opt/manifest.json: OK
entries/storage-opt/profile/profile.csv: OK
entries/storage-opt/profile/stderr.txt: OK
entries/storage-opt/profile/stdout.txt: OK
entries/storage-opt/rxseq/n2-analyse.stderr.txt: OK
entries/storage-opt/rxseq/n2-analyse.stdout.txt: OK
entries/storage-opt/rxseq/n2-candidates.csv: OK
entries/storage-opt/rxseq/n2.rxseq: OK
entries/storage-opt/rxseq/n2.stderr.txt: OK
entries/storage-opt/rxseq/n2.stdout.txt: OK
entries/storage-opt/rxseq/n3-analyse.stderr.txt: OK
entries/storage-opt/rxseq/n3-analyse.stdout.txt: OK
entries/storage-opt/rxseq/n3-candidates.csv: OK
entries/storage-opt/rxseq/n3.rxseq: OK
entries/storage-opt/rxseq/n3.stderr.txt: OK
entries/storage-opt/rxseq/n3.stdout.txt: OK
entries/storage-opt/rxseq/n4-analyse.stderr.txt: OK
entries/storage-opt/rxseq/n4-analyse.stdout.txt: OK
entries/storage-opt/rxseq/n4-candidates.csv: OK
entries/storage-opt/rxseq/n4.rxseq: OK
entries/storage-opt/rxseq/n4.stderr.txt: OK
entries/storage-opt/rxseq/n4.stdout.txt: OK
entries/storage-opt/timing/raw/recorded-1.stderr.txt: OK
entries/storage-opt/timing/raw/recorded-1.stdout.txt: OK
entries/towers-noopt/manifest.json: OK
entries/towers-noopt/profile/profile.csv: OK
entries/towers-noopt/profile/stderr.txt: OK
entries/towers-noopt/profile/stdout.txt: OK
entries/towers-noopt/rxseq/n2-analyse.stderr.txt: OK
entries/towers-noopt/rxseq/n2-analyse.stdout.txt: OK
entries/towers-noopt/rxseq/n2-candidates.csv: OK
entries/towers-noopt/rxseq/n2.rxseq: OK
entries/towers-noopt/rxseq/n2.stderr.txt: OK
entries/towers-noopt/rxseq/n2.stdout.txt: OK
entries/towers-noopt/rxseq/n3-analyse.stderr.txt: OK
entries/towers-noopt/rxseq/n3-analyse.stdout.txt: OK
entries/towers-noopt/rxseq/n3-candidates.csv: OK
entries/towers-noopt/rxseq/n3.rxseq: OK
entries/towers-noopt/rxseq/n3.stderr.txt: OK
entries/towers-noopt/rxseq/n3.stdout.txt: OK
entries/towers-noopt/rxseq/n4-analyse.stderr.txt: OK
entries/towers-noopt/rxseq/n4-analyse.stdout.txt: OK
entries/towers-noopt/rxseq/n4-candidates.csv: OK
entries/towers-noopt/rxseq/n4.rxseq: OK
entries/towers-noopt/rxseq/n4.stderr.txt: OK
entries/towers-noopt/rxseq/n4.stdout.txt: OK
entries/towers-noopt/timing/raw/recorded-1.stderr.txt: OK
entries/towers-noopt/timing/raw/recorded-1.stdout.txt: OK
entries/towers-opt/manifest.json: OK
entries/towers-opt/profile/profile.csv: OK
entries/towers-opt/profile/stderr.txt: OK
entries/towers-opt/profile/stdout.txt: OK
entries/towers-opt/rxseq/n2-analyse.stderr.txt: OK
entries/towers-opt/rxseq/n2-analyse.stdout.txt: OK
entries/towers-opt/rxseq/n2-candidates.csv: OK
entries/towers-opt/rxseq/n2.rxseq: OK
entries/towers-opt/rxseq/n2.stderr.txt: OK
entries/towers-opt/rxseq/n2.stdout.txt: OK
entries/towers-opt/rxseq/n3-analyse.stderr.txt: OK
entries/towers-opt/rxseq/n3-analyse.stdout.txt: OK
entries/towers-opt/rxseq/n3-candidates.csv: OK
entries/towers-opt/rxseq/n3.rxseq: OK
entries/towers-opt/rxseq/n3.stderr.txt: OK
entries/towers-opt/rxseq/n3.stdout.txt: OK
entries/towers-opt/rxseq/n4-analyse.stderr.txt: OK
entries/towers-opt/rxseq/n4-analyse.stdout.txt: OK
entries/towers-opt/rxseq/n4-candidates.csv: OK
entries/towers-opt/rxseq/n4.rxseq: OK
entries/towers-opt/rxseq/n4.stderr.txt: OK
entries/towers-opt/rxseq/n4.stdout.txt: OK
entries/towers-opt/timing/raw/recorded-1.stderr.txt: OK
entries/towers-opt/timing/raw/recorded-1.stdout.txt: OK
input-manifest.pre-resume.txt: OK
input-manifest.txt: OK
summary/allocation-report.csv: OK
summary/call-census.csv: OK
summary/call-census.md: OK
summary/instruction-ranking.csv: OK
summary/paired-deltas.csv: OK
summary/procedure-report.csv: OK
summary/profile-status.csv: OK
summary/sequence-ranking.csv: OK
summary/summary.md: OK
summary/timing-samples.csv: OK
verification.txt: OK
entry_directories=22
[rxbvm-counts]
bundle-manifest.json: OK
entries/base64-noopt/manifest.json: OK
entries/base64-noopt/profile/profile.csv: OK
entries/base64-noopt/profile/stderr.txt: OK
entries/base64-noopt/profile/stdout.txt: OK
entries/base64-noopt/rxseq/n2-analyse.stderr.txt: OK
entries/base64-noopt/rxseq/n2-analyse.stdout.txt: OK
entries/base64-noopt/rxseq/n2-candidates.csv: OK
entries/base64-noopt/rxseq/n2.rxseq: OK
entries/base64-noopt/rxseq/n2.stderr.txt: OK
entries/base64-noopt/rxseq/n2.stdout.txt: OK
entries/base64-noopt/rxseq/n3-analyse.stderr.txt: OK
entries/base64-noopt/rxseq/n3-analyse.stdout.txt: OK
entries/base64-noopt/rxseq/n3-candidates.csv: OK
entries/base64-noopt/rxseq/n3.rxseq: OK
entries/base64-noopt/rxseq/n3.stderr.txt: OK
entries/base64-noopt/rxseq/n3.stdout.txt: OK
entries/base64-noopt/rxseq/n4-analyse.stderr.txt: OK
entries/base64-noopt/rxseq/n4-analyse.stdout.txt: OK
entries/base64-noopt/rxseq/n4-candidates.csv: OK
entries/base64-noopt/rxseq/n4.rxseq: OK
entries/base64-noopt/rxseq/n4.stderr.txt: OK
entries/base64-noopt/rxseq/n4.stdout.txt: OK
entries/base64-noopt/timing/raw/recorded-1.stderr.txt: OK
entries/base64-noopt/timing/raw/recorded-1.stdout.txt: OK
entries/base64-opt/manifest.json: OK
entries/base64-opt/profile/profile.csv: OK
entries/base64-opt/profile/stderr.txt: OK
entries/base64-opt/profile/stdout.txt: OK
entries/base64-opt/rxseq/n2-analyse.stderr.txt: OK
entries/base64-opt/rxseq/n2-analyse.stdout.txt: OK
entries/base64-opt/rxseq/n2-candidates.csv: OK
entries/base64-opt/rxseq/n2.rxseq: OK
entries/base64-opt/rxseq/n2.stderr.txt: OK
entries/base64-opt/rxseq/n2.stdout.txt: OK
entries/base64-opt/rxseq/n3-analyse.stderr.txt: OK
entries/base64-opt/rxseq/n3-analyse.stdout.txt: OK
entries/base64-opt/rxseq/n3-candidates.csv: OK
entries/base64-opt/rxseq/n3.rxseq: OK
entries/base64-opt/rxseq/n3.stderr.txt: OK
entries/base64-opt/rxseq/n3.stdout.txt: OK
entries/base64-opt/rxseq/n4-analyse.stderr.txt: OK
entries/base64-opt/rxseq/n4-analyse.stdout.txt: OK
entries/base64-opt/rxseq/n4-candidates.csv: OK
entries/base64-opt/rxseq/n4.rxseq: OK
entries/base64-opt/rxseq/n4.stderr.txt: OK
entries/base64-opt/rxseq/n4.stdout.txt: OK
entries/base64-opt/timing/raw/recorded-1.stderr.txt: OK
entries/base64-opt/timing/raw/recorded-1.stdout.txt: OK
entries/bounce-noopt/manifest.json: OK
entries/bounce-noopt/profile/profile.csv: OK
entries/bounce-noopt/profile/stderr.txt: OK
entries/bounce-noopt/profile/stdout.txt: OK
entries/bounce-noopt/rxseq/n2-analyse.stderr.txt: OK
entries/bounce-noopt/rxseq/n2-analyse.stdout.txt: OK
entries/bounce-noopt/rxseq/n2-candidates.csv: OK
entries/bounce-noopt/rxseq/n2.rxseq: OK
entries/bounce-noopt/rxseq/n2.stderr.txt: OK
entries/bounce-noopt/rxseq/n2.stdout.txt: OK
entries/bounce-noopt/rxseq/n3-analyse.stderr.txt: OK
entries/bounce-noopt/rxseq/n3-analyse.stdout.txt: OK
entries/bounce-noopt/rxseq/n3-candidates.csv: OK
entries/bounce-noopt/rxseq/n3.rxseq: OK
entries/bounce-noopt/rxseq/n3.stderr.txt: OK
entries/bounce-noopt/rxseq/n3.stdout.txt: OK
entries/bounce-noopt/rxseq/n4-analyse.stderr.txt: OK
entries/bounce-noopt/rxseq/n4-analyse.stdout.txt: OK
entries/bounce-noopt/rxseq/n4-candidates.csv: OK
entries/bounce-noopt/rxseq/n4.rxseq: OK
entries/bounce-noopt/rxseq/n4.stderr.txt: OK
entries/bounce-noopt/rxseq/n4.stdout.txt: OK
entries/bounce-noopt/timing/raw/recorded-1.stderr.txt: OK
entries/bounce-noopt/timing/raw/recorded-1.stdout.txt: OK
entries/bounce-opt/manifest.json: OK
entries/bounce-opt/profile/profile.csv: OK
entries/bounce-opt/profile/stderr.txt: OK
entries/bounce-opt/profile/stdout.txt: OK
entries/bounce-opt/rxseq/n2-analyse.stderr.txt: OK
entries/bounce-opt/rxseq/n2-analyse.stdout.txt: OK
entries/bounce-opt/rxseq/n2-candidates.csv: OK
entries/bounce-opt/rxseq/n2.rxseq: OK
entries/bounce-opt/rxseq/n2.stderr.txt: OK
entries/bounce-opt/rxseq/n2.stdout.txt: OK
entries/bounce-opt/rxseq/n3-analyse.stderr.txt: OK
entries/bounce-opt/rxseq/n3-analyse.stdout.txt: OK
entries/bounce-opt/rxseq/n3-candidates.csv: OK
entries/bounce-opt/rxseq/n3.rxseq: OK
entries/bounce-opt/rxseq/n3.stderr.txt: OK
entries/bounce-opt/rxseq/n3.stdout.txt: OK
entries/bounce-opt/rxseq/n4-analyse.stderr.txt: OK
entries/bounce-opt/rxseq/n4-analyse.stdout.txt: OK
entries/bounce-opt/rxseq/n4-candidates.csv: OK
entries/bounce-opt/rxseq/n4.rxseq: OK
entries/bounce-opt/rxseq/n4.stderr.txt: OK
entries/bounce-opt/rxseq/n4.stdout.txt: OK
entries/bounce-opt/timing/raw/recorded-1.stderr.txt: OK
entries/bounce-opt/timing/raw/recorded-1.stdout.txt: OK
entries/json-noopt/manifest.json: OK
entries/json-noopt/profile/profile.csv: OK
entries/json-noopt/profile/stderr.txt: OK
entries/json-noopt/profile/stdout.txt: OK
entries/json-noopt/rxseq/n2-analyse.stderr.txt: OK
entries/json-noopt/rxseq/n2-analyse.stdout.txt: OK
entries/json-noopt/rxseq/n2-candidates.csv: OK
entries/json-noopt/rxseq/n2.rxseq: OK
entries/json-noopt/rxseq/n2.stderr.txt: OK
entries/json-noopt/rxseq/n2.stdout.txt: OK
entries/json-noopt/rxseq/n3-analyse.stderr.txt: OK
entries/json-noopt/rxseq/n3-analyse.stdout.txt: OK
entries/json-noopt/rxseq/n3-candidates.csv: OK
entries/json-noopt/rxseq/n3.rxseq: OK
entries/json-noopt/rxseq/n3.stderr.txt: OK
entries/json-noopt/rxseq/n3.stdout.txt: OK
entries/json-noopt/rxseq/n4-analyse.stderr.txt: OK
entries/json-noopt/rxseq/n4-analyse.stdout.txt: OK
entries/json-noopt/rxseq/n4-candidates.csv: OK
entries/json-noopt/rxseq/n4.rxseq: OK
entries/json-noopt/rxseq/n4.stderr.txt: OK
entries/json-noopt/rxseq/n4.stdout.txt: OK
entries/json-noopt/timing/raw/recorded-1.stderr.txt: OK
entries/json-noopt/timing/raw/recorded-1.stdout.txt: OK
entries/json-opt/manifest.json: OK
entries/json-opt/profile/profile.csv: OK
entries/json-opt/profile/stderr.txt: OK
entries/json-opt/profile/stdout.txt: OK
entries/json-opt/rxseq/n2-analyse.stderr.txt: OK
entries/json-opt/rxseq/n2-analyse.stdout.txt: OK
entries/json-opt/rxseq/n2-candidates.csv: OK
entries/json-opt/rxseq/n2.rxseq: OK
entries/json-opt/rxseq/n2.stderr.txt: OK
entries/json-opt/rxseq/n2.stdout.txt: OK
entries/json-opt/rxseq/n3-analyse.stderr.txt: OK
entries/json-opt/rxseq/n3-analyse.stdout.txt: OK
entries/json-opt/rxseq/n3-candidates.csv: OK
entries/json-opt/rxseq/n3.rxseq: OK
entries/json-opt/rxseq/n3.stderr.txt: OK
entries/json-opt/rxseq/n3.stdout.txt: OK
entries/json-opt/rxseq/n4-analyse.stderr.txt: OK
entries/json-opt/rxseq/n4-analyse.stdout.txt: OK
entries/json-opt/rxseq/n4-candidates.csv: OK
entries/json-opt/rxseq/n4.rxseq: OK
entries/json-opt/rxseq/n4.stderr.txt: OK
entries/json-opt/rxseq/n4.stdout.txt: OK
entries/json-opt/timing/raw/recorded-1.stderr.txt: OK
entries/json-opt/timing/raw/recorded-1.stdout.txt: OK
entries/list-noopt/manifest.json: OK
entries/list-noopt/profile/profile.csv: OK
entries/list-noopt/profile/stderr.txt: OK
entries/list-noopt/profile/stdout.txt: OK
entries/list-noopt/rxseq/n2-analyse.stderr.txt: OK
entries/list-noopt/rxseq/n2-analyse.stdout.txt: OK
entries/list-noopt/rxseq/n2-candidates.csv: OK
entries/list-noopt/rxseq/n2.rxseq: OK
entries/list-noopt/rxseq/n2.stderr.txt: OK
entries/list-noopt/rxseq/n2.stdout.txt: OK
entries/list-noopt/rxseq/n3-analyse.stderr.txt: OK
entries/list-noopt/rxseq/n3-analyse.stdout.txt: OK
entries/list-noopt/rxseq/n3-candidates.csv: OK
entries/list-noopt/rxseq/n3.rxseq: OK
entries/list-noopt/rxseq/n3.stderr.txt: OK
entries/list-noopt/rxseq/n3.stdout.txt: OK
entries/list-noopt/rxseq/n4-analyse.stderr.txt: OK
entries/list-noopt/rxseq/n4-analyse.stdout.txt: OK
entries/list-noopt/rxseq/n4-candidates.csv: OK
entries/list-noopt/rxseq/n4.rxseq: OK
entries/list-noopt/rxseq/n4.stderr.txt: OK
entries/list-noopt/rxseq/n4.stdout.txt: OK
entries/list-noopt/timing/raw/recorded-1.stderr.txt: OK
entries/list-noopt/timing/raw/recorded-1.stdout.txt: OK
entries/list-opt/manifest.json: OK
entries/list-opt/profile/profile.csv: OK
entries/list-opt/profile/stderr.txt: OK
entries/list-opt/profile/stdout.txt: OK
entries/list-opt/rxseq/n2-analyse.stderr.txt: OK
entries/list-opt/rxseq/n2-analyse.stdout.txt: OK
entries/list-opt/rxseq/n2-candidates.csv: OK
entries/list-opt/rxseq/n2.rxseq: OK
entries/list-opt/rxseq/n2.stderr.txt: OK
entries/list-opt/rxseq/n2.stdout.txt: OK
entries/list-opt/rxseq/n3-analyse.stderr.txt: OK
entries/list-opt/rxseq/n3-analyse.stdout.txt: OK
entries/list-opt/rxseq/n3-candidates.csv: OK
entries/list-opt/rxseq/n3.rxseq: OK
entries/list-opt/rxseq/n3.stderr.txt: OK
entries/list-opt/rxseq/n3.stdout.txt: OK
entries/list-opt/rxseq/n4-analyse.stderr.txt: OK
entries/list-opt/rxseq/n4-analyse.stdout.txt: OK
entries/list-opt/rxseq/n4-candidates.csv: OK
entries/list-opt/rxseq/n4.rxseq: OK
entries/list-opt/rxseq/n4.stderr.txt: OK
entries/list-opt/rxseq/n4.stdout.txt: OK
entries/list-opt/timing/raw/recorded-1.stderr.txt: OK
entries/list-opt/timing/raw/recorded-1.stdout.txt: OK
entries/mandelbrot-noopt/manifest.json: OK
entries/mandelbrot-noopt/profile/profile.csv: OK
entries/mandelbrot-noopt/profile/stderr.txt: OK
entries/mandelbrot-noopt/profile/stdout.txt: OK
entries/mandelbrot-noopt/rxseq/n2-analyse.stderr.txt: OK
entries/mandelbrot-noopt/rxseq/n2-analyse.stdout.txt: OK
entries/mandelbrot-noopt/rxseq/n2-candidates.csv: OK
entries/mandelbrot-noopt/rxseq/n2.rxseq: OK
entries/mandelbrot-noopt/rxseq/n2.stderr.txt: OK
entries/mandelbrot-noopt/rxseq/n2.stdout.txt: OK
entries/mandelbrot-noopt/rxseq/n3-analyse.stderr.txt: OK
entries/mandelbrot-noopt/rxseq/n3-analyse.stdout.txt: OK
entries/mandelbrot-noopt/rxseq/n3-candidates.csv: OK
entries/mandelbrot-noopt/rxseq/n3.rxseq: OK
entries/mandelbrot-noopt/rxseq/n3.stderr.txt: OK
entries/mandelbrot-noopt/rxseq/n3.stdout.txt: OK
entries/mandelbrot-noopt/rxseq/n4-analyse.stderr.txt: OK
entries/mandelbrot-noopt/rxseq/n4-analyse.stdout.txt: OK
entries/mandelbrot-noopt/rxseq/n4-candidates.csv: OK
entries/mandelbrot-noopt/rxseq/n4.rxseq: OK
entries/mandelbrot-noopt/rxseq/n4.stderr.txt: OK
entries/mandelbrot-noopt/rxseq/n4.stdout.txt: OK
entries/mandelbrot-noopt/timing/raw/recorded-1.stderr.txt: OK
entries/mandelbrot-noopt/timing/raw/recorded-1.stdout.txt: OK
entries/mandelbrot-opt/manifest.json: OK
entries/mandelbrot-opt/profile/profile.csv: OK
entries/mandelbrot-opt/profile/stderr.txt: OK
entries/mandelbrot-opt/profile/stdout.txt: OK
entries/mandelbrot-opt/rxseq/n2-analyse.stderr.txt: OK
entries/mandelbrot-opt/rxseq/n2-analyse.stdout.txt: OK
entries/mandelbrot-opt/rxseq/n2-candidates.csv: OK
entries/mandelbrot-opt/rxseq/n2.rxseq: OK
entries/mandelbrot-opt/rxseq/n2.stderr.txt: OK
entries/mandelbrot-opt/rxseq/n2.stdout.txt: OK
entries/mandelbrot-opt/rxseq/n3-analyse.stderr.txt: OK
entries/mandelbrot-opt/rxseq/n3-analyse.stdout.txt: OK
entries/mandelbrot-opt/rxseq/n3-candidates.csv: OK
entries/mandelbrot-opt/rxseq/n3.rxseq: OK
entries/mandelbrot-opt/rxseq/n3.stderr.txt: OK
entries/mandelbrot-opt/rxseq/n3.stdout.txt: OK
entries/mandelbrot-opt/rxseq/n4-analyse.stderr.txt: OK
entries/mandelbrot-opt/rxseq/n4-analyse.stdout.txt: OK
entries/mandelbrot-opt/rxseq/n4-candidates.csv: OK
entries/mandelbrot-opt/rxseq/n4.rxseq: OK
entries/mandelbrot-opt/rxseq/n4.stderr.txt: OK
entries/mandelbrot-opt/rxseq/n4.stdout.txt: OK
entries/mandelbrot-opt/timing/raw/recorded-1.stderr.txt: OK
entries/mandelbrot-opt/timing/raw/recorded-1.stdout.txt: OK
entries/permute-noopt/manifest.json: OK
entries/permute-noopt/profile/profile.csv: OK
entries/permute-noopt/profile/stderr.txt: OK
entries/permute-noopt/profile/stdout.txt: OK
entries/permute-noopt/rxseq/n2-analyse.stderr.txt: OK
entries/permute-noopt/rxseq/n2-analyse.stdout.txt: OK
entries/permute-noopt/rxseq/n2-candidates.csv: OK
entries/permute-noopt/rxseq/n2.rxseq: OK
entries/permute-noopt/rxseq/n2.stderr.txt: OK
entries/permute-noopt/rxseq/n2.stdout.txt: OK
entries/permute-noopt/rxseq/n3-analyse.stderr.txt: OK
entries/permute-noopt/rxseq/n3-analyse.stdout.txt: OK
entries/permute-noopt/rxseq/n3-candidates.csv: OK
entries/permute-noopt/rxseq/n3.rxseq: OK
entries/permute-noopt/rxseq/n3.stderr.txt: OK
entries/permute-noopt/rxseq/n3.stdout.txt: OK
entries/permute-noopt/rxseq/n4-analyse.stderr.txt: OK
entries/permute-noopt/rxseq/n4-analyse.stdout.txt: OK
entries/permute-noopt/rxseq/n4-candidates.csv: OK
entries/permute-noopt/rxseq/n4.rxseq: OK
entries/permute-noopt/rxseq/n4.stderr.txt: OK
entries/permute-noopt/rxseq/n4.stdout.txt: OK
entries/permute-noopt/timing/raw/recorded-1.stderr.txt: OK
entries/permute-noopt/timing/raw/recorded-1.stdout.txt: OK
entries/permute-opt/manifest.json: OK
entries/permute-opt/profile/profile.csv: OK
entries/permute-opt/profile/stderr.txt: OK
entries/permute-opt/profile/stdout.txt: OK
entries/permute-opt/rxseq/n2-analyse.stderr.txt: OK
entries/permute-opt/rxseq/n2-analyse.stdout.txt: OK
entries/permute-opt/rxseq/n2-candidates.csv: OK
entries/permute-opt/rxseq/n2.rxseq: OK
entries/permute-opt/rxseq/n2.stderr.txt: OK
entries/permute-opt/rxseq/n2.stdout.txt: OK
entries/permute-opt/rxseq/n3-analyse.stderr.txt: OK
entries/permute-opt/rxseq/n3-analyse.stdout.txt: OK
entries/permute-opt/rxseq/n3-candidates.csv: OK
entries/permute-opt/rxseq/n3.rxseq: OK
entries/permute-opt/rxseq/n3.stderr.txt: OK
entries/permute-opt/rxseq/n3.stdout.txt: OK
entries/permute-opt/rxseq/n4-analyse.stderr.txt: OK
entries/permute-opt/rxseq/n4-analyse.stdout.txt: OK
entries/permute-opt/rxseq/n4-candidates.csv: OK
entries/permute-opt/rxseq/n4.rxseq: OK
entries/permute-opt/rxseq/n4.stderr.txt: OK
entries/permute-opt/rxseq/n4.stdout.txt: OK
entries/permute-opt/timing/raw/recorded-1.stderr.txt: OK
entries/permute-opt/timing/raw/recorded-1.stdout.txt: OK
entries/rexxcps-noopt/manifest.json: OK
entries/rexxcps-noopt/profile/profile.csv: OK
entries/rexxcps-noopt/profile/stderr.txt: OK
entries/rexxcps-noopt/profile/stdout.txt: OK
entries/rexxcps-noopt/rxseq/n2-analyse.stderr.txt: OK
entries/rexxcps-noopt/rxseq/n2-analyse.stdout.txt: OK
entries/rexxcps-noopt/rxseq/n2-candidates.csv: OK
entries/rexxcps-noopt/rxseq/n2.rxseq: OK
entries/rexxcps-noopt/rxseq/n2.stderr.txt: OK
entries/rexxcps-noopt/rxseq/n2.stdout.txt: OK
entries/rexxcps-noopt/rxseq/n3-analyse.stderr.txt: OK
entries/rexxcps-noopt/rxseq/n3-analyse.stdout.txt: OK
entries/rexxcps-noopt/rxseq/n3-candidates.csv: OK
entries/rexxcps-noopt/rxseq/n3.rxseq: OK
entries/rexxcps-noopt/rxseq/n3.stderr.txt: OK
entries/rexxcps-noopt/rxseq/n3.stdout.txt: OK
entries/rexxcps-noopt/rxseq/n4-analyse.stderr.txt: OK
entries/rexxcps-noopt/rxseq/n4-analyse.stdout.txt: OK
entries/rexxcps-noopt/rxseq/n4-candidates.csv: OK
entries/rexxcps-noopt/rxseq/n4.rxseq: OK
entries/rexxcps-noopt/rxseq/n4.stderr.txt: OK
entries/rexxcps-noopt/rxseq/n4.stdout.txt: OK
entries/rexxcps-noopt/timing/raw/recorded-1.stderr.txt: OK
entries/rexxcps-noopt/timing/raw/recorded-1.stdout.txt: OK
entries/rexxcps-opt/manifest.json: OK
entries/rexxcps-opt/profile/profile.csv: OK
entries/rexxcps-opt/profile/stderr.txt: OK
entries/rexxcps-opt/profile/stdout.txt: OK
entries/rexxcps-opt/rxseq/n2-analyse.stderr.txt: OK
entries/rexxcps-opt/rxseq/n2-analyse.stdout.txt: OK
entries/rexxcps-opt/rxseq/n2-candidates.csv: OK
entries/rexxcps-opt/rxseq/n2.rxseq: OK
entries/rexxcps-opt/rxseq/n2.stderr.txt: OK
entries/rexxcps-opt/rxseq/n2.stdout.txt: OK
entries/rexxcps-opt/rxseq/n3-analyse.stderr.txt: OK
entries/rexxcps-opt/rxseq/n3-analyse.stdout.txt: OK
entries/rexxcps-opt/rxseq/n3-candidates.csv: OK
entries/rexxcps-opt/rxseq/n3.rxseq: OK
entries/rexxcps-opt/rxseq/n3.stderr.txt: OK
entries/rexxcps-opt/rxseq/n3.stdout.txt: OK
entries/rexxcps-opt/rxseq/n4-analyse.stderr.txt: OK
entries/rexxcps-opt/rxseq/n4-analyse.stdout.txt: OK
entries/rexxcps-opt/rxseq/n4-candidates.csv: OK
entries/rexxcps-opt/rxseq/n4.rxseq: OK
entries/rexxcps-opt/rxseq/n4.stderr.txt: OK
entries/rexxcps-opt/rxseq/n4.stdout.txt: OK
entries/rexxcps-opt/timing/raw/recorded-1.stderr.txt: OK
entries/rexxcps-opt/timing/raw/recorded-1.stdout.txt: OK
entries/richards-noopt/manifest.json: OK
entries/richards-noopt/profile/profile.csv: OK
entries/richards-noopt/profile/stderr.txt: OK
entries/richards-noopt/profile/stdout.txt: OK
entries/richards-noopt/rxseq/n2-analyse.stderr.txt: OK
entries/richards-noopt/rxseq/n2-analyse.stdout.txt: OK
entries/richards-noopt/rxseq/n2-candidates.csv: OK
entries/richards-noopt/rxseq/n2.rxseq: OK
entries/richards-noopt/rxseq/n2.stderr.txt: OK
entries/richards-noopt/rxseq/n2.stdout.txt: OK
entries/richards-noopt/rxseq/n3-analyse.stderr.txt: OK
entries/richards-noopt/rxseq/n3-analyse.stdout.txt: OK
entries/richards-noopt/rxseq/n3-candidates.csv: OK
entries/richards-noopt/rxseq/n3.rxseq: OK
entries/richards-noopt/rxseq/n3.stderr.txt: OK
entries/richards-noopt/rxseq/n3.stdout.txt: OK
entries/richards-noopt/rxseq/n4-analyse.stderr.txt: OK
entries/richards-noopt/rxseq/n4-analyse.stdout.txt: OK
entries/richards-noopt/rxseq/n4-candidates.csv: OK
entries/richards-noopt/rxseq/n4.rxseq: OK
entries/richards-noopt/rxseq/n4.stderr.txt: OK
entries/richards-noopt/rxseq/n4.stdout.txt: OK
entries/richards-noopt/timing/raw/recorded-1.stderr.txt: OK
entries/richards-noopt/timing/raw/recorded-1.stdout.txt: OK
entries/richards-opt/manifest.json: OK
entries/richards-opt/profile/profile.csv: OK
entries/richards-opt/profile/stderr.txt: OK
entries/richards-opt/profile/stdout.txt: OK
entries/richards-opt/rxseq/n2-analyse.stderr.txt: OK
entries/richards-opt/rxseq/n2-analyse.stdout.txt: OK
entries/richards-opt/rxseq/n2-candidates.csv: OK
entries/richards-opt/rxseq/n2.rxseq: OK
entries/richards-opt/rxseq/n2.stderr.txt: OK
entries/richards-opt/rxseq/n2.stdout.txt: OK
entries/richards-opt/rxseq/n3-analyse.stderr.txt: OK
entries/richards-opt/rxseq/n3-analyse.stdout.txt: OK
entries/richards-opt/rxseq/n3-candidates.csv: OK
entries/richards-opt/rxseq/n3.rxseq: OK
entries/richards-opt/rxseq/n3.stderr.txt: OK
entries/richards-opt/rxseq/n3.stdout.txt: OK
entries/richards-opt/rxseq/n4-analyse.stderr.txt: OK
entries/richards-opt/rxseq/n4-analyse.stdout.txt: OK
entries/richards-opt/rxseq/n4-candidates.csv: OK
entries/richards-opt/rxseq/n4.rxseq: OK
entries/richards-opt/rxseq/n4.stderr.txt: OK
entries/richards-opt/rxseq/n4.stdout.txt: OK
entries/richards-opt/timing/raw/recorded-1.stderr.txt: OK
entries/richards-opt/timing/raw/recorded-1.stdout.txt: OK
entries/sieve-noopt/manifest.json: OK
entries/sieve-noopt/profile/profile.csv: OK
entries/sieve-noopt/profile/stderr.txt: OK
entries/sieve-noopt/profile/stdout.txt: OK
entries/sieve-noopt/rxseq/n2-analyse.stderr.txt: OK
entries/sieve-noopt/rxseq/n2-analyse.stdout.txt: OK
entries/sieve-noopt/rxseq/n2-candidates.csv: OK
entries/sieve-noopt/rxseq/n2.rxseq: OK
entries/sieve-noopt/rxseq/n2.stderr.txt: OK
entries/sieve-noopt/rxseq/n2.stdout.txt: OK
entries/sieve-noopt/rxseq/n3-analyse.stderr.txt: OK
entries/sieve-noopt/rxseq/n3-analyse.stdout.txt: OK
entries/sieve-noopt/rxseq/n3-candidates.csv: OK
entries/sieve-noopt/rxseq/n3.rxseq: OK
entries/sieve-noopt/rxseq/n3.stderr.txt: OK
entries/sieve-noopt/rxseq/n3.stdout.txt: OK
entries/sieve-noopt/rxseq/n4-analyse.stderr.txt: OK
entries/sieve-noopt/rxseq/n4-analyse.stdout.txt: OK
entries/sieve-noopt/rxseq/n4-candidates.csv: OK
entries/sieve-noopt/rxseq/n4.rxseq: OK
entries/sieve-noopt/rxseq/n4.stderr.txt: OK
entries/sieve-noopt/rxseq/n4.stdout.txt: OK
entries/sieve-noopt/timing/raw/recorded-1.stderr.txt: OK
entries/sieve-noopt/timing/raw/recorded-1.stdout.txt: OK
entries/sieve-opt/manifest.json: OK
entries/sieve-opt/profile/profile.csv: OK
entries/sieve-opt/profile/stderr.txt: OK
entries/sieve-opt/profile/stdout.txt: OK
entries/sieve-opt/rxseq/n2-analyse.stderr.txt: OK
entries/sieve-opt/rxseq/n2-analyse.stdout.txt: OK
entries/sieve-opt/rxseq/n2-candidates.csv: OK
entries/sieve-opt/rxseq/n2.rxseq: OK
entries/sieve-opt/rxseq/n2.stderr.txt: OK
entries/sieve-opt/rxseq/n2.stdout.txt: OK
entries/sieve-opt/rxseq/n3-analyse.stderr.txt: OK
entries/sieve-opt/rxseq/n3-analyse.stdout.txt: OK
entries/sieve-opt/rxseq/n3-candidates.csv: OK
entries/sieve-opt/rxseq/n3.rxseq: OK
entries/sieve-opt/rxseq/n3.stderr.txt: OK
entries/sieve-opt/rxseq/n3.stdout.txt: OK
entries/sieve-opt/rxseq/n4-analyse.stderr.txt: OK
entries/sieve-opt/rxseq/n4-analyse.stdout.txt: OK
entries/sieve-opt/rxseq/n4-candidates.csv: OK
entries/sieve-opt/rxseq/n4.rxseq: OK
entries/sieve-opt/rxseq/n4.stderr.txt: OK
entries/sieve-opt/rxseq/n4.stdout.txt: OK
entries/sieve-opt/timing/raw/recorded-1.stderr.txt: OK
entries/sieve-opt/timing/raw/recorded-1.stdout.txt: OK
entries/storage-noopt/manifest.json: OK
entries/storage-noopt/profile/profile.csv: OK
entries/storage-noopt/profile/stderr.txt: OK
entries/storage-noopt/profile/stdout.txt: OK
entries/storage-noopt/rxseq/n2-analyse.stderr.txt: OK
entries/storage-noopt/rxseq/n2-analyse.stdout.txt: OK
entries/storage-noopt/rxseq/n2-candidates.csv: OK
entries/storage-noopt/rxseq/n2.rxseq: OK
entries/storage-noopt/rxseq/n2.stderr.txt: OK
entries/storage-noopt/rxseq/n2.stdout.txt: OK
entries/storage-noopt/rxseq/n3-analyse.stderr.txt: OK
entries/storage-noopt/rxseq/n3-analyse.stdout.txt: OK
entries/storage-noopt/rxseq/n3-candidates.csv: OK
entries/storage-noopt/rxseq/n3.rxseq: OK
entries/storage-noopt/rxseq/n3.stderr.txt: OK
entries/storage-noopt/rxseq/n3.stdout.txt: OK
entries/storage-noopt/rxseq/n4-analyse.stderr.txt: OK
entries/storage-noopt/rxseq/n4-analyse.stdout.txt: OK
entries/storage-noopt/rxseq/n4-candidates.csv: OK
entries/storage-noopt/rxseq/n4.rxseq: OK
entries/storage-noopt/rxseq/n4.stderr.txt: OK
entries/storage-noopt/rxseq/n4.stdout.txt: OK
entries/storage-noopt/timing/raw/recorded-1.stderr.txt: OK
entries/storage-noopt/timing/raw/recorded-1.stdout.txt: OK
entries/storage-opt/manifest.json: OK
entries/storage-opt/profile/profile.csv: OK
entries/storage-opt/profile/stderr.txt: OK
entries/storage-opt/profile/stdout.txt: OK
entries/storage-opt/rxseq/n2-analyse.stderr.txt: OK
entries/storage-opt/rxseq/n2-analyse.stdout.txt: OK
entries/storage-opt/rxseq/n2-candidates.csv: OK
entries/storage-opt/rxseq/n2.rxseq: OK
entries/storage-opt/rxseq/n2.stderr.txt: OK
entries/storage-opt/rxseq/n2.stdout.txt: OK
entries/storage-opt/rxseq/n3-analyse.stderr.txt: OK
entries/storage-opt/rxseq/n3-analyse.stdout.txt: OK
entries/storage-opt/rxseq/n3-candidates.csv: OK
entries/storage-opt/rxseq/n3.rxseq: OK
entries/storage-opt/rxseq/n3.stderr.txt: OK
entries/storage-opt/rxseq/n3.stdout.txt: OK
entries/storage-opt/rxseq/n4-analyse.stderr.txt: OK
entries/storage-opt/rxseq/n4-analyse.stdout.txt: OK
entries/storage-opt/rxseq/n4-candidates.csv: OK
entries/storage-opt/rxseq/n4.rxseq: OK
entries/storage-opt/rxseq/n4.stderr.txt: OK
entries/storage-opt/rxseq/n4.stdout.txt: OK
entries/storage-opt/timing/raw/recorded-1.stderr.txt: OK
entries/storage-opt/timing/raw/recorded-1.stdout.txt: OK
entries/towers-noopt/manifest.json: OK
entries/towers-noopt/profile/profile.csv: OK
entries/towers-noopt/profile/stderr.txt: OK
entries/towers-noopt/profile/stdout.txt: OK
entries/towers-noopt/rxseq/n2-analyse.stderr.txt: OK
entries/towers-noopt/rxseq/n2-analyse.stdout.txt: OK
entries/towers-noopt/rxseq/n2-candidates.csv: OK
entries/towers-noopt/rxseq/n2.rxseq: OK
entries/towers-noopt/rxseq/n2.stderr.txt: OK
entries/towers-noopt/rxseq/n2.stdout.txt: OK
entries/towers-noopt/rxseq/n3-analyse.stderr.txt: OK
entries/towers-noopt/rxseq/n3-analyse.stdout.txt: OK
entries/towers-noopt/rxseq/n3-candidates.csv: OK
entries/towers-noopt/rxseq/n3.rxseq: OK
entries/towers-noopt/rxseq/n3.stderr.txt: OK
entries/towers-noopt/rxseq/n3.stdout.txt: OK
entries/towers-noopt/rxseq/n4-analyse.stderr.txt: OK
entries/towers-noopt/rxseq/n4-analyse.stdout.txt: OK
entries/towers-noopt/rxseq/n4-candidates.csv: OK
entries/towers-noopt/rxseq/n4.rxseq: OK
entries/towers-noopt/rxseq/n4.stderr.txt: OK
entries/towers-noopt/rxseq/n4.stdout.txt: OK
entries/towers-noopt/timing/raw/recorded-1.stderr.txt: OK
entries/towers-noopt/timing/raw/recorded-1.stdout.txt: OK
entries/towers-opt/manifest.json: OK
entries/towers-opt/profile/profile.csv: OK
entries/towers-opt/profile/stderr.txt: OK
entries/towers-opt/profile/stdout.txt: OK
entries/towers-opt/rxseq/n2-analyse.stderr.txt: OK
entries/towers-opt/rxseq/n2-analyse.stdout.txt: OK
entries/towers-opt/rxseq/n2-candidates.csv: OK
entries/towers-opt/rxseq/n2.rxseq: OK
entries/towers-opt/rxseq/n2.stderr.txt: OK
entries/towers-opt/rxseq/n2.stdout.txt: OK
entries/towers-opt/rxseq/n3-analyse.stderr.txt: OK
entries/towers-opt/rxseq/n3-analyse.stdout.txt: OK
entries/towers-opt/rxseq/n3-candidates.csv: OK
entries/towers-opt/rxseq/n3.rxseq: OK
entries/towers-opt/rxseq/n3.stderr.txt: OK
entries/towers-opt/rxseq/n3.stdout.txt: OK
entries/towers-opt/rxseq/n4-analyse.stderr.txt: OK
entries/towers-opt/rxseq/n4-analyse.stdout.txt: OK
entries/towers-opt/rxseq/n4-candidates.csv: OK
entries/towers-opt/rxseq/n4.rxseq: OK
entries/towers-opt/rxseq/n4.stderr.txt: OK
entries/towers-opt/rxseq/n4.stdout.txt: OK
entries/towers-opt/timing/raw/recorded-1.stderr.txt: OK
entries/towers-opt/timing/raw/recorded-1.stdout.txt: OK
input-manifest.txt: OK
summary/allocation-report.csv: OK
summary/call-census.csv: OK
summary/call-census.md: OK
summary/instruction-ranking.csv: OK
summary/paired-deltas.csv: OK
summary/procedure-report.csv: OK
summary/profile-status.csv: OK
summary/sequence-ranking.csv: OK
summary/summary.md: OK
summary/timing-samples.csv: OK
verification.txt: OK
entry_directories=22
[rxvm-selected-timing]
bundle-manifest.json: OK
entries/base64-noopt/manifest.json: OK
entries/base64-noopt/profile/profile.csv: OK
entries/base64-noopt/profile/stderr.txt: OK
entries/base64-noopt/profile/stdout.txt: OK
entries/base64-noopt/rxseq/n2-analyse.stderr.txt: OK
entries/base64-noopt/rxseq/n2-analyse.stdout.txt: OK
entries/base64-noopt/rxseq/n2-candidates.csv: OK
entries/base64-noopt/rxseq/n2.rxseq: OK
entries/base64-noopt/rxseq/n2.stderr.txt: OK
entries/base64-noopt/rxseq/n2.stdout.txt: OK
entries/base64-noopt/rxseq/n3-analyse.stderr.txt: OK
entries/base64-noopt/rxseq/n3-analyse.stdout.txt: OK
entries/base64-noopt/rxseq/n3-candidates.csv: OK
entries/base64-noopt/rxseq/n3.rxseq: OK
entries/base64-noopt/rxseq/n3.stderr.txt: OK
entries/base64-noopt/rxseq/n3.stdout.txt: OK
entries/base64-noopt/rxseq/n4-analyse.stderr.txt: OK
entries/base64-noopt/rxseq/n4-analyse.stdout.txt: OK
entries/base64-noopt/rxseq/n4-candidates.csv: OK
entries/base64-noopt/rxseq/n4.rxseq: OK
entries/base64-noopt/rxseq/n4.stderr.txt: OK
entries/base64-noopt/rxseq/n4.stdout.txt: OK
entries/base64-noopt/timing/raw/recorded-1.stderr.txt: OK
entries/base64-noopt/timing/raw/recorded-1.stdout.txt: OK
entries/base64-opt/manifest.json: OK
entries/base64-opt/profile/profile.csv: OK
entries/base64-opt/profile/stderr.txt: OK
entries/base64-opt/profile/stdout.txt: OK
entries/base64-opt/rxseq/n2-analyse.stderr.txt: OK
entries/base64-opt/rxseq/n2-analyse.stdout.txt: OK
entries/base64-opt/rxseq/n2-candidates.csv: OK
entries/base64-opt/rxseq/n2.rxseq: OK
entries/base64-opt/rxseq/n2.stderr.txt: OK
entries/base64-opt/rxseq/n2.stdout.txt: OK
entries/base64-opt/rxseq/n3-analyse.stderr.txt: OK
entries/base64-opt/rxseq/n3-analyse.stdout.txt: OK
entries/base64-opt/rxseq/n3-candidates.csv: OK
entries/base64-opt/rxseq/n3.rxseq: OK
entries/base64-opt/rxseq/n3.stderr.txt: OK
entries/base64-opt/rxseq/n3.stdout.txt: OK
entries/base64-opt/rxseq/n4-analyse.stderr.txt: OK
entries/base64-opt/rxseq/n4-analyse.stdout.txt: OK
entries/base64-opt/rxseq/n4-candidates.csv: OK
entries/base64-opt/rxseq/n4.rxseq: OK
entries/base64-opt/rxseq/n4.stderr.txt: OK
entries/base64-opt/rxseq/n4.stdout.txt: OK
entries/base64-opt/timing/raw/recorded-1.stderr.txt: OK
entries/base64-opt/timing/raw/recorded-1.stdout.txt: OK
entries/bounce-noopt/manifest.json: OK
entries/bounce-noopt/profile/profile.csv: OK
entries/bounce-noopt/profile/stderr.txt: OK
entries/bounce-noopt/profile/stdout.txt: OK
entries/bounce-noopt/rxseq/n2-analyse.stderr.txt: OK
entries/bounce-noopt/rxseq/n2-analyse.stdout.txt: OK
entries/bounce-noopt/rxseq/n2-candidates.csv: OK
entries/bounce-noopt/rxseq/n2.rxseq: OK
entries/bounce-noopt/rxseq/n2.stderr.txt: OK
entries/bounce-noopt/rxseq/n2.stdout.txt: OK
entries/bounce-noopt/rxseq/n3-analyse.stderr.txt: OK
entries/bounce-noopt/rxseq/n3-analyse.stdout.txt: OK
entries/bounce-noopt/rxseq/n3-candidates.csv: OK
entries/bounce-noopt/rxseq/n3.rxseq: OK
entries/bounce-noopt/rxseq/n3.stderr.txt: OK
entries/bounce-noopt/rxseq/n3.stdout.txt: OK
entries/bounce-noopt/rxseq/n4-analyse.stderr.txt: OK
entries/bounce-noopt/rxseq/n4-analyse.stdout.txt: OK
entries/bounce-noopt/rxseq/n4-candidates.csv: OK
entries/bounce-noopt/rxseq/n4.rxseq: OK
entries/bounce-noopt/rxseq/n4.stderr.txt: OK
entries/bounce-noopt/rxseq/n4.stdout.txt: OK
entries/bounce-noopt/timing/raw/recorded-1.stderr.txt: OK
entries/bounce-noopt/timing/raw/recorded-1.stdout.txt: OK
entries/bounce-opt/manifest.json: OK
entries/bounce-opt/profile/profile.csv: OK
entries/bounce-opt/profile/stderr.txt: OK
entries/bounce-opt/profile/stdout.txt: OK
entries/bounce-opt/rxseq/n2-analyse.stderr.txt: OK
entries/bounce-opt/rxseq/n2-analyse.stdout.txt: OK
entries/bounce-opt/rxseq/n2-candidates.csv: OK
entries/bounce-opt/rxseq/n2.rxseq: OK
entries/bounce-opt/rxseq/n2.stderr.txt: OK
entries/bounce-opt/rxseq/n2.stdout.txt: OK
entries/bounce-opt/rxseq/n3-analyse.stderr.txt: OK
entries/bounce-opt/rxseq/n3-analyse.stdout.txt: OK
entries/bounce-opt/rxseq/n3-candidates.csv: OK
entries/bounce-opt/rxseq/n3.rxseq: OK
entries/bounce-opt/rxseq/n3.stderr.txt: OK
entries/bounce-opt/rxseq/n3.stdout.txt: OK
entries/bounce-opt/rxseq/n4-analyse.stderr.txt: OK
entries/bounce-opt/rxseq/n4-analyse.stdout.txt: OK
entries/bounce-opt/rxseq/n4-candidates.csv: OK
entries/bounce-opt/rxseq/n4.rxseq: OK
entries/bounce-opt/rxseq/n4.stderr.txt: OK
entries/bounce-opt/rxseq/n4.stdout.txt: OK
entries/bounce-opt/timing/raw/recorded-1.stderr.txt: OK
entries/bounce-opt/timing/raw/recorded-1.stdout.txt: OK
entries/rexxcps-noopt/manifest.json: OK
entries/rexxcps-noopt/profile/profile.csv: OK
entries/rexxcps-noopt/profile/stderr.txt: OK
entries/rexxcps-noopt/profile/stdout.txt: OK
entries/rexxcps-noopt/rxseq/n2-analyse.stderr.txt: OK
entries/rexxcps-noopt/rxseq/n2-analyse.stdout.txt: OK
entries/rexxcps-noopt/rxseq/n2-candidates.csv: OK
entries/rexxcps-noopt/rxseq/n2.rxseq: OK
entries/rexxcps-noopt/rxseq/n2.stderr.txt: OK
entries/rexxcps-noopt/rxseq/n2.stdout.txt: OK
entries/rexxcps-noopt/rxseq/n3-analyse.stderr.txt: OK
entries/rexxcps-noopt/rxseq/n3-analyse.stdout.txt: OK
entries/rexxcps-noopt/rxseq/n3-candidates.csv: OK
entries/rexxcps-noopt/rxseq/n3.rxseq: OK
entries/rexxcps-noopt/rxseq/n3.stderr.txt: OK
entries/rexxcps-noopt/rxseq/n3.stdout.txt: OK
entries/rexxcps-noopt/rxseq/n4-analyse.stderr.txt: OK
entries/rexxcps-noopt/rxseq/n4-analyse.stdout.txt: OK
entries/rexxcps-noopt/rxseq/n4-candidates.csv: OK
entries/rexxcps-noopt/rxseq/n4.rxseq: OK
entries/rexxcps-noopt/rxseq/n4.stderr.txt: OK
entries/rexxcps-noopt/rxseq/n4.stdout.txt: OK
entries/rexxcps-noopt/timing/raw/recorded-1.stderr.txt: OK
entries/rexxcps-noopt/timing/raw/recorded-1.stdout.txt: OK
entries/rexxcps-opt/manifest.json: OK
entries/rexxcps-opt/profile/profile.csv: OK
entries/rexxcps-opt/profile/stderr.txt: OK
entries/rexxcps-opt/profile/stdout.txt: OK
entries/rexxcps-opt/rxseq/n2-analyse.stderr.txt: OK
entries/rexxcps-opt/rxseq/n2-analyse.stdout.txt: OK
entries/rexxcps-opt/rxseq/n2-candidates.csv: OK
entries/rexxcps-opt/rxseq/n2.rxseq: OK
entries/rexxcps-opt/rxseq/n2.stderr.txt: OK
entries/rexxcps-opt/rxseq/n2.stdout.txt: OK
entries/rexxcps-opt/rxseq/n3-analyse.stderr.txt: OK
entries/rexxcps-opt/rxseq/n3-analyse.stdout.txt: OK
entries/rexxcps-opt/rxseq/n3-candidates.csv: OK
entries/rexxcps-opt/rxseq/n3.rxseq: OK
entries/rexxcps-opt/rxseq/n3.stderr.txt: OK
entries/rexxcps-opt/rxseq/n3.stdout.txt: OK
entries/rexxcps-opt/rxseq/n4-analyse.stderr.txt: OK
entries/rexxcps-opt/rxseq/n4-analyse.stdout.txt: OK
entries/rexxcps-opt/rxseq/n4-candidates.csv: OK
entries/rexxcps-opt/rxseq/n4.rxseq: OK
entries/rexxcps-opt/rxseq/n4.stderr.txt: OK
entries/rexxcps-opt/rxseq/n4.stdout.txt: OK
entries/rexxcps-opt/timing/raw/recorded-1.stderr.txt: OK
entries/rexxcps-opt/timing/raw/recorded-1.stdout.txt: OK
entries/richards-noopt/manifest.json: OK
entries/richards-noopt/profile/profile.csv: OK
entries/richards-noopt/profile/stderr.txt: OK
entries/richards-noopt/profile/stdout.txt: OK
entries/richards-noopt/rxseq/n2-analyse.stderr.txt: OK
entries/richards-noopt/rxseq/n2-analyse.stdout.txt: OK
entries/richards-noopt/rxseq/n2-candidates.csv: OK
entries/richards-noopt/rxseq/n2.rxseq: OK
entries/richards-noopt/rxseq/n2.stderr.txt: OK
entries/richards-noopt/rxseq/n2.stdout.txt: OK
entries/richards-noopt/rxseq/n3-analyse.stderr.txt: OK
entries/richards-noopt/rxseq/n3-analyse.stdout.txt: OK
entries/richards-noopt/rxseq/n3-candidates.csv: OK
entries/richards-noopt/rxseq/n3.rxseq: OK
entries/richards-noopt/rxseq/n3.stderr.txt: OK
entries/richards-noopt/rxseq/n3.stdout.txt: OK
entries/richards-noopt/rxseq/n4-analyse.stderr.txt: OK
entries/richards-noopt/rxseq/n4-analyse.stdout.txt: OK
entries/richards-noopt/rxseq/n4-candidates.csv: OK
entries/richards-noopt/rxseq/n4.rxseq: OK
entries/richards-noopt/rxseq/n4.stderr.txt: OK
entries/richards-noopt/rxseq/n4.stdout.txt: OK
entries/richards-noopt/timing/raw/recorded-1.stderr.txt: OK
entries/richards-noopt/timing/raw/recorded-1.stdout.txt: OK
entries/richards-opt/manifest.json: OK
entries/richards-opt/profile/profile.csv: OK
entries/richards-opt/profile/stderr.txt: OK
entries/richards-opt/profile/stdout.txt: OK
entries/richards-opt/rxseq/n2-analyse.stderr.txt: OK
entries/richards-opt/rxseq/n2-analyse.stdout.txt: OK
entries/richards-opt/rxseq/n2-candidates.csv: OK
entries/richards-opt/rxseq/n2.rxseq: OK
entries/richards-opt/rxseq/n2.stderr.txt: OK
entries/richards-opt/rxseq/n2.stdout.txt: OK
entries/richards-opt/rxseq/n3-analyse.stderr.txt: OK
entries/richards-opt/rxseq/n3-analyse.stdout.txt: OK
entries/richards-opt/rxseq/n3-candidates.csv: OK
entries/richards-opt/rxseq/n3.rxseq: OK
entries/richards-opt/rxseq/n3.stderr.txt: OK
entries/richards-opt/rxseq/n3.stdout.txt: OK
entries/richards-opt/rxseq/n4-analyse.stderr.txt: OK
entries/richards-opt/rxseq/n4-analyse.stdout.txt: OK
entries/richards-opt/rxseq/n4-candidates.csv: OK
entries/richards-opt/rxseq/n4.rxseq: OK
entries/richards-opt/rxseq/n4.stderr.txt: OK
entries/richards-opt/rxseq/n4.stdout.txt: OK
entries/richards-opt/timing/raw/recorded-1.stderr.txt: OK
entries/richards-opt/timing/raw/recorded-1.stdout.txt: OK
entries/sieve-noopt/manifest.json: OK
entries/sieve-noopt/profile/profile.csv: OK
entries/sieve-noopt/profile/stderr.txt: OK
entries/sieve-noopt/profile/stdout.txt: OK
entries/sieve-noopt/rxseq/n2-analyse.stderr.txt: OK
entries/sieve-noopt/rxseq/n2-analyse.stdout.txt: OK
entries/sieve-noopt/rxseq/n2-candidates.csv: OK
entries/sieve-noopt/rxseq/n2.rxseq: OK
entries/sieve-noopt/rxseq/n2.stderr.txt: OK
entries/sieve-noopt/rxseq/n2.stdout.txt: OK
entries/sieve-noopt/rxseq/n3-analyse.stderr.txt: OK
entries/sieve-noopt/rxseq/n3-analyse.stdout.txt: OK
entries/sieve-noopt/rxseq/n3-candidates.csv: OK
entries/sieve-noopt/rxseq/n3.rxseq: OK
entries/sieve-noopt/rxseq/n3.stderr.txt: OK
entries/sieve-noopt/rxseq/n3.stdout.txt: OK
entries/sieve-noopt/rxseq/n4-analyse.stderr.txt: OK
entries/sieve-noopt/rxseq/n4-analyse.stdout.txt: OK
entries/sieve-noopt/rxseq/n4-candidates.csv: OK
entries/sieve-noopt/rxseq/n4.rxseq: OK
entries/sieve-noopt/rxseq/n4.stderr.txt: OK
entries/sieve-noopt/rxseq/n4.stdout.txt: OK
entries/sieve-noopt/timing/raw/recorded-1.stderr.txt: OK
entries/sieve-noopt/timing/raw/recorded-1.stdout.txt: OK
entries/sieve-opt/manifest.json: OK
entries/sieve-opt/profile/profile.csv: OK
entries/sieve-opt/profile/stderr.txt: OK
entries/sieve-opt/profile/stdout.txt: OK
entries/sieve-opt/rxseq/n2-analyse.stderr.txt: OK
entries/sieve-opt/rxseq/n2-analyse.stdout.txt: OK
entries/sieve-opt/rxseq/n2-candidates.csv: OK
entries/sieve-opt/rxseq/n2.rxseq: OK
entries/sieve-opt/rxseq/n2.stderr.txt: OK
entries/sieve-opt/rxseq/n2.stdout.txt: OK
entries/sieve-opt/rxseq/n3-analyse.stderr.txt: OK
entries/sieve-opt/rxseq/n3-analyse.stdout.txt: OK
entries/sieve-opt/rxseq/n3-candidates.csv: OK
entries/sieve-opt/rxseq/n3.rxseq: OK
entries/sieve-opt/rxseq/n3.stderr.txt: OK
entries/sieve-opt/rxseq/n3.stdout.txt: OK
entries/sieve-opt/rxseq/n4-analyse.stderr.txt: OK
entries/sieve-opt/rxseq/n4-analyse.stdout.txt: OK
entries/sieve-opt/rxseq/n4-candidates.csv: OK
entries/sieve-opt/rxseq/n4.rxseq: OK
entries/sieve-opt/rxseq/n4.stderr.txt: OK
entries/sieve-opt/rxseq/n4.stdout.txt: OK
entries/sieve-opt/timing/raw/recorded-1.stderr.txt: OK
entries/sieve-opt/timing/raw/recorded-1.stdout.txt: OK
input-manifest.txt: OK
summary/allocation-report.csv: OK
summary/call-census.csv: OK
summary/call-census.md: OK
summary/instruction-ranking.csv: OK
summary/paired-deltas.csv: OK
summary/procedure-report.csv: OK
summary/profile-status.csv: OK
summary/sequence-ranking.csv: OK
summary/summary.md: OK
summary/timing-samples.csv: OK
verification.txt: OK
entry_directories=10
[rxbvm-selected-timing]
bundle-manifest.json: OK
entries/base64-noopt/manifest.json: OK
entries/base64-noopt/profile/profile.csv: OK
entries/base64-noopt/profile/stderr.txt: OK
entries/base64-noopt/profile/stdout.txt: OK
entries/base64-noopt/rxseq/n2-analyse.stderr.txt: OK
entries/base64-noopt/rxseq/n2-analyse.stdout.txt: OK
entries/base64-noopt/rxseq/n2-candidates.csv: OK
entries/base64-noopt/rxseq/n2.rxseq: OK
entries/base64-noopt/rxseq/n2.stderr.txt: OK
entries/base64-noopt/rxseq/n2.stdout.txt: OK
entries/base64-noopt/rxseq/n3-analyse.stderr.txt: OK
entries/base64-noopt/rxseq/n3-analyse.stdout.txt: OK
entries/base64-noopt/rxseq/n3-candidates.csv: OK
entries/base64-noopt/rxseq/n3.rxseq: OK
entries/base64-noopt/rxseq/n3.stderr.txt: OK
entries/base64-noopt/rxseq/n3.stdout.txt: OK
entries/base64-noopt/rxseq/n4-analyse.stderr.txt: OK
entries/base64-noopt/rxseq/n4-analyse.stdout.txt: OK
entries/base64-noopt/rxseq/n4-candidates.csv: OK
entries/base64-noopt/rxseq/n4.rxseq: OK
entries/base64-noopt/rxseq/n4.stderr.txt: OK
entries/base64-noopt/rxseq/n4.stdout.txt: OK
entries/base64-noopt/timing/raw/recorded-1.stderr.txt: OK
entries/base64-noopt/timing/raw/recorded-1.stdout.txt: OK
entries/base64-opt/manifest.json: OK
entries/base64-opt/profile/profile.csv: OK
entries/base64-opt/profile/stderr.txt: OK
entries/base64-opt/profile/stdout.txt: OK
entries/base64-opt/rxseq/n2-analyse.stderr.txt: OK
entries/base64-opt/rxseq/n2-analyse.stdout.txt: OK
entries/base64-opt/rxseq/n2-candidates.csv: OK
entries/base64-opt/rxseq/n2.rxseq: OK
entries/base64-opt/rxseq/n2.stderr.txt: OK
entries/base64-opt/rxseq/n2.stdout.txt: OK
entries/base64-opt/rxseq/n3-analyse.stderr.txt: OK
entries/base64-opt/rxseq/n3-analyse.stdout.txt: OK
entries/base64-opt/rxseq/n3-candidates.csv: OK
entries/base64-opt/rxseq/n3.rxseq: OK
entries/base64-opt/rxseq/n3.stderr.txt: OK
entries/base64-opt/rxseq/n3.stdout.txt: OK
entries/base64-opt/rxseq/n4-analyse.stderr.txt: OK
entries/base64-opt/rxseq/n4-analyse.stdout.txt: OK
entries/base64-opt/rxseq/n4-candidates.csv: OK
entries/base64-opt/rxseq/n4.rxseq: OK
entries/base64-opt/rxseq/n4.stderr.txt: OK
entries/base64-opt/rxseq/n4.stdout.txt: OK
entries/base64-opt/timing/raw/recorded-1.stderr.txt: OK
entries/base64-opt/timing/raw/recorded-1.stdout.txt: OK
entries/bounce-noopt/manifest.json: OK
entries/bounce-noopt/profile/profile.csv: OK
entries/bounce-noopt/profile/stderr.txt: OK
entries/bounce-noopt/profile/stdout.txt: OK
entries/bounce-noopt/rxseq/n2-analyse.stderr.txt: OK
entries/bounce-noopt/rxseq/n2-analyse.stdout.txt: OK
entries/bounce-noopt/rxseq/n2-candidates.csv: OK
entries/bounce-noopt/rxseq/n2.rxseq: OK
entries/bounce-noopt/rxseq/n2.stderr.txt: OK
entries/bounce-noopt/rxseq/n2.stdout.txt: OK
entries/bounce-noopt/rxseq/n3-analyse.stderr.txt: OK
entries/bounce-noopt/rxseq/n3-analyse.stdout.txt: OK
entries/bounce-noopt/rxseq/n3-candidates.csv: OK
entries/bounce-noopt/rxseq/n3.rxseq: OK
entries/bounce-noopt/rxseq/n3.stderr.txt: OK
entries/bounce-noopt/rxseq/n3.stdout.txt: OK
entries/bounce-noopt/rxseq/n4-analyse.stderr.txt: OK
entries/bounce-noopt/rxseq/n4-analyse.stdout.txt: OK
entries/bounce-noopt/rxseq/n4-candidates.csv: OK
entries/bounce-noopt/rxseq/n4.rxseq: OK
entries/bounce-noopt/rxseq/n4.stderr.txt: OK
entries/bounce-noopt/rxseq/n4.stdout.txt: OK
entries/bounce-noopt/timing/raw/recorded-1.stderr.txt: OK
entries/bounce-noopt/timing/raw/recorded-1.stdout.txt: OK
entries/bounce-opt/manifest.json: OK
entries/bounce-opt/profile/profile.csv: OK
entries/bounce-opt/profile/stderr.txt: OK
entries/bounce-opt/profile/stdout.txt: OK
entries/bounce-opt/rxseq/n2-analyse.stderr.txt: OK
entries/bounce-opt/rxseq/n2-analyse.stdout.txt: OK
entries/bounce-opt/rxseq/n2-candidates.csv: OK
entries/bounce-opt/rxseq/n2.rxseq: OK
entries/bounce-opt/rxseq/n2.stderr.txt: OK
entries/bounce-opt/rxseq/n2.stdout.txt: OK
entries/bounce-opt/rxseq/n3-analyse.stderr.txt: OK
entries/bounce-opt/rxseq/n3-analyse.stdout.txt: OK
entries/bounce-opt/rxseq/n3-candidates.csv: OK
entries/bounce-opt/rxseq/n3.rxseq: OK
entries/bounce-opt/rxseq/n3.stderr.txt: OK
entries/bounce-opt/rxseq/n3.stdout.txt: OK
entries/bounce-opt/rxseq/n4-analyse.stderr.txt: OK
entries/bounce-opt/rxseq/n4-analyse.stdout.txt: OK
entries/bounce-opt/rxseq/n4-candidates.csv: OK
entries/bounce-opt/rxseq/n4.rxseq: OK
entries/bounce-opt/rxseq/n4.stderr.txt: OK
entries/bounce-opt/rxseq/n4.stdout.txt: OK
entries/bounce-opt/timing/raw/recorded-1.stderr.txt: OK
entries/bounce-opt/timing/raw/recorded-1.stdout.txt: OK
entries/rexxcps-noopt/manifest.json: OK
entries/rexxcps-noopt/profile/profile.csv: OK
entries/rexxcps-noopt/profile/stderr.txt: OK
entries/rexxcps-noopt/profile/stdout.txt: OK
entries/rexxcps-noopt/rxseq/n2-analyse.stderr.txt: OK
entries/rexxcps-noopt/rxseq/n2-analyse.stdout.txt: OK
entries/rexxcps-noopt/rxseq/n2-candidates.csv: OK
entries/rexxcps-noopt/rxseq/n2.rxseq: OK
entries/rexxcps-noopt/rxseq/n2.stderr.txt: OK
entries/rexxcps-noopt/rxseq/n2.stdout.txt: OK
entries/rexxcps-noopt/rxseq/n3-analyse.stderr.txt: OK
entries/rexxcps-noopt/rxseq/n3-analyse.stdout.txt: OK
entries/rexxcps-noopt/rxseq/n3-candidates.csv: OK
entries/rexxcps-noopt/rxseq/n3.rxseq: OK
entries/rexxcps-noopt/rxseq/n3.stderr.txt: OK
entries/rexxcps-noopt/rxseq/n3.stdout.txt: OK
entries/rexxcps-noopt/rxseq/n4-analyse.stderr.txt: OK
entries/rexxcps-noopt/rxseq/n4-analyse.stdout.txt: OK
entries/rexxcps-noopt/rxseq/n4-candidates.csv: OK
entries/rexxcps-noopt/rxseq/n4.rxseq: OK
entries/rexxcps-noopt/rxseq/n4.stderr.txt: OK
entries/rexxcps-noopt/rxseq/n4.stdout.txt: OK
entries/rexxcps-noopt/timing/raw/recorded-1.stderr.txt: OK
entries/rexxcps-noopt/timing/raw/recorded-1.stdout.txt: OK
entries/rexxcps-opt/manifest.json: OK
entries/rexxcps-opt/profile/profile.csv: OK
entries/rexxcps-opt/profile/stderr.txt: OK
entries/rexxcps-opt/profile/stdout.txt: OK
entries/rexxcps-opt/rxseq/n2-analyse.stderr.txt: OK
entries/rexxcps-opt/rxseq/n2-analyse.stdout.txt: OK
entries/rexxcps-opt/rxseq/n2-candidates.csv: OK
entries/rexxcps-opt/rxseq/n2.rxseq: OK
entries/rexxcps-opt/rxseq/n2.stderr.txt: OK
entries/rexxcps-opt/rxseq/n2.stdout.txt: OK
entries/rexxcps-opt/rxseq/n3-analyse.stderr.txt: OK
entries/rexxcps-opt/rxseq/n3-analyse.stdout.txt: OK
entries/rexxcps-opt/rxseq/n3-candidates.csv: OK
entries/rexxcps-opt/rxseq/n3.rxseq: OK
entries/rexxcps-opt/rxseq/n3.stderr.txt: OK
entries/rexxcps-opt/rxseq/n3.stdout.txt: OK
entries/rexxcps-opt/rxseq/n4-analyse.stderr.txt: OK
entries/rexxcps-opt/rxseq/n4-analyse.stdout.txt: OK
entries/rexxcps-opt/rxseq/n4-candidates.csv: OK
entries/rexxcps-opt/rxseq/n4.rxseq: OK
entries/rexxcps-opt/rxseq/n4.stderr.txt: OK
entries/rexxcps-opt/rxseq/n4.stdout.txt: OK
entries/rexxcps-opt/timing/raw/recorded-1.stderr.txt: OK
entries/rexxcps-opt/timing/raw/recorded-1.stdout.txt: OK
entries/richards-noopt/manifest.json: OK
entries/richards-noopt/profile/profile.csv: OK
entries/richards-noopt/profile/stderr.txt: OK
entries/richards-noopt/profile/stdout.txt: OK
entries/richards-noopt/rxseq/n2-analyse.stderr.txt: OK
entries/richards-noopt/rxseq/n2-analyse.stdout.txt: OK
entries/richards-noopt/rxseq/n2-candidates.csv: OK
entries/richards-noopt/rxseq/n2.rxseq: OK
entries/richards-noopt/rxseq/n2.stderr.txt: OK
entries/richards-noopt/rxseq/n2.stdout.txt: OK
entries/richards-noopt/rxseq/n3-analyse.stderr.txt: OK
entries/richards-noopt/rxseq/n3-analyse.stdout.txt: OK
entries/richards-noopt/rxseq/n3-candidates.csv: OK
entries/richards-noopt/rxseq/n3.rxseq: OK
entries/richards-noopt/rxseq/n3.stderr.txt: OK
entries/richards-noopt/rxseq/n3.stdout.txt: OK
entries/richards-noopt/rxseq/n4-analyse.stderr.txt: OK
entries/richards-noopt/rxseq/n4-analyse.stdout.txt: OK
entries/richards-noopt/rxseq/n4-candidates.csv: OK
entries/richards-noopt/rxseq/n4.rxseq: OK
entries/richards-noopt/rxseq/n4.stderr.txt: OK
entries/richards-noopt/rxseq/n4.stdout.txt: OK
entries/richards-noopt/timing/raw/recorded-1.stderr.txt: OK
entries/richards-noopt/timing/raw/recorded-1.stdout.txt: OK
entries/richards-opt/manifest.json: OK
entries/richards-opt/profile/profile.csv: OK
entries/richards-opt/profile/stderr.txt: OK
entries/richards-opt/profile/stdout.txt: OK
entries/richards-opt/rxseq/n2-analyse.stderr.txt: OK
entries/richards-opt/rxseq/n2-analyse.stdout.txt: OK
entries/richards-opt/rxseq/n2-candidates.csv: OK
entries/richards-opt/rxseq/n2.rxseq: OK
entries/richards-opt/rxseq/n2.stderr.txt: OK
entries/richards-opt/rxseq/n2.stdout.txt: OK
entries/richards-opt/rxseq/n3-analyse.stderr.txt: OK
entries/richards-opt/rxseq/n3-analyse.stdout.txt: OK
entries/richards-opt/rxseq/n3-candidates.csv: OK
entries/richards-opt/rxseq/n3.rxseq: OK
entries/richards-opt/rxseq/n3.stderr.txt: OK
entries/richards-opt/rxseq/n3.stdout.txt: OK
entries/richards-opt/rxseq/n4-analyse.stderr.txt: OK
entries/richards-opt/rxseq/n4-analyse.stdout.txt: OK
entries/richards-opt/rxseq/n4-candidates.csv: OK
entries/richards-opt/rxseq/n4.rxseq: OK
entries/richards-opt/rxseq/n4.stderr.txt: OK
entries/richards-opt/rxseq/n4.stdout.txt: OK
entries/richards-opt/timing/raw/recorded-1.stderr.txt: OK
entries/richards-opt/timing/raw/recorded-1.stdout.txt: OK
entries/sieve-noopt/manifest.json: OK
entries/sieve-noopt/profile/profile.csv: OK
entries/sieve-noopt/profile/stderr.txt: OK
entries/sieve-noopt/profile/stdout.txt: OK
entries/sieve-noopt/rxseq/n2-analyse.stderr.txt: OK
entries/sieve-noopt/rxseq/n2-analyse.stdout.txt: OK
entries/sieve-noopt/rxseq/n2-candidates.csv: OK
entries/sieve-noopt/rxseq/n2.rxseq: OK
entries/sieve-noopt/rxseq/n2.stderr.txt: OK
entries/sieve-noopt/rxseq/n2.stdout.txt: OK
entries/sieve-noopt/rxseq/n3-analyse.stderr.txt: OK
entries/sieve-noopt/rxseq/n3-analyse.stdout.txt: OK
entries/sieve-noopt/rxseq/n3-candidates.csv: OK
entries/sieve-noopt/rxseq/n3.rxseq: OK
entries/sieve-noopt/rxseq/n3.stderr.txt: OK
entries/sieve-noopt/rxseq/n3.stdout.txt: OK
entries/sieve-noopt/rxseq/n4-analyse.stderr.txt: OK
entries/sieve-noopt/rxseq/n4-analyse.stdout.txt: OK
entries/sieve-noopt/rxseq/n4-candidates.csv: OK
entries/sieve-noopt/rxseq/n4.rxseq: OK
entries/sieve-noopt/rxseq/n4.stderr.txt: OK
entries/sieve-noopt/rxseq/n4.stdout.txt: OK
entries/sieve-noopt/timing/raw/recorded-1.stderr.txt: OK
entries/sieve-noopt/timing/raw/recorded-1.stdout.txt: OK
entries/sieve-opt/manifest.json: OK
entries/sieve-opt/profile/profile.csv: OK
entries/sieve-opt/profile/stderr.txt: OK
entries/sieve-opt/profile/stdout.txt: OK
entries/sieve-opt/rxseq/n2-analyse.stderr.txt: OK
entries/sieve-opt/rxseq/n2-analyse.stdout.txt: OK
entries/sieve-opt/rxseq/n2-candidates.csv: OK
entries/sieve-opt/rxseq/n2.rxseq: OK
entries/sieve-opt/rxseq/n2.stderr.txt: OK
entries/sieve-opt/rxseq/n2.stdout.txt: OK
entries/sieve-opt/rxseq/n3-analyse.stderr.txt: OK
entries/sieve-opt/rxseq/n3-analyse.stdout.txt: OK
entries/sieve-opt/rxseq/n3-candidates.csv: OK
entries/sieve-opt/rxseq/n3.rxseq: OK
entries/sieve-opt/rxseq/n3.stderr.txt: OK
entries/sieve-opt/rxseq/n3.stdout.txt: OK
entries/sieve-opt/rxseq/n4-analyse.stderr.txt: OK
entries/sieve-opt/rxseq/n4-analyse.stdout.txt: OK
entries/sieve-opt/rxseq/n4-candidates.csv: OK
entries/sieve-opt/rxseq/n4.rxseq: OK
entries/sieve-opt/rxseq/n4.stderr.txt: OK
entries/sieve-opt/rxseq/n4.stdout.txt: OK
entries/sieve-opt/timing/raw/recorded-1.stderr.txt: OK
entries/sieve-opt/timing/raw/recorded-1.stdout.txt: OK
input-manifest.txt: OK
summary/allocation-report.csv: OK
summary/call-census.csv: OK
summary/call-census.md: OK
summary/instruction-ranking.csv: OK
summary/paired-deltas.csv: OK
summary/procedure-report.csv: OK
summary/profile-status.csv: OK
summary/sequence-ranking.csv: OK
summary/summary.md: OK
summary/timing-samples.csv: OK
verification.txt: OK
entry_directories=10
