[0/2] Re-checking globbed directories...
[1/191] Building C object interpreter/CMakeFiles/rxtvm_core_objects.dir/rxvmprogram.c.o
[2/191] Building C object assembler/CMakeFiles/rxaslib.dir/__/binutils/rxopmeta.c.o
[3/191] Building C object interpreter/CMakeFiles/rxtvm_core_objects.dir/rxvmactive.c.o
[4/191] Building C object interpreter/CMakeFiles/rxtvm_core_objects.dir/rxvmchannel_process.c.o
[5/191] Building C object interpreter/CMakeFiles/rxtvm_core_objects.dir/rxvmchannel_child.c.o
[6/191] Building C object interpreter/CMakeFiles/rxtvm_core_objects.dir/interrupt.c.o
[7/191] Building C object interpreter/CMakeFiles/rxtvm_core_objects.dir/exitfunc.c.o
[8/191] Building C object interpreter/CMakeFiles/rxtvm_core_objects.dir/rxvmload.c.o
[9/191] Building C object interpreter/CMakeFiles/rxtvm_core_objects.dir/rxvmchannel.c.o
[10/191] Building C object interpreter/CMakeFiles/rxtvm_core_objects.dir/rxpafuncs.c.o
[11/191] Building C object interpreter/CMakeFiles/rxtvm_core_objects.dir/rxvml/rxvm_run.c.o
[12/191] Building C object interpreter/CMakeFiles/rxtvm.dir/rxvmmain.c.o
[13/191] Building C object interpreter/CMakeFiles/rxtvm_core_objects.dir/rxcrexxcmd.c.o
[14/191] Building C object interpreter/CMakeFiles/rxtvm_core_objects.dir/rxvmexecutor.c.o
[15/191] Building C object assembler/CMakeFiles/rxaslib.dir/rxas_flow_ssa.c.o
[16/191] Building C object interpreter/CMakeFiles/rxtvm_core_objects.dir/rxspawn.c.o
[17/191] Building C object assembler/CMakeFiles/rxaslib.dir/rxas_flow.c.o
[18/191] Building C object assembler/CMakeFiles/rxaslib.dir/rxas_flow_proof.c.o
[19/191] Linking C static library bin/librxaslib.a
[20/191] Linking C executable bin/rxas
[21/191] Linking C executable bin/rxc
[22/191] cREXX assemble _elapsed ...
[23/191] cREXX RXAS Library Archive ...
[24/191] Building token.rxbin
[25/191] Building Dummy.rxbin
[26/191] cREXX compile and assemble _address ...
[27/191] cREXX compile and assemble _rxsystem ...
[28/191] cREXX compile and assemble _jdn ...
[29/191] cREXX compile and assemble _datei ...
[30/191] cREXX compile and assemble _dateo ...
[31/191] cREXX compile and assemble _ftrunc ...
[32/191] cREXX compile and assemble _itrunc ...
[33/191] cREXX compile and assemble _typedformat ...
[34/191] cREXX compile and assemble abbrev ...
[35/191] cREXX compile and assemble abs ...
[36/191] cREXX compile and assemble intabs ...
[37/191] cREXX compile and assemble floatabs ...
[38/191] cREXX compile and assemble b2x ...
[39/191] cREXX compile and assemble b2d ...
[40/191] cREXX compile and assemble binary ...
[41/191] cREXX compile and assemble c2x ...
[42/191] cREXX compile and assemble c2d ...
[43/191] cREXX compile and assemble center ...
[44/191] cREXX compile and assemble centre ...
[45/191] cREXX compile and assemble changestr ...
[46/191] cREXX compile and assemble compare ...
[47/191] cREXX compile and assemble copies ...
[48/191] cREXX compile and assemble countstr ...
[49/191] cREXX compile and assemble d2b ...
[50/191] cREXX compile and assemble d2c ...
[51/191] cREXX compile and assemble d2x ...
[52/191] cREXX compile and assemble date ...
[53/191] cREXX compile and assemble delstr ...
[54/191] cREXX compile and assemble delword ...
[55/191] cREXX compile and assemble fileio ...
[56/191] cREXX compile and assemble filter ...
[57/191] cREXX compile and assemble format ...
[58/191] cREXX compile and assemble intformat ...
[59/191] cREXX compile and assemble floatformat ...
[60/191] cREXX compile and assemble fnv ...
[61/191] cREXX compile and assemble getenv ...
[62/191] cREXX compile and assemble insert ...
[63/191] cREXX compile and assemble length ...
[64/191] cREXX compile and assemble linesize ...
[65/191] cREXX compile and assemble loadmodule ...
[66/191] cREXX compile and assemble lower ...
[67/191] cREXX compile and assemble max ...
[68/191] cREXX compile and assemble intmax ...
[69/191] cREXX compile and assemble floatmax ...
[70/191] cREXX compile and assemble min ...
[71/191] cREXX compile and assemble intmin ...
[72/191] cREXX compile and assemble floatmin ...
[73/191] cREXX compile and assemble numeric ...
[74/191] cREXX compile and assemble overlay ...
[75/191] cREXX compile and assemble pos ...
[76/191] cREXX compile and assemble qscan ...
[77/191] cREXX compile and assemble qpos ...
[78/191] cREXX compile and assemble qsplit ...
[79/191] Building C object interpreter/CMakeFiles/rxtvm_core_objects.dir/rxvmintp.c.o
[80/191] Linking C executable bin/rxtvm
[81/191] cREXX compile and assemble qsplitsafe ...
[82/191] cREXX compile and assemble qextractall ...
[83/191] cREXX compile and assemble qextractpair ...
[84/191] cREXX compile and assemble qstripcomment ...
[85/191] cREXX compile and assemble qremoveall ...
[86/191] cREXX compile and assemble fsayfmt ...
[87/191] cREXX compile and assemble lastpos ...
[88/191] cREXX compile and assemble left ...
[89/191] cREXX compile and assemble right ...
[90/191] cREXX compile and assemble raise ...
[91/191] cREXX compile and assemble reverse ...
[92/191] cREXX compile and assemble signal ...
[93/191] cREXX compile and assemble trace ...
[94/191] cREXX compile and assemble sign ...
[95/191] cREXX compile and assemble intsign ...
[96/191] cREXX compile and assemble floatsign ...
[97/191] cREXX compile and assemble space ...
[98/191] cREXX compile and assemble strip ...
[99/191] cREXX compile and assemble substr ...
[100/191] cREXX compile and assemble substro ...
[101/191] cREXX compile and assemble symbol ...
[102/191] cREXX compile and assemble time ...
[103/191] cREXX compile and assemble translate ...
[104/191] cREXX compile and assemble trunc ...
[105/191] cREXX compile and assemble floattrunc ...
[106/191] cREXX compile and assemble upper ...
[107/191] cREXX compile and assemble value ...
[108/191] cREXX compile and assemble verify ...
[109/191] cREXX compile and assemble version ...
[110/191] cREXX compile and assemble sourceinfo ...
[111/191] cREXX compile and assemble word ...
[112/191] cREXX compile and assemble words ...
[113/191] cREXX compile and assemble wordindex ...
[114/191] cREXX compile and assemble subword ...
[115/191] cREXX compile and assemble wordlength ...
[116/191] cREXX compile and assemble wordpos ...
[117/191] cREXX compile and assemble qword ...
[118/191] cREXX compile and assemble qwordlength ...
[119/191] cREXX compile and assemble qwords ...
[120/191] cREXX compile and assemble qwordindex ...
[121/191] cREXX compile and assemble qwordpos ...
[122/191] cREXX compile and assemble qsubword ...
[123/191] cREXX compile and assemble regex ...
[124/191] cREXX compile and assemble x2b ...
[125/191] cREXX compile and assemble x2c ...
[126/191] cREXX compile and assemble x2d ...
[127/191] cREXX compile and assemble random ...
[128/191] cREXX compile and assemble reradix ...
[129/191] cREXX compile and assemble sequence ...
[130/191] cREXX compile and assemble find ...
[131/191] cREXX compile and assemble index ...
[132/191] cREXX compile and assemble xrange ...
[133/191] cREXX compile and assemble parsecompile ...
[134/191] cREXX compile and assemble parsestring ...
[135/191] cREXX compile and assemble parse ...
[136/191] cREXX compile and assemble datatype ...
[137/191] cREXX compile and assemble arrayfind ...
[138/191] cREXX compile and assemble splice ...
[139/191] cREXX compile and assemble arrayinsert ...
[140/191] cREXX compile and assemble arraydelete ...
[141/191] cREXX compile and assemble arrayappend ...
[142/191] cREXX compile and assemble arrayprepend ...
[143/191] cREXX compile and assemble objectarrayinsert ...
[144/191] cREXX compile and assemble objectarraydelete ...
[145/191] cREXX compile and assemble objectarrayappend ...
[146/191] cREXX compile and assemble objectarrayprepend ...
[147/191] cREXX compile and assemble objectarraydrop ...
[148/191] cREXX compile and assemble objectarraymove ...
[149/191] cREXX compile and assemble arraypop ...
[150/191] cREXX compile and assemble arrayshift ...
[151/191] cREXX compile and assemble arrayget ...
[152/191] cREXX compile and assemble arrayset ...
[153/191] cREXX compile and assemble arraycontains ...
[154/191] cREXX compile and assemble arrayindexof ...
[155/191] cREXX compile and assemble arrayreverse ...
[156/191] cREXX compile and assemble arrayjoin ...
[157/191] cREXX compile and assemble arraysort ...
[158/191] cREXX compile and assemble arraycopy ...
[159/191] cREXX compile and assemble arraydrop ...
[160/191] cREXX compile and assemble arrayhi ...
[161/191] cREXX compile and assemble arraymove ...
[162/191] cREXX compile and assemble fmtmask ...
[163/191] cREXX compile and assemble compilemask ...
[164/191] cREXX compile and assemble runmask ...
[165/191] cREXX compile and assemble stem ...
[166/191] cREXX compile and assemble rxjson ...
[167/191] cREXX compile and assemble rxsocket ...
[168/191] cREXX compile and assemble wordrep ...
[169/191] cREXX compile and assemble rxqueue ...
[170/191] cREXX compile and assemble afterword ...
[171/191] cREXX REXX Library Archive ...
[172/191] cREXX Linked Library Image ...
[173/191] Building Query.rxbin
[174/191] Building Dump.rxbin
[175/191] Building Fsay.rxbin
[176/191] Building Add.rxbin
[177/191] Building Msay.rxbin
[178/191] Building Execio.rxbin
[179/191] Building Sortx.rxbin
[180/191] Building Sort.rxbin
[181/191] Building Queue compiler exit
[182/191] Building RexxScript.rxbin
[183/191] Building Substr.rxbin
[184/191] Building Signal.rxbin
[185/191] Building Trace.rxbin
[186/191] Building Address.rxbin
[187/191] Building Parse.rxbin
[188/191] Building rxcexits.rxbin (bundled via concatenation)
[189/191] Generating postperf04_scalar_access_compare_noopt.rxbin
[190/191] Generating postperf04_scalar_access_compare_opt.rxbin
real 50.61
user 80.84
sys 5.04
