[0/2] Re-checking globbed directories...
[1/624] Copying bootstrap syntax file, reconfigure with RE2C_REBUILD_PARSERS to regenerate
[2/624] Copying bootstrap syntax file, reconfigure with RE2C_REBUILD_PARSERS to regenerate
[3/624] Copying bootstrap syntax file, reconfigure with RE2C_REBUILD_PARSERS to regenerate
[4/624] Copying bootstrap src/parse/conf_lexer.cc, reconfigure with RE2C_REBUILD_LEXERS to regenerate
[5/624] Copying bootstrap src/options/parse_opts.cc, reconfigure with RE2C_REBUILD_LEXERS to regenerate
[6/624] Copying bootstrap syntax file, reconfigure with RE2C_REBUILD_PARSERS to regenerate
[7/624] Copying bootstrap syntax file, reconfigure with RE2C_REBUILD_PARSERS to regenerate
[8/624] Copying bootstrap src/parse/lexer.cc and src/parse/lexer.h, reconfigure with RE2C_REBUILD_LEXERS to regenerate
[9/624] Copying bootstrap syntax file, reconfigure with RE2C_REBUILD_PARSERS to regenerate
[10/624] Copying bootstrap syntax file, reconfigure with RE2C_REBUILD_PARSERS to regenerate
[11/624] Copying bootstrap syntax file, reconfigure with RE2C_REBUILD_PARSERS to regenerate
[12/624] Copying bootstrap syntax file, reconfigure with RE2C_REBUILD_PARSERS to regenerate
[13/624] Copying bootstrap parser, reconfigure with RE2C_REBUILD_PARSERS to regenerate
[14/624] Copying bootstrap syntax file, reconfigure with RE2C_REBUILD_PARSERS to regenerate
[15/624] Copying bootstrap syntax file, reconfigure with RE2C_REBUILD_PARSERS to regenerate
[16/624] Copying bootstrap parser, reconfigure with RE2C_REBUILD_PARSERS to regenerate
[17/624] Copying bootstrap syntax file, reconfigure with RE2C_REBUILD_PARSERS to regenerate
[18/624] Generating doc/re2c.1
[19/624] Copying bootstrap src/msg/ver_to_vernum.cc, reconfigure with RE2C_REBUILD_LEXERS to regenerate
[20/624] Building C object dslsyntax-codebuffer/CMakeFiles/dslsyntax_parser.dir/dslsyntax_log.c.o
[21/624] Building C object dslsyntax-codebuffer/CMakeFiles/dslsyntax_parser.dir/thread_utils.c.o
[22/624] Building C object dslsyntax-codebuffer/CMakeFiles/dslsyntax_parser.dir/diff.c.o
[23/624] Building C object dslsyntax-codebuffer/CMakeFiles/dslsyntax_parser.dir/serialization.c.o
[24/624] Building C object dslsyntax-codebuffer/CMakeFiles/dslsyntax_parser.dir/dslsyntax_common.c.o
[25/624] Building C object dslsyntax-codebuffer/CMakeFiles/dslsyntax_parser.dir/code_buffer.c.o
[26/624] Building C object dslsyntax-codebuffer/CMakeFiles/dslsyntax_parser.dir/comms.c.o
[27/624] Building C object dslsyntax-codebuffer/CMakeFiles/dslsyntax_parser.dir/emergency_parse.c.o
[28/624] Building C object platform/CMakeFiles/platform.dir/rxinteger.c.o
[29/624] Building C object platform/CMakeFiles/platform.dir/platform.c.o
[30/624] Building C object dslsyntax-codebuffer/CMakeFiles/dslsyntax_parser.dir/dslsyntax_parser.c.o
[31/624] Building C object avl_tree/CMakeFiles/avl_tree.dir/avl_tree.c.o
[32/624] Building C object binutils/CMakeFiles/rxbin.dir/rxbin.c.o
[33/624] Building CXX object re2c/CMakeFiles/re2c_objects_autogen_ver_to_vernum.dir/src/msg/ver_to_vernum.cc.o
[34/624] Building C object binutils/CMakeFiles/rxbin.dir/rxsha256.c.o
[35/624] Building C object binutils/CMakeFiles/rxbin.dir/rxsignature.c.o
[36/624] Linking C static library dslsyntax-codebuffer/libdslsyntax_parser.a
[37/624] Building CXX object re2c/CMakeFiles/re2c_objects_autogen.dir/src/parse/parser.cc.o
[38/624] Building C object interpreter/CMakeFiles/rxvmmemory.dir/rxvmmemory.c.o
[39/624] Linking C static library bin/libplatform.a
[40/624] Linking C static library bin/libavl_tree.a
[41/624] Building CXX object re2c/CMakeFiles/re2c_objects_autogen.dir/src/parse/conf_parser.cc.o
[42/624] Building C object interpreter/CMakeFiles/rxvmref.dir/rxvmref.c.o
[43/624] Building C object interpreter/CMakeFiles/rxvmref.dir/rxpacompat.c.o
[44/624] Building CXX object re2c/CMakeFiles/re2c_objects_autogen.dir/src/options/parse_opts.cc.o
[45/624] Linking C static library bin/librxvmmemory.a
[46/624] Building C object binutils/CMakeFiles/rxbin.dir/rxbin007.c.o
[47/624] Building C object interpreter/rxvmplugin/rxvmplugins/mc_decimal/CMakeFiles/decnumber.dir/decnumber/decContext.c.o
[48/624] Building C object rxpa/CMakeFiles/rxpa.dir/rxpa.c.o
[49/624] Linking C static library bin/librxvmref.a
[50/624] Building C object interpreter/rxvmplugin/CMakeFiles/rxvmplugin.dir/rxvmplugin_framework.c.o
[51/624] Building C object interpreter/rxvmplugin/rxvmplugins/mc_decimal/CMakeFiles/mc_decimal_manual.dir/mc_decimal.c.o
[52/624] Building C object interpreter/CMakeFiles/rxbvm_core_objects.dir/rxvmworker.c.o
[53/624] Linking C static library bin/librxvmplugin.a
[54/624] Building C object interpreter/CMakeFiles/rxbvm_core_objects.dir/rxvmprogram.c.o
[55/624] Building C object interpreter/CMakeFiles/rxbvm_core_objects.dir/rxvmprocessprotocol.c.o
[56/624] Building CXX object re2c/CMakeFiles/re2c_objects_autogen.dir/src/parse/lexer.cc.o
[57/624] Building C object interpreter/CMakeFiles/rxbvm_core_objects.dir/rxvmprocessworker.c.o
[58/624] Building C object interpreter/CMakeFiles/rxbvm_core_objects.dir/rxvmbyteendpoint.c.o
[59/624] Building C object interpreter/CMakeFiles/rxbvm_core_objects.dir/rxvmchannel_process.c.o
[60/624] Building C object binutils/CMakeFiles/rxbin.dir/rxgraph.c.o
[61/624] Building C object interpreter/CMakeFiles/rxbvm_core_objects.dir/rxvmactive.c.o
[62/624] Building C object interpreter/CMakeFiles/rxbvm_core_objects.dir/rxvmchannel_byte.c.o
[63/624] Linking C static library bin/librxbin.a
[64/624] Building C object interpreter/CMakeFiles/rxbvm_core_objects.dir/rxvmchannel.c.o
[65/624] Building C object lemon/CMakeFiles/lemon.dir/lemon.c.o
[66/624] Building C object interpreter/CMakeFiles/rxbvm_core_objects.dir/rxvmchannel_child.c.o
[67/624] Building C object interpreter/CMakeFiles/rxbvm_core_objects.dir/interrupt.c.o
[68/624] Linking C executable lemon/lemon
[69/624] Building C object interpreter/CMakeFiles/rxbvm_core_objects.dir/exitfunc.c.o
[70/624] Building C object interpreter/CMakeFiles/rxbvm_core_objects.dir/rxvmexecutor.c.o
[71/624] Building C object interpreter/CMakeFiles/rxbvml.dir/rxvmlib.c.o
[72/624] Building CXX object re2c/CMakeFiles/re2c_objects_autogen.dir/src/parse/conf_lexer.cc.o
[73/624] Generating src/msg/help_re2c.cc
[74/624] Building C object interpreter/CMakeFiles/rxbvm_core_objects.dir/rxvmload.c.o
[75/624] Building C object interpreter/CMakeFiles/rxbvm_core_objects.dir/rxvml/rxvm_run.c.o
[76/624] Building C object interpreter/rxvmplugin/rxvmplugins/mc_decimal/CMakeFiles/decnumber.dir/decnumber/decNumber.c.o
[77/624] Building C object interpreter/CMakeFiles/rxbvm_core_objects.dir/rxpafuncs.c.o
[78/624] Building C object interpreter/CMakeFiles/rxbvm_core_objects.dir/rxcrexxcmd.c.o
[79/624] Building C object interpreter/CMakeFiles/rxbvm_core_objects.dir/rxspawn.c.o
[80/624] Building C object interpreter/CMakeFiles/rxvm_platform_objects.dir/rxvmsock.c.o
[81/624] Building CXX object re2c/CMakeFiles/re2c.dir/src/codegen/helpers.cc.o
[82/624] Building C object interpreter/CMakeFiles/rxbvml.dir/rxvml.c.o
[83/624] Building CXX object re2c/CMakeFiles/re2c.dir/src/codegen/pass3_fixup.cc.o
[84/624] Building CXX object re2c/CMakeFiles/re2c.dir/src/debug/dump_adfa.cc.o
[85/624] Building CXX object re2c/CMakeFiles/re2c.dir/src/debug/dump_cfg.cc.o
[86/624] Building CXX object re2c/CMakeFiles/re2c.dir/src/debug/dump_dfa.cc.o
[87/624] Building CXX object re2c/CMakeFiles/re2c.dir/src/codegen/output.cc.o
[88/624] Building CXX object re2c/CMakeFiles/re2c.dir/src/debug/dump_dfa_tree.cc.o
[89/624] Building CXX object re2c/CMakeFiles/re2c.dir/src/debug/dump_interf.cc.o
[90/624] Building CXX object re2c/CMakeFiles/re2c.dir/src/debug/dump_nfa.cc.o
[91/624] Building CXX object re2c/CMakeFiles/re2c.dir/src/options/symtab.cc.o
[92/624] Building CXX object re2c/CMakeFiles/re2c.dir/src/codegen/pass1_analyze.cc.o
[93/624] Building CXX object re2c/CMakeFiles/re2c.dir/src/codegen/pass4_render.cc.o
[94/624] Building CXX object re2c/CMakeFiles/re2c.dir/src/nfa/re_to_nfa.cc.o
[95/624] Building CXX object re2c/CMakeFiles/re2c.dir/src/cfg/dce.cc.o
[96/624] Building CXX object re2c/CMakeFiles/re2c.dir/src/cfg/cfg.cc.o
[97/624] Building CXX object re2c/CMakeFiles/re2c.dir/src/cfg/compact.cc.o
[98/624] Building CXX object re2c/CMakeFiles/re2c.dir/src/cfg/interfere.cc.o
[99/624] Building CXX object re2c/CMakeFiles/re2c.dir/src/adfa/adfa.cc.o
[100/624] Building CXX object re2c/CMakeFiles/re2c.dir/src/cfg/freeze.cc.o
[101/624] Building CXX object re2c/CMakeFiles/re2c.dir/src/codegen/pass2_generate.cc.o
[102/624] Building CXX object re2c/CMakeFiles/re2c.dir/src/cfg/liveanal.cc.o
[103/624] Building CXX object re2c/CMakeFiles/re2c.dir/src/cfg/optimize.cc.o
[104/624] Building CXX object re2c/CMakeFiles/re2c.dir/src/cfg/normalize.cc.o
[105/624] Building CXX object re2c/CMakeFiles/re2c.dir/src/cfg/rename.cc.o
[106/624] Building CXX object re2c/CMakeFiles/re2c.dir/src/cfg/varalloc.cc.o
[107/624] Building CXX object re2c/CMakeFiles/re2c.dir/src/dfa/fallback_tags.cc.o
[108/624] Building CXX object re2c/CMakeFiles/re2c.dir/src/dfa/dead_rules.cc.o
[109/624] Building CXX object re2c/CMakeFiles/re2c.dir/src/options/opt.cc.o
[110/624] Building CXX object re2c/CMakeFiles/re2c.dir/src/dfa/minimization.cc.o
[111/624] Building CXX object re2c/CMakeFiles/re2c.dir/src/dfa/fillpoints.cc.o
[112/624] Building CXX object re2c/CMakeFiles/re2c.dir/src/dfa/tagver_table.cc.o
[113/624] Building CXX object re2c/CMakeFiles/re2c.dir/src/encoding/ebcdic.cc.o
[114/624] Building CXX object re2c/CMakeFiles/re2c.dir/src/dfa/find_state.cc.o
[115/624] Building CXX object re2c/CMakeFiles/re2c.dir/src/dfa/determinization.cc.o
[116/624] Building CXX object re2c/CMakeFiles/re2c.dir/src/dfa/tcmd.cc.o
[117/624] Building CXX object re2c/CMakeFiles/re2c.dir/src/encoding/enc.cc.o
[118/624] Building CXX object re2c/CMakeFiles/re2c.dir/src/encoding/range_suffix.cc.o
[119/624] Building CXX object re2c/CMakeFiles/re2c.dir/src/encoding/utf8.cc.o
[120/624] Building CXX object re2c/CMakeFiles/re2c.dir/src/dfa/closure.cc.o
[121/624] Building CXX object re2c/CMakeFiles/re2c.dir/src/encoding/utf16.cc.o
[122/624] Building CXX object re2c/CMakeFiles/re2c.dir/src/msg/msg.cc.o
[123/624] Building CXX object re2c/CMakeFiles/re2c.dir/src/regexp/default_tags.cc.o
[124/624] Building CXX object re2c/CMakeFiles/re2c.dir/src/regexp/fixed_tags.cc.o
[125/624] Building CXX object re2c/CMakeFiles/re2c.dir/src/regexp/nullable.cc.o
[126/624] Building CXX object re2c/CMakeFiles/re2c.dir/src/msg/warn.cc.o
[127/624] Building CXX object re2c/CMakeFiles/re2c.dir/src/regexp/regexp.cc.o
[128/624] Building CXX object re2c/CMakeFiles/re2c.dir/src/regexp/ast_to_re.cc.o
[129/624] Building CXX object re2c/CMakeFiles/re2c.dir/src/regexp/split_charset.cc.o
[130/624] Building CXX object re2c/CMakeFiles/re2c.dir/src/skeleton/control_flow.cc.o
[131/624] Building CXX object re2c/CMakeFiles/re2c.dir/src/skeleton/maxpath.cc.o
[132/624] Building CXX object re2c/CMakeFiles/re2c.dir/src/util/file_utils.cc.o
[133/624] Building CXX object re2c/CMakeFiles/re2c.dir/src/skeleton/generate_code.cc.o
[134/624] Building CXX object re2c/CMakeFiles/re2c.dir/src/msg/help_re2c.cc.o
[135/624] Building CXX object re2c/CMakeFiles/re2c.dir/src/skeleton/skeleton.cc.o
[136/624] Linking C static library bin/libdecnumber.a
[137/624] Linking C static library bin/librxpa.a
[138/624] Linking C static library bin/rxvm_mc_decimal_manual.a
[139/624] Building CXX object re2c/CMakeFiles/re2c.dir/src/parse/input.cc.o
[140/624] Building C object cpacker/CMakeFiles/rxcpack.dir/rxcpack.c.o
[141/624] Building C object interpreter/CMakeFiles/rxpashim.dir/rxpashim.c.o
[142/624] Linking C executable bin/rxcpack
[143/624] Building CXX object re2c/CMakeFiles/re2c.dir/src/util/string_utils.cc.o
[144/624] Building CXX object re2c/CMakeFiles/re2c.dir/src/util/range.cc.o
[145/624] Building CXX object re2c/CMakeFiles/re2c.dir/src/skeleton/generate_data.cc.o
[146/624] Linking C static library bin/librxpashim.a
[147/624] Building C object interpreter/CMakeFiles/rxvml.dir/rxvmlib.c.o
[148/624] Building CXX object re2c/CMakeFiles/re2c.dir/src/encoding/unicode_casemap.cc.o
[149/624] Building CXX object re2c/CMakeFiles/re2c.dir/src/parse/ast.cc.o
[150/624] Building C object disassembler/CMakeFiles/rxdas.dir/rxdamain.c.o
[151/624] Building C object interpreter/CMakeFiles/rxbvm.dir/rxvmmain.c.o
[152/624] Building C object lib/plugins/system/CMakeFiles/_system.dir/system.c.o
[153/624] Building C object lib/plugins/system/CMakeFiles/_system_static.dir/system.c.o
[154/624] Building C object lib/plugins/rxmath/CMakeFiles/_rxmath.dir/rxmath.c.o
[155/624] Linking C shared module bin/rx_system.rxplugin
[156/624] Building C object interpreter/CMakeFiles/rxtvm_core_objects.dir/rxvmworker.c.o
[157/624] Linking C static library bin/rx_system_static.a
[158/624] Building C object linker/CMakeFiles/rxlink.dir/rxlinkmain.c.o
[159/624] Building C object interpreter/CMakeFiles/rxtvm_core_objects.dir/rxvmprogram.c.o
[160/624] Linking C executable bin/rxlink
[161/624] Building C object interpreter/CMakeFiles/rxtvm_core_objects.dir/rxvmprocessprotocol.c.o
[162/624] Building C object interpreter/CMakeFiles/rxtvm_core_objects.dir/rxvmprocessworker.c.o
[163/624] Building C object interpreter/CMakeFiles/rxtvm_core_objects.dir/rxvmbyteendpoint.c.o
[164/624] Building C object interpreter/CMakeFiles/rxtvm_core_objects.dir/rxvmchannel_process.c.o
[165/624] Building C object disassembler/CMakeFiles/rxdas.dir/rxdadism.c.o
[166/624] Building C object interpreter/CMakeFiles/rxtvm_core_objects.dir/rxvmactive.c.o
[167/624] Building C object interpreter/CMakeFiles/rxvml.dir/rxvml.c.o
[168/624] Building C object interpreter/CMakeFiles/rxtvm_core_objects.dir/rxvmchannel_byte.c.o
[169/624] Building C object interpreter/CMakeFiles/rxtvm_core_objects.dir/rxvmchannel.c.o
[170/624] Building C object interpreter/CMakeFiles/rxtvm_core_objects.dir/interrupt.c.o
[171/624] Building C object interpreter/CMakeFiles/rxtvm_core_objects.dir/rxvmchannel_child.c.o
[172/624] Building CXX object re2c/CMakeFiles/re2c.dir/src/main.cc.o
[173/624] Building C object interpreter/CMakeFiles/rxtvm_core_objects.dir/exitfunc.c.o
[174/624] Linking CXX executable re2c/re2c
[175/624] Building C object interpreter/CMakeFiles/rxtvm.dir/rxvmmain.c.o
[176/624] Building C object interpreter/CMakeFiles/rxtvm_core_objects.dir/rxvml/rxvm_run.c.o
[177/624] Building C object interpreter/CMakeFiles/rxtvm_core_objects.dir/rxvmexecutor.c.o
[178/624] Linking C shared module bin/rx_rxmath.rxplugin
[179/624] Building C object interpreter/CMakeFiles/rxtvm_core_objects.dir/rxpafuncs.c.o
[180/624] Linking C executable bin/rxdas
[181/624] Building C object interpreter/CMakeFiles/rxtvm_core_objects.dir/rxvmload.c.o
[182/624] Building C object interpreter/CMakeFiles/rxtvm_core_objects.dir/rxcrexxcmd.c.o
[183/624] Building C object interpreter/CMakeFiles/rxtvm_core_objects.dir/rxspawn.c.o
[184/624] Create REXX ASSEMBLER Parser...
[185/624] Create REXX ASSEMBLER Lexer...
[186/624] Building C object assembler/CMakeFiles/rxaslib.dir/rxastoke.c.o
[187/624] Building C object assembler/CMakeFiles/rxaslib.dir/rxaseror.c.o
[188/624] Building C object assembler/CMakeFiles/rxaslib.dir/rxas_flow_pass.c.o
[189/624] Building C object assembler/CMakeFiles/rxaslib.dir/rxas_flow_batch.c.o
[190/624] Building C object assembler/CMakeFiles/rxaslib.dir/rxas_flow_rewrite.c.o
[191/624] Building C object assembler/CMakeFiles/rxaslib.dir/rxasscan.c.o
[192/624] Building C object assembler/CMakeFiles/rxaslib.dir/rxas_flow_graph.c.o
[193/624] Building C object assembler/CMakeFiles/rxaslib.dir/rxas_opt.c.o
[194/624] Building C object assembler/CMakeFiles/rxaslib.dir/rxas_flow_signal.c.o
[195/624] Building C object assembler/CMakeFiles/rxaslib.dir/rxasgrmr.c.o
[196/624] Building C object assembler/CMakeFiles/rxaslib.dir/rxaslib.c.o
[197/624] Building C object assembler/CMakeFiles/rxaslib.dir/rxas_flow_analysis.c.o
[198/624] Building C object assembler/CMakeFiles/rxaslib.dir/__/binutils/rxopmeta.c.o
[199/624] Building C object assembler/CMakeFiles/rxaslib.dir/rxas_flow_use.c.o
[200/624] Building C object assembler/CMakeFiles/rxas.dir/rxasmain.c.o
[201/624] Building C object assembler/CMakeFiles/rxaslib.dir/rxas_dsl.c.o
[202/624] Building C object assembler/CMakeFiles/rxaslib.dir/rxas_flow.c.o
[203/624] Building C object assembler/CMakeFiles/rxaslib.dir/rxas_flow_ssa.c.o
[204/624] Building C object assembler/CMakeFiles/rxaslib.dir/rxasassm.c.o
[205/624] Building C object assembler/CMakeFiles/rxaslib.dir/rxas_flow_proof.c.o
[206/624] Linking C static library bin/librxaslib.a
[207/624] Linking C executable bin/rxas
[208/624] cREXX assemble _elapsed ...
[209/624] cREXX RXAS Library Archive ...
[210/624] Building C object interpreter/CMakeFiles/rxbvm_core_objects.dir/rxvmintp.c.o
[211/624] Linking C static library bin/librxbvml.a
[212/624] Linking C static library bin/librxvml.a
[213/624] Create Options Parser...
[214/624] Linking C executable bin/rxbvm
[215/624] Creating rxvm symlink to rxbvm
[216/624] Create REXX C Parser...
[217/624] Create Options Lexer...
[218/624] Create REXX B Parser...
[219/624] Create REXX C Lexer...
[220/624] Building C object interpreter/CMakeFiles/rxtvm_core_objects.dir/rxvmintp.c.o
[221/624] Linking C executable bin/rxtvm
[222/624] Create REXX B Lexer...
[223/624] Building C object compiler/CMakeFiles/rxclib.dir/rxcp_ast_walk.c.o
[224/624] Building C object compiler/CMakeFiles/rxclib.dir/rxcp_diag_fallback.c.o
[225/624] Building C object compiler/CMakeFiles/rxclib.dir/rxcp_ast_print.c.o
[226/624] Building C object compiler/CMakeFiles/rxclib.dir/rxcp_source_tree.c.o
[227/624] Building C object compiler/CMakeFiles/rxclib.dir/rxcpmain.c.o
[228/624] Building C object compiler/CMakeFiles/rxclib.dir/rxcp_source_ext.c.o
[229/624] Building C object compiler/CMakeFiles/rxclib.dir/rxcp_diag.c.o
[230/624] Building C object compiler/CMakeFiles/rxclib.dir/rxcp_dsl.c.o
[231/624] Building C object compiler/CMakeFiles/rxclib.dir/rxcp_util.c.o
[232/624] Building C object compiler/CMakeFiles/rxclib.dir/rxcpopgr.c.o
[233/624] Building C object compiler/CMakeFiles/rxclib.dir/rxcpopar.c.o
[234/624] Building C object compiler/CMakeFiles/rxclib.dir/rxcp_srcmap.c.o
[235/624] Building C object compiler/CMakeFiles/rxclib.dir/rxcpbpar.c.o
[236/624] Building C object compiler/CMakeFiles/rxclib.dir/rxcp_ast_core.c.o
[237/624] Building C object compiler/CMakeFiles/rxclib.dir/rxcpcsym.c.o
[238/624] Building C object compiler/CMakeFiles/rxclib.dir/rxcp_highlight_controller.c.o
[239/624] Building C object compiler/CMakeFiles/rxclib.dir/rxcposcn.c.o
[240/624] Building C object compiler/CMakeFiles/rxclib.dir/rxcpcpar.c.o
[241/624] Building C object compiler/CMakeFiles/rxclib.dir/rxcpcgmr.c.o
[242/624] Building C object compiler/CMakeFiles/rxclib.dir/rxcpcval.c.o
[243/624] Building C object compiler/CMakeFiles/rxclib.dir/rxcp_val_plugin.c.o
[244/624] Building C object compiler/CMakeFiles/rxclib.dir/rxcp_ast_rewrite.c.o
[245/624] Building C object compiler/CMakeFiles/rxclib.dir/rxcpcdiag.c.o
[246/624] Building C object compiler/CMakeFiles/rxclib.dir/rxcpbgmr.c.o
[247/624] Building C object compiler/CMakeFiles/rxclib.dir/rxcp_val_trans.c.o
[248/624] Building C object compiler/CMakeFiles/rxclib.dir/rxcp_val_sym.c.o
[249/624] Building C object compiler/CMakeFiles/rxclib.dir/rxcp_fixup.c.o
[250/624] Building C object compiler/CMakeFiles/rxclib.dir/rxcp_ast_val.c.o
[251/624] Building C object compiler/CMakeFiles/rxclib.dir/rxcp_remap.c.o
[252/624] Building C object compiler/CMakeFiles/rxclib.dir/rxcp_val_check.c.o
[253/624] Building C object compiler/CMakeFiles/rxclib.dir/rxcp_val_type.c.o
[254/624] Building C object compiler/CMakeFiles/rxclib.dir/rxcp_remap_build.c.o
[255/624] Building C object compiler/CMakeFiles/rxclib.dir/rexcscan.c.o
[256/624] Building C object compiler/CMakeFiles/rxclib.dir/rxcp_inline_rules.c.o
[257/624] Building C object compiler/CMakeFiles/rxclib.dir/rxcp_val_orch.c.o
[258/624] Building C object compiler/CMakeFiles/rxclib.dir/rxcp_task_lower.c.o
[259/624] Building C object compiler/CMakeFiles/rxclib.dir/rxcpsymb.c.o
[260/624] Building C object compiler/CMakeFiles/rxclib.dir/rxcp_levelc_lower.c.o
[261/624] Building C object compiler/CMakeFiles/rxclib.dir/rxcp_emit_core.c.o
[262/624] Building C object compiler/CMakeFiles/rxclib.dir/rxcpemit.c.o
[263/624] Building C object compiler/CMakeFiles/rxclib.dir/rxcp_emit_proc.c.o
[264/624] Building C object compiler/CMakeFiles/rxclib.dir/rxcp_emit_flow.c.o
[265/624] Building C object compiler/CMakeFiles/rxclib.dir/rxcp_emit_super.c.o
[266/624] Building C object compiler/CMakeFiles/rxclib.dir/rxcp_emit_reg.c.o
[267/624] Building C object compiler/CMakeFiles/rxclib.dir/rxcp_emit_meta.c.o
[268/624] Building C object compiler/CMakeFiles/rxclib.dir/__/platform/rxinteger.c.o
[269/624] Building C object compiler/CMakeFiles/rxclib.dir/rxcp_emit_expr.c.o
[270/624] Building C object compiler/CMakeFiles/rxclib.dir/__/platform/platform.c.o
[271/624] Building C object compiler/CMakeFiles/rxclib.dir/rxcp_instr.c.o
[272/624] Building C object compiler/CMakeFiles/rxclib.dir/rxcp_dispatch.c.o
[273/624] Building C object compiler/CMakeFiles/rxc.dir/rxc_main.c.o
[274/624] Building C object compiler/CMakeFiles/rxclib.dir/rxcp_partial_call.c.o
[275/624] Building C object compiler/CMakeFiles/rxclib.dir/rxcp_opt.c.o
[276/624] Building C object compiler/CMakeFiles/rxclib.dir/rxcp_flow.c.o
[277/624] Building C object compiler/CMakeFiles/rxclib.dir/rxcp_exit.c.o
[278/624] Building C object compiler/CMakeFiles/rxclib.dir/rxcpfunc.c.o
[279/624] Building C object compiler/CMakeFiles/rxclib.dir/rxcp_inline.c.o
[280/624] Building C object compiler/CMakeFiles/rxclib.dir/rexbscan.c.o
[281/624] Linking C static library bin/librxclib.a
[282/624] Linking C executable bin/rxc
[283/624] Building token.rxbin
[284/624] Building Dummy.rxbin
[285/624] cREXX compile and assemble _address ...
[286/624] cREXX compile and assemble _rxsystem ...
[287/624] cREXX compile and assemble _jdn ...
[288/624] cREXX compile and assemble _datei ...
[289/624] cREXX compile and assemble _dateo ...
[290/624] cREXX compile and assemble _ftrunc ...
[291/624] cREXX compile and assemble _itrunc ...
[292/624] cREXX compile and assemble _typedformat ...
[293/624] cREXX compile and assemble abbrev ...
[294/624] cREXX compile and assemble abs ...
[295/624] cREXX compile and assemble intabs ...
[296/624] cREXX compile and assemble floatabs ...
[297/624] cREXX compile and assemble b2x ...
[298/624] cREXX compile and assemble b2d ...
[299/624] cREXX compile and assemble binary ...
[300/624] cREXX compile and assemble c2x ...
[301/624] cREXX compile and assemble c2d ...
[302/624] cREXX compile and assemble center ...
[303/624] cREXX compile and assemble centre ...
[304/624] cREXX compile and assemble changestr ...
[305/624] cREXX compile and assemble compare ...
[306/624] cREXX compile and assemble copies ...
[307/624] cREXX compile and assemble countstr ...
[308/624] cREXX compile and assemble d2b ...
[309/624] cREXX compile and assemble d2c ...
[310/624] cREXX compile and assemble d2x ...
[311/624] cREXX compile and assemble date ...
[312/624] cREXX compile and assemble delstr ...
[313/624] cREXX compile and assemble delword ...
[314/624] cREXX compile and assemble fileio ...
[315/624] cREXX compile and assemble filter ...
[316/624] cREXX compile and assemble format ...
[317/624] cREXX compile and assemble intformat ...
[318/624] cREXX compile and assemble floatformat ...
[319/624] cREXX compile and assemble fnv ...
[320/624] cREXX compile and assemble getenv ...
[321/624] cREXX compile and assemble insert ...
[322/624] cREXX compile and assemble length ...
[323/624] cREXX compile and assemble linesize ...
[324/624] cREXX compile and assemble loadmodule ...
[325/624] cREXX compile and assemble lower ...
[326/624] cREXX compile and assemble max ...
[327/624] cREXX compile and assemble intmax ...
[328/624] cREXX compile and assemble floatmax ...
[329/624] cREXX compile and assemble min ...
[330/624] cREXX compile and assemble intmin ...
[331/624] cREXX compile and assemble floatmin ...
[332/624] cREXX compile and assemble numeric ...
[333/624] cREXX compile and assemble overlay ...
[334/624] cREXX compile and assemble pos ...
[335/624] cREXX compile and assemble qscan ...
[336/624] cREXX compile and assemble qpos ...
[337/624] cREXX compile and assemble qsplit ...
[338/624] cREXX compile and assemble qsplitsafe ...
[339/624] cREXX compile and assemble qextractall ...
[340/624] cREXX compile and assemble qextractpair ...
[341/624] cREXX compile and assemble qstripcomment ...
[342/624] cREXX compile and assemble qremoveall ...
[343/624] cREXX compile and assemble fsayfmt ...
[344/624] cREXX compile and assemble lastpos ...
[345/624] cREXX compile and assemble left ...
[346/624] cREXX compile and assemble right ...
[347/624] cREXX compile and assemble raise ...
[348/624] cREXX compile and assemble reverse ...
[349/624] cREXX compile and assemble signal ...
[350/624] cREXX compile and assemble trace ...
[351/624] cREXX compile and assemble sign ...
[352/624] cREXX compile and assemble intsign ...
[353/624] cREXX compile and assemble floatsign ...
[354/624] cREXX compile and assemble space ...
[355/624] cREXX compile and assemble strip ...
[356/624] cREXX compile and assemble substr ...
[357/624] cREXX compile and assemble substro ...
[358/624] cREXX compile and assemble symbol ...
[359/624] cREXX compile and assemble time ...
[360/624] cREXX compile and assemble translate ...
[361/624] cREXX compile and assemble trunc ...
[362/624] cREXX compile and assemble floattrunc ...
[363/624] cREXX compile and assemble upper ...
[364/624] cREXX compile and assemble value ...
[365/624] cREXX compile and assemble verify ...
[366/624] cREXX compile and assemble version ...
[367/624] cREXX compile and assemble sourceinfo ...
[368/624] cREXX compile and assemble word ...
[369/624] cREXX compile and assemble words ...
[370/624] cREXX compile and assemble wordindex ...
[371/624] cREXX compile and assemble subword ...
[372/624] cREXX compile and assemble wordlength ...
[373/624] cREXX compile and assemble wordpos ...
[374/624] cREXX compile and assemble qword ...
[375/624] cREXX compile and assemble qwordlength ...
[376/624] cREXX compile and assemble qwords ...
[377/624] cREXX compile and assemble qwordindex ...
[378/624] cREXX compile and assemble qwordpos ...
[379/624] cREXX compile and assemble qsubword ...
[380/624] cREXX compile and assemble regex ...
[381/624] cREXX compile and assemble x2b ...
[382/624] cREXX compile and assemble x2c ...
[383/624] cREXX compile and assemble x2d ...
[384/624] cREXX compile and assemble random ...
[385/624] cREXX compile and assemble reradix ...
[386/624] cREXX compile and assemble sequence ...
[387/624] cREXX compile and assemble find ...
[388/624] cREXX compile and assemble index ...
[389/624] cREXX compile and assemble xrange ...
[390/624] cREXX compile and assemble parsecompile ...
[391/624] cREXX compile and assemble parsestring ...
[392/624] cREXX compile and assemble parse ...
[393/624] cREXX compile and assemble datatype ...
[394/624] cREXX compile and assemble arrayfind ...
[395/624] cREXX compile and assemble splice ...
[396/624] cREXX compile and assemble arrayinsert ...
[397/624] cREXX compile and assemble arraydelete ...
[398/624] cREXX compile and assemble arrayappend ...
[399/624] cREXX compile and assemble arrayprepend ...
[400/624] cREXX compile and assemble objectarrayinsert ...
[401/624] cREXX compile and assemble objectarraydelete ...
[402/624] cREXX compile and assemble objectarrayappend ...
[403/624] cREXX compile and assemble objectarrayprepend ...
[404/624] cREXX compile and assemble objectarraydrop ...
[405/624] cREXX compile and assemble objectarraymove ...
[406/624] cREXX compile and assemble arraypop ...
[407/624] cREXX compile and assemble arrayshift ...
[408/624] cREXX compile and assemble arrayget ...
[409/624] cREXX compile and assemble arrayset ...
[410/624] cREXX compile and assemble arraycontains ...
[411/624] cREXX compile and assemble arrayindexof ...
[412/624] cREXX compile and assemble arrayreverse ...
[413/624] cREXX compile and assemble arrayjoin ...
[414/624] cREXX compile and assemble arraysort ...
[415/624] cREXX compile and assemble arraycopy ...
[416/624] cREXX compile and assemble arraydrop ...
[417/624] cREXX compile and assemble arrayhi ...
[418/624] cREXX compile and assemble arraymove ...
[419/624] cREXX compile and assemble fmtmask ...
[420/624] cREXX compile and assemble compilemask ...
[421/624] cREXX compile and assemble runmask ...
[422/624] cREXX compile and assemble stem ...
[423/624] cREXX compile and assemble rxjson ...
[424/624] cREXX compile and assemble rxsocket ...
[425/624] cREXX compile and assemble wordrep ...
[426/624] cREXX compile and assemble rxqueue ...
[427/624] cREXX compile and assemble afterword ...
[428/624] cREXX REXX Library Archive ...
[429/624] cREXX Linked Library Image ...
[430/624] Building Query.rxbin
[431/624] Building Fsay.rxbin
[432/624] Building Add.rxbin
[433/624] Building Dump.rxbin
[434/624] Building Msay.rxbin
[435/624] Building Execio.rxbin
[436/624] Building Sort.rxbin
[437/624] Building Sortx.rxbin
[438/624] Building Queue compiler exit
[439/624] Building RexxScript.rxbin
[440/624] Building Substr.rxbin
[441/624] C Packing cREXX RXFNSB Library ...
[442/624] Building C object interpreter/CMakeFiles/rxvme.dir/rxvmmain.c.o
[443/624] Building Signal.rxbin
[444/624] Building C object interpreter/CMakeFiles/rxvme.dir/library.c.o
[445/624] Linking C executable bin/rxvme
[446/624] Building Trace.rxbin
[447/624] Building Address.rxbin
[448/624] Building Parse.rxbin
[449/624] Building rxcexits.rxbin (bundled via concatenation)
[450/624] Clearing stale class library member images ...
[451/624] Generating benchmark_awfy_towers_noopt.rxbin
[452/624] Generating benchmark_awfy_permute_opt.rxbin
[453/624] Generating benchmark_awfy_mandelbrot_hoisted_control_noopt.rxbin
[454/624] Generating benchmark_awfy_sieve_opt.rxbin
[455/624] Generating benchmark_awfy_mandelbrot_noopt.rxbin
[456/624] Generating benchmark_awfy_sieve_noopt.rxbin
[457/624] Generating benchmark_awfy_permute_noopt.rxbin
[458/624] Generating benchmark_awfy_mandelbrot_opt.rxbin
[459/624] Generating benchmark_awfy_mandelbrot_hoisted_control_opt.rxbin
[460/624] cREXX compile and assemble ObjectIterator ...
[461/624] cREXX compile and assemble StringIterator ...
[462/624] cREXX compile and assemble Iterator ...
[463/624] cREXX compile and assemble ObjectPrintable ...
[464/624] cREXX compile and assemble Map ...
[465/624] cREXX compile and assemble BagIterator ...
[466/624] cREXX compile and assemble Printable ...
[467/624] cREXX compile and assemble TreeMapIterator ...
[468/624] cREXX compile and assemble ObjectComparator ...
[469/624] cREXX compile and assemble Comparator ...
[470/624] cREXX compile and assemble ObjectIterable ...
[471/624] cREXX compile and assemble StringIterable ...
[472/624] cREXX compile and assemble StringTreeSetIterator ...
[473/624] cREXX compile and assemble StringObjectTreeMapIterator ...
[474/624] cREXX compile and assemble StringHashSetIterator ...
[475/624] cREXX compile and assemble ObjectObjectTreeMapIterator ...
[476/624] cREXX compile and assemble StringObjectHashMapIterator ...
[477/624] cREXX compile and assemble Bag ...
[478/624] cREXX compile and assemble StringHashMapIterator ...
[479/624] cREXX compile and assemble StringTreeMapIterator ...
[480/624] cREXX compile and assemble ArrayList ...
[481/624] cREXX compile and assemble StringArrayList ...
[482/624] cREXX compile and assemble ObjectArrayList ...
[483/624] cREXX compile and assemble ObjectLinkedList ...
[484/624] cREXX compile and assemble Iterable ...
[485/624] cREXX compile and assemble Qfind ...
[486/624] cREXX compile and assemble ObjectStack ...
[487/624] cREXX compile and assemble StringTreeSet ...
[488/624] cREXX compile and assemble ObjectObjectTreeMap ...
[489/624] cREXX compile and assemble ArrayListIterator ...
[490/624] cREXX compile and assemble ObjectArrayListIterator ...
[491/624] cREXX compile and assemble RexxComparator ...
[492/624] cREXX compile and assemble StringHashSet ...
[493/624] cREXX compile and assemble StringArrayListIterator ...
[494/624] cREXX compile and assemble StringHashMap ...
[495/624] cREXX compile and assemble StringLinkedList ...
[496/624] cREXX compile and assemble Rexx ...
[497/624] Generating benchmark_awfy_bounce_noopt.rxbin
[498/624] Generating benchmark_awfy_towers_opt.rxbin
[499/624] Generating benchmark_awfy_bounce_opt.rxbin
[500/624] Generating benchmark_awfy_storage_noopt.rxbin
[501/624] cREXX compile and assemble StringObjectHashMap ...
[502/624] Generating benchmark_awfy_storage_opt.rxbin
[503/624] Generating benchmark_awfy_list_noopt.rxbin
[504/624] cREXX compile and assemble Concurrency ...
[505/624] Generating benchmark_awfy_list_opt.rxbin
[506/624] cREXX compile and assemble StringStack ...
[507/624] cREXX compile and assemble StringOldTreeMap ...
[508/624] Generating benchmark_awfy_richards_noopt.rxbin
[509/624] cREXX compile and assemble Scanlex ...
[510/624] cREXX compile and assemble StringObjectTreeMap ...
[511/624] Generating benchmark_awfy_queens_noopt.rxbin
[512/624] Generating benchmark_json_parser_noopt.rxbin
[513/624] Generating benchmark_awfy_queens_opt.rxbin
[514/624] Generating benchmark_json_parser_opt.rxbin
[515/624] cREXX compile and assemble StringTreeMap ...
[516/624] Generating benchmark_awfy_richards_opt.rxbin
[517/624] Generating benchmark_json_parse_noopt.rxbin
[518/624] Generating benchmark_json_query_noopt.rxbin
[519/624] Generating benchmark_json_parse_opt.rxbin
[520/624] Generating benchmark_json_query_opt.rxbin
[521/624] cREXX compile and assemble TreeMap ...
[522/624] Generating benchmark_base64_roundtrip_noopt.rxbin
[523/624] Generating benchmark_base64_roundtrip_v2_noopt.rxbin
[524/624] cREXX Linked Class Library Image ...
[525/624] Clearing stale rxfnsc runtime member images ...
[526/624] Generating benchmark_base64_roundtrip_v2_opt.rxbin
[527/624] Generating benchmark_parse_frozen_noopt.rxbin
[528/624] Generating benchmark_base64_roundtrip_opt.rxbin
[529/624] Generating benchmark_parse_frozen_generic_noopt.rxbin
[530/624] Generating benchmark_awfy_nbody_noopt.rxbin
[531/624] Generating benchmark_rexxcps_levelb_noopt.rxbin
[532/624] cREXX compile and assemble rxfnsc runtime RexxClassicCharacterScan ...
[533/624] Generating benchmark_awfy_nbody_opt.rxbin
[534/624] cREXX compile and assemble rxfnsc runtime RexxClassicBitFunctions ...
[535/624] Generating benchmark_parse_frozen_opt.rxbin
[536/624] Generating benchmark_rexxcps_levelb_opaque_noopt.rxbin
[537/624] Generating benchmark_runner_noopt.rxbin
[538/624] cREXX compile and assemble rxfnsc runtime RexxClassicBifBitand ...
[539/624] cREXX compile and assemble rxfnsc runtime RexxClassicBifBitor ...
[540/624] cREXX compile and assemble rxfnsc runtime RexxClassicBifBitxor ...
[541/624] Generating benchmark_parse_frozen_generic_opt.rxbin
[542/624] Generating nr03_evidence_tool_selftest_noopt.rxbin
[543/624] cREXX compile and assemble rxfnsc runtime RexxValue ...
[544/624] Generating nr10_cross_runtime_matrix_selftest_noopt.rxbin
[545/624] Generating benchmark_rexxcps_levelb_opt.rxbin
[546/624] Generating nr10_lifecycle_tool_selftest_noopt.rxbin
[547/624] Generating nr10_artifact_inventory_selftest_noopt.rxbin
[548/624] Generating benchmark_runner_opt.rxbin
[549/624] Generating perf3_fusion_inventory_selftest_noopt.rxbin
[550/624] cREXX compile and assemble rxfnsc runtime RexxClassicConfig ...
[551/624] cREXX compile and assemble rxfnsc runtime RexxClassicState ...
[552/624] cREXX compile and assemble rxfnsc runtime RexxStem ...
[553/624] Generating nr10_artifact_inventory_selftest_opt.rxbin
[554/624] cREXX compile and assemble rxfnsc runtime RexxClassicEncoding ...
[555/624] cREXX compile and assemble rxfnsc runtime RexxClassicCharacterOps ...
[556/624] Generating nr10_lifecycle_tool_selftest_opt.rxbin
[557/624] Generating benchmark_rexxcps_levelb_opaque_opt.rxbin
[558/624] cREXX compile and assemble rxfnsc runtime RexxClassicDatatype ...
[559/624] cREXX compile and assemble rxfnsc runtime RexxVariablePool ...
[560/624] Generating perf3_fusion_inventory_selftest_opt.rxbin
[561/624] cREXX compile and assemble rxfnsc runtime RexxClassicBifs ...
[562/624] cREXX compile and assemble rxfnsc runtime RexxClassicBifC2x ...
[563/624] cREXX compile and assemble rxfnsc runtime RexxClassicBifX2d ...
[564/624] cREXX compile and assemble rxfnsc runtime RexxClassicBifB2x ...
[565/624] cREXX compile and assemble rxfnsc runtime RexxClassicBifAbbrev ...
[566/624] cREXX compile and assemble rxfnsc runtime RexxClassicBifCenter ...
[567/624] cREXX compile and assemble rxfnsc runtime RexxClassicBifD2x ...
[568/624] cREXX compile and assemble rxfnsc runtime RexxClassicBifAddress ...
[569/624] cREXX compile and assemble rxfnsc runtime RexxClassicBifAbs ...
[570/624] cREXX compile and assemble rxfnsc runtime RexxClassicBifChangestr ...
[571/624] cREXX compile and assemble rxfnsc runtime RexxClassicBifC2d ...
[572/624] cREXX compile and assemble rxfnsc runtime RexxClassicBifCopies ...
[573/624] cREXX compile and assemble rxfnsc runtime RexxClassicBifD2c ...
[574/624] cREXX compile and assemble rxfnsc runtime RexxClassicBifCountstr ...
[575/624] cREXX compile and assemble rxfnsc runtime RexxClassicBifDatatype ...
[576/624] cREXX compile and assemble rxfnsc runtime RexxClassicBifCompare ...
[577/624] Generating nr10_cross_runtime_matrix_selftest_opt.rxbin
[578/624] cREXX compile and assemble rxfnsc runtime RexxClassicBifDate ...
[579/624] cREXX compile and assemble rxfnsc runtime RexxClassicBifDelstr ...
[580/624] cREXX compile and assemble rxfnsc runtime RexxClassicBifLength ...
[581/624] cREXX compile and assemble rxfnsc runtime RexxClassicBifLastpos ...
[582/624] cREXX compile and assemble rxfnsc runtime RexxClassicBifLeft ...
[583/624] cREXX compile and assemble rxfnsc runtime RexxClassicBifInsert ...
[584/624] cREXX compile and assemble rxfnsc runtime RexxClassicBifDelword ...
[585/624] cREXX compile and assemble rxfnsc runtime RexxClassicBifMax ...
[586/624] cREXX compile and assemble rxfnsc runtime RexxClassicBifFormat ...
[587/624] cREXX compile and assemble rxfnsc runtime RexxClassicBifMin ...
[588/624] cREXX compile and assemble rxfnsc runtime RexxClassicBifNumeric ...
[589/624] cREXX compile and assemble rxfnsc runtime RexxClassicBifOverlay ...
[590/624] cREXX compile and assemble rxfnsc runtime RexxClassicBifRandom ...
[591/624] cREXX compile and assemble rxfnsc runtime RexxClassicBifPos ...
[592/624] cREXX compile and assemble rxfnsc runtime RexxClassicBifRight ...
[593/624] cREXX compile and assemble rxfnsc runtime RexxClassicBifSign ...
[594/624] cREXX compile and assemble rxfnsc runtime RexxClassicBifReverse ...
[595/624] cREXX compile and assemble rxfnsc runtime RexxClassicBifSpace ...
[596/624] Generating nr03_evidence_tool_selftest_opt.rxbin
[597/624] cREXX compile and assemble rxfnsc runtime RexxClassicBifStrip ...
[598/624] cREXX compile and assemble rxfnsc runtime RexxClassicBifSubstr ...
[599/624] cREXX compile and assemble rxfnsc runtime RexxClassicBifSymbol ...
[600/624] cREXX compile and assemble rxfnsc runtime RexxClassicBifTrace ...
[601/624] cREXX compile and assemble rxfnsc runtime RexxClassicBifSubword ...
[602/624] cREXX compile and assemble rxfnsc runtime RexxClassicBifTranslate ...
[603/624] cREXX compile and assemble rxfnsc runtime RexxClassicBifTrunc ...
[604/624] cREXX compile and assemble rxfnsc runtime RexxClassicBifTime ...
[605/624] cREXX compile and assemble rxfnsc runtime RexxClassicBifValue ...
[606/624] cREXX compile and assemble rxfnsc runtime RexxClassicBifVerify ...
[607/624] cREXX compile and assemble rxfnsc runtime RexxClassicBifWord ...
[608/624] cREXX compile and assemble rxfnsc runtime RexxClassicBifWordindex ...
[609/624] cREXX compile and assemble rxfnsc runtime RexxClassicBifWordlength ...
[610/624] cREXX compile and assemble rxfnsc runtime RexxClassicBifX2c ...
[611/624] cREXX compile and assemble rxfnsc runtime RexxClassicBifX2b ...
[612/624] cREXX compile and assemble rxfnsc runtime RexxClassicBifWords ...
[613/624] cREXX compile and assemble rxfnsc runtime RexxClassicBifXrange ...
[614/624] cREXX compile and assemble rxfnsc runtime RexxClassicBifWordpos ...
[615/624] cREXX Linked rxfnsc Runtime Library Image ...
[616/624] Clearing stale RexxScript runtime member images ...
[617/624] cREXX compile and assemble RexxScript runtime RexxScriptEvaluator ...
[618/624] cREXX compile and assemble RexxScript runtime RexxScriptRuntime ...
[619/624] cREXX compile and assemble RexxScript runtime RexxScriptEvaluateCompat ...
[620/624] cREXX Linked RexxScript Runtime Library Image ...
[621/624] cREXX compile, assemble, link and package crexx ...
[622/624] Building C object crexx_driver/CMakeFiles/crexx.dir/crexx.c.o
[623/624] Linking C executable bin/crexx
