Test project /Users/adrian/CLionProjects/CREXX/cmake-build-debug
    Start 1150: gate_f_channel_process_rxtvm
    Start 1149: gate_f_channel_process_rxbvm
    Start 1148: rxvmchannel_process_crash_replacement
    Test #1148: rxvmchannel_process_crash_replacement ...   Passed    0.34 sec
    Start 1148: rxvmchannel_process_crash_replacement
    Test #1150: gate_f_channel_process_rxtvm ............   Passed    0.35 sec
    Start 1150: gate_f_channel_process_rxtvm
    Test #1149: gate_f_channel_process_rxbvm ............   Passed    0.36 sec
    Start 1149: gate_f_channel_process_rxbvm
    Test #1148: rxvmchannel_process_crash_replacement ...   Passed    0.36 sec
    Start 1148: rxvmchannel_process_crash_replacement
    Test #1150: gate_f_channel_process_rxtvm ............   Passed    0.35 sec
    Start 1150: gate_f_channel_process_rxtvm
    Test #1149: gate_f_channel_process_rxbvm ............   Passed    0.36 sec
    Start 1149: gate_f_channel_process_rxbvm
    Test #1150: gate_f_channel_process_rxtvm ............   Passed    0.33 sec
    Start 1150: gate_f_channel_process_rxtvm
    Test #1148: rxvmchannel_process_crash_replacement ...   Passed    0.36 sec
    Start 1148: rxvmchannel_process_crash_replacement
    Test #1149: gate_f_channel_process_rxbvm ............   Passed    0.35 sec
    Start 1149: gate_f_channel_process_rxbvm
    Test #1150: gate_f_channel_process_rxtvm ............   Passed    0.36 sec
    Start 1150: gate_f_channel_process_rxtvm
    Test #1148: rxvmchannel_process_crash_replacement ...   Passed    0.36 sec
    Start 1148: rxvmchannel_process_crash_replacement
    Test #1149: gate_f_channel_process_rxbvm ............   Passed    0.36 sec
    Start 1149: gate_f_channel_process_rxbvm
    Test #1150: gate_f_channel_process_rxtvm ............   Passed    0.35 sec
    Start 1150: gate_f_channel_process_rxtvm
    Test #1149: gate_f_channel_process_rxbvm ............   Passed    0.33 sec
    Start 1149: gate_f_channel_process_rxbvm
    Test #1148: rxvmchannel_process_crash_replacement ...   Passed    0.35 sec
    Start 1148: rxvmchannel_process_crash_replacement
    Test #1150: gate_f_channel_process_rxtvm ............   Passed    0.34 sec
    Start 1150: gate_f_channel_process_rxtvm
    Test #1149: gate_f_channel_process_rxbvm ............   Passed    0.33 sec
    Start 1149: gate_f_channel_process_rxbvm
    Test #1148: rxvmchannel_process_crash_replacement ...   Passed    0.35 sec
    Start 1148: rxvmchannel_process_crash_replacement
    Test #1149: gate_f_channel_process_rxbvm ............   Passed    0.35 sec
    Start 1149: gate_f_channel_process_rxbvm
    Test #1150: gate_f_channel_process_rxtvm ............   Passed    0.35 sec
    Start 1150: gate_f_channel_process_rxtvm
    Test #1148: rxvmchannel_process_crash_replacement ...   Passed    0.34 sec
    Start 1148: rxvmchannel_process_crash_replacement
    Test #1149: gate_f_channel_process_rxbvm ............   Passed    0.35 sec
    Start 1149: gate_f_channel_process_rxbvm
    Test #1150: gate_f_channel_process_rxtvm ............   Passed    0.36 sec
    Start 1150: gate_f_channel_process_rxtvm
    Test #1148: rxvmchannel_process_crash_replacement ...   Passed    0.35 sec
    Start 1148: rxvmchannel_process_crash_replacement
    Test #1149: gate_f_channel_process_rxbvm ............   Passed    0.33 sec
    Start 1149: gate_f_channel_process_rxbvm
    Test #1148: rxvmchannel_process_crash_replacement ...   Passed    0.34 sec
    Start 1148: rxvmchannel_process_crash_replacement
    Test #1150: gate_f_channel_process_rxtvm ............   Passed    0.35 sec
    Start 1150: gate_f_channel_process_rxtvm
    Test #1149: gate_f_channel_process_rxbvm ............   Passed    0.35 sec
    Start 1149: gate_f_channel_process_rxbvm
    Test #1148: rxvmchannel_process_crash_replacement ...   Passed    0.34 sec
    Start 1148: rxvmchannel_process_crash_replacement
    Test #1150: gate_f_channel_process_rxtvm ............   Passed    0.34 sec
    Start 1150: gate_f_channel_process_rxtvm
    Test #1149: gate_f_channel_process_rxbvm ............   Passed    0.35 sec
    Start 1149: gate_f_channel_process_rxbvm
    Test #1148: rxvmchannel_process_crash_replacement ...   Passed    0.35 sec
    Start 1148: rxvmchannel_process_crash_replacement
    Test #1150: gate_f_channel_process_rxtvm ............   Passed    0.36 sec
    Start 1150: gate_f_channel_process_rxtvm
    Test #1148: rxvmchannel_process_crash_replacement ...   Passed    0.33 sec
    Start 1148: rxvmchannel_process_crash_replacement
    Test #1149: gate_f_channel_process_rxbvm ............   Passed    0.35 sec
    Start 1149: gate_f_channel_process_rxbvm
    Test #1150: gate_f_channel_process_rxtvm ............   Passed    0.37 sec
    Start 1150: gate_f_channel_process_rxtvm
    Test #1148: rxvmchannel_process_crash_replacement ...   Passed    0.35 sec
    Start 1148: rxvmchannel_process_crash_replacement
    Test #1149: gate_f_channel_process_rxbvm ............   Passed    0.35 sec
    Start 1149: gate_f_channel_process_rxbvm
    Test #1150: gate_f_channel_process_rxtvm ............   Passed    0.36 sec
    Start 1150: gate_f_channel_process_rxtvm
    Test #1148: rxvmchannel_process_crash_replacement ...   Passed    0.34 sec
    Start 1148: rxvmchannel_process_crash_replacement
    Test #1149: gate_f_channel_process_rxbvm ............   Passed    0.35 sec
    Start 1149: gate_f_channel_process_rxbvm
    Test #1150: gate_f_channel_process_rxtvm ............   Passed    0.35 sec
    Start 1150: gate_f_channel_process_rxtvm
    Test #1149: gate_f_channel_process_rxbvm ............   Passed    0.35 sec
    Start 1149: gate_f_channel_process_rxbvm
    Test #1148: rxvmchannel_process_crash_replacement ...   Passed    0.37 sec
    Start 1148: rxvmchannel_process_crash_replacement
    Test #1150: gate_f_channel_process_rxtvm ............   Passed    0.36 sec
    Start 1150: gate_f_channel_process_rxtvm
    Test #1149: gate_f_channel_process_rxbvm ............   Passed    0.35 sec
    Start 1149: gate_f_channel_process_rxbvm
    Test #1148: rxvmchannel_process_crash_replacement ...   Passed    0.35 sec
    Start 1148: rxvmchannel_process_crash_replacement
    Test #1150: gate_f_channel_process_rxtvm ............   Passed    0.36 sec
    Start 1150: gate_f_channel_process_rxtvm
    Test #1149: gate_f_channel_process_rxbvm ............   Passed    0.37 sec
    Start 1149: gate_f_channel_process_rxbvm
    Test #1148: rxvmchannel_process_crash_replacement ...   Passed    0.37 sec
    Start 1148: rxvmchannel_process_crash_replacement
    Test #1150: gate_f_channel_process_rxtvm ............   Passed    0.37 sec
    Start 1150: gate_f_channel_process_rxtvm
    Test #1149: gate_f_channel_process_rxbvm ............   Passed    0.34 sec
    Start 1149: gate_f_channel_process_rxbvm
    Test #1148: rxvmchannel_process_crash_replacement ...   Passed    0.36 sec
    Start 1148: rxvmchannel_process_crash_replacement
    Test #1150: gate_f_channel_process_rxtvm ............   Passed    0.35 sec
    Start 1150: gate_f_channel_process_rxtvm
    Test #1149: gate_f_channel_process_rxbvm ............   Passed    0.34 sec
    Start 1149: gate_f_channel_process_rxbvm
    Test #1148: rxvmchannel_process_crash_replacement ...   Passed    0.35 sec
    Start 1148: rxvmchannel_process_crash_replacement
    Test #1150: gate_f_channel_process_rxtvm ............   Passed    0.35 sec
    Start 1150: gate_f_channel_process_rxtvm
    Test #1149: gate_f_channel_process_rxbvm ............   Passed    0.35 sec
    Start 1149: gate_f_channel_process_rxbvm
    Test #1148: rxvmchannel_process_crash_replacement ...   Passed    0.35 sec
    Start 1148: rxvmchannel_process_crash_replacement
    Test #1150: gate_f_channel_process_rxtvm ............   Passed    0.34 sec
    Start 1150: gate_f_channel_process_rxtvm
    Test #1149: gate_f_channel_process_rxbvm ............   Passed    0.37 sec
    Start 1149: gate_f_channel_process_rxbvm
    Test #1148: rxvmchannel_process_crash_replacement ...   Passed    0.33 sec
    Start 1148: rxvmchannel_process_crash_replacement
    Test #1150: gate_f_channel_process_rxtvm ............   Passed    0.60 sec
    Start 1150: gate_f_channel_process_rxtvm
    Test #1148: rxvmchannel_process_crash_replacement ...   Passed    0.34 sec
    Start 1148: rxvmchannel_process_crash_replacement
    Test #1149: gate_f_channel_process_rxbvm ............   Passed    0.35 sec
    Start 1149: gate_f_channel_process_rxbvm
    Test #1148: rxvmchannel_process_crash_replacement ...   Passed    0.33 sec
    Start 1148: rxvmchannel_process_crash_replacement
    Test #1150: gate_f_channel_process_rxtvm ............   Passed    0.36 sec
    Start 1150: gate_f_channel_process_rxtvm
    Test #1149: gate_f_channel_process_rxbvm ............   Passed    0.34 sec
    Start 1149: gate_f_channel_process_rxbvm
    Test #1148: rxvmchannel_process_crash_replacement ...   Passed    0.34 sec
    Start 1148: rxvmchannel_process_crash_replacement
    Test #1149: gate_f_channel_process_rxbvm ............   Passed    0.35 sec
    Start 1149: gate_f_channel_process_rxbvm
    Test #1150: gate_f_channel_process_rxtvm ............   Passed    0.35 sec
    Start 1150: gate_f_channel_process_rxtvm
    Test #1148: rxvmchannel_process_crash_replacement ...   Passed    0.35 sec
    Start 1148: rxvmchannel_process_crash_replacement
    Test #1150: gate_f_channel_process_rxtvm ............   Passed    0.36 sec
    Start 1150: gate_f_channel_process_rxtvm
    Test #1149: gate_f_channel_process_rxbvm ............   Passed    0.37 sec
    Start 1149: gate_f_channel_process_rxbvm
    Test #1148: rxvmchannel_process_crash_replacement ...   Passed    0.34 sec
    Start 1148: rxvmchannel_process_crash_replacement
    Test #1150: gate_f_channel_process_rxtvm ............   Passed    0.36 sec
    Start 1150: gate_f_channel_process_rxtvm
    Test #1149: gate_f_channel_process_rxbvm ............   Passed    0.36 sec
    Start 1149: gate_f_channel_process_rxbvm
    Test #1148: rxvmchannel_process_crash_replacement ...   Passed    0.35 sec
    Start 1148: rxvmchannel_process_crash_replacement
    Test #1150: gate_f_channel_process_rxtvm ............   Passed    0.35 sec
    Start 1150: gate_f_channel_process_rxtvm
    Test #1149: gate_f_channel_process_rxbvm ............   Passed    0.36 sec
    Start 1149: gate_f_channel_process_rxbvm
    Test #1148: rxvmchannel_process_crash_replacement ...   Passed    0.35 sec
    Start 1148: rxvmchannel_process_crash_replacement
    Test #1150: gate_f_channel_process_rxtvm ............   Passed    0.35 sec
    Start 1150: gate_f_channel_process_rxtvm
    Test #1149: gate_f_channel_process_rxbvm ............   Passed    0.35 sec
    Start 1149: gate_f_channel_process_rxbvm
    Test #1148: rxvmchannel_process_crash_replacement ...   Passed    0.36 sec
    Start 1148: rxvmchannel_process_crash_replacement
    Test #1150: gate_f_channel_process_rxtvm ............   Passed    0.34 sec
    Start 1150: gate_f_channel_process_rxtvm
    Test #1149: gate_f_channel_process_rxbvm ............   Passed    0.36 sec
    Start 1149: gate_f_channel_process_rxbvm
    Test #1148: rxvmchannel_process_crash_replacement ...   Passed    0.33 sec
    Start 1148: rxvmchannel_process_crash_replacement
    Test #1150: gate_f_channel_process_rxtvm ............   Passed    0.34 sec
    Start 1150: gate_f_channel_process_rxtvm
    Test #1149: gate_f_channel_process_rxbvm ............   Passed    0.36 sec
    Start 1149: gate_f_channel_process_rxbvm
    Test #1148: rxvmchannel_process_crash_replacement ...   Passed    0.35 sec
    Start 1148: rxvmchannel_process_crash_replacement
    Test #1150: gate_f_channel_process_rxtvm ............   Passed    0.36 sec
    Start 1150: gate_f_channel_process_rxtvm
    Test #1149: gate_f_channel_process_rxbvm ............   Passed    0.36 sec
    Start 1149: gate_f_channel_process_rxbvm
    Test #1148: rxvmchannel_process_crash_replacement ...   Passed    0.35 sec
    Start 1148: rxvmchannel_process_crash_replacement
    Test #1150: gate_f_channel_process_rxtvm ............   Passed    0.34 sec
    Start 1150: gate_f_channel_process_rxtvm
    Test #1149: gate_f_channel_process_rxbvm ............   Passed    0.35 sec
    Start 1149: gate_f_channel_process_rxbvm
    Test #1148: rxvmchannel_process_crash_replacement ...   Passed    0.33 sec
    Start 1148: rxvmchannel_process_crash_replacement
    Test #1150: gate_f_channel_process_rxtvm ............   Passed    0.33 sec
    Start 1150: gate_f_channel_process_rxtvm
    Test #1149: gate_f_channel_process_rxbvm ............   Passed    0.35 sec
    Start 1149: gate_f_channel_process_rxbvm
    Test #1148: rxvmchannel_process_crash_replacement ...   Passed    0.36 sec
    Start 1148: rxvmchannel_process_crash_replacement
    Test #1150: gate_f_channel_process_rxtvm ............   Passed    0.33 sec
    Start 1150: gate_f_channel_process_rxtvm
    Test #1149: gate_f_channel_process_rxbvm ............   Passed    0.36 sec
    Start 1149: gate_f_channel_process_rxbvm
    Test #1148: rxvmchannel_process_crash_replacement ...   Passed    0.34 sec
    Start 1148: rxvmchannel_process_crash_replacement
    Test #1150: gate_f_channel_process_rxtvm ............   Passed    0.34 sec
    Start 1150: gate_f_channel_process_rxtvm
    Test #1149: gate_f_channel_process_rxbvm ............   Passed    0.35 sec
    Start 1149: gate_f_channel_process_rxbvm
    Test #1148: rxvmchannel_process_crash_replacement ...   Passed    0.36 sec
    Start 1148: rxvmchannel_process_crash_replacement
    Test #1150: gate_f_channel_process_rxtvm ............   Passed    0.35 sec
    Start 1150: gate_f_channel_process_rxtvm
    Test #1149: gate_f_channel_process_rxbvm ............   Passed    0.35 sec
    Start 1149: gate_f_channel_process_rxbvm
    Test #1148: rxvmchannel_process_crash_replacement ...   Passed    0.35 sec
    Start 1148: rxvmchannel_process_crash_replacement
    Test #1150: gate_f_channel_process_rxtvm ............   Passed    0.35 sec
    Start 1150: gate_f_channel_process_rxtvm
    Test #1149: gate_f_channel_process_rxbvm ............   Passed    0.34 sec
    Start 1149: gate_f_channel_process_rxbvm
    Test #1150: gate_f_channel_process_rxtvm ............   Passed    0.33 sec
    Start 1150: gate_f_channel_process_rxtvm
    Test #1148: rxvmchannel_process_crash_replacement ...   Passed    0.35 sec
    Start 1148: rxvmchannel_process_crash_replacement
    Test #1149: gate_f_channel_process_rxbvm ............   Passed    0.35 sec
    Start 1149: gate_f_channel_process_rxbvm
    Test #1150: gate_f_channel_process_rxtvm ............   Passed    0.35 sec
    Start 1150: gate_f_channel_process_rxtvm
    Test #1148: rxvmchannel_process_crash_replacement ...   Passed    0.36 sec
    Start 1148: rxvmchannel_process_crash_replacement
    Test #1149: gate_f_channel_process_rxbvm ............   Passed    0.38 sec
    Start 1149: gate_f_channel_process_rxbvm
    Test #1150: gate_f_channel_process_rxtvm ............   Passed    0.35 sec
    Start 1150: gate_f_channel_process_rxtvm
    Test #1148: rxvmchannel_process_crash_replacement ...   Passed    0.35 sec
    Start 1148: rxvmchannel_process_crash_replacement
    Test #1149: gate_f_channel_process_rxbvm ............   Passed    0.33 sec
    Start 1149: gate_f_channel_process_rxbvm
    Test #1150: gate_f_channel_process_rxtvm ............   Passed    0.35 sec
    Start 1150: gate_f_channel_process_rxtvm
    Test #1148: rxvmchannel_process_crash_replacement ...   Passed    0.36 sec
    Start 1148: rxvmchannel_process_crash_replacement
    Test #1149: gate_f_channel_process_rxbvm ............   Passed    0.35 sec
    Start 1149: gate_f_channel_process_rxbvm
    Test #1150: gate_f_channel_process_rxtvm ............   Passed    0.34 sec
    Start 1150: gate_f_channel_process_rxtvm
    Test #1148: rxvmchannel_process_crash_replacement ...   Passed    0.35 sec
    Start 1148: rxvmchannel_process_crash_replacement
    Test #1149: gate_f_channel_process_rxbvm ............   Passed    0.37 sec
    Start 1149: gate_f_channel_process_rxbvm
    Test #1150: gate_f_channel_process_rxtvm ............   Passed    0.36 sec
    Start 1150: gate_f_channel_process_rxtvm
    Test #1148: rxvmchannel_process_crash_replacement ...   Passed    0.36 sec
    Start 1148: rxvmchannel_process_crash_replacement
    Test #1149: gate_f_channel_process_rxbvm ............   Passed    0.35 sec
    Start 1149: gate_f_channel_process_rxbvm
    Test #1150: gate_f_channel_process_rxtvm ............   Passed    0.35 sec
    Start 1150: gate_f_channel_process_rxtvm
    Test #1148: rxvmchannel_process_crash_replacement ...   Passed    0.37 sec
    Start 1148: rxvmchannel_process_crash_replacement
    Test #1149: gate_f_channel_process_rxbvm ............   Passed    0.36 sec
    Start 1149: gate_f_channel_process_rxbvm
    Test #1150: gate_f_channel_process_rxtvm ............   Passed    0.35 sec
    Start 1150: gate_f_channel_process_rxtvm
    Test #1148: rxvmchannel_process_crash_replacement ...   Passed    0.35 sec
    Start 1148: rxvmchannel_process_crash_replacement
    Test #1149: gate_f_channel_process_rxbvm ............   Passed    0.35 sec
    Start 1149: gate_f_channel_process_rxbvm
    Test #1150: gate_f_channel_process_rxtvm ............   Passed    0.35 sec
    Start 1150: gate_f_channel_process_rxtvm
    Test #1148: rxvmchannel_process_crash_replacement ...   Passed    0.34 sec
    Start 1148: rxvmchannel_process_crash_replacement
    Test #1149: gate_f_channel_process_rxbvm ............   Passed    0.35 sec
    Start 1149: gate_f_channel_process_rxbvm
    Test #1150: gate_f_channel_process_rxtvm ............   Passed    0.36 sec
    Start 1150: gate_f_channel_process_rxtvm
    Test #1148: rxvmchannel_process_crash_replacement ...   Passed    0.37 sec
    Start 1148: rxvmchannel_process_crash_replacement
    Test #1149: gate_f_channel_process_rxbvm ............   Passed    0.35 sec
    Start 1149: gate_f_channel_process_rxbvm
    Test #1150: gate_f_channel_process_rxtvm ............   Passed    0.34 sec
    Start 1150: gate_f_channel_process_rxtvm
    Test #1148: rxvmchannel_process_crash_replacement ...   Passed    0.36 sec
    Start 1148: rxvmchannel_process_crash_replacement
    Test #1149: gate_f_channel_process_rxbvm ............   Passed    0.35 sec
    Start 1149: gate_f_channel_process_rxbvm
    Test #1150: gate_f_channel_process_rxtvm ............   Passed    0.34 sec
    Start 1150: gate_f_channel_process_rxtvm
    Test #1148: rxvmchannel_process_crash_replacement ...   Passed    0.35 sec
    Start 1148: rxvmchannel_process_crash_replacement
    Test #1149: gate_f_channel_process_rxbvm ............   Passed    0.36 sec
    Start 1149: gate_f_channel_process_rxbvm
    Test #1150: gate_f_channel_process_rxtvm ............   Passed    0.35 sec
    Start 1150: gate_f_channel_process_rxtvm
    Test #1148: rxvmchannel_process_crash_replacement ...   Passed    0.35 sec
    Start 1148: rxvmchannel_process_crash_replacement
    Test #1149: gate_f_channel_process_rxbvm ............   Passed    0.36 sec
    Start 1149: gate_f_channel_process_rxbvm
    Test #1150: gate_f_channel_process_rxtvm ............   Passed    0.36 sec
    Start 1150: gate_f_channel_process_rxtvm
    Test #1148: rxvmchannel_process_crash_replacement ...   Passed    0.34 sec
    Start 1148: rxvmchannel_process_crash_replacement
    Test #1149: gate_f_channel_process_rxbvm ............   Passed    0.34 sec
    Start 1149: gate_f_channel_process_rxbvm
    Test #1150: gate_f_channel_process_rxtvm ............   Passed    0.35 sec
    Start 1150: gate_f_channel_process_rxtvm
    Test #1148: rxvmchannel_process_crash_replacement ...   Passed    0.34 sec
    Start 1148: rxvmchannel_process_crash_replacement
    Test #1149: gate_f_channel_process_rxbvm ............   Passed    0.36 sec
    Start 1149: gate_f_channel_process_rxbvm
    Test #1150: gate_f_channel_process_rxtvm ............   Passed    0.36 sec
    Start 1150: gate_f_channel_process_rxtvm
    Test #1148: rxvmchannel_process_crash_replacement ...   Passed    0.37 sec
    Start 1148: rxvmchannel_process_crash_replacement
    Test #1149: gate_f_channel_process_rxbvm ............   Passed    0.36 sec
    Start 1149: gate_f_channel_process_rxbvm
    Test #1150: gate_f_channel_process_rxtvm ............   Passed    0.35 sec
    Start 1150: gate_f_channel_process_rxtvm
    Test #1148: rxvmchannel_process_crash_replacement ...   Passed    0.35 sec
    Start 1148: rxvmchannel_process_crash_replacement
    Test #1149: gate_f_channel_process_rxbvm ............   Passed    0.34 sec
    Start 1149: gate_f_channel_process_rxbvm
    Test #1150: gate_f_channel_process_rxtvm ............   Passed    0.36 sec
    Start 1150: gate_f_channel_process_rxtvm
    Test #1148: rxvmchannel_process_crash_replacement ...   Passed    0.37 sec
    Start 1148: rxvmchannel_process_crash_replacement
    Test #1149: gate_f_channel_process_rxbvm ............   Passed    0.33 sec
    Start 1149: gate_f_channel_process_rxbvm
    Test #1150: gate_f_channel_process_rxtvm ............   Passed    0.34 sec
    Start 1150: gate_f_channel_process_rxtvm
    Test #1148: rxvmchannel_process_crash_replacement ...   Passed    0.35 sec
    Start 1148: rxvmchannel_process_crash_replacement
    Test #1149: gate_f_channel_process_rxbvm ............   Passed    0.36 sec
    Start 1149: gate_f_channel_process_rxbvm
    Test #1150: gate_f_channel_process_rxtvm ............   Passed    0.37 sec
    Start 1150: gate_f_channel_process_rxtvm
    Test #1148: rxvmchannel_process_crash_replacement ...   Passed    0.35 sec
    Start 1148: rxvmchannel_process_crash_replacement
    Test #1149: gate_f_channel_process_rxbvm ............   Passed    0.35 sec
    Start 1149: gate_f_channel_process_rxbvm
    Test #1150: gate_f_channel_process_rxtvm ............   Passed    0.35 sec
    Start 1150: gate_f_channel_process_rxtvm
    Test #1148: rxvmchannel_process_crash_replacement ...   Passed    0.37 sec
    Start 1148: rxvmchannel_process_crash_replacement
    Test #1149: gate_f_channel_process_rxbvm ............   Passed    0.34 sec
    Start 1149: gate_f_channel_process_rxbvm
    Test #1150: gate_f_channel_process_rxtvm ............   Passed    0.35 sec
    Start 1150: gate_f_channel_process_rxtvm
    Test #1148: rxvmchannel_process_crash_replacement ...   Passed    0.36 sec
    Start 1148: rxvmchannel_process_crash_replacement
    Test #1149: gate_f_channel_process_rxbvm ............   Passed    0.35 sec
    Start 1149: gate_f_channel_process_rxbvm
    Test #1150: gate_f_channel_process_rxtvm ............   Passed    0.36 sec
    Start 1150: gate_f_channel_process_rxtvm
    Test #1148: rxvmchannel_process_crash_replacement ...   Passed    0.35 sec
    Start 1148: rxvmchannel_process_crash_replacement
    Test #1149: gate_f_channel_process_rxbvm ............   Passed    0.34 sec
    Start 1149: gate_f_channel_process_rxbvm
    Test #1150: gate_f_channel_process_rxtvm ............   Passed    0.35 sec
    Start 1150: gate_f_channel_process_rxtvm
    Test #1148: rxvmchannel_process_crash_replacement ...   Passed    0.36 sec
    Start 1148: rxvmchannel_process_crash_replacement
    Test #1149: gate_f_channel_process_rxbvm ............   Passed    0.36 sec
    Start 1149: gate_f_channel_process_rxbvm
    Test #1150: gate_f_channel_process_rxtvm ............   Passed    0.35 sec
    Start 1150: gate_f_channel_process_rxtvm
    Test #1148: rxvmchannel_process_crash_replacement ...   Passed    0.34 sec
    Start 1148: rxvmchannel_process_crash_replacement
    Test #1149: gate_f_channel_process_rxbvm ............   Passed    0.36 sec
    Start 1149: gate_f_channel_process_rxbvm
    Test #1150: gate_f_channel_process_rxtvm ............   Passed    0.33 sec
    Start 1150: gate_f_channel_process_rxtvm
    Test #1148: rxvmchannel_process_crash_replacement ...   Passed    0.36 sec
    Start 1148: rxvmchannel_process_crash_replacement
    Test #1149: gate_f_channel_process_rxbvm ............   Passed    0.33 sec
    Start 1149: gate_f_channel_process_rxbvm
    Test #1150: gate_f_channel_process_rxtvm ............   Passed    0.35 sec
    Start 1150: gate_f_channel_process_rxtvm
    Test #1148: rxvmchannel_process_crash_replacement ...   Passed    0.35 sec
    Start 1148: rxvmchannel_process_crash_replacement
    Test #1149: gate_f_channel_process_rxbvm ............   Passed    0.35 sec
    Start 1149: gate_f_channel_process_rxbvm
    Test #1150: gate_f_channel_process_rxtvm ............   Passed    0.34 sec
    Start 1150: gate_f_channel_process_rxtvm
    Test #1148: rxvmchannel_process_crash_replacement ...   Passed    0.35 sec
    Start 1148: rxvmchannel_process_crash_replacement
    Test #1149: gate_f_channel_process_rxbvm ............   Passed    0.35 sec
    Start 1149: gate_f_channel_process_rxbvm
    Test #1150: gate_f_channel_process_rxtvm ............   Passed    0.36 sec
    Start 1150: gate_f_channel_process_rxtvm
    Test #1148: rxvmchannel_process_crash_replacement ...   Passed    0.35 sec
    Start 1148: rxvmchannel_process_crash_replacement
    Test #1149: gate_f_channel_process_rxbvm ............   Passed    0.34 sec
    Start 1149: gate_f_channel_process_rxbvm
    Test #1150: gate_f_channel_process_rxtvm ............   Passed    0.35 sec
    Start 1150: gate_f_channel_process_rxtvm
    Test #1148: rxvmchannel_process_crash_replacement ...   Passed    0.35 sec
    Start 1148: rxvmchannel_process_crash_replacement
    Test #1149: gate_f_channel_process_rxbvm ............   Passed    0.36 sec
    Start 1149: gate_f_channel_process_rxbvm
    Test #1150: gate_f_channel_process_rxtvm ............   Passed    0.34 sec
    Start 1150: gate_f_channel_process_rxtvm
    Test #1149: gate_f_channel_process_rxbvm ............   Passed    0.33 sec
    Start 1149: gate_f_channel_process_rxbvm
    Test #1148: rxvmchannel_process_crash_replacement ...   Passed    0.36 sec
    Start 1148: rxvmchannel_process_crash_replacement
    Test #1150: gate_f_channel_process_rxtvm ............   Passed    0.37 sec
    Start 1150: gate_f_channel_process_rxtvm
    Test #1149: gate_f_channel_process_rxbvm ............   Passed    0.34 sec
    Start 1149: gate_f_channel_process_rxbvm
    Test #1148: rxvmchannel_process_crash_replacement ...   Passed    0.35 sec
    Start 1148: rxvmchannel_process_crash_replacement
    Test #1150: gate_f_channel_process_rxtvm ............   Passed    0.34 sec
    Start 1150: gate_f_channel_process_rxtvm
    Test #1149: gate_f_channel_process_rxbvm ............   Passed    0.38 sec
    Start 1149: gate_f_channel_process_rxbvm
    Test #1148: rxvmchannel_process_crash_replacement ...   Passed    0.36 sec
    Start 1148: rxvmchannel_process_crash_replacement
    Test #1150: gate_f_channel_process_rxtvm ............   Passed    0.34 sec
    Start 1150: gate_f_channel_process_rxtvm
    Test #1149: gate_f_channel_process_rxbvm ............   Passed    0.35 sec
    Start 1149: gate_f_channel_process_rxbvm
    Test #1148: rxvmchannel_process_crash_replacement ...   Passed    0.34 sec
    Start 1148: rxvmchannel_process_crash_replacement
    Test #1150: gate_f_channel_process_rxtvm ............   Passed    0.35 sec
    Start 1150: gate_f_channel_process_rxtvm
    Test #1149: gate_f_channel_process_rxbvm ............   Passed    0.35 sec
    Start 1149: gate_f_channel_process_rxbvm
    Test #1148: rxvmchannel_process_crash_replacement ...   Passed    0.35 sec
    Start 1148: rxvmchannel_process_crash_replacement
    Test #1150: gate_f_channel_process_rxtvm ............   Passed    0.35 sec
    Start 1150: gate_f_channel_process_rxtvm
    Test #1149: gate_f_channel_process_rxbvm ............   Passed    0.35 sec
    Start 1149: gate_f_channel_process_rxbvm
    Test #1148: rxvmchannel_process_crash_replacement ...   Passed    0.35 sec
    Start 1148: rxvmchannel_process_crash_replacement
    Test #1150: gate_f_channel_process_rxtvm ............   Passed    0.36 sec
    Start 1150: gate_f_channel_process_rxtvm
    Test #1149: gate_f_channel_process_rxbvm ............   Passed    0.34 sec
    Start 1149: gate_f_channel_process_rxbvm
    Test #1148: rxvmchannel_process_crash_replacement ...   Passed    0.36 sec
    Start 1148: rxvmchannel_process_crash_replacement
    Test #1150: gate_f_channel_process_rxtvm ............   Passed    0.35 sec
    Start 1150: gate_f_channel_process_rxtvm
    Test #1148: rxvmchannel_process_crash_replacement ...   Passed    0.34 sec
    Start 1148: rxvmchannel_process_crash_replacement
    Test #1149: gate_f_channel_process_rxbvm ............   Passed    0.37 sec
    Start 1149: gate_f_channel_process_rxbvm
    Test #1150: gate_f_channel_process_rxtvm ............   Passed    0.34 sec
    Start 1150: gate_f_channel_process_rxtvm
    Test #1149: gate_f_channel_process_rxbvm ............   Passed    0.35 sec
    Start 1149: gate_f_channel_process_rxbvm
    Test #1148: rxvmchannel_process_crash_replacement ...   Passed    0.36 sec
    Start 1148: rxvmchannel_process_crash_replacement
    Test #1150: gate_f_channel_process_rxtvm ............   Passed    0.37 sec
    Start 1150: gate_f_channel_process_rxtvm
    Test #1149: gate_f_channel_process_rxbvm ............   Passed    0.34 sec
    Start 1149: gate_f_channel_process_rxbvm
    Test #1148: rxvmchannel_process_crash_replacement ...   Passed    0.35 sec
    Start 1148: rxvmchannel_process_crash_replacement
    Test #1150: gate_f_channel_process_rxtvm ............   Passed    0.35 sec
    Start 1150: gate_f_channel_process_rxtvm
    Test #1149: gate_f_channel_process_rxbvm ............   Passed    0.35 sec
    Start 1149: gate_f_channel_process_rxbvm
    Test #1148: rxvmchannel_process_crash_replacement ...   Passed    0.35 sec
    Start 1148: rxvmchannel_process_crash_replacement
    Test #1150: gate_f_channel_process_rxtvm ............   Passed    0.34 sec
    Start 1150: gate_f_channel_process_rxtvm
    Test #1149: gate_f_channel_process_rxbvm ............   Passed    0.36 sec
    Start 1149: gate_f_channel_process_rxbvm
    Test #1148: rxvmchannel_process_crash_replacement ...   Passed    0.35 sec
    Start 1148: rxvmchannel_process_crash_replacement
    Test #1150: gate_f_channel_process_rxtvm ............   Passed    0.35 sec
    Start 1150: gate_f_channel_process_rxtvm
    Test #1149: gate_f_channel_process_rxbvm ............   Passed    0.36 sec
    Start 1149: gate_f_channel_process_rxbvm
    Test #1148: rxvmchannel_process_crash_replacement ...   Passed    0.36 sec
    Start 1148: rxvmchannel_process_crash_replacement
    Test #1150: gate_f_channel_process_rxtvm ............   Passed    0.37 sec
    Start 1150: gate_f_channel_process_rxtvm
    Test #1149: gate_f_channel_process_rxbvm ............   Passed    0.35 sec
    Start 1149: gate_f_channel_process_rxbvm
    Test #1148: rxvmchannel_process_crash_replacement ...   Passed    0.37 sec
    Start 1148: rxvmchannel_process_crash_replacement
    Test #1150: gate_f_channel_process_rxtvm ............   Passed    0.36 sec
    Start 1150: gate_f_channel_process_rxtvm
    Test #1149: gate_f_channel_process_rxbvm ............   Passed    0.35 sec
    Start 1149: gate_f_channel_process_rxbvm
    Test #1148: rxvmchannel_process_crash_replacement ...   Passed    0.34 sec
    Start 1148: rxvmchannel_process_crash_replacement
    Test #1150: gate_f_channel_process_rxtvm ............   Passed    0.35 sec
    Start 1150: gate_f_channel_process_rxtvm
    Test #1149: gate_f_channel_process_rxbvm ............   Passed    0.35 sec
    Start 1149: gate_f_channel_process_rxbvm
    Test #1148: rxvmchannel_process_crash_replacement ...   Passed    0.36 sec
    Start 1148: rxvmchannel_process_crash_replacement
    Test #1150: gate_f_channel_process_rxtvm ............   Passed    0.33 sec
    Start 1150: gate_f_channel_process_rxtvm
    Test #1149: gate_f_channel_process_rxbvm ............   Passed    0.36 sec
    Start 1149: gate_f_channel_process_rxbvm
    Test #1148: rxvmchannel_process_crash_replacement ...   Passed    0.37 sec
    Start 1148: rxvmchannel_process_crash_replacement
    Test #1150: gate_f_channel_process_rxtvm ............   Passed    0.34 sec
    Start 1150: gate_f_channel_process_rxtvm
    Test #1149: gate_f_channel_process_rxbvm ............   Passed    0.35 sec
    Start 1149: gate_f_channel_process_rxbvm
    Test #1148: rxvmchannel_process_crash_replacement ...   Passed    0.35 sec
    Start 1148: rxvmchannel_process_crash_replacement
    Test #1150: gate_f_channel_process_rxtvm ............   Passed    0.34 sec
    Start 1150: gate_f_channel_process_rxtvm
    Test #1149: gate_f_channel_process_rxbvm ............   Passed    0.33 sec
    Start 1149: gate_f_channel_process_rxbvm
    Test #1148: rxvmchannel_process_crash_replacement ...   Passed    0.37 sec
    Start 1148: rxvmchannel_process_crash_replacement
    Test #1150: gate_f_channel_process_rxtvm ............   Passed    0.36 sec
    Start 1150: gate_f_channel_process_rxtvm
    Test #1149: gate_f_channel_process_rxbvm ............   Passed    0.35 sec
    Start 1149: gate_f_channel_process_rxbvm
    Test #1148: rxvmchannel_process_crash_replacement ...   Passed    0.34 sec
    Start 1148: rxvmchannel_process_crash_replacement
    Test #1150: gate_f_channel_process_rxtvm ............   Passed    0.36 sec
    Start 1150: gate_f_channel_process_rxtvm
    Test #1149: gate_f_channel_process_rxbvm ............   Passed    0.36 sec
    Start 1149: gate_f_channel_process_rxbvm
    Test #1148: rxvmchannel_process_crash_replacement ...   Passed    0.37 sec
    Start 1148: rxvmchannel_process_crash_replacement
    Test #1150: gate_f_channel_process_rxtvm ............   Passed    0.35 sec
    Start 1150: gate_f_channel_process_rxtvm
    Test #1149: gate_f_channel_process_rxbvm ............   Passed    0.33 sec
    Start 1149: gate_f_channel_process_rxbvm
    Test #1148: rxvmchannel_process_crash_replacement ...   Passed    0.36 sec
    Start 1148: rxvmchannel_process_crash_replacement
    Test #1150: gate_f_channel_process_rxtvm ............   Passed    0.34 sec
    Start 1150: gate_f_channel_process_rxtvm
    Test #1149: gate_f_channel_process_rxbvm ............   Passed    0.35 sec
    Start 1149: gate_f_channel_process_rxbvm
    Test #1148: rxvmchannel_process_crash_replacement ...   Passed    0.36 sec
    Start 1148: rxvmchannel_process_crash_replacement
    Test #1150: gate_f_channel_process_rxtvm ............   Passed    0.35 sec
    Start 1150: gate_f_channel_process_rxtvm
    Test #1149: gate_f_channel_process_rxbvm ............   Passed    0.36 sec
    Start 1149: gate_f_channel_process_rxbvm
    Test #1148: rxvmchannel_process_crash_replacement ...   Passed    0.35 sec
    Start 1148: rxvmchannel_process_crash_replacement
    Test #1150: gate_f_channel_process_rxtvm ............   Passed    0.35 sec
    Start 1150: gate_f_channel_process_rxtvm
    Test #1149: gate_f_channel_process_rxbvm ............   Passed    0.34 sec
    Start 1149: gate_f_channel_process_rxbvm
    Test #1148: rxvmchannel_process_crash_replacement ...   Passed    0.38 sec
    Start 1148: rxvmchannel_process_crash_replacement
    Test #1150: gate_f_channel_process_rxtvm ............   Passed    0.36 sec
    Start 1150: gate_f_channel_process_rxtvm
    Test #1149: gate_f_channel_process_rxbvm ............   Passed    0.35 sec
    Start 1149: gate_f_channel_process_rxbvm
    Test #1148: rxvmchannel_process_crash_replacement ...   Passed    0.36 sec
    Start 1148: rxvmchannel_process_crash_replacement
    Test #1150: gate_f_channel_process_rxtvm ............   Passed    0.36 sec
    Start 1150: gate_f_channel_process_rxtvm
    Test #1148: rxvmchannel_process_crash_replacement ...   Passed    0.35 sec
    Start 1148: rxvmchannel_process_crash_replacement
    Test #1150: gate_f_channel_process_rxtvm ............   Passed    0.34 sec
    Start 1150: gate_f_channel_process_rxtvm
    Test #1149: gate_f_channel_process_rxbvm ............   Passed    0.62 sec
    Start 1149: gate_f_channel_process_rxbvm
    Test #1148: rxvmchannel_process_crash_replacement ...   Passed    0.35 sec
    Start 1148: rxvmchannel_process_crash_replacement
    Test #1150: gate_f_channel_process_rxtvm ............   Passed    0.33 sec
    Start 1150: gate_f_channel_process_rxtvm
    Test #1149: gate_f_channel_process_rxbvm ............   Passed    0.35 sec
    Start 1149: gate_f_channel_process_rxbvm
    Test #1148: rxvmchannel_process_crash_replacement ...   Passed    0.34 sec
    Start 1148: rxvmchannel_process_crash_replacement
    Test #1150: gate_f_channel_process_rxtvm ............   Passed    0.34 sec
    Start 1150: gate_f_channel_process_rxtvm
    Test #1148: rxvmchannel_process_crash_replacement ...   Passed    0.36 sec
    Start 1148: rxvmchannel_process_crash_replacement
    Test #1149: gate_f_channel_process_rxbvm ............   Passed    0.62 sec
    Start 1149: gate_f_channel_process_rxbvm
    Test #1150: gate_f_channel_process_rxtvm ............   Passed    0.34 sec
    Start 1150: gate_f_channel_process_rxtvm
    Test #1148: rxvmchannel_process_crash_replacement ...   Passed    0.33 sec
    Start 1148: rxvmchannel_process_crash_replacement
    Test #1149: gate_f_channel_process_rxbvm ............   Passed    0.34 sec
    Start 1149: gate_f_channel_process_rxbvm
    Test #1150: gate_f_channel_process_rxtvm ............   Passed    0.35 sec
    Start 1150: gate_f_channel_process_rxtvm
    Test #1148: rxvmchannel_process_crash_replacement ...   Passed    0.34 sec
    Start 1148: rxvmchannel_process_crash_replacement
    Test #1149: gate_f_channel_process_rxbvm ............   Passed    0.37 sec
    Start 1149: gate_f_channel_process_rxbvm
    Test #1150: gate_f_channel_process_rxtvm ............   Passed    0.36 sec
    Start 1150: gate_f_channel_process_rxtvm
1/3 Test #1148: rxvmchannel_process_crash_replacement ...   Passed    0.34 sec
2/3 Test #1150: gate_f_channel_process_rxtvm ............   Passed    0.33 sec
    Test #1149: gate_f_channel_process_rxbvm ............   Passed    0.36 sec
    Start 1149: gate_f_channel_process_rxbvm
3/3 Test #1149: gate_f_channel_process_rxbvm ............   Passed    0.34 sec

100% tests passed, 0 tests failed out of 3

Label Time Summary:
channels       =   1.01 sec*proc (3 tests)
crash          =   0.34 sec*proc (1 test)
f1e            =   1.01 sec*proc (3 tests)
gate-f         =   1.01 sec*proc (3 tests)
interpreter    =   1.01 sec*proc (3 tests)
lifecycle      =   1.01 sec*proc (3 tests)
perf3          =   1.01 sec*proc (3 tests)
process        =   1.01 sec*proc (3 tests)

Total Test time (real) =  35.63 sec
