IMPORT_STACK caller=_address@library.rxbin candidate=extension.crexx namespace=_rxsysb
0   rxc.actual                          0x000000010453cd94 load_another_file + 464
1   rxc.actual                          0x000000010453e0c4 sym_imcls + 292
2   rxc.actual                          0x000000010453e52c ensure_class_imported + 76
3   rxc.actual                          0x00000001044edef0 node_to_type + 2544
4   rxc.actual                          0x00000001044dcc20 structure_symbols_walker + 156
5   rxc.actual                          0x0000000104481be0 ast_wlkr + 52
6   rxc.actual                          0x0000000104481c18 ast_wlkr + 108
7   rxc.actual                          0x0000000104481c18 ast_wlkr + 108
8   rxc.actual                          0x00000001044f0670 rxcp_bvl + 168
9   rxc.actual                          0x000000010453f6d0 rximpf_provider_f + 1436
10  rxc.actual                          0x00000001045439d8 read_constant_pool_for_functions + 2716
11  rxc.actual                          0x000000010453ced4 load_another_file + 784
12  rxc.actual                          0x000000010453e0c4 sym_imcls + 292
13  rxc.actual                          0x000000010453e52c ensure_class_imported + 76
14  rxc.actual                          0x00000001044edef0 node_to_type + 2544
15  rxc.actual                          0x00000001044dcc20 structure_symbols_walker + 156
16  rxc.actual                          0x0000000104481be0 ast_wlkr + 52
17  rxc.actual                          0x0000000104481c18 ast_wlkr + 108
18  rxc.actual                          0x0000000104481c18 ast_wlkr + 108
19  rxc.actual                          0x00000001044f0670 rxcp_bvl + 168
20  rxc.actual                          0x000000010453f6d0 rximpf_provider_f + 1436
21  rxc.actual                          0x00000001045439d8 read_constant_pool_for_functions + 2716
22  rxc.actual                          0x000000010453ced4 load_another_file + 784
23  rxc.actual                          0x000000010453e0c4 sym_imcls + 292
24  rxc.actual                          0x000000010453e52c ensure_class_imported + 76
25  rxc.actual                          0x00000001044edef0 node_to_type + 2544
26  rxc.actual                          0x00000001044dcc20 structure_symbols_walker + 156
27  rxc.actual                          0x0000000104481be0 ast_wlkr + 52
28  rxc.actual                          0x0000000104481c18 ast_wlkr + 108
29  rxc.actual                          0x0000000104481c18 ast_wlkr + 108
30  rxc.actual                          0x0000000104481c18 ast_wlkr + 108
31  rxc.actual                          0x00000001044f0670 rxcp_bvl + 168
32  rxc.actual                          0x000000010454232c parseRexx + 204
33  rxc.actual                          0x00000001045440e0 import_class_meta_aggs + 232
34  rxc.actual                          0x0000000104543ec4 read_constant_pool_for_functions + 3976
35  rxc.actual                          0x000000010453ced4 load_another_file + 784
36  rxc.actual                          0x000000010454105c rxcp_scan_imports + 24
37  rxc.actual                          0x00000001044eee28 validate_ast + 1184
38  rxc.actual                          0x000000010447adf0 rxcmain + 4760
39  dyld                                0x0000000184ba84e4 start + 6992
