channel phase=warmup round=0 position=1 vm=rxbvml variant=accepted
GF_CHANNEL_LATENCY_JOBS: 1024
GF_CHANNEL_LATENCY_US: 7464
GF_CHANNEL_THROUGHPUT_JOBS: 256
GF_CHANNEL_THROUGHPUT_US: 85523
PASS: Gate F F1b channel benchmark
channel phase=warmup round=0 position=2 vm=rxbvml variant=candidate
GF_CHANNEL_LATENCY_JOBS: 1024
GF_CHANNEL_LATENCY_US: 7706
GF_CHANNEL_THROUGHPUT_JOBS: 256
GF_CHANNEL_THROUGHPUT_US: 83822
PASS: Gate F F1b channel benchmark
channel phase=warmup round=0 position=3 vm=rxtvml variant=accepted
GF_CHANNEL_LATENCY_JOBS: 1024
GF_CHANNEL_LATENCY_US: 7666
GF_CHANNEL_THROUGHPUT_JOBS: 256
GF_CHANNEL_THROUGHPUT_US: 98286
PASS: Gate F F1b channel benchmark
channel phase=warmup round=0 position=4 vm=rxtvml variant=candidate
GF_CHANNEL_LATENCY_JOBS: 1024
GF_CHANNEL_LATENCY_US: 8004
GF_CHANNEL_THROUGHPUT_JOBS: 256
GF_CHANNEL_THROUGHPUT_US: 98368
PASS: Gate F F1b channel benchmark
channel phase=recorded round=1 position=5 vm=rxbvml variant=accepted
GF_CHANNEL_LATENCY_JOBS: 1024
GF_CHANNEL_LATENCY_US: 7696
GF_CHANNEL_THROUGHPUT_JOBS: 256
GF_CHANNEL_THROUGHPUT_US: 86394
PASS: Gate F F1b channel benchmark
channel phase=recorded round=1 position=6 vm=rxbvml variant=candidate
GF_CHANNEL_LATENCY_JOBS: 1024
GF_CHANNEL_LATENCY_US: 7717
GF_CHANNEL_THROUGHPUT_JOBS: 256
GF_CHANNEL_THROUGHPUT_US: 83849
PASS: Gate F F1b channel benchmark
channel phase=recorded round=1 position=7 vm=rxtvml variant=accepted
GF_CHANNEL_LATENCY_JOBS: 1024
GF_CHANNEL_LATENCY_US: 7626
GF_CHANNEL_THROUGHPUT_JOBS: 256
GF_CHANNEL_THROUGHPUT_US: 116955
PASS: Gate F F1b channel benchmark
channel phase=recorded round=1 position=8 vm=rxtvml variant=candidate
GF_CHANNEL_LATENCY_JOBS: 1024
GF_CHANNEL_LATENCY_US: 9337
GF_CHANNEL_THROUGHPUT_JOBS: 256
GF_CHANNEL_THROUGHPUT_US: 100362
PASS: Gate F F1b channel benchmark
channel phase=recorded round=2 position=9 vm=rxtvml variant=candidate
GF_CHANNEL_LATENCY_JOBS: 1024
GF_CHANNEL_LATENCY_US: 7513
GF_CHANNEL_THROUGHPUT_JOBS: 256
GF_CHANNEL_THROUGHPUT_US: 97969
PASS: Gate F F1b channel benchmark
channel phase=recorded round=2 position=10 vm=rxtvml variant=accepted
GF_CHANNEL_LATENCY_JOBS: 1024
GF_CHANNEL_LATENCY_US: 7619
GF_CHANNEL_THROUGHPUT_JOBS: 256
GF_CHANNEL_THROUGHPUT_US: 98244
PASS: Gate F F1b channel benchmark
channel phase=recorded round=2 position=11 vm=rxbvml variant=candidate
GF_CHANNEL_LATENCY_JOBS: 1024
GF_CHANNEL_LATENCY_US: 7531
GF_CHANNEL_THROUGHPUT_JOBS: 256
GF_CHANNEL_THROUGHPUT_US: 85997
PASS: Gate F F1b channel benchmark
channel phase=recorded round=2 position=12 vm=rxbvml variant=accepted
GF_CHANNEL_LATENCY_JOBS: 1024
GF_CHANNEL_LATENCY_US: 7918
GF_CHANNEL_THROUGHPUT_JOBS: 256
GF_CHANNEL_THROUGHPUT_US: 85174
PASS: Gate F F1b channel benchmark
channel phase=recorded round=3 position=13 vm=rxbvml variant=accepted
GF_CHANNEL_LATENCY_JOBS: 1024
GF_CHANNEL_LATENCY_US: 7527
GF_CHANNEL_THROUGHPUT_JOBS: 256
GF_CHANNEL_THROUGHPUT_US: 86587
PASS: Gate F F1b channel benchmark
channel phase=recorded round=3 position=14 vm=rxbvml variant=candidate
GF_CHANNEL_LATENCY_JOBS: 1024
GF_CHANNEL_LATENCY_US: 7257
GF_CHANNEL_THROUGHPUT_JOBS: 256
GF_CHANNEL_THROUGHPUT_US: 86306
PASS: Gate F F1b channel benchmark
channel phase=recorded round=3 position=15 vm=rxtvml variant=accepted
GF_CHANNEL_LATENCY_JOBS: 1024
GF_CHANNEL_LATENCY_US: 8074
GF_CHANNEL_THROUGHPUT_JOBS: 256
GF_CHANNEL_THROUGHPUT_US: 101027
PASS: Gate F F1b channel benchmark
channel phase=recorded round=3 position=16 vm=rxtvml variant=candidate
GF_CHANNEL_LATENCY_JOBS: 1024
GF_CHANNEL_LATENCY_US: 7526
GF_CHANNEL_THROUGHPUT_JOBS: 256
GF_CHANNEL_THROUGHPUT_US: 114036
PASS: Gate F F1b channel benchmark
channel phase=recorded round=4 position=17 vm=rxtvml variant=candidate
GF_CHANNEL_LATENCY_JOBS: 1024
GF_CHANNEL_LATENCY_US: 7771
GF_CHANNEL_THROUGHPUT_JOBS: 256
GF_CHANNEL_THROUGHPUT_US: 98534
PASS: Gate F F1b channel benchmark
channel phase=recorded round=4 position=18 vm=rxtvml variant=accepted
GF_CHANNEL_LATENCY_JOBS: 1024
GF_CHANNEL_LATENCY_US: 7601
GF_CHANNEL_THROUGHPUT_JOBS: 256
GF_CHANNEL_THROUGHPUT_US: 99389
PASS: Gate F F1b channel benchmark
channel phase=recorded round=4 position=19 vm=rxbvml variant=candidate
GF_CHANNEL_LATENCY_JOBS: 1024
GF_CHANNEL_LATENCY_US: 7602
GF_CHANNEL_THROUGHPUT_JOBS: 256
GF_CHANNEL_THROUGHPUT_US: 86112
PASS: Gate F F1b channel benchmark
channel phase=recorded round=4 position=20 vm=rxbvml variant=accepted
GF_CHANNEL_LATENCY_JOBS: 1024
GF_CHANNEL_LATENCY_US: 7557
GF_CHANNEL_THROUGHPUT_JOBS: 256
GF_CHANNEL_THROUGHPUT_US: 88450
PASS: Gate F F1b channel benchmark
channel phase=recorded round=5 position=21 vm=rxbvml variant=accepted
GF_CHANNEL_LATENCY_JOBS: 1024
GF_CHANNEL_LATENCY_US: 7633
GF_CHANNEL_THROUGHPUT_JOBS: 256
GF_CHANNEL_THROUGHPUT_US: 86680
PASS: Gate F F1b channel benchmark
channel phase=recorded round=5 position=22 vm=rxbvml variant=candidate
GF_CHANNEL_LATENCY_JOBS: 1024
GF_CHANNEL_LATENCY_US: 7502
GF_CHANNEL_THROUGHPUT_JOBS: 256
GF_CHANNEL_THROUGHPUT_US: 85050
PASS: Gate F F1b channel benchmark
channel phase=recorded round=5 position=23 vm=rxtvml variant=accepted
GF_CHANNEL_LATENCY_JOBS: 1024
GF_CHANNEL_LATENCY_US: 7477
GF_CHANNEL_THROUGHPUT_JOBS: 256
GF_CHANNEL_THROUGHPUT_US: 100624
PASS: Gate F F1b channel benchmark
channel phase=recorded round=5 position=24 vm=rxtvml variant=candidate
GF_CHANNEL_LATENCY_JOBS: 1024
GF_CHANNEL_LATENCY_US: 7135
GF_CHANNEL_THROUGHPUT_JOBS: 256
GF_CHANNEL_THROUGHPUT_US: 100934
PASS: Gate F F1b channel benchmark
channel phase=recorded round=6 position=25 vm=rxtvml variant=candidate
GF_CHANNEL_LATENCY_JOBS: 1024
GF_CHANNEL_LATENCY_US: 7535
GF_CHANNEL_THROUGHPUT_JOBS: 256
GF_CHANNEL_THROUGHPUT_US: 114207
PASS: Gate F F1b channel benchmark
channel phase=recorded round=6 position=26 vm=rxtvml variant=accepted
GF_CHANNEL_LATENCY_JOBS: 1024
GF_CHANNEL_LATENCY_US: 7666
GF_CHANNEL_THROUGHPUT_JOBS: 256
GF_CHANNEL_THROUGHPUT_US: 99657
PASS: Gate F F1b channel benchmark
channel phase=recorded round=6 position=27 vm=rxbvml variant=candidate
GF_CHANNEL_LATENCY_JOBS: 1024
GF_CHANNEL_LATENCY_US: 7694
GF_CHANNEL_THROUGHPUT_JOBS: 256
GF_CHANNEL_THROUGHPUT_US: 86383
PASS: Gate F F1b channel benchmark
channel phase=recorded round=6 position=28 vm=rxbvml variant=accepted
GF_CHANNEL_LATENCY_JOBS: 1024
GF_CHANNEL_LATENCY_US: 7431
GF_CHANNEL_THROUGHPUT_JOBS: 256
GF_CHANNEL_THROUGHPUT_US: 89003
PASS: Gate F F1b channel benchmark
channel phase=recorded round=7 position=29 vm=rxbvml variant=accepted
GF_CHANNEL_LATENCY_JOBS: 1024
GF_CHANNEL_LATENCY_US: 7523
GF_CHANNEL_THROUGHPUT_JOBS: 256
GF_CHANNEL_THROUGHPUT_US: 87210
PASS: Gate F F1b channel benchmark
channel phase=recorded round=7 position=30 vm=rxbvml variant=candidate
GF_CHANNEL_LATENCY_JOBS: 1024
GF_CHANNEL_LATENCY_US: 7479
GF_CHANNEL_THROUGHPUT_JOBS: 256
GF_CHANNEL_THROUGHPUT_US: 85706
PASS: Gate F F1b channel benchmark
channel phase=recorded round=7 position=31 vm=rxtvml variant=accepted
GF_CHANNEL_LATENCY_JOBS: 1024
GF_CHANNEL_LATENCY_US: 7453
GF_CHANNEL_THROUGHPUT_JOBS: 256
GF_CHANNEL_THROUGHPUT_US: 100692
PASS: Gate F F1b channel benchmark
channel phase=recorded round=7 position=32 vm=rxtvml variant=candidate
GF_CHANNEL_LATENCY_JOBS: 1024
GF_CHANNEL_LATENCY_US: 7842
GF_CHANNEL_THROUGHPUT_JOBS: 256
GF_CHANNEL_THROUGHPUT_US: 105531
PASS: Gate F F1b channel benchmark
channel phase=recorded round=8 position=33 vm=rxtvml variant=candidate
GF_CHANNEL_LATENCY_JOBS: 1024
GF_CHANNEL_LATENCY_US: 7467
GF_CHANNEL_THROUGHPUT_JOBS: 256
GF_CHANNEL_THROUGHPUT_US: 102921
PASS: Gate F F1b channel benchmark
channel phase=recorded round=8 position=34 vm=rxtvml variant=accepted
GF_CHANNEL_LATENCY_JOBS: 1024
GF_CHANNEL_LATENCY_US: 10362
GF_CHANNEL_THROUGHPUT_JOBS: 256
GF_CHANNEL_THROUGHPUT_US: 104928
PASS: Gate F F1b channel benchmark
channel phase=recorded round=8 position=35 vm=rxbvml variant=candidate
GF_CHANNEL_LATENCY_JOBS: 1024
GF_CHANNEL_LATENCY_US: 7458
GF_CHANNEL_THROUGHPUT_JOBS: 256
GF_CHANNEL_THROUGHPUT_US: 85457
PASS: Gate F F1b channel benchmark
channel phase=recorded round=8 position=36 vm=rxbvml variant=accepted
GF_CHANNEL_LATENCY_JOBS: 1024
GF_CHANNEL_LATENCY_US: 7457
GF_CHANNEL_THROUGHPUT_JOBS: 256
GF_CHANNEL_THROUGHPUT_US: 87831
PASS: Gate F F1b channel benchmark
channel phase=recorded round=9 position=37 vm=rxbvml variant=accepted
GF_CHANNEL_LATENCY_JOBS: 1024
GF_CHANNEL_LATENCY_US: 7776
GF_CHANNEL_THROUGHPUT_JOBS: 256
GF_CHANNEL_THROUGHPUT_US: 89065
PASS: Gate F F1b channel benchmark
channel phase=recorded round=9 position=38 vm=rxbvml variant=candidate
GF_CHANNEL_LATENCY_JOBS: 1024
GF_CHANNEL_LATENCY_US: 7440
GF_CHANNEL_THROUGHPUT_JOBS: 256
GF_CHANNEL_THROUGHPUT_US: 86576
PASS: Gate F F1b channel benchmark
channel phase=recorded round=9 position=39 vm=rxtvml variant=accepted
GF_CHANNEL_LATENCY_JOBS: 1024
GF_CHANNEL_LATENCY_US: 7325
GF_CHANNEL_THROUGHPUT_JOBS: 256
GF_CHANNEL_THROUGHPUT_US: 101657
PASS: Gate F F1b channel benchmark
channel phase=recorded round=9 position=40 vm=rxtvml variant=candidate
GF_CHANNEL_LATENCY_JOBS: 1024
GF_CHANNEL_LATENCY_US: 7498
GF_CHANNEL_THROUGHPUT_JOBS: 256
GF_CHANNEL_THROUGHPUT_US: 100403
PASS: Gate F F1b channel benchmark
channel phase=recorded round=10 position=41 vm=rxtvml variant=candidate
GF_CHANNEL_LATENCY_JOBS: 1024
GF_CHANNEL_LATENCY_US: 7567
GF_CHANNEL_THROUGHPUT_JOBS: 256
GF_CHANNEL_THROUGHPUT_US: 103094
PASS: Gate F F1b channel benchmark
channel phase=recorded round=10 position=42 vm=rxtvml variant=accepted
GF_CHANNEL_LATENCY_JOBS: 1024
GF_CHANNEL_LATENCY_US: 7903
GF_CHANNEL_THROUGHPUT_JOBS: 256
GF_CHANNEL_THROUGHPUT_US: 103548
PASS: Gate F F1b channel benchmark
channel phase=recorded round=10 position=43 vm=rxbvml variant=candidate
GF_CHANNEL_LATENCY_JOBS: 1024
GF_CHANNEL_LATENCY_US: 7449
GF_CHANNEL_THROUGHPUT_JOBS: 256
GF_CHANNEL_THROUGHPUT_US: 88853
PASS: Gate F F1b channel benchmark
channel phase=recorded round=10 position=44 vm=rxbvml variant=accepted
GF_CHANNEL_LATENCY_JOBS: 1024
GF_CHANNEL_LATENCY_US: 7543
GF_CHANNEL_THROUGHPUT_JOBS: 256
GF_CHANNEL_THROUGHPUT_US: 88586
PASS: Gate F F1b channel benchmark
channel phase=recorded round=11 position=45 vm=rxbvml variant=accepted
GF_CHANNEL_LATENCY_JOBS: 1024
GF_CHANNEL_LATENCY_US: 7345
GF_CHANNEL_THROUGHPUT_JOBS: 256
GF_CHANNEL_THROUGHPUT_US: 87229
PASS: Gate F F1b channel benchmark
channel phase=recorded round=11 position=46 vm=rxbvml variant=candidate
GF_CHANNEL_LATENCY_JOBS: 1024
GF_CHANNEL_LATENCY_US: 7597
GF_CHANNEL_THROUGHPUT_JOBS: 256
GF_CHANNEL_THROUGHPUT_US: 88252
PASS: Gate F F1b channel benchmark
channel phase=recorded round=11 position=47 vm=rxtvml variant=accepted
GF_CHANNEL_LATENCY_JOBS: 1024
GF_CHANNEL_LATENCY_US: 7394
GF_CHANNEL_THROUGHPUT_JOBS: 256
GF_CHANNEL_THROUGHPUT_US: 101582
PASS: Gate F F1b channel benchmark
channel phase=recorded round=11 position=48 vm=rxtvml variant=candidate
GF_CHANNEL_LATENCY_JOBS: 1024
GF_CHANNEL_LATENCY_US: 7378
GF_CHANNEL_THROUGHPUT_JOBS: 256
GF_CHANNEL_THROUGHPUT_US: 102500
PASS: Gate F F1b channel benchmark
channel phase=recorded round=12 position=49 vm=rxtvml variant=candidate
GF_CHANNEL_LATENCY_JOBS: 1024
GF_CHANNEL_LATENCY_US: 7844
GF_CHANNEL_THROUGHPUT_JOBS: 256
GF_CHANNEL_THROUGHPUT_US: 100722
PASS: Gate F F1b channel benchmark
channel phase=recorded round=12 position=50 vm=rxtvml variant=accepted
GF_CHANNEL_LATENCY_JOBS: 1024
GF_CHANNEL_LATENCY_US: 7326
GF_CHANNEL_THROUGHPUT_JOBS: 256
GF_CHANNEL_THROUGHPUT_US: 103146
PASS: Gate F F1b channel benchmark
channel phase=recorded round=12 position=51 vm=rxbvml variant=candidate
GF_CHANNEL_LATENCY_JOBS: 1024
GF_CHANNEL_LATENCY_US: 7562
GF_CHANNEL_THROUGHPUT_JOBS: 256
GF_CHANNEL_THROUGHPUT_US: 89734
PASS: Gate F F1b channel benchmark
channel phase=recorded round=12 position=52 vm=rxbvml variant=accepted
GF_CHANNEL_LATENCY_JOBS: 1024
GF_CHANNEL_LATENCY_US: 25595
GF_CHANNEL_THROUGHPUT_JOBS: 256
GF_CHANNEL_THROUGHPUT_US: 93386
PASS: Gate F F1b channel benchmark
