Command: cmake --build cmake-build-debugasan --target test_rxas_flow_graph test_rxop_metadata rxas --parallel 4
ASAN_OPTIONS=detect_leaks=1

[0/2] Re-checking globbed directories...
[1/141] Copying bootstrap src/options/parse_opts.cc, reconfigure with RE2C_REBUILD_LEXERS to regenerate
[2/141] Copying bootstrap src/parse/conf_lexer.cc, reconfigure with RE2C_REBUILD_LEXERS to regenerate
[3/141] Copying bootstrap src/parse/lexer.cc and src/parse/lexer.h, reconfigure with RE2C_REBUILD_LEXERS to regenerate
[4/141] Copying bootstrap syntax file, reconfigure with RE2C_REBUILD_PARSERS to regenerate
[5/141] Copying bootstrap parser, reconfigure with RE2C_REBUILD_PARSERS to regenerate
[6/141] Copying bootstrap syntax file, reconfigure with RE2C_REBUILD_PARSERS to regenerate
[7/141] Copying bootstrap syntax file, reconfigure with RE2C_REBUILD_PARSERS to regenerate
[8/141] Copying bootstrap syntax file, reconfigure with RE2C_REBUILD_PARSERS to regenerate
[9/141] Copying bootstrap parser, reconfigure with RE2C_REBUILD_PARSERS to regenerate
[10/141] Copying bootstrap syntax file, reconfigure with RE2C_REBUILD_PARSERS to regenerate
[11/141] Copying bootstrap syntax file, reconfigure with RE2C_REBUILD_PARSERS to regenerate
[12/141] Copying bootstrap syntax file, reconfigure with RE2C_REBUILD_PARSERS to regenerate
[13/141] Copying bootstrap syntax file, reconfigure with RE2C_REBUILD_PARSERS to regenerate
[14/141] Copying bootstrap syntax file, reconfigure with RE2C_REBUILD_PARSERS to regenerate
[15/141] Copying bootstrap syntax file, reconfigure with RE2C_REBUILD_PARSERS to regenerate
[16/141] Copying bootstrap syntax file, reconfigure with RE2C_REBUILD_PARSERS to regenerate
[17/141] Copying bootstrap syntax file, reconfigure with RE2C_REBUILD_PARSERS to regenerate
[18/141] Generating doc/re2c.1
[19/141] Copying bootstrap src/msg/ver_to_vernum.cc, reconfigure with RE2C_REBUILD_LEXERS to regenerate
[20/141] Building C object dslsyntax-codebuffer/CMakeFiles/dslsyntax_parser.dir/code_buffer.c.o
[21/141] Building C object dslsyntax-codebuffer/CMakeFiles/dslsyntax_parser.dir/comms.c.o
/Users/adrian/CLionProjects/DSL-Syntax-Highlighter/codebuffer/comms.c:364:5: warning: 'sprintf' is deprecated: This function is provided for compatibility reasons only.  Due to security concerns inherent in the design of sprintf(3), it is highly recommended that you use snprintf(3) instead. [-Wdeprecated-declarations]
  364 |     sprintf(len_hex, "%08x", len);
      |     ^
/Library/Developer/CommandLineTools/SDKs/MacOSX.sdk/usr/include/_stdio.h:278:1: note: 'sprintf' has been explicitly marked deprecated here
  278 | __deprecated_msg("This function is provided for compatibility reasons only.  Due to security concerns inherent in the design of sprintf(3), it is highly recommended that you use snprintf(3) instead.")
      | ^
/Library/Developer/CommandLineTools/SDKs/MacOSX.sdk/usr/include/sys/cdefs.h:227:48: note: expanded from macro '__deprecated_msg'
  227 |         #define __deprecated_msg(_msg) __attribute__((__deprecated__(_msg)))
      |                                                       ^
/Users/adrian/CLionProjects/DSL-Syntax-Highlighter/codebuffer/comms.c:427:5: warning: 'sprintf' is deprecated: This function is provided for compatibility reasons only.  Due to security concerns inherent in the design of sprintf(3), it is highly recommended that you use snprintf(3) instead. [-Wdeprecated-declarations]
  427 |     sprintf(full_req, "I|%s", payload);
      |     ^
/Library/Developer/CommandLineTools/SDKs/MacOSX.sdk/usr/include/_stdio.h:278:1: note: 'sprintf' has been explicitly marked deprecated here
  278 | __deprecated_msg("This function is provided for compatibility reasons only.  Due to security concerns inherent in the design of sprintf(3), it is highly recommended that you use snprintf(3) instead.")
      | ^
/Library/Developer/CommandLineTools/SDKs/MacOSX.sdk/usr/include/sys/cdefs.h:227:48: note: expanded from macro '__deprecated_msg'
  227 |         #define __deprecated_msg(_msg) __attribute__((__deprecated__(_msg)))
      |                                                       ^
/Users/adrian/CLionProjects/DSL-Syntax-Highlighter/codebuffer/comms.c:457:5: warning: 'sprintf' is deprecated: This function is provided for compatibility reasons only.  Due to security concerns inherent in the design of sprintf(3), it is highly recommended that you use snprintf(3) instead. [-Wdeprecated-declarations]
  457 |     sprintf(full_req, "D|%s", payload);
      |     ^
/Library/Developer/CommandLineTools/SDKs/MacOSX.sdk/usr/include/_stdio.h:278:1: note: 'sprintf' has been explicitly marked deprecated here
  278 | __deprecated_msg("This function is provided for compatibility reasons only.  Due to security concerns inherent in the design of sprintf(3), it is highly recommended that you use snprintf(3) instead.")
      | ^
/Library/Developer/CommandLineTools/SDKs/MacOSX.sdk/usr/include/sys/cdefs.h:227:48: note: expanded from macro '__deprecated_msg'
  227 |         #define __deprecated_msg(_msg) __attribute__((__deprecated__(_msg)))
      |                                                       ^
/Users/adrian/CLionProjects/DSL-Syntax-Highlighter/codebuffer/comms.c:487:5: warning: 'sprintf' is deprecated: This function is provided for compatibility reasons only.  Due to security concerns inherent in the design of sprintf(3), it is highly recommended that you use snprintf(3) instead. [-Wdeprecated-declarations]
  487 |     sprintf(full_req, "H|%s", payload);
      |     ^
/Library/Developer/CommandLineTools/SDKs/MacOSX.sdk/usr/include/_stdio.h:278:1: note: 'sprintf' has been explicitly marked deprecated here
  278 | __deprecated_msg("This function is provided for compatibility reasons only.  Due to security concerns inherent in the design of sprintf(3), it is highly recommended that you use snprintf(3) instead.")
      | ^
/Library/Developer/CommandLineTools/SDKs/MacOSX.sdk/usr/include/sys/cdefs.h:227:48: note: expanded from macro '__deprecated_msg'
  227 |         #define __deprecated_msg(_msg) __attribute__((__deprecated__(_msg)))
      |                                                       ^
/Users/adrian/CLionProjects/DSL-Syntax-Highlighter/codebuffer/comms.c:605:17: warning: 'sprintf' is deprecated: This function is provided for compatibility reasons only.  Due to security concerns inherent in the design of sprintf(3), it is highly recommended that you use snprintf(3) instead. [-Wdeprecated-declarations]
  605 |                 sprintf(resp, "C|%s", config);
      |                 ^
/Library/Developer/CommandLineTools/SDKs/MacOSX.sdk/usr/include/_stdio.h:278:1: note: 'sprintf' has been explicitly marked deprecated here
  278 | __deprecated_msg("This function is provided for compatibility reasons only.  Due to security concerns inherent in the design of sprintf(3), it is highly recommended that you use snprintf(3) instead.")
      | ^
/Library/Developer/CommandLineTools/SDKs/MacOSX.sdk/usr/include/sys/cdefs.h:227:48: note: expanded from macro '__deprecated_msg'
  227 |         #define __deprecated_msg(_msg) __attribute__((__deprecated__(_msg)))
      |                                                       ^
/Users/adrian/CLionProjects/DSL-Syntax-Highlighter/codebuffer/comms.c:855:5: warning: 'sprintf' is deprecated: This function is provided for compatibility reasons only.  Due to security concerns inherent in the design of sprintf(3), it is highly recommended that you use snprintf(3) instead. [-Wdeprecated-declarations]
  855 |     sprintf(len_hex, "%08x", len);
      |     ^
/Library/Developer/CommandLineTools/SDKs/MacOSX.sdk/usr/include/_stdio.h:278:1: note: 'sprintf' has been explicitly marked deprecated here
  278 | __deprecated_msg("This function is provided for compatibility reasons only.  Due to security concerns inherent in the design of sprintf(3), it is highly recommended that you use snprintf(3) instead.")
      | ^
/Library/Developer/CommandLineTools/SDKs/MacOSX.sdk/usr/include/sys/cdefs.h:227:48: note: expanded from macro '__deprecated_msg'
  227 |         #define __deprecated_msg(_msg) __attribute__((__deprecated__(_msg)))
      |                                                       ^
/Users/adrian/CLionProjects/DSL-Syntax-Highlighter/codebuffer/comms.c:881:5: warning: 'sprintf' is deprecated: This function is provided for compatibility reasons only.  Due to security concerns inherent in the design of sprintf(3), it is highly recommended that you use snprintf(3) instead. [-Wdeprecated-declarations]
  881 |     sprintf(len_hex, "%08x", len);
      |     ^
/Library/Developer/CommandLineTools/SDKs/MacOSX.sdk/usr/include/_stdio.h:278:1: note: 'sprintf' has been explicitly marked deprecated here
  278 | __deprecated_msg("This function is provided for compatibility reasons only.  Due to security concerns inherent in the design of sprintf(3), it is highly recommended that you use snprintf(3) instead.")
      | ^
/Library/Developer/CommandLineTools/SDKs/MacOSX.sdk/usr/include/sys/cdefs.h:227:48: note: expanded from macro '__deprecated_msg'
  227 |         #define __deprecated_msg(_msg) __attribute__((__deprecated__(_msg)))
      |                                                       ^
/Users/adrian/CLionProjects/DSL-Syntax-Highlighter/codebuffer/comms.c:954:5: warning: 'sprintf' is deprecated: This function is provided for compatibility reasons only.  Due to security concerns inherent in the design of sprintf(3), it is highly recommended that you use snprintf(3) instead. [-Wdeprecated-declarations]
  954 |     sprintf(full_req, "I|%s", payload);
      |     ^
/Library/Developer/CommandLineTools/SDKs/MacOSX.sdk/usr/include/_stdio.h:278:1: note: 'sprintf' has been explicitly marked deprecated here
  278 | __deprecated_msg("This function is provided for compatibility reasons only.  Due to security concerns inherent in the design of sprintf(3), it is highly recommended that you use snprintf(3) instead.")
      | ^
/Library/Developer/CommandLineTools/SDKs/MacOSX.sdk/usr/include/sys/cdefs.h:227:48: note: expanded from macro '__deprecated_msg'
  227 |         #define __deprecated_msg(_msg) __attribute__((__deprecated__(_msg)))
      |                                                       ^
/Users/adrian/CLionProjects/DSL-Syntax-Highlighter/codebuffer/comms.c:974:5: warning: 'sprintf' is deprecated: This function is provided for compatibility reasons only.  Due to security concerns inherent in the design of sprintf(3), it is highly recommended that you use snprintf(3) instead. [-Wdeprecated-declarations]
  974 |     sprintf(full_req, "D|%s", payload);
      |     ^
/Library/Developer/CommandLineTools/SDKs/MacOSX.sdk/usr/include/_stdio.h:278:1: note: 'sprintf' has been explicitly marked deprecated here
  278 | __deprecated_msg("This function is provided for compatibility reasons only.  Due to security concerns inherent in the design of sprintf(3), it is highly recommended that you use snprintf(3) instead.")
      | ^
/Library/Developer/CommandLineTools/SDKs/MacOSX.sdk/usr/include/sys/cdefs.h:227:48: note: expanded from macro '__deprecated_msg'
  227 |         #define __deprecated_msg(_msg) __attribute__((__deprecated__(_msg)))
      |                                                       ^
/Users/adrian/CLionProjects/DSL-Syntax-Highlighter/codebuffer/comms.c:994:5: warning: 'sprintf' is deprecated: This function is provided for compatibility reasons only.  Due to security concerns inherent in the design of sprintf(3), it is highly recommended that you use snprintf(3) instead. [-Wdeprecated-declarations]
  994 |     sprintf(full_req, "H|%s", payload);
      |     ^
/Library/Developer/CommandLineTools/SDKs/MacOSX.sdk/usr/include/_stdio.h:278:1: note: 'sprintf' has been explicitly marked deprecated here
  278 | __deprecated_msg("This function is provided for compatibility reasons only.  Due to security concerns inherent in the design of sprintf(3), it is highly recommended that you use snprintf(3) instead.")
      | ^
/Library/Developer/CommandLineTools/SDKs/MacOSX.sdk/usr/include/sys/cdefs.h:227:48: note: expanded from macro '__deprecated_msg'
  227 |         #define __deprecated_msg(_msg) __attribute__((__deprecated__(_msg)))
      |                                                       ^
/Users/adrian/CLionProjects/DSL-Syntax-Highlighter/codebuffer/comms.c:1120:13: warning: 'sprintf' is deprecated: This function is provided for compatibility reasons only.  Due to security concerns inherent in the design of sprintf(3), it is highly recommended that you use snprintf(3) instead. [-Wdeprecated-declarations]
 1120 |             sprintf(resp, "C|%s", config);
      |             ^
/Library/Developer/CommandLineTools/SDKs/MacOSX.sdk/usr/include/_stdio.h:278:1: note: 'sprintf' has been explicitly marked deprecated here
  278 | __deprecated_msg("This function is provided for compatibility reasons only.  Due to security concerns inherent in the design of sprintf(3), it is highly recommended that you use snprintf(3) instead.")
      | ^
/Library/Developer/CommandLineTools/SDKs/MacOSX.sdk/usr/include/sys/cdefs.h:227:48: note: expanded from macro '__deprecated_msg'
  227 |         #define __deprecated_msg(_msg) __attribute__((__deprecated__(_msg)))
      |                                                       ^
11 warnings generated.
[22/141] Building CXX object re2c/CMakeFiles/re2c_objects_autogen.dir/src/parse/parser.cc.o
[23/141] Building CXX object re2c/CMakeFiles/re2c_objects_autogen.dir/src/options/parse_opts.cc.o
[24/141] Building CXX object re2c/CMakeFiles/re2c_objects_autogen.dir/src/parse/lexer.cc.o
[25/141] Building CXX object re2c/CMakeFiles/re2c_objects_autogen_ver_to_vernum.dir/src/msg/ver_to_vernum.cc.o
[26/141] Building C object dslsyntax-codebuffer/CMakeFiles/dslsyntax_parser.dir/dslsyntax_log.c.o
[27/141] Building C object dslsyntax-codebuffer/CMakeFiles/dslsyntax_parser.dir/dslsyntax_common.c.o
[28/141] Building C object dslsyntax-codebuffer/CMakeFiles/dslsyntax_parser.dir/serialization.c.o
/Users/adrian/CLionProjects/DSL-Syntax-Highlighter/codebuffer/serialization.c:160:12: warning: 'sprintf' is deprecated: This function is provided for compatibility reasons only.  Due to security concerns inherent in the design of sprintf(3), it is highly recommended that you use snprintf(3) instead. [-Wdeprecated-declarations]
  160 |     len += sprintf(buf + len, "2|");
      |            ^
/Library/Developer/CommandLineTools/SDKs/MacOSX.sdk/usr/include/_stdio.h:278:1: note: 'sprintf' has been explicitly marked deprecated here
  278 | __deprecated_msg("This function is provided for compatibility reasons only.  Due to security concerns inherent in the design of sprintf(3), it is highly recommended that you use snprintf(3) instead.")
      | ^
/Library/Developer/CommandLineTools/SDKs/MacOSX.sdk/usr/include/sys/cdefs.h:227:48: note: expanded from macro '__deprecated_msg'
  227 |         #define __deprecated_msg(_msg) __attribute__((__deprecated__(_msg)))
      |                                                       ^
/Users/adrian/CLionProjects/DSL-Syntax-Highlighter/codebuffer/serialization.c:166:16: warning: 'sprintf' is deprecated: This function is provided for compatibility reasons only.  Due to security concerns inherent in the design of sprintf(3), it is highly recommended that you use snprintf(3) instead. [-Wdeprecated-declarations]
  166 |         len += sprintf(buf + len, "%02x", (unsigned char)doc_id[i]);
      |                ^
/Library/Developer/CommandLineTools/SDKs/MacOSX.sdk/usr/include/_stdio.h:278:1: note: 'sprintf' has been explicitly marked deprecated here
  278 | __deprecated_msg("This function is provided for compatibility reasons only.  Due to security concerns inherent in the design of sprintf(3), it is highly recommended that you use snprintf(3) instead.")
      | ^
/Library/Developer/CommandLineTools/SDKs/MacOSX.sdk/usr/include/sys/cdefs.h:227:48: note: expanded from macro '__deprecated_msg'
  227 |         #define __deprecated_msg(_msg) __attribute__((__deprecated__(_msg)))
      |                                                       ^
/Users/adrian/CLionProjects/DSL-Syntax-Highlighter/codebuffer/serialization.c:172:12: warning: 'sprintf' is deprecated: This function is provided for compatibility reasons only.  Due to security concerns inherent in the design of sprintf(3), it is highly recommended that you use snprintf(3) instead. [-Wdeprecated-declarations]
  172 |     len += sprintf(buf + len, "|%zu|%zu|", delta->base_version, delta->change_version);
      |            ^
/Library/Developer/CommandLineTools/SDKs/MacOSX.sdk/usr/include/_stdio.h:278:1: note: 'sprintf' has been explicitly marked deprecated here
  278 | __deprecated_msg("This function is provided for compatibility reasons only.  Due to security concerns inherent in the design of sprintf(3), it is highly recommended that you use snprintf(3) instead.")
      | ^
/Library/Developer/CommandLineTools/SDKs/MacOSX.sdk/usr/include/sys/cdefs.h:227:48: note: expanded from macro '__deprecated_msg'
  227 |         #define __deprecated_msg(_msg) __attribute__((__deprecated__(_msg)))
      |                                                       ^
/Users/adrian/CLionProjects/DSL-Syntax-Highlighter/codebuffer/serialization.c:178:16: warning: 'sprintf' is deprecated: This function is provided for compatibility reasons only.  Due to security concerns inherent in the design of sprintf(3), it is highly recommended that you use snprintf(3) instead. [-Wdeprecated-declarations]
  178 |         len += sprintf(buf + len, "%02x", (unsigned char)overlay_id[i]);
      |                ^
/Library/Developer/CommandLineTools/SDKs/MacOSX.sdk/usr/include/_stdio.h:278:1: note: 'sprintf' has been explicitly marked deprecated here
  278 | __deprecated_msg("This function is provided for compatibility reasons only.  Due to security concerns inherent in the design of sprintf(3), it is highly recommended that you use snprintf(3) instead.")
      | ^
/Library/Developer/CommandLineTools/SDKs/MacOSX.sdk/usr/include/sys/cdefs.h:227:48: note: expanded from macro '__deprecated_msg'
  227 |         #define __deprecated_msg(_msg) __attribute__((__deprecated__(_msg)))
      |                                                       ^
/Users/adrian/CLionProjects/DSL-Syntax-Highlighter/codebuffer/serialization.c:184:12: warning: 'sprintf' is deprecated: This function is provided for compatibility reasons only.  Due to security concerns inherent in the design of sprintf(3), it is highly recommended that you use snprintf(3) instead. [-Wdeprecated-declarations]
  184 |     len += sprintf(buf + len, "|%zu", delta->transaction_count);
      |            ^
/Library/Developer/CommandLineTools/SDKs/MacOSX.sdk/usr/include/_stdio.h:278:1: note: 'sprintf' has been explicitly marked deprecated here
  278 | __deprecated_msg("This function is provided for compatibility reasons only.  Due to security concerns inherent in the design of sprintf(3), it is highly recommended that you use snprintf(3) instead.")
      | ^
/Library/Developer/CommandLineTools/SDKs/MacOSX.sdk/usr/include/sys/cdefs.h:227:48: note: expanded from macro '__deprecated_msg'
  227 |         #define __deprecated_msg(_msg) __attribute__((__deprecated__(_msg)))
      |                                                       ^
/Users/adrian/CLionProjects/DSL-Syntax-Highlighter/codebuffer/serialization.c:195:16: warning: 'sprintf' is deprecated: This function is provided for compatibility reasons only.  Due to security concerns inherent in the design of sprintf(3), it is highly recommended that you use snprintf(3) instead. [-Wdeprecated-declarations]
  195 |         len += sprintf(buf + len, "|%c|%d|%d|%d|", t->type, t->pos_line, t->pos_col, t->count);
      |                ^
/Library/Developer/CommandLineTools/SDKs/MacOSX.sdk/usr/include/_stdio.h:278:1: note: 'sprintf' has been explicitly marked deprecated here
  278 | __deprecated_msg("This function is provided for compatibility reasons only.  Due to security concerns inherent in the design of sprintf(3), it is highly recommended that you use snprintf(3) instead.")
      | ^
/Library/Developer/CommandLineTools/SDKs/MacOSX.sdk/usr/include/sys/cdefs.h:227:48: note: expanded from macro '__deprecated_msg'
  227 |         #define __deprecated_msg(_msg) __attribute__((__deprecated__(_msg)))
      |                                                       ^
/Users/adrian/CLionProjects/DSL-Syntax-Highlighter/codebuffer/serialization.c:204:24: warning: 'sprintf' is deprecated: This function is provided for compatibility reasons only.  Due to security concerns inherent in the design of sprintf(3), it is highly recommended that you use snprintf(3) instead. [-Wdeprecated-declarations]
  204 |                 len += sprintf(buf + len, "%02x", (unsigned char)t->content[j]);
      |                        ^
/Library/Developer/CommandLineTools/SDKs/MacOSX.sdk/usr/include/_stdio.h:278:1: note: 'sprintf' has been explicitly marked deprecated here
  278 | __deprecated_msg("This function is provided for compatibility reasons only.  Due to security concerns inherent in the design of sprintf(3), it is highly recommended that you use snprintf(3) instead.")
      | ^
/Library/Developer/CommandLineTools/SDKs/MacOSX.sdk/usr/include/sys/cdefs.h:227:48: note: expanded from macro '__deprecated_msg'
  227 |         #define __deprecated_msg(_msg) __attribute__((__deprecated__(_msg)))
      |                                                       ^
/Users/adrian/CLionProjects/DSL-Syntax-Highlighter/codebuffer/serialization.c:321:12: warning: 'sprintf' is deprecated: This function is provided for compatibility reasons only.  Due to security concerns inherent in the design of sprintf(3), it is highly recommended that you use snprintf(3) instead. [-Wdeprecated-declarations]
  321 |     len += sprintf(buf + len, "%zu", stream->count);
      |            ^
/Library/Developer/CommandLineTools/SDKs/MacOSX.sdk/usr/include/_stdio.h:278:1: note: 'sprintf' has been explicitly marked deprecated here
  278 | __deprecated_msg("This function is provided for compatibility reasons only.  Due to security concerns inherent in the design of sprintf(3), it is highly recommended that you use snprintf(3) instead.")
      | ^
/Library/Developer/CommandLineTools/SDKs/MacOSX.sdk/usr/include/sys/cdefs.h:227:48: note: expanded from macro '__deprecated_msg'
  227 |         #define __deprecated_msg(_msg) __attribute__((__deprecated__(_msg)))
      |                                                       ^
/Users/adrian/CLionProjects/DSL-Syntax-Highlighter/codebuffer/serialization.c:334:16: warning: 'sprintf' is deprecated: This function is provided for compatibility reasons only.  Due to security concerns inherent in the design of sprintf(3), it is highly recommended that you use snprintf(3) instead. [-Wdeprecated-declarations]
  334 |         len += sprintf(buf + len, "|%d|%zu|%zu|%d|%c|", (int)st->type, st->pos, st->length, st->identifier_id, (char)st->severity);
      |                ^
/Library/Developer/CommandLineTools/SDKs/MacOSX.sdk/usr/include/_stdio.h:278:1: note: 'sprintf' has been explicitly marked deprecated here
  278 | __deprecated_msg("This function is provided for compatibility reasons only.  Due to security concerns inherent in the design of sprintf(3), it is highly recommended that you use snprintf(3) instead.")
      | ^
/Library/Developer/CommandLineTools/SDKs/MacOSX.sdk/usr/include/sys/cdefs.h:227:48: note: expanded from macro '__deprecated_msg'
  227 |         #define __deprecated_msg(_msg) __attribute__((__deprecated__(_msg)))
      |                                                       ^
/Users/adrian/CLionProjects/DSL-Syntax-Highlighter/codebuffer/serialization.c:338:24: warning: 'sprintf' is deprecated: This function is provided for compatibility reasons only.  Due to security concerns inherent in the design of sprintf(3), it is highly recommended that you use snprintf(3) instead. [-Wdeprecated-declarations]
  338 |                 len += sprintf(buf + len, "%02x", (unsigned char)st->message_code[j]);
      |                        ^
/Library/Developer/CommandLineTools/SDKs/MacOSX.sdk/usr/include/_stdio.h:278:1: note: 'sprintf' has been explicitly marked deprecated here
  278 | __deprecated_msg("This function is provided for compatibility reasons only.  Due to security concerns inherent in the design of sprintf(3), it is highly recommended that you use snprintf(3) instead.")
      | ^
/Library/Developer/CommandLineTools/SDKs/MacOSX.sdk/usr/include/sys/cdefs.h:227:48: note: expanded from macro '__deprecated_msg'
  227 |         #define __deprecated_msg(_msg) __attribute__((__deprecated__(_msg)))
      |                                                       ^
/Users/adrian/CLionProjects/DSL-Syntax-Highlighter/codebuffer/serialization.c:340:16: warning: 'sprintf' is deprecated: This function is provided for compatibility reasons only.  Due to security concerns inherent in the design of sprintf(3), it is highly recommended that you use snprintf(3) instead. [-Wdeprecated-declarations]
  340 |         len += sprintf(buf + len, "|");
      |                ^
/Library/Developer/CommandLineTools/SDKs/MacOSX.sdk/usr/include/_stdio.h:278:1: note: 'sprintf' has been explicitly marked deprecated here
  278 | __deprecated_msg("This function is provided for compatibility reasons only.  Due to security concerns inherent in the design of sprintf(3), it is highly recommended that you use snprintf(3) instead.")
      | ^
/Library/Developer/CommandLineTools/SDKs/MacOSX.sdk/usr/include/sys/cdefs.h:227:48: note: expanded from macro '__deprecated_msg'
  227 |         #define __deprecated_msg(_msg) __attribute__((__deprecated__(_msg)))
      |                                                       ^
/Users/adrian/CLionProjects/DSL-Syntax-Highlighter/codebuffer/serialization.c:343:24: warning: 'sprintf' is deprecated: This function is provided for compatibility reasons only.  Due to security concerns inherent in the design of sprintf(3), it is highly recommended that you use snprintf(3) instead. [-Wdeprecated-declarations]
  343 |                 len += sprintf(buf + len, "%02x", (unsigned char)st->message[j]);
      |                        ^
/Library/Developer/CommandLineTools/SDKs/MacOSX.sdk/usr/include/_stdio.h:278:1: note: 'sprintf' has been explicitly marked deprecated here
  278 | __deprecated_msg("This function is provided for compatibility reasons only.  Due to security concerns inherent in the design of sprintf(3), it is highly recommended that you use snprintf(3) instead.")
      | ^
/Library/Developer/CommandLineTools/SDKs/MacOSX.sdk/usr/include/sys/cdefs.h:227:48: note: expanded from macro '__deprecated_msg'
  227 |         #define __deprecated_msg(_msg) __attribute__((__deprecated__(_msg)))
      |                                                       ^
/Users/adrian/CLionProjects/DSL-Syntax-Highlighter/codebuffer/serialization.c:410:12: warning: 'sprintf' is deprecated: This function is provided for compatibility reasons only.  Due to security concerns inherent in the design of sprintf(3), it is highly recommended that you use snprintf(3) instead. [-Wdeprecated-declarations]
  410 |     len += sprintf(buf + len, "%zu|%zu|", load->change_version, load->line_count);
      |            ^
/Library/Developer/CommandLineTools/SDKs/MacOSX.sdk/usr/include/_stdio.h:278:1: note: 'sprintf' has been explicitly marked deprecated here
  278 | __deprecated_msg("This function is provided for compatibility reasons only.  Due to security concerns inherent in the design of sprintf(3), it is highly recommended that you use snprintf(3) instead.")
      | ^
/Library/Developer/CommandLineTools/SDKs/MacOSX.sdk/usr/include/sys/cdefs.h:227:48: note: expanded from macro '__deprecated_msg'
  227 |         #define __deprecated_msg(_msg) __attribute__((__deprecated__(_msg)))
      |                                                       ^
/Users/adrian/CLionProjects/DSL-Syntax-Highlighter/codebuffer/serialization.c:414:16: warning: 'sprintf' is deprecated: This function is provided for compatibility reasons only.  Due to security concerns inherent in the design of sprintf(3), it is highly recommended that you use snprintf(3) instead. [-Wdeprecated-declarations]
  414 |         len += sprintf(buf + len, "%02x", (unsigned char)load->unique_document_id[i]);
      |                ^
/Library/Developer/CommandLineTools/SDKs/MacOSX.sdk/usr/include/_stdio.h:278:1: note: 'sprintf' has been explicitly marked deprecated here
  278 | __deprecated_msg("This function is provided for compatibility reasons only.  Due to security concerns inherent in the design of sprintf(3), it is highly recommended that you use snprintf(3) instead.")
      | ^
/Library/Developer/CommandLineTools/SDKs/MacOSX.sdk/usr/include/sys/cdefs.h:227:48: note: expanded from macro '__deprecated_msg'
  227 |         #define __deprecated_msg(_msg) __attribute__((__deprecated__(_msg)))
      |                                                       ^
/Users/adrian/CLionProjects/DSL-Syntax-Highlighter/codebuffer/serialization.c:416:12: warning: 'sprintf' is deprecated: This function is provided for compatibility reasons only.  Due to security concerns inherent in the design of sprintf(3), it is highly recommended that you use snprintf(3) instead. [-Wdeprecated-declarations]
  416 |     len += sprintf(buf + len, "|");
      |            ^
/Library/Developer/CommandLineTools/SDKs/MacOSX.sdk/usr/include/_stdio.h:278:1: note: 'sprintf' has been explicitly marked deprecated here
  278 | __deprecated_msg("This function is provided for compatibility reasons only.  Due to security concerns inherent in the design of sprintf(3), it is highly recommended that you use snprintf(3) instead.")
      | ^
/Library/Developer/CommandLineTools/SDKs/MacOSX.sdk/usr/include/sys/cdefs.h:227:48: note: expanded from macro '__deprecated_msg'
  227 |         #define __deprecated_msg(_msg) __attribute__((__deprecated__(_msg)))
      |                                                       ^
/Users/adrian/CLionProjects/DSL-Syntax-Highlighter/codebuffer/serialization.c:426:28: warning: 'sprintf' is deprecated: This function is provided for compatibility reasons only.  Due to security concerns inherent in the design of sprintf(3), it is highly recommended that you use snprintf(3) instead. [-Wdeprecated-declarations]
  426 |                     len += sprintf(buf + len, "%02x", (unsigned char)u8[m]);
      |                            ^
/Library/Developer/CommandLineTools/SDKs/MacOSX.sdk/usr/include/_stdio.h:278:1: note: 'sprintf' has been explicitly marked deprecated here
  278 | __deprecated_msg("This function is provided for compatibility reasons only.  Due to security concerns inherent in the design of sprintf(3), it is highly recommended that you use snprintf(3) instead.")
      | ^
/Library/Developer/CommandLineTools/SDKs/MacOSX.sdk/usr/include/sys/cdefs.h:227:48: note: expanded from macro '__deprecated_msg'
  227 |         #define __deprecated_msg(_msg) __attribute__((__deprecated__(_msg)))
      |                                                       ^
/Users/adrian/CLionProjects/DSL-Syntax-Highlighter/codebuffer/serialization.c:429:16: warning: 'sprintf' is deprecated: This function is provided for compatibility reasons only.  Due to security concerns inherent in the design of sprintf(3), it is highly recommended that you use snprintf(3) instead. [-Wdeprecated-declarations]
  429 |         len += sprintf(buf + len, "0a"); /* '\n' */
      |                ^
/Library/Developer/CommandLineTools/SDKs/MacOSX.sdk/usr/include/_stdio.h:278:1: note: 'sprintf' has been explicitly marked deprecated here
  278 | __deprecated_msg("This function is provided for compatibility reasons only.  Due to security concerns inherent in the design of sprintf(3), it is highly recommended that you use snprintf(3) instead.")
      | ^
/Library/Developer/CommandLineTools/SDKs/MacOSX.sdk/usr/include/sys/cdefs.h:227:48: note: expanded from macro '__deprecated_msg'
  227 |         #define __deprecated_msg(_msg) __attribute__((__deprecated__(_msg)))
      |                                                       ^
17 warnings generated.
[29/141] Building C object dslsyntax-codebuffer/CMakeFiles/dslsyntax_parser.dir/diff.c.o
[30/141] Building CXX object re2c/CMakeFiles/re2c_objects_autogen.dir/src/parse/conf_parser.cc.o
[31/141] Building C object dslsyntax-codebuffer/CMakeFiles/dslsyntax_parser.dir/thread_utils.c.o
[32/141] Building C object dslsyntax-codebuffer/CMakeFiles/dslsyntax_parser.dir/dslsyntax_parser.c.o
[33/141] Building C object dslsyntax-codebuffer/CMakeFiles/dslsyntax_parser.dir/emergency_parse.c.o
[34/141] Building C object platform/CMakeFiles/platform.dir/rxinteger.c.o
[35/141] Building C object platform/CMakeFiles/platform.dir/platform.c.o
[36/141] Building CXX object re2c/CMakeFiles/re2c_objects_autogen.dir/src/parse/conf_lexer.cc.o
[37/141] Generating src/msg/help_re2c.cc
[38/141] Building C object avl_tree/CMakeFiles/avl_tree.dir/avl_tree.c.o
[39/141] Building C object binutils/CMakeFiles/rxbin.dir/rxbin.c.o
[40/141] Building C object lemon/CMakeFiles/lemon.dir/lemon.c.o
[41/141] Building CXX object re2c/CMakeFiles/re2c.dir/src/codegen/helpers.cc.o
[42/141] Building CXX object re2c/CMakeFiles/re2c.dir/src/codegen/output.cc.o
[43/141] Building CXX object re2c/CMakeFiles/re2c.dir/src/codegen/pass1_analyze.cc.o
[44/141] Building CXX object re2c/CMakeFiles/re2c.dir/src/codegen/pass3_fixup.cc.o
[45/141] Building CXX object re2c/CMakeFiles/re2c.dir/src/codegen/pass2_generate.cc.o
[46/141] Building CXX object re2c/CMakeFiles/re2c.dir/src/codegen/pass4_render.cc.o
[47/141] Building CXX object re2c/CMakeFiles/re2c.dir/src/options/symtab.cc.o
[48/141] Building CXX object re2c/CMakeFiles/re2c.dir/src/nfa/re_to_nfa.cc.o
[49/141] Building CXX object re2c/CMakeFiles/re2c.dir/src/options/opt.cc.o
[50/141] Building CXX object re2c/CMakeFiles/re2c.dir/src/debug/dump_cfg.cc.o
[51/141] Building CXX object re2c/CMakeFiles/re2c.dir/src/debug/dump_adfa.cc.o
[52/141] Building CXX object re2c/CMakeFiles/re2c.dir/src/adfa/adfa.cc.o
[53/141] Building CXX object re2c/CMakeFiles/re2c.dir/src/debug/dump_interf.cc.o
[54/141] Building CXX object re2c/CMakeFiles/re2c.dir/src/debug/dump_dfa.cc.o
[55/141] Building CXX object re2c/CMakeFiles/re2c.dir/src/debug/dump_nfa.cc.o
[56/141] Building CXX object re2c/CMakeFiles/re2c.dir/src/debug/dump_dfa_tree.cc.o
[57/141] Building CXX object re2c/CMakeFiles/re2c.dir/src/cfg/cfg.cc.o
[58/141] Building CXX object re2c/CMakeFiles/re2c.dir/src/cfg/compact.cc.o
[59/141] Building CXX object re2c/CMakeFiles/re2c.dir/src/cfg/dce.cc.o
[60/141] Building CXX object re2c/CMakeFiles/re2c.dir/src/cfg/freeze.cc.o
[61/141] Building CXX object re2c/CMakeFiles/re2c.dir/src/cfg/liveanal.cc.o
[62/141] Building CXX object re2c/CMakeFiles/re2c.dir/src/cfg/interfere.cc.o
[63/141] Building CXX object re2c/CMakeFiles/re2c.dir/src/cfg/normalize.cc.o
[64/141] Building CXX object re2c/CMakeFiles/re2c.dir/src/cfg/optimize.cc.o
[65/141] Building CXX object re2c/CMakeFiles/re2c.dir/src/cfg/varalloc.cc.o
[66/141] Building CXX object re2c/CMakeFiles/re2c.dir/src/cfg/rename.cc.o
[67/141] Building CXX object re2c/CMakeFiles/re2c.dir/src/dfa/fallback_tags.cc.o
[68/141] Building CXX object re2c/CMakeFiles/re2c.dir/src/dfa/dead_rules.cc.o
[69/141] Building CXX object re2c/CMakeFiles/re2c.dir/src/dfa/closure.cc.o
[70/141] Building CXX object re2c/CMakeFiles/re2c.dir/src/dfa/determinization.cc.o
[71/141] Building CXX object re2c/CMakeFiles/re2c.dir/src/dfa/fillpoints.cc.o
[72/141] Building CXX object re2c/CMakeFiles/re2c.dir/src/dfa/minimization.cc.o
[73/141] Building CXX object re2c/CMakeFiles/re2c.dir/src/dfa/find_state.cc.o
[74/141] Building CXX object re2c/CMakeFiles/re2c.dir/src/dfa/tagver_table.cc.o
[75/141] Building CXX object re2c/CMakeFiles/re2c.dir/src/encoding/ebcdic.cc.o
[76/141] Building CXX object re2c/CMakeFiles/re2c.dir/src/dfa/tcmd.cc.o
[77/141] Building CXX object re2c/CMakeFiles/re2c.dir/src/encoding/enc.cc.o
[78/141] Building CXX object re2c/CMakeFiles/re2c.dir/src/encoding/range_suffix.cc.o
[79/141] Building CXX object re2c/CMakeFiles/re2c.dir/src/encoding/utf8.cc.o
[80/141] Building CXX object re2c/CMakeFiles/re2c.dir/src/encoding/utf16.cc.o
[81/141] Building CXX object re2c/CMakeFiles/re2c.dir/src/msg/msg.cc.o
[82/141] Building CXX object re2c/CMakeFiles/re2c.dir/src/msg/warn.cc.o
[83/141] Building CXX object re2c/CMakeFiles/re2c.dir/src/regexp/default_tags.cc.o
[84/141] Building CXX object re2c/CMakeFiles/re2c.dir/src/regexp/ast_to_re.cc.o
[85/141] Building CXX object re2c/CMakeFiles/re2c.dir/src/regexp/nullable.cc.o
[86/141] Building CXX object re2c/CMakeFiles/re2c.dir/src/regexp/fixed_tags.cc.o
[87/141] Building CXX object re2c/CMakeFiles/re2c.dir/src/regexp/regexp.cc.o
[88/141] Building CXX object re2c/CMakeFiles/re2c.dir/src/encoding/unicode_casemap.cc.o
[89/141] Building CXX object re2c/CMakeFiles/re2c.dir/src/regexp/split_charset.cc.o
[90/141] Building CXX object re2c/CMakeFiles/re2c.dir/src/skeleton/control_flow.cc.o
[91/141] Building CXX object re2c/CMakeFiles/re2c.dir/src/skeleton/generate_code.cc.o
[92/141] Building CXX object re2c/CMakeFiles/re2c.dir/src/skeleton/generate_data.cc.o
[93/141] Building CXX object re2c/CMakeFiles/re2c.dir/src/skeleton/maxpath.cc.o
[94/141] Building CXX object re2c/CMakeFiles/re2c.dir/src/skeleton/skeleton.cc.o
[95/141] Building CXX object re2c/CMakeFiles/re2c.dir/src/util/file_utils.cc.o
[96/141] Building CXX object re2c/CMakeFiles/re2c.dir/src/parse/ast.cc.o
[97/141] Building CXX object re2c/CMakeFiles/re2c.dir/src/parse/input.cc.o
[98/141] Building CXX object re2c/CMakeFiles/re2c.dir/src/util/range.cc.o
[99/141] Building CXX object re2c/CMakeFiles/re2c.dir/src/util/string_utils.cc.o
[100/141] Building CXX object re2c/CMakeFiles/re2c.dir/src/msg/help_re2c.cc.o
[101/141] Building C object binutils/CMakeFiles/rxbin.dir/rxsignature.c.o
[102/141] Linking C static library dslsyntax-codebuffer/libdslsyntax_parser.a
[103/141] Building C object binutils/CMakeFiles/rxbin.dir/rxbin007.c.o
[104/141] Linking C executable lemon/lemon
[105/141] Linking C static library bin/libplatform.a
[106/141] Linking C static library bin/libavl_tree.a
[107/141] Building C object binutils/CMakeFiles/rxbin.dir/rxgraph.c.o
[108/141] Building C object tests/CMakeFiles/test_rxop_metadata.dir/test_rxop_metadata.c.o
[109/141] Building C object tests/CMakeFiles/test_rxop_metadata.dir/__/binutils/include/opdata.c.o
[110/141] Linking C static library bin/librxbin.a
[111/141] Building C object tests/CMakeFiles/test_rxop_metadata.dir/__/binutils/rxopmeta.c.o
[112/141] Linking C executable tests/test_rxop_metadata
[113/141] Building CXX object re2c/CMakeFiles/re2c.dir/src/main.cc.o
[114/141] Linking CXX executable re2c/re2c
[115/141] Create REXX ASSEMBLER Parser...
FAILED: [code=134] assembler/rxasgrmr.c assembler/rxasgrmr.h /Users/adrian/CLionProjects/CREXX/cmake-build-debugasan/assembler/rxasgrmr.c /Users/adrian/CLionProjects/CREXX/cmake-build-debugasan/assembler/rxasgrmr.h
cd /Users/adrian/CLionProjects/CREXX/cmake-build-debugasan/assembler && /Users/adrian/CLionProjects/CREXX/cmake-build-debugasan/lemon/lemon -q -c -d/Users/adrian/CLionProjects/CREXX/cmake-build-debugasan/assembler /Users/adrian/CLionProjects/CREXX/assembler/rxasgrmr.y
==69351==AddressSanitizer: detect_leaks is not supported on this platform.
/bin/sh: line 1: 69351 Abort trap: 6           /Users/adrian/CLionProjects/CREXX/cmake-build-debugasan/lemon/lemon -q -c -d/Users/adrian/CLionProjects/CREXX/cmake-build-debugasan/assembler /Users/adrian/CLionProjects/CREXX/assembler/rxasgrmr.y
ninja: build stopped: subcommand failed.
