benchmark=rxjson_numeric_materialization_compare
dimension=3072
iterations=10
legacy_extract_128_us=10487
float_source_bytes=58479
float_index_bytes=123282
float_first_parse_us=1857
float_element_walk_control_us=70591
float_children_us=3738
float_repeated_traversal_us=149115
float_materialize_us=15044
float_typed_copy_us=77
float_packed_bytes=12288
float_pack_us=33
production_float_project_us=338
float_direct_scan_us=224
integer_source_bytes=14265
integer_index_bytes=122966
integer_first_parse_us=1163
integer_children_us=3260
integer_materialize_us=17893
integer_typed_copy_us=136
integer_packed_bytes=24576
integer_pack_us=36
production_integer_project_us=1783
integer_direct_scan_us=225
json_encoded_bytes=12289
json_encode_us=2315
parse_pack_scan_total_us=20442
production_parse_project_scan_total_us=2161
float_checksum=15360
integer_checksum=47201280
production_float_checksum=1536
PASS: CRI-13 JSON numeric materialization compare
