[0/2] Re-checking globbed directories...
[1/2] Re-running CMake...
-- CMake Version: 4.3.2
-- CREXX Version: crexx-1.0.0-beta.3+local.g51c93c421bf4.dirty
-- CREXX Build Channel: local
-- CREXX Build Timestamp: 20260715T180254Z
-- CREXX Build Commit: 51c93c421bf4
-- CMake Generator: Ninja
-- Using local DSL-Syntax-Highlighter at /Users/adrian/CLionProjects/CREXX/../DSL-Syntax-Highlighter
-- C compiler flags:
-- C++ compiler flags:  -W -Wall -Wextra -Weffc++ -pedantic -Wformat=2 -Wredundant-decls -Wconversion -Wsign-conversion -Werror=return-type -Weverything -Wno-unknown-warning-option -Wno-reserved-id-macro -Wno-padded -Wno-nested-anon-types -Wno-reserved-identifier -Wno-shadow-field-in-constructor -Wno-undefined-func-template -Wno-c++98-compat -Wno-c++98-compat-pedantic -Wno-unsafe-pointer-arithmetic -Wno-unsafe-buffer-usage -Wno-exit-time-destructors -Wno-switch-enum -fdiagnostics-color=always
-- Linker flags for executables:
-- Linker flags for shared libs:
-- Release C compiler flags: -O3 -DNDEBUG
-- Release C++ compiler flags: -O3 -DNDEBUG
-- Release linker flags for executables:
-- Release linker flags for shared libs:
-- Fetching SQLite amalgamation 3530200 for native ADDRESS demo
-- cREXX VM handler panel: profile-20
-- cREXX VM core socket TLS backend: NETWORK
-- cREXX product VM: rxvm -> rxbvm (AppleClang)
-- Legacy OpenSSL socket plugin is disabled; use VM core sockets/rxsocket instead.
-- GTK Gui support is disabled, skipping subdirectory.
-- Building with ODBC support enabled.
-- Configuring done (0.4s)
-- Generating done (0.6s)
-- Build files have been written to: /Users/adrian/CLionProjects/CREXX/cmake-build-release
[0/4] Re-checking globbed directories...
[1/290] Building C object rxpa/CMakeFiles/rxpa.dir/rxpa.c.o
[2/290] Building C object assembler/CMakeFiles/rxaslib.dir/rxas_flow_batch.c.o
[3/290] Building C object assembler/CMakeFiles/rxaslib.dir/rxas_flow_rewrite.c.o
[4/290] Building C object assembler/CMakeFiles/rxaslib.dir/rxasgrmr.c.o
[5/290] Building C object assembler/CMakeFiles/rxaslib.dir/rxaslib.c.o
[6/290] Building C object assembler/CMakeFiles/rxaslib.dir/rxas_flow_graph.c.o
[7/290] Building C object assembler/CMakeFiles/rxaslib.dir/rxas_flow_use.c.o
[8/290] Building C object assembler/CMakeFiles/rxaslib.dir/rxas_flow_signal.c.o
[9/290] Building C object assembler/CMakeFiles/rxaslib.dir/rxas_dsl.c.o
[10/290] Building C object assembler/CMakeFiles/rxaslib.dir/rxas_opt.c.o
[11/290] Building C object interpreter/CMakeFiles/rxbvm_core_objects.dir/rxvmprogram.c.o
[12/290] Building C object interpreter/CMakeFiles/rxbvm_core_objects.dir/rxvmactive.c.o
[13/290] Building C object interpreter/CMakeFiles/rxbvm_core_objects.dir/rxvmchannel_child.c.o
[14/290] Building C object interpreter/CMakeFiles/rxbvm_core_objects.dir/rxvmchannel_process.c.o
[15/290] Building C object assembler/CMakeFiles/rxaslib.dir/rxas_flow_ssa.c.o
[16/290] Building C object interpreter/CMakeFiles/rxbvm_core_objects.dir/interrupt.c.o
[17/290] Building C object assembler/CMakeFiles/rxaslib.dir/rxasassm.c.o
[18/290] Building C object interpreter/CMakeFiles/rxbvm_core_objects.dir/rxvmchannel.c.o
[19/290] Building C object assembler/CMakeFiles/rxaslib.dir/rxas_flow.c.o
[20/290] Building C object interpreter/CMakeFiles/rxbvm_core_objects.dir/rxvmload.c.o
[21/290] Building C object interpreter/CMakeFiles/rxbvm_core_objects.dir/exitfunc.c.o
[22/290] Building C object interpreter/CMakeFiles/rxbvml.dir/rxvmlib.c.o
[23/290] Building C object interpreter/CMakeFiles/rxbvm_core_objects.dir/rxvmexecutor.c.o
[24/290] Building C object assembler/CMakeFiles/rxaslib.dir/rxas_flow_proof.c.o
[25/290] Building C object interpreter/CMakeFiles/rxbvm_core_objects.dir/rxvml/rxvm_run.c.o
[26/290] Building C object interpreter/CMakeFiles/rxbvm_core_objects.dir/rxpafuncs.c.o
[27/290] Linking C static library bin/librxpa.a
[28/290] Building C object assembler/CMakeFiles/rxas.dir/rxasmain.c.o
[29/290] Linking C static library bin/librxaslib.a
[30/290] Building C object interpreter/CMakeFiles/rxpashim.dir/rxpashim.c.o
[31/290] Building C object interpreter/CMakeFiles/rxbvm.dir/rxvmmain.c.o
[32/290] Linking C static library bin/librxpashim.a
[33/290] Linking C executable bin/rxas
[34/290] Building C object lib/plugins/rxmath/CMakeFiles/_rxmath.dir/rxmath.c.o
[35/290] Building C object interpreter/CMakeFiles/rxbvm_core_objects.dir/rxcrexxcmd.c.o
[36/290] Building C object interpreter/CMakeFiles/rxtvm_core_objects.dir/rxvmprogram.c.o
[37/290] Building C object interpreter/CMakeFiles/rxbvm_core_objects.dir/rxspawn.c.o
[38/290] Building C object interpreter/CMakeFiles/rxtvm_core_objects.dir/rxvmactive.c.o
[39/290] Building C object interpreter/CMakeFiles/rxvm_platform_objects.dir/rxvmsock.c.o
[40/290] Building C object interpreter/CMakeFiles/rxtvm_core_objects.dir/rxvmchannel_process.c.o
[41/290] Building C object interpreter/CMakeFiles/rxtvm_core_objects.dir/rxvmchannel_child.c.o
[42/290] Building C object interpreter/CMakeFiles/rxbvml.dir/rxvml.c.o
[43/290] cREXX assemble _elapsed ...
[44/290] cREXX RXAS Library Archive ...
[45/290] Building C object interpreter/CMakeFiles/rxtvm_core_objects.dir/interrupt.c.o
[46/290] Building C object interpreter/CMakeFiles/rxtvm_core_objects.dir/exitfunc.c.o
[47/290] Building C object interpreter/CMakeFiles/rxtvm_core_objects.dir/rxvmchannel.c.o
[48/290] Building C object interpreter/CMakeFiles/rxtvm_core_objects.dir/rxvml/rxvm_run.c.o
[49/290] Building C object interpreter/CMakeFiles/rxtvm.dir/rxvmmain.c.o
[50/290] Linking C shared module bin/rx_rxmath.rxplugin
[51/290] Building C object interpreter/CMakeFiles/rxtvm_core_objects.dir/rxvmload.c.o
[52/290] Building C object interpreter/CMakeFiles/rxtvm_core_objects.dir/rxpafuncs.c.o
[53/290] Building C object interpreter/CMakeFiles/rxtvm_core_objects.dir/rxvmexecutor.c.o
[54/290] Building C object interpreter/CMakeFiles/rxtvm_core_objects.dir/rxcrexxcmd.c.o
[55/290] Building C object interpreter/CMakeFiles/rxtvm_core_objects.dir/rxspawn.c.o
[56/290] Building C object interpreter/CMakeFiles/rxbvm_core_objects.dir/rxvmintp.c.o
[57/290] Linking C static library bin/librxbvml.a
[58/290] Linking C executable bin/rxbvm
[59/290] Building C object compiler/CMakeFiles/rxclib.dir/rxcp_ast_walk.c.o
[60/290] Building C object compiler/CMakeFiles/rxclib.dir/rxcp_diag_fallback.c.o
[61/290] Building C object compiler/CMakeFiles/rxclib.dir/rxcp_ast_print.c.o
[62/290] Building C object compiler/CMakeFiles/rxclib.dir/rxcpmain.c.o
[63/290] Building C object compiler/CMakeFiles/rxclib.dir/rxcp_source_ext.c.o
[64/290] Building C object compiler/CMakeFiles/rxclib.dir/rxcp_source_tree.c.o
[65/290] Building C object compiler/CMakeFiles/rxclib.dir/rxcp_dsl.c.o
[66/290] Building C object compiler/CMakeFiles/rxclib.dir/rxcp_util.c.o
[67/290] Building C object compiler/CMakeFiles/rxclib.dir/rxcpopgr.c.o
[68/290] Building C object compiler/CMakeFiles/rxclib.dir/rxcpopar.c.o
[69/290] Building C object compiler/CMakeFiles/rxclib.dir/rxcp_srcmap.c.o
[70/290] Building C object compiler/CMakeFiles/rxclib.dir/rxcpbpar.c.o
[71/290] Building C object compiler/CMakeFiles/rxclib.dir/rxcp_ast_core.c.o
[72/290] Building C object compiler/CMakeFiles/rxclib.dir/rxcpcsym.c.o
[73/290] Building C object compiler/CMakeFiles/rxclib.dir/rxcp_highlight_controller.c.o
[74/290] Building C object compiler/CMakeFiles/rxclib.dir/rxcposcn.c.o
[75/290] Building C object compiler/CMakeFiles/rxclib.dir/rxcpcpar.c.o
[76/290] Building C object compiler/CMakeFiles/rxclib.dir/rxcpcgmr.c.o
[77/290] Building C object compiler/CMakeFiles/rxclib.dir/rxcpcval.c.o
[78/290] Building C object compiler/CMakeFiles/rxclib.dir/rxcpcdiag.c.o
[79/290] Building C object compiler/CMakeFiles/rxclib.dir/rxcpbgmr.c.o
[80/290] Building C object compiler/CMakeFiles/rxclib.dir/rxcp_ast_rewrite.c.o
[81/290] Building C object compiler/CMakeFiles/rxclib.dir/rxcp_val_plugin.c.o
[82/290] Building C object compiler/CMakeFiles/rxclib.dir/rxcp_val_trans.c.o
[83/290] Building C object compiler/CMakeFiles/rxclib.dir/rxcp_fixup.c.o
[84/290] Building C object compiler/CMakeFiles/rxclib.dir/rxcp_ast_val.c.o
[85/290] Building C object compiler/CMakeFiles/rxclib.dir/rxcp_val_sym.c.o
[86/290] Building C object compiler/CMakeFiles/rxclib.dir/rxcp_val_check.c.o
[87/290] Building C object compiler/CMakeFiles/rxclib.dir/rxcp_remap.c.o
[88/290] Building C object compiler/CMakeFiles/rxclib.dir/rexcscan.c.o
[89/290] Building C object compiler/CMakeFiles/rxclib.dir/rxcp_val_orch.c.o
[90/290] Building C object compiler/CMakeFiles/rxclib.dir/rxcp_remap_build.c.o
[91/290] Building C object compiler/CMakeFiles/rxclib.dir/rxcp_val_type.c.o
[92/290] Building C object compiler/CMakeFiles/rxclib.dir/rxcpsymb.c.o
[93/290] Building C object compiler/CMakeFiles/rxclib.dir/rxcp_inline_rules.c.o
[94/290] Building C object compiler/CMakeFiles/rxclib.dir/rxcp_task_lower.c.o
[95/290] Building C object compiler/CMakeFiles/rxclib.dir/rxcpemit.c.o
[96/290] Building C object compiler/CMakeFiles/rxclib.dir/rxcp_emit_core.c.o
[97/290] Building C object compiler/CMakeFiles/rxclib.dir/rxcp_emit_flow.c.o
[98/290] Building C object compiler/CMakeFiles/rxclib.dir/rxcp_levelc_lower.c.o
[99/290] Building C object compiler/CMakeFiles/rxclib.dir/rxcp_emit_super.c.o
[100/290] Building C object compiler/CMakeFiles/rxclib.dir/rxcp_emit_reg.c.o
[101/290] Building C object compiler/CMakeFiles/rxclib.dir/rxcp_emit_expr.c.o
[102/290] Building C object compiler/CMakeFiles/rxclib.dir/rxcp_emit_proc.c.o
[103/290] Building C object compiler/CMakeFiles/rxclib.dir/rxcp_emit_meta.c.o
[104/290] Creating rxvm symlink to rxbvm
[105/290] Building C object compiler/CMakeFiles/rxclib.dir/rxcp_dispatch.c.o
[106/290] Building C object compiler/CMakeFiles/rxclib.dir/rxcp_partial_call.c.o
[107/290] Building C object compiler/CMakeFiles/rxclib.dir/rxcp_opt.c.o
[108/290] Building C object compiler/CMakeFiles/rxclib.dir/rxcp_flow.c.o
[109/290] Building C object compiler/CMakeFiles/rxclib.dir/rxcp_exit.c.o
[110/290] Building C object compiler/CMakeFiles/rxclib.dir/rxcpfunc.c.o
[111/290] Building C object compiler/CMakeFiles/rxclib.dir/rxcp_inline.c.o
[112/290] Building C object interpreter/CMakeFiles/rxtvm_core_objects.dir/rxvmintp.c.o
[113/290] Linking C executable bin/rxtvm
[114/290] Building C object compiler/CMakeFiles/rxclib.dir/rexbscan.c.o
[115/290] Linking C static library bin/librxclib.a
[116/290] Linking C executable bin/rxc
[117/290] Building token.rxbin
[118/290] Building Dummy.rxbin
[119/290] cREXX compile and assemble _address ...
[120/290] cREXX compile and assemble _rxsystem ...
[121/290] cREXX compile and assemble _jdn ...
[122/290] cREXX compile and assemble _datei ...
[123/290] cREXX compile and assemble _dateo ...
[124/290] cREXX compile and assemble _ftrunc ...
[125/290] cREXX compile and assemble _itrunc ...
[126/290] cREXX compile and assemble _typedformat ...
[127/290] cREXX compile and assemble abbrev ...
[128/290] cREXX compile and assemble abs ...
[129/290] cREXX compile and assemble intabs ...
[130/290] cREXX compile and assemble floatabs ...
[131/290] cREXX compile and assemble b2x ...
[132/290] cREXX compile and assemble b2d ...
[133/290] cREXX compile and assemble binary ...
[134/290] cREXX compile and assemble c2x ...
[135/290] cREXX compile and assemble c2d ...
[136/290] cREXX compile and assemble center ...
[137/290] cREXX compile and assemble centre ...
[138/290] cREXX compile and assemble changestr ...
[139/290] cREXX compile and assemble compare ...
[140/290] cREXX compile and assemble copies ...
[141/290] cREXX compile and assemble countstr ...
[142/290] cREXX compile and assemble d2b ...
[143/290] cREXX compile and assemble d2c ...
[144/290] cREXX compile and assemble d2x ...
[145/290] cREXX compile and assemble date ...
[146/290] cREXX compile and assemble delstr ...
[147/290] cREXX compile and assemble delword ...
[148/290] cREXX compile and assemble fileio ...
[149/290] cREXX compile and assemble filter ...
[150/290] cREXX compile and assemble format ...
[151/290] cREXX compile and assemble intformat ...
[152/290] cREXX compile and assemble floatformat ...
[153/290] cREXX compile and assemble fnv ...
[154/290] cREXX compile and assemble getenv ...
[155/290] cREXX compile and assemble insert ...
[156/290] cREXX compile and assemble length ...
[157/290] cREXX compile and assemble linesize ...
[158/290] cREXX compile and assemble loadmodule ...
[159/290] cREXX compile and assemble lower ...
[160/290] cREXX compile and assemble max ...
[161/290] cREXX compile and assemble intmax ...
[162/290] cREXX compile and assemble floatmax ...
[163/290] cREXX compile and assemble min ...
[164/290] cREXX compile and assemble intmin ...
[165/290] cREXX compile and assemble floatmin ...
[166/290] cREXX compile and assemble numeric ...
[167/290] cREXX compile and assemble overlay ...
[168/290] cREXX compile and assemble pos ...
[169/290] cREXX compile and assemble qscan ...
[170/290] cREXX compile and assemble qpos ...
[171/290] cREXX compile and assemble qsplit ...
[172/290] cREXX compile and assemble qsplitsafe ...
[173/290] cREXX compile and assemble qextractall ...
[174/290] cREXX compile and assemble qextractpair ...
[175/290] cREXX compile and assemble qstripcomment ...
[176/290] cREXX compile and assemble qremoveall ...
[177/290] cREXX compile and assemble fsayfmt ...
[178/290] cREXX compile and assemble lastpos ...
[179/290] cREXX compile and assemble left ...
[180/290] cREXX compile and assemble right ...
[181/290] cREXX compile and assemble raise ...
[182/290] cREXX compile and assemble reverse ...
[183/290] cREXX compile and assemble signal ...
[184/290] cREXX compile and assemble trace ...
[185/290] cREXX compile and assemble sign ...
[186/290] cREXX compile and assemble intsign ...
[187/290] cREXX compile and assemble floatsign ...
[188/290] cREXX compile and assemble space ...
[189/290] cREXX compile and assemble strip ...
[190/290] cREXX compile and assemble substr ...
[191/290] cREXX compile and assemble substro ...
[192/290] cREXX compile and assemble symbol ...
[193/290] cREXX compile and assemble time ...
[194/290] cREXX compile and assemble translate ...
[195/290] cREXX compile and assemble trunc ...
[196/290] cREXX compile and assemble floattrunc ...
[197/290] cREXX compile and assemble upper ...
[198/290] cREXX compile and assemble value ...
[199/290] cREXX compile and assemble verify ...
[200/290] cREXX compile and assemble version ...
[201/290] cREXX compile and assemble sourceinfo ...
[202/290] cREXX compile and assemble word ...
[203/290] cREXX compile and assemble words ...
[204/290] cREXX compile and assemble wordindex ...
[205/290] cREXX compile and assemble subword ...
[206/290] cREXX compile and assemble wordlength ...
[207/290] cREXX compile and assemble wordpos ...
[208/290] cREXX compile and assemble qword ...
[209/290] cREXX compile and assemble qwordlength ...
[210/290] cREXX compile and assemble qwords ...
[211/290] cREXX compile and assemble qwordindex ...
[212/290] cREXX compile and assemble qwordpos ...
[213/290] cREXX compile and assemble qsubword ...
[214/290] cREXX compile and assemble regex ...
[215/290] cREXX compile and assemble x2b ...
[216/290] cREXX compile and assemble x2c ...
[217/290] cREXX compile and assemble x2d ...
[218/290] cREXX compile and assemble random ...
[219/290] cREXX compile and assemble reradix ...
[220/290] cREXX compile and assemble sequence ...
[221/290] cREXX compile and assemble find ...
[222/290] cREXX compile and assemble index ...
[223/290] cREXX compile and assemble xrange ...
[224/290] cREXX compile and assemble parsecompile ...
[225/290] cREXX compile and assemble parsestring ...
[226/290] cREXX compile and assemble parse ...
[227/290] cREXX compile and assemble datatype ...
[228/290] cREXX compile and assemble arrayfind ...
[229/290] cREXX compile and assemble splice ...
[230/290] cREXX compile and assemble arrayinsert ...
[231/290] cREXX compile and assemble arraydelete ...
[232/290] cREXX compile and assemble arrayappend ...
[233/290] cREXX compile and assemble arrayprepend ...
[234/290] cREXX compile and assemble objectarrayinsert ...
[235/290] cREXX compile and assemble objectarraydelete ...
[236/290] cREXX compile and assemble objectarrayappend ...
[237/290] cREXX compile and assemble objectarrayprepend ...
[238/290] cREXX compile and assemble objectarraydrop ...
[239/290] cREXX compile and assemble objectarraymove ...
[240/290] cREXX compile and assemble arraypop ...
[241/290] cREXX compile and assemble arrayshift ...
[242/290] cREXX compile and assemble arrayget ...
[243/290] cREXX compile and assemble arrayset ...
[244/290] cREXX compile and assemble arraycontains ...
[245/290] cREXX compile and assemble arrayindexof ...
[246/290] cREXX compile and assemble arrayreverse ...
[247/290] cREXX compile and assemble arrayjoin ...
[248/290] cREXX compile and assemble arraysort ...
[249/290] cREXX compile and assemble arraycopy ...
[250/290] cREXX compile and assemble arraydrop ...
[251/290] cREXX compile and assemble arrayhi ...
[252/290] cREXX compile and assemble arraymove ...
[253/290] cREXX compile and assemble fmtmask ...
[254/290] cREXX compile and assemble compilemask ...
[255/290] cREXX compile and assemble runmask ...
[256/290] cREXX compile and assemble stem ...
[257/290] cREXX compile and assemble rxjson ...
[258/290] cREXX compile and assemble rxsocket ...
[259/290] cREXX compile and assemble wordrep ...
[260/290] cREXX compile and assemble rxqueue ...
[261/290] cREXX compile and assemble afterword ...
[262/290] cREXX REXX Library Archive ...
[263/290] cREXX Linked Library Image ...
[264/290] Building Dump.rxbin
[265/290] Building Add.rxbin
[266/290] Building Query.rxbin
[267/290] Building Fsay.rxbin
[268/290] Building Msay.rxbin
[269/290] Building Sort.rxbin
[270/290] Building Sortx.rxbin
[271/290] Building Execio.rxbin
[272/290] Building Queue compiler exit
[273/290] Building Substr.rxbin
[274/290] Building RexxScript.rxbin
[275/290] Building Signal.rxbin
[276/290] Building Trace.rxbin
[277/290] Building Address.rxbin
[278/290] Building Parse.rxbin
[279/290] Building rxcexits.rxbin (bundled via concatenation)
[280/290] Generating benchmark_awfy_sieve_opt.rxbin
[281/290] Generating benchmark_awfy_json_opt.rxbin
[282/290] Generating benchmark_awfy_list_opt.rxbin
[283/290] Generating benchmark_awfy_richards_opt.rxbin
[284/290] Generating benchmark_awfy_havlak_opt.rxbin
[285/290] Generating benchmark_awfy_deltablue_opt.rxbin
[286/290] Generating benchmark_awfy_cd_opt.rxbin
[287/290] Generating benchmark_rexxcps_levelb_opt.rxbin
