[0/2] Re-checking globbed directories...
[1/285] Create REXX ASSEMBLER Parser...
[2/275] Building C object assembler/CMakeFiles/rxaslib.dir/rxasgrmr.c.o
[3/275] Linking C static library bin/librxaslib.a
[4/275] Create Options Parser...
[5/272] Linking C executable bin/rxas
[6/272] cREXX assemble _elapsed ...
[7/272] cREXX RXAS Library Archive ...
[8/272] Create REXX C Parser...
[9/272] Create REXX B Parser...
[10/240] Building C object compiler/CMakeFiles/rxclib.dir/rxcpopgr.c.o
[11/240] Building C object compiler/CMakeFiles/rxclib.dir/rxcp_opt.c.o
[12/240] Building C object compiler/CMakeFiles/rxclib.dir/rxcpcgmr.c.o
[13/240] Building C object compiler/CMakeFiles/rxclib.dir/rxcpbgmr.c.o
[14/240] Linking C static library bin/librxclib.a
[15/240] Linking C executable bin/rxc
[16/240] Building token.rxbin
[17/240] Building Dummy.rxbin
[18/240] cREXX compile and assemble _address ...
[19/240] cREXX compile and assemble _rxsystem ...
[20/240] cREXX compile and assemble _jdn ...
[21/240] cREXX compile and assemble _datei ...
[22/240] cREXX compile and assemble _dateo ...
[23/240] cREXX compile and assemble _ftrunc ...
[24/240] cREXX compile and assemble _itrunc ...
[25/240] cREXX compile and assemble _typedformat ...
[26/240] cREXX compile and assemble abbrev ...
[27/240] cREXX compile and assemble abs ...
[28/240] cREXX compile and assemble intabs ...
[29/240] cREXX compile and assemble floatabs ...
[30/240] cREXX compile and assemble b2x ...
[31/240] cREXX compile and assemble b2d ...
[32/240] cREXX compile and assemble binary ...
[33/240] cREXX compile and assemble c2x ...
[34/240] cREXX compile and assemble c2d ...
[35/240] cREXX compile and assemble center ...
[36/240] cREXX compile and assemble centre ...
[37/240] cREXX compile and assemble changestr ...
[38/240] cREXX compile and assemble compare ...
[39/240] cREXX compile and assemble copies ...
[40/240] cREXX compile and assemble countstr ...
[41/240] cREXX compile and assemble d2b ...
[42/240] cREXX compile and assemble d2c ...
[43/240] cREXX compile and assemble d2x ...
[44/240] cREXX compile and assemble date ...
[45/240] cREXX compile and assemble delstr ...
[46/240] cREXX compile and assemble delword ...
[47/240] cREXX compile and assemble fileio ...
[48/240] cREXX compile and assemble filter ...
[49/240] cREXX compile and assemble format ...
[50/240] cREXX compile and assemble intformat ...
[51/240] cREXX compile and assemble floatformat ...
[52/240] cREXX compile and assemble fnv ...
[53/240] cREXX compile and assemble getenv ...
[54/240] cREXX compile and assemble insert ...
[55/240] cREXX compile and assemble length ...
[56/240] cREXX compile and assemble linesize ...
[57/240] cREXX compile and assemble loadmodule ...
[58/240] cREXX compile and assemble lower ...
[59/240] cREXX compile and assemble max ...
[60/240] cREXX compile and assemble intmax ...
[61/240] cREXX compile and assemble floatmax ...
[62/240] cREXX compile and assemble min ...
[63/240] cREXX compile and assemble intmin ...
[64/240] cREXX compile and assemble floatmin ...
[65/240] cREXX compile and assemble numeric ...
[66/240] cREXX compile and assemble overlay ...
[67/240] cREXX compile and assemble pos ...
[68/240] cREXX compile and assemble qscan ...
[69/240] cREXX compile and assemble qpos ...
[70/240] cREXX compile and assemble qsplit ...
[71/240] cREXX compile and assemble qsplitsafe ...
[72/240] cREXX compile and assemble qextractall ...
[73/240] cREXX compile and assemble qextractpair ...
[74/240] cREXX compile and assemble qstripcomment ...
[75/240] cREXX compile and assemble qremoveall ...
[76/240] cREXX compile and assemble fsayfmt ...
[77/240] cREXX compile and assemble lastpos ...
[78/240] cREXX compile and assemble left ...
[79/240] cREXX compile and assemble right ...
[80/240] cREXX compile and assemble raise ...
[81/240] cREXX compile and assemble reverse ...
[82/240] cREXX compile and assemble signal ...
[83/240] cREXX compile and assemble trace ...
[84/240] cREXX compile and assemble sign ...
[85/240] cREXX compile and assemble intsign ...
[86/240] cREXX compile and assemble floatsign ...
[87/240] cREXX compile and assemble space ...
[88/240] cREXX compile and assemble strip ...
[89/240] cREXX compile and assemble substr ...
[90/240] cREXX compile and assemble substro ...
[91/240] cREXX compile and assemble symbol ...
[92/240] cREXX compile and assemble time ...
[93/240] cREXX compile and assemble translate ...
[94/240] cREXX compile and assemble trunc ...
[95/240] cREXX compile and assemble floattrunc ...
[96/240] cREXX compile and assemble upper ...
[97/240] cREXX compile and assemble value ...
[98/240] cREXX compile and assemble verify ...
[99/240] cREXX compile and assemble version ...
[100/240] cREXX compile and assemble word ...
[101/240] cREXX compile and assemble words ...
[102/240] cREXX compile and assemble wordindex ...
[103/240] cREXX compile and assemble subword ...
[104/240] cREXX compile and assemble wordlength ...
[105/240] cREXX compile and assemble wordpos ...
[106/240] cREXX compile and assemble qword ...
[107/240] cREXX compile and assemble qwordlength ...
[108/240] cREXX compile and assemble qwords ...
[109/240] cREXX compile and assemble qwordindex ...
[110/240] cREXX compile and assemble qwordpos ...
[111/240] cREXX compile and assemble qsubword ...
[112/240] cREXX compile and assemble regex ...
[113/240] cREXX compile and assemble x2b ...
[114/240] cREXX compile and assemble x2c ...
[115/240] cREXX compile and assemble x2d ...
[116/240] cREXX compile and assemble random ...
[117/240] cREXX compile and assemble reradix ...
[118/240] cREXX compile and assemble sequence ...
[119/240] cREXX compile and assemble find ...
[120/240] cREXX compile and assemble index ...
[121/240] cREXX compile and assemble xrange ...
[122/240] cREXX compile and assemble parsecompile ...
[123/240] cREXX compile and assemble parsestring ...
[124/240] cREXX compile and assemble parse ...
[125/240] cREXX compile and assemble datatype ...
[126/240] cREXX compile and assemble arrayfind ...
[127/240] cREXX compile and assemble splice ...
[128/240] cREXX compile and assemble arrayinsert ...
[129/240] cREXX compile and assemble arraydelete ...
[130/240] cREXX compile and assemble arrayappend ...
[131/240] cREXX compile and assemble arrayprepend ...
[132/240] cREXX compile and assemble objectarrayinsert ...
[133/240] cREXX compile and assemble objectarraydelete ...
[134/240] cREXX compile and assemble objectarrayappend ...
[135/240] cREXX compile and assemble objectarrayprepend ...
[136/240] cREXX compile and assemble objectarraydrop ...
[137/240] cREXX compile and assemble objectarraymove ...
[138/240] cREXX compile and assemble arraypop ...
[139/240] cREXX compile and assemble arrayshift ...
[140/240] cREXX compile and assemble arrayget ...
[141/240] cREXX compile and assemble arrayset ...
[142/240] cREXX compile and assemble arraycontains ...
[143/240] cREXX compile and assemble arrayindexof ...
[144/240] cREXX compile and assemble arrayreverse ...
[145/240] cREXX compile and assemble arrayjoin ...
[146/240] cREXX compile and assemble arraysort ...
[147/240] cREXX compile and assemble arraycopy ...
[148/240] cREXX compile and assemble arraydrop ...
[149/240] cREXX compile and assemble arrayhi ...
[150/240] cREXX compile and assemble arraymove ...
[151/240] cREXX compile and assemble fmtmask ...
[152/240] cREXX compile and assemble compilemask ...
[153/240] cREXX compile and assemble runmask ...
[154/240] cREXX compile and assemble parseExec ...
[155/240] cREXX compile and assemble stem ...
[156/240] cREXX compile and assemble rxjson ...
[157/240] cREXX compile and assemble rxsocket ...
[158/240] cREXX compile and assemble rxhttp ...
[159/240] cREXX compile and assemble wordrep ...
[160/240] cREXX REXX Library Archive ...
[161/240] cREXX Linked Library Image ...
[162/240] Building Query.rxbin
[163/240] Building Dump.rxbin
[164/240] Building Sort.rxbin
[165/240] Building Sortx.rxbin
[166/240] Building Add.rxbin
[167/240] Building Fsay.rxbin
[168/240] Building Execio.rxbin
[169/240] Building Msay.rxbin
[170/240] Building Signal.rxbin
[171/240] Building RexxScript.rxbin
[172/240] Building Substr.rxbin
[173/240] Building Address.rxbin
[174/240] Building Trace.rxbin
[175/240] Building Parse.rxbin
[176/240] Building rxcexits.rxbin (bundled via concatenation)
[177/240] Clearing stale class library member images ...
[178/240] Generating tlinesz_noopt.rxbin
[179/240] Generating tlinesz_opt.rxbin
[180/240] cREXX compile and assemble ObjectIterator ...
[181/240] cREXX compile and assemble StringIterator ...
[182/240] cREXX compile and assemble ObjectPrintable ...
[183/240] cREXX compile and assemble ObjectComparator ...
[184/240] cREXX compile and assemble ObjectIterable ...
[185/240] cREXX compile and assemble StringIterable ...
[186/240] cREXX compile and assemble StringTreeSetIterator ...
[187/240] cREXX compile and assemble ObjectObjectTreeMapIterator ...
[188/240] cREXX compile and assemble ObjectArrayList ...
[189/240] cREXX compile and assemble StringArrayList ...
[190/240] cREXX compile and assemble StringHashMapIterator ...
[191/240] cREXX compile and assemble StringHashSetIterator ...
[192/240] cREXX compile and assemble StringObjectHashMapIterator ...
[193/240] cREXX compile and assemble StringObjectTreeMapIterator ...
[194/240] cREXX compile and assemble StringTreeMapIterator ...
[195/240] Generating ts_abbrev_noopt.rxbin
[196/240] Generating ts_abbrev_opt.rxbin
[197/240] cREXX compile and assemble StringTreeSet ...
[198/240] cREXX compile and assemble ObjectArrayListIterator ...
[199/240] cREXX compile and assemble ObjectLinkedList ...
[200/240] cREXX compile and assemble ObjectStack ...
[201/240] cREXX compile and assemble ObjectObjectTreeMap ...
[202/240] cREXX compile and assemble Qfind ...
[203/240] cREXX compile and assemble RexxComparator ...
[204/240] cREXX compile and assemble Rexx ...
[205/240] cREXX compile and assemble Scanlex ...
[206/240] cREXX compile and assemble StringArrayListIterator ...
[207/240] cREXX compile and assemble StringHashMap ...
[208/240] cREXX compile and assemble StringHashSet ...
[209/240] cREXX compile and assemble StringLinkedList ...
[210/240] cREXX compile and assemble StringObjectHashMap ...
[211/240] cREXX compile and assemble StringObjectTreeMap ...
[212/240] cREXX compile and assemble StringOldTreeMap ...
[213/240] Generating ts_abs_noopt.rxbin
[214/240] Generating ts_abs_opt.rxbin
[215/240] Generating ts_typed_numeric_noopt.rxbin
[216/240] cREXX compile and assemble StringStack ...
[217/240] Generating ts_typed_numeric_opt.rxbin
[218/240] Generating ts_address_protocol_noopt.rxbin
[219/240] Generating ts_address_protocol_opt.rxbin
[220/240] cREXX compile and assemble StringTreeMap ...
[221/240] Generating ts_address_noopt.rxbin
[222/240] Generating ts_address_opt.rxbin
[223/240] cREXX Linked Class Library Image ...
[224/240] Generating testrexx_noopt.rxbin
[225/240] Generating testrexx_opt.rxbin
[226/240] Generating testStringArrayList_noopt.rxbin
[227/240] Generating testStringArrayList_opt.rxbin
[228/240] Generating testStringHashMap_noopt.rxbin
[229/240] Generating testStringHashMap_opt.rxbin
[230/240] Generating testStringHashSet_noopt.rxbin
[231/240] Generating testStringHashSet_opt.rxbin
[232/240] Generating testStringLinkedList_noopt.rxbin
[233/240] Generating testStringLinkedList_opt.rxbin
[234/240] Generating ts_address_crexx_noopt.rxbin
[235/240] Generating testStringTreeMap_opt.rxbin
[236/240] Generating ts_address_crexx_opt.rxbin
[237/240] Generating ts_binary_noopt.rxbin
[238/240] Generating ts_binary_opt.rxbin
[239/240] Generating ts_c2x_opt.rxbin
