[0/2] Re-checking globbed directories...
[1/2] Re-running CMake...
-- CMake Version: 4.3.2
-- CREXX Version: crexx-1.0.0-beta.3+local.ga5a99be15f16.dirty
-- CREXX Build Channel: local
-- CREXX Build Timestamp: 20260715T180254Z
-- CREXX Build Commit: a5a99be15f16
-- CMake Generator: Ninja
-- Using local DSL-Syntax-Highlighter at /Users/adrian/CLionProjects/CREXX/../DSL-Syntax-Highlighter
-- C compiler flags:
-- C++ compiler flags:  -W -Wall -Wextra -Weffc++ -pedantic -Wformat=2 -Wredundant-decls -Wconversion -Wsign-conversion -Werror=return-type -Weverything -Wno-unknown-warning-option -Wno-reserved-id-macro -Wno-padded -Wno-nested-anon-types -Wno-reserved-identifier -Wno-shadow-field-in-constructor -Wno-undefined-func-template -Wno-c++98-compat -Wno-c++98-compat-pedantic -Wno-unsafe-pointer-arithmetic -Wno-unsafe-buffer-usage -Wno-exit-time-destructors -Wno-switch-enum -fdiagnostics-color=always
-- Linker flags for executables:
-- Linker flags for shared libs:
-- Debug C compiler flags: -g
-- Debug C++ compiler flags: -g
-- Debug linker flags for executables:
-- Debug linker flags for shared libs:
-- Fetching SQLite amalgamation 3530200 for native ADDRESS demo
-- cREXX VM handler panel: profile-20
-- cREXX VM core socket TLS backend: NETWORK
-- cREXX product VM: rxvm -> rxbvm (AppleClang)
-- Legacy OpenSSL socket plugin is disabled; use VM core sockets/rxsocket instead.
-- GTK Gui support is disabled, skipping subdirectory.
-- Building with ODBC support enabled.
-- Configuring done (0.3s)
-- Generating done (0.5s)
-- Build files have been written to: /Users/adrian/CLionProjects/CREXX/cmake-build-debug
[0/4] Re-checking globbed directories...
[1/236] Building C object compiler/CMakeFiles/rxclib.dir/rxcp_val_plugin.c.o
[2/236] Building C object compiler/CMakeFiles/rxclib.dir/rxcp_fixup.c.o
[3/236] Building C object compiler/CMakeFiles/rxclib.dir/rxcp_val_trans.c.o
[4/236] Building C object compiler/CMakeFiles/rxclib.dir/rxcp_dsl.c.o
[5/236] Building C object compiler/CMakeFiles/rxclib.dir/rxcp_util.c.o
[6/236] Building C object compiler/CMakeFiles/rxclib.dir/rxcp_val_sym.c.o
[7/236] Building C object compiler/CMakeFiles/rxclib.dir/rxcp_val_check.c.o
[8/236] Building C object compiler/CMakeFiles/rxclib.dir/rxcp_val_orch.c.o
[9/236] Building C object compiler/CMakeFiles/rxclib.dir/rxcp_highlight_controller.c.o
[10/236] Building C object compiler/CMakeFiles/rxclib.dir/rxcp_remap_build.c.o
[11/236] Building C object compiler/CMakeFiles/rxclib.dir/rxcp_val_type.c.o
[12/236] Building C object compiler/CMakeFiles/rxclib.dir/rxcp_inline_rules.c.o
[13/236] Building C object compiler/CMakeFiles/rxclib.dir/rxcp_emit_proc.c.o
[14/236] Building C object compiler/CMakeFiles/rxclib.dir/rxcp_task_lower.c.o
[15/236] Building C object compiler/CMakeFiles/rxclib.dir/rxcpemit.c.o
[16/236] Building C object compiler/CMakeFiles/rxclib.dir/rxcp_emit_reg.c.o
[17/236] Building C object compiler/CMakeFiles/rxclib.dir/rxcp_emit_meta.c.o
[18/236] Building C object compiler/CMakeFiles/rxclib.dir/rxcp_opt.c.o
[19/236] Building C object compiler/CMakeFiles/rxclib.dir/rxcp_exit.c.o
[20/236] Building C object compiler/CMakeFiles/rxclib.dir/rxcpfunc.c.o
[21/236] Building C object compiler/CMakeFiles/rxclib.dir/rxcp_inline.c.o
[22/236] Linking C static library bin/librxclib.a
[23/236] Linking C executable bin/rxc
[24/236] Building token.rxbin
[25/236] Building Dummy.rxbin
[26/236] cREXX compile and assemble _address ...
[27/236] cREXX compile and assemble _rxsystem ...
[28/236] cREXX compile and assemble _jdn ...
[29/236] cREXX compile and assemble _datei ...
[30/236] cREXX compile and assemble _dateo ...
[31/236] cREXX compile and assemble _ftrunc ...
[32/236] cREXX compile and assemble _itrunc ...
[33/236] cREXX compile and assemble _typedformat ...
[34/236] cREXX compile and assemble abbrev ...
[35/236] cREXX compile and assemble abs ...
[36/236] cREXX compile and assemble intabs ...
[37/236] cREXX compile and assemble floatabs ...
[38/236] cREXX compile and assemble b2x ...
[39/236] cREXX compile and assemble b2d ...
[40/236] cREXX compile and assemble binary ...
[41/236] cREXX compile and assemble c2x ...
[42/236] cREXX compile and assemble c2d ...
[43/236] cREXX compile and assemble center ...
[44/236] cREXX compile and assemble centre ...
[45/236] cREXX compile and assemble changestr ...
[46/236] cREXX compile and assemble compare ...
[47/236] cREXX compile and assemble copies ...
[48/236] cREXX compile and assemble countstr ...
[49/236] cREXX compile and assemble d2b ...
[50/236] cREXX compile and assemble d2c ...
[51/236] cREXX compile and assemble d2x ...
[52/236] cREXX compile and assemble date ...
[53/236] cREXX compile and assemble delstr ...
[54/236] cREXX compile and assemble delword ...
[55/236] cREXX compile and assemble fileio ...
[56/236] cREXX compile and assemble filter ...
[57/236] cREXX compile and assemble format ...
[58/236] cREXX compile and assemble intformat ...
[59/236] cREXX compile and assemble floatformat ...
[60/236] cREXX compile and assemble fnv ...
[61/236] cREXX compile and assemble getenv ...
[62/236] cREXX compile and assemble insert ...
[63/236] cREXX compile and assemble length ...
[64/236] cREXX compile and assemble linesize ...
[65/236] cREXX compile and assemble loadmodule ...
[66/236] cREXX compile and assemble lower ...
[67/236] cREXX compile and assemble max ...
[68/236] cREXX compile and assemble intmax ...
[69/236] cREXX compile and assemble floatmax ...
[70/236] cREXX compile and assemble min ...
[71/236] cREXX compile and assemble intmin ...
[72/236] cREXX compile and assemble floatmin ...
[73/236] cREXX compile and assemble numeric ...
[74/236] cREXX compile and assemble overlay ...
[75/236] cREXX compile and assemble pos ...
[76/236] cREXX compile and assemble qscan ...
[77/236] cREXX compile and assemble qpos ...
[78/236] cREXX compile and assemble qsplit ...
[79/236] cREXX compile and assemble qsplitsafe ...
[80/236] cREXX compile and assemble qextractall ...
[81/236] cREXX compile and assemble qextractpair ...
[82/236] cREXX compile and assemble qstripcomment ...
[83/236] cREXX compile and assemble qremoveall ...
[84/236] cREXX compile and assemble fsayfmt ...
[85/236] cREXX compile and assemble lastpos ...
[86/236] cREXX compile and assemble left ...
[87/236] cREXX compile and assemble right ...
[88/236] cREXX compile and assemble raise ...
[89/236] cREXX compile and assemble reverse ...
[90/236] cREXX compile and assemble signal ...
[91/236] cREXX compile and assemble trace ...
[92/236] cREXX compile and assemble sign ...
[93/236] cREXX compile and assemble intsign ...
[94/236] cREXX compile and assemble floatsign ...
[95/236] cREXX compile and assemble space ...
[96/236] cREXX compile and assemble strip ...
[97/236] cREXX compile and assemble substr ...
[98/236] cREXX compile and assemble substro ...
[99/236] cREXX compile and assemble symbol ...
[100/236] cREXX compile and assemble time ...
[101/236] cREXX compile and assemble translate ...
[102/236] cREXX compile and assemble trunc ...
[103/236] cREXX compile and assemble floattrunc ...
[104/236] cREXX compile and assemble upper ...
[105/236] cREXX compile and assemble value ...
[106/236] cREXX compile and assemble verify ...
[107/236] cREXX compile and assemble version ...
[108/236] cREXX compile and assemble sourceinfo ...
[109/236] cREXX compile and assemble word ...
[110/236] cREXX compile and assemble words ...
[111/236] cREXX compile and assemble wordindex ...
[112/236] cREXX compile and assemble subword ...
[113/236] cREXX compile and assemble wordlength ...
[114/236] cREXX compile and assemble wordpos ...
[115/236] cREXX compile and assemble qword ...
[116/236] cREXX compile and assemble qwordlength ...
[117/236] cREXX compile and assemble qwords ...
[118/236] cREXX compile and assemble qwordindex ...
[119/236] cREXX compile and assemble qwordpos ...
[120/236] cREXX compile and assemble qsubword ...
[121/236] cREXX compile and assemble regex ...
[122/236] cREXX compile and assemble x2b ...
[123/236] cREXX compile and assemble x2c ...
[124/236] cREXX compile and assemble x2d ...
[125/236] cREXX compile and assemble random ...
[126/236] cREXX compile and assemble reradix ...
[127/236] cREXX compile and assemble sequence ...
[128/236] cREXX compile and assemble find ...
[129/236] cREXX compile and assemble index ...
[130/236] cREXX compile and assemble xrange ...
[131/236] cREXX compile and assemble parsecompile ...
[132/236] cREXX compile and assemble parsestring ...
[133/236] cREXX compile and assemble parse ...
[134/236] cREXX compile and assemble datatype ...
[135/236] cREXX compile and assemble arrayfind ...
[136/236] cREXX compile and assemble splice ...
[137/236] cREXX compile and assemble arrayinsert ...
[138/236] cREXX compile and assemble arraydelete ...
[139/236] cREXX compile and assemble arrayappend ...
[140/236] cREXX compile and assemble arrayprepend ...
[141/236] cREXX compile and assemble objectarrayinsert ...
[142/236] cREXX compile and assemble objectarraydelete ...
[143/236] cREXX compile and assemble objectarrayappend ...
[144/236] cREXX compile and assemble objectarrayprepend ...
[145/236] cREXX compile and assemble objectarraydrop ...
[146/236] cREXX compile and assemble objectarraymove ...
[147/236] cREXX compile and assemble arraypop ...
[148/236] cREXX compile and assemble arrayshift ...
[149/236] cREXX compile and assemble arrayget ...
[150/236] cREXX compile and assemble arrayset ...
[151/236] cREXX compile and assemble arraycontains ...
[152/236] cREXX compile and assemble arrayindexof ...
[153/236] cREXX compile and assemble arrayreverse ...
[154/236] cREXX compile and assemble arrayjoin ...
[155/236] cREXX compile and assemble arraysort ...
[156/236] cREXX compile and assemble arraycopy ...
[157/236] cREXX compile and assemble arraydrop ...
[158/236] cREXX compile and assemble arrayhi ...
[159/236] cREXX compile and assemble arraymove ...
[160/236] cREXX compile and assemble fmtmask ...
[161/236] cREXX compile and assemble compilemask ...
[162/236] cREXX compile and assemble runmask ...
[163/236] cREXX compile and assemble stem ...
[164/236] cREXX compile and assemble rxjson ...
[165/236] cREXX compile and assemble rxsocket ...
[166/236] cREXX compile and assemble rxhttp ...
[167/236] cREXX compile and assemble wordrep ...
[168/236] cREXX compile and assemble rxqueue ...
[169/236] cREXX REXX Library Archive ...
[170/236] cREXX Linked Library Image ...
[171/236] Building Query.rxbin
[172/236] Building Fsay.rxbin
[173/236] Building Dump.rxbin
[174/236] Building Add.rxbin
[175/236] Building Msay.rxbin
[176/236] Building Sortx.rxbin
[177/236] Building Sort.rxbin
[178/236] Building Execio.rxbin
[179/236] Building Queue compiler exit
[180/236] Building RexxScript.rxbin
[181/236] Building Substr.rxbin
[182/236] Building Signal.rxbin
[183/236] Building Trace.rxbin
[184/236] Building Address.rxbin
[185/236] Building Parse.rxbin
[186/236] Building rxcexits.rxbin (bundled via concatenation)
[187/236] Clearing stale class library member images ...
[188/236] cREXX compile and assemble BagIterator ...
[189/236] cREXX compile and assemble StringIterator ...
[190/236] cREXX compile and assemble Map ...
[191/236] cREXX compile and assemble ObjectComparator ...
[192/236] cREXX compile and assemble ObjectIterator ...
[193/236] cREXX compile and assemble Comparator ...
[194/236] cREXX compile and assemble ObjectPrintable ...
[195/236] cREXX compile and assemble TreeMapIterator ...
[196/236] cREXX compile and assemble Iterator ...
[197/236] cREXX compile and assemble Printable ...
[198/236] cREXX compile and assemble StringTreeSetIterator ...
[199/236] cREXX compile and assemble ObjectIterable ...
[200/236] cREXX compile and assemble StringHashMapIterator ...
[201/236] cREXX compile and assemble StringIterable ...
[202/236] cREXX compile and assemble StringHashSetIterator ...
[203/236] cREXX compile and assemble ObjectObjectTreeMapIterator ...
[204/236] cREXX compile and assemble StringObjectTreeMapIterator ...
[205/236] cREXX compile and assemble StringTreeMapIterator ...
[206/236] cREXX compile and assemble StringObjectHashMapIterator ...
[207/236] cREXX compile and assemble Concurrency ...
[208/236] cREXX compile and assemble ArrayList ...
[209/236] cREXX compile and assemble Bag ...
[210/236] cREXX compile and assemble ObjectStack ...
[211/236] cREXX compile and assemble StringArrayList ...
[212/236] cREXX compile and assemble ObjectArrayList ...
[213/236] cREXX compile and assemble Iterable ...
[214/236] cREXX compile and assemble ObjectLinkedList ...
[215/236] cREXX compile and assemble StringTreeSet ...
[216/236] cREXX compile and assemble ObjectObjectTreeMap ...
[217/236] cREXX compile and assemble Qfind ...
[218/236] cREXX compile and assemble ArrayListIterator ...
[219/236] cREXX compile and assemble RexxComparator ...
[220/236] cREXX compile and assemble ObjectArrayListIterator ...
[221/236] cREXX compile and assemble StringArrayListIterator ...
[222/236] cREXX compile and assemble StringHashSet ...
[223/236] cREXX compile and assemble Rexx ...
[224/236] cREXX compile and assemble StringHashMap ...
[225/236] cREXX compile and assemble StringLinkedList ...
[226/236] cREXX compile and assemble Scanlex ...
[227/236] cREXX compile and assemble StringObjectHashMap ...
[228/236] cREXX compile and assemble StringOldTreeMap ...
[229/236] cREXX compile and assemble StringStack ...
[230/236] cREXX compile and assemble StringObjectTreeMap ...
[231/236] cREXX compile and assemble StringTreeMap ...
[232/236] cREXX compile and assemble TreeMap ...
[233/236] cREXX Linked Class Library Image ...
