Test project /Users/adrian/CLionProjects/CREXX/cmake-build-release
      Start 508: gate_f_levelg_rxbvm_noopt
      Start 543: signal_control_unwind_rxtvm_opt
      Start 542: signal_control_unwind_rxtvm_noopt
      Start 539: gate_f_contextual_levelb
      Start 541: signal_control_unwind_rxbvm_opt
      Start 540: signal_control_unwind_rxbvm_noopt
      Start 520: gate_f_bad_scope
      Start 522: gate_f_pending_return
      Start 523: gate_f_pending_reference
      Start 521: gate_f_pending_mutation
 1/37 Test #520: gate_f_bad_scope ........................   Passed    0.31 sec
      Start 529: gate_f_scope_reused
 2/37 Test #540: signal_control_unwind_rxbvm_noopt .......   Passed    0.32 sec
      Start 528: gate_f_dynamic_task_target
 3/37 Test #541: signal_control_unwind_rxbvm_opt .........   Passed    0.32 sec
      Start 524: gate_f_nested_task_wait
 4/37 Test #523: gate_f_pending_reference ................   Passed    0.33 sec
      Start 536: gate_f_taskwork_factory_arg
 5/37 Test #543: signal_control_unwind_rxtvm_opt .........   Passed    0.33 sec
      Start 535: gate_f_taskwork_required
 6/37 Test #521: gate_f_pending_mutation .................   Passed    0.33 sec
      Start 507: gate_f_levelb_contract
 7/37 Test #542: signal_control_unwind_rxtvm_noopt .......   Passed    0.34 sec
      Start 530: gate_f_task_levelb
 8/37 Test #522: gate_f_pending_return ...................   Passed    0.34 sec
      Start 532: gate_f_parallel_expr_levelb
 9/37 Test #539: gate_f_contextual_levelb ................   Passed    0.34 sec
      Start 533: gate_f_task_target_levelb
10/37 Test #532: gate_f_parallel_expr_levelb .............   Passed    0.09 sec
      Start 525: gate_f_task_exposed_arg
11/37 Test #530: gate_f_task_levelb ......................   Passed    0.09 sec
      Start 527: gate_f_task_receiver
12/37 Test #533: gate_f_task_target_levelb ...............   Passed    0.09 sec
      Start 534: gate_f_task_factory_target_levelb
13/37 Test #525: gate_f_task_exposed_arg .................   Passed    0.08 sec
      Start 526: gate_f_task_reference_arg
14/37 Test #527: gate_f_task_receiver ....................   Passed    0.08 sec
      Start 531: gate_f_parallel_levelb
15/37 Test #534: gate_f_task_factory_target_levelb .......   Passed    0.09 sec
      Start 537: gate_f_task_object_result_required
16/37 Test #529: gate_f_scope_reused .....................   Passed    0.27 sec
      Start 538: gate_f_task_interface_result
17/37 Test #536: gate_f_taskwork_factory_arg .............   Passed    0.25 sec
18/37 Test #526: gate_f_task_reference_arg ...............   Passed    0.09 sec
19/37 Test #528: gate_f_dynamic_task_target ..............   Passed    0.28 sec
20/37 Test #524: gate_f_nested_task_wait .................   Passed    0.28 sec
21/37 Test #531: gate_f_parallel_levelb ..................   Passed    0.09 sec
22/37 Test #535: gate_f_taskwork_required ................   Passed    0.28 sec
23/37 Test #507: gate_f_levelb_contract ..................   Passed    0.28 sec
24/37 Test #537: gate_f_task_object_result_required ......   Passed    0.20 sec
25/37 Test #538: gate_f_task_interface_result ............   Passed    0.18 sec
26/37 Test #508: gate_f_levelg_rxbvm_noopt ...............   Passed    0.84 sec
      Start 511: gate_f_levelg_rxtvm_opt
27/37 Test #511: gate_f_levelg_rxtvm_opt .................   Passed    0.78 sec
      Start 509: gate_f_levelg_rxbvm_opt
28/37 Test #509: gate_f_levelg_rxbvm_opt .................   Passed    0.78 sec
      Start 512: gate_f_task_method_import_rxbvm_noopt
29/37 Test #512: gate_f_task_method_import_rxbvm_noopt ...   Passed    0.91 sec
      Start 517: gate_f_taskwork_import_rxbvm_opt
30/37 Test #517: gate_f_taskwork_import_rxbvm_opt ........   Passed    0.65 sec
      Start 515: gate_f_task_method_import_rxtvm_opt
31/37 Test #515: gate_f_task_method_import_rxtvm_opt .....   Passed    0.96 sec
      Start 516: gate_f_taskwork_import_rxbvm_noopt
32/37 Test #516: gate_f_taskwork_import_rxbvm_noopt ......   Passed    0.64 sec
      Start 518: gate_f_taskwork_import_rxtvm_noopt
33/37 Test #518: gate_f_taskwork_import_rxtvm_noopt ......   Passed    0.65 sec
      Start 513: gate_f_task_method_import_rxbvm_opt
34/37 Test #513: gate_f_task_method_import_rxbvm_opt .....   Passed    0.98 sec
      Start 519: gate_f_taskwork_import_rxtvm_opt
35/37 Test #519: gate_f_taskwork_import_rxtvm_opt ........   Passed    0.66 sec
      Start 514: gate_f_task_method_import_rxtvm_noopt
36/37 Test #514: gate_f_task_method_import_rxtvm_noopt ...   Passed    0.91 sec
      Start 510: gate_f_levelg_rxtvm_noopt
37/37 Test #510: gate_f_levelg_rxtvm_noopt ...............   Passed    0.59 sec

100% tests passed, 0 tests failed out of 37

Label Time Summary:
compiler        =  15.01 sec*proc (37 tests)
concurrency     =  13.70 sec*proc (33 tests)
contextual      =   0.34 sec*proc (1 test)
control_flow    =   1.31 sec*proc (4 tests)
f1f             =  13.42 sec*proc (32 tests)
gate_f          =  15.01 sec*proc (37 tests)
import          =   6.36 sec*proc (8 tests)
levelb          =   0.63 sec*proc (2 tests)
levelg          =  13.08 sec*proc (31 tests)
linked          =   9.35 sec*proc (12 tests)
method          =   3.76 sec*proc (4 tests)
negative        =   3.73 sec*proc (19 tests)
noopt           =   5.20 sec*proc (8 tests)
opt             =   5.45 sec*proc (8 tests)
rxbvm           =   5.44 sec*proc (8 tests)
rxtvm           =   5.21 sec*proc (8 tests)
signals         =   1.31 sec*proc (4 tests)
taskwork        =   2.60 sec*proc (4 tests)

Total Test time (real) =   9.38 sec
