Command: cmake --build cmake-build-debugasan --target test_rxvmworker test_rxvmmemory test_reentrancy linked_opt_runtime_artifacts crexx --parallel 10
ASAN_OPTIONS=detect_leaks=1

Building C object interpreter/CMakeFiles/rxvmmemory.dir/rxvmmemory.c.o
Linking C static library ../bin/librxvmmemory.a
Built target rxvmmemory
Building C object interpreter/CMakeFiles/test_rxvmworker.dir/rxvmworker.c.o
Building C object interpreter/CMakeFiles/test_rxvmworker.dir/tests/test_rxvmworker.c.o
Linking C executable test_rxvmworker
Built target test_rxvmworker
Built target rxvmmemory
Building C object interpreter/CMakeFiles/test_rxvmmemory.dir/tests/test_rxvmmemory.c.o
Linking C executable test_rxvmmemory
Built target test_rxvmmemory
[  0%] Built target rxvmmemory
[  0%] Building C object rxpa/CMakeFiles/rxpa.dir/rxpa.c.o
[  0%] Built target avl_tree
[  0%] Built target decnumber
[  0%] Built target platform
[  0%] Built target rxbin
[  0%] Built target dslsyntax_parser
[  0%] Building C object interpreter/CMakeFiles/rxbvm_core_objects.dir/rxvmintp.c.o
[  0%] Built target re2c_objects_autogen_ver_to_vernum
[  0%] Building C object interpreter/CMakeFiles/rxbvm_core_objects.dir/rxvmworker.c.o
[  0%] Building C object interpreter/CMakeFiles/rxvm_platform_objects.dir/rxvmsock.c.o
[  0%] Building C object interpreter/CMakeFiles/rxbvm_core_objects.dir/rxvmload.c.o
[  0%] Building C object interpreter/CMakeFiles/rxbvm_core_objects.dir/interrupt.c.o
[  0%] Built target lemon
[  0%] Building C object interpreter/CMakeFiles/rxvmref.dir/rxvmref.c.o
/Users/adrian/CLionProjects/CREXX/rxpa/rxpa.c:60:9: warning: 'sprintf' is deprecated: This function is provided for compatibility reasons only.  Due to security concerns inherent in the design of sprintf(3), it is highly recommended that you use snprintf(3) instead. [-Wdeprecated-declarations]
   60 |         sprintf(full_file_name, "%s/%s", dir, file_name);
      |         ^
/Library/Developer/CommandLineTools/SDKs/MacOSX.sdk/usr/include/_stdio.h:278:1: note: 'sprintf' has been explicitly marked deprecated here
  278 | __deprecated_msg("This function is provided for compatibility reasons only.  Due to security concerns inherent in the design of sprintf(3), it is highly recommended that you use snprintf(3) instead.")
      | ^
/Library/Developer/CommandLineTools/SDKs/MacOSX.sdk/usr/include/sys/cdefs.h:227:48: note: expanded from macro '__deprecated_msg'
  227 |         #define __deprecated_msg(_msg) __attribute__((__deprecated__(_msg)))
      |                                                       ^
/Users/adrian/CLionProjects/CREXX/rxpa/rxpa.c:118:9: warning: 'sprintf' is deprecated: This function is provided for compatibility reasons only.  Due to security concerns inherent in the design of sprintf(3), it is highly recommended that you use snprintf(3) instead. [-Wdeprecated-declarations]
  118 |         sprintf(relative_path, "./%s", full_file_name);
      |         ^
/Library/Developer/CommandLineTools/SDKs/MacOSX.sdk/usr/include/_stdio.h:278:1: note: 'sprintf' has been explicitly marked deprecated here
  278 | __deprecated_msg("This function is provided for compatibility reasons only.  Due to security concerns inherent in the design of sprintf(3), it is highly recommended that you use snprintf(3) instead.")
      | ^
/Library/Developer/CommandLineTools/SDKs/MacOSX.sdk/usr/include/sys/cdefs.h:227:48: note: expanded from macro '__deprecated_msg'
  227 |         #define __deprecated_msg(_msg) __attribute__((__deprecated__(_msg)))
      |                                                       ^
[  0%] Building C object interpreter/CMakeFiles/rxbvm_core_objects.dir/rxspawn.c.o
2 warnings generated.
[  0%] Built target rxlink
[  0%] Linking C static library ../bin/librxpa.a
[ 10%] Built target re2c_objects_autogen
[ 10%] Building C object interpreter/CMakeFiles/rxbvm_core_objects.dir/rxcrexxcmd.c.o
[ 10%] Building C object interpreter/CMakeFiles/rxbvm_core_objects.dir/exitfunc.c.o
[ 10%] Building C object interpreter/CMakeFiles/rxbvm_core_objects.dir/rxpafuncs.c.o
In file included from /Users/adrian/CLionProjects/CREXX/interpreter/rxvmsock.c:65:
/Users/adrian/CLionProjects/CREXX/interpreter/rxvmvars.h:2844:13: warning: 'sprintf' is deprecated: This function is provided for compatibility reasons only.  Due to security concerns inherent in the design of sprintf(3), it is highly recommended that you use snprintf(3) instead. [-Wdeprecated-declarations]
 2844 |             sprintf(formatted_output, scientific_format, coefficient, exponent);
      |             ^
/Library/Developer/CommandLineTools/SDKs/MacOSX.sdk/usr/include/_stdio.h:278:1: note: 'sprintf' has been explicitly marked deprecated here
  278 | __deprecated_msg("This function is provided for compatibility reasons only.  Due to security concerns inherent in the design of sprintf(3), it is highly recommended that you use snprintf(3) instead.")
      | ^
/Library/Developer/CommandLineTools/SDKs/MacOSX.sdk/usr/include/sys/cdefs.h:227:48: note: expanded from macro '__deprecated_msg'
  227 |         #define __deprecated_msg(_msg) __attribute__((__deprecated__(_msg)))
      |                                                       ^
In file included from /Users/adrian/CLionProjects/CREXX/interpreter/rxvmsock.c:65:
/Users/adrian/CLionProjects/CREXX/interpreter/rxvmvars.h:2979:5: warning: 'sprintf' is deprecated: This function is provided for compatibility reasons only.  Due to security concerns inherent in the design of sprintf(3), it is highly recommended that you use snprintf(3) instead. [-Wdeprecated-declarations]
 2979 |     sprintf(formatted_output, engineering_format, eng_exp);
      |     ^
/Library/Developer/CommandLineTools/SDKs/MacOSX.sdk/usr/include/_stdio.h:278:1: note: 'sprintf' has been explicitly marked deprecated here
  278 | __deprecated_msg("This function is provided for compatibility reasons only.  Due to security concerns inhereIn file included from n/Users/adrian/CLionProjects/CREXX/interpreter/rxvmload.c:31:
/Users/adrian/CLionProjects/CREXX/interpreter/rxvmvars.h:2844:13: warning: 'sprintf' is deprecated: This function is provided for compatibility reasons only.  Due to security concerns inherent in the design of sprintf(3), it is highly recommended that you use snprintf(3) instead. [-Wdeprecated-declarations]
t in the design of sprintf(3), it is highly recommended that you use snprintf(3) instea[ 10%] Building C object interpreter/CMakeFiles/rxbvm_core_objects.dir/rxvml/rxvm_run.c.o
 2844 |             sprintf(formatted_output, scid.")
      | ^
enti/Library/Developer/CommandLineTools/SDKs/MacOSX.sdk/usr/include/sys/cdefs.h:227:48: note: expanded from macro '__deprecated_msg'
fic_format, coefficient, exponent);
      |             ^
  227 |         #define __deprecated_msg(_msg) __attribute__((__deprecated__(_msg)))
      /Library/Developer/CommandLineTools/SDKs/MacOSX.sdk/usr/include/_stdio.h:278:|                                                       ^
1: note: 'sprintf' has been explicitly marked deprecated here
  278 | __deprecated_msg("This function is provided for compatibility reasons only.  Due to security concerns inherent in the design oIn file included from /Users/adrian/CLionProjects/CREXX/interpreter/rxvmintp.c:94:
f spri/Users/adrian/CLionProjects/CREXX/interpreter/rxvmvars.h:2844ntf(3),:13: warning:  it i'sprintf' is deprecated: This function is provided for compatibility reasons only.  Due to security concerns inherent in the design of sprintf(3), it is highly recommended that you use snprintf(3) instead. [-Wdeprecated-declarations]
s highly recommen 2844 | ded             sprintf(formattthat you use snprintf(3) instead.")
      | ^
ed_/Library/Developer/CommandLineTools/SDKs/MacOSX.sdk/usr/include/sys/cdefs.h:227:48: note: expanded from macro '__deprecated_msg'ou
t  227put, s |         #define cientific_format, coeffic__deprecated_msg(ient, exponent);
      |             ^
_msg) __attribute__((__deprecated__(_msg))/Library/Developer/CommandLineTools/SDKs/MacOSX.sdk/usr/include/_stdio.h:278)
      |                                                       ^
:1: note: 'sprintf' has been explicitly marked deprecated here
  278 | __deprecated_msg("This function is provided for compatibility reasons only.  Due to security concerns inherent in the design of sprintf(3), it is highlIn file included from /Users/adrian/CLionProjects/CREXX/interpreter/rxvmload.c:31:
/Users/adrian/CLionProjects/CREXX/interpreter/rxvmvars.h:2979:5: warning: 'sprintf' is deprecated: This function is provided for compatibility reasons only.  Due to security concerns inherent in the design of sprintf(3), it is highly recommended that you use snprintf(3) instead. [-Wdeprecated-declarations]
y recomme 2979 |     sprintf(formatted_outpnded that you use snprintf(3) instead.ut, engine")
      | ^
ering_for/Library/Developer/CommandLineTools/SDKs/MacOSX.sdk/usr/include/sys/cdefs.h:227:48: note: expanded from macro '__deprecated_msg'
mat  227 |         #de, eng_exp);
      |     ^
/Library/Developer/CommandLineTools/SDKs/MacOSX.sdk/usr/include/_stdio.h:278:1: note: 'sprintf' has been explicitly marked deprecated here
  278 | __deprecated_msg("This function is provided for compatfine __depibility rrecated_msg(_measons only.  Dusg) __attribe to security concerns inheutrente__((__depr in the design of sprintf(3), iecated__(_msg)))
      |                                                       ^
t is highly recommended that you use snprintf(3) instead.")
      | ^
/Library/Developer/CommandLineTools/SDKs/MacOSX.sdk/usr/include/sys/cdefs.h:227:48: note: expanded from macro '__deprecated_msg'
  227 |         #define __deprecated_msg(_msg) __In file included from /Users/adrian/CLionProjects/CREXX/interpreter/rxvmintp.c:94:
/Users/adrian/CLionProjects/CREXX/interpreter/rxvmvars.h:2979:5: warning: 'sprintf' is deprecated: This function is provided for compatibility reasons only.  Due to security concerns inherent in the design of sprintf(3), it is highly recommended that you use snprintf(3) instead. [-Wdeprecated-declarations]
 2979 |     sprintf(formatted_ouattribute__((__deprecated__(_msg)))
      | tput, engi                                                      ^
neering_format, eng_exp);
      |     ^
/Library/Developer/CommandLineTools/SDKs/MacOSX.sdk/usr/include/_stdio.h:278:1: note: 'sprintf' has been explicitly marked deprecated here
  278 | __deprecated_msg("This function is provided for compatibility reasons only.  Due to security concerns inherent in the design of sprintf(3), it is highly recommended that you use snprintf(3) instead.")
      | ^
/Library/Developer/CommandLineTools/SDKs/MacOSX.sdk/usr/include/sys/cdefs.h:227:48: note: expanded from macro '__deprecated_msg'
  227 |         #define __deprecated_msg(_msg) __attribute__((__deprecated__(_msg)))
      |                                                       ^
[ 10%] Linking C static library ../bin/librxvmref.a
/Users/adrian/CLionProjects/CREXX/interpreter/rxvmload.c:1026:13: warning: 'sprintf' is deprecated: This function is provided for compatibility reasons only.  Due to security concerns inherent in the design of sprintf(3), it is highly recommended that you use snprintf(3) instead. [-Wdeprecated-declarations]
 1026 |             sprintf(full_file_name, "%s.rxplugin", file_name);
      |             ^
/Library/Developer/CommandLineTools/SDKs/MacOSX.sdk/usr/include/_stdio.h:278:1: note: 'sprintf' has been explicitly marked deprecated here
  278 | __deprecated_msg("This function is provided for compatibility reasons only.  Due to security concerns inherent in the design of sprintf(3), it is highly recommended that you use snprintf(3) instead.")
      | ^
/Library/Developer/CommandLineTools/SDKs/MacOSX.sdk/usr/include/sys/cdefs.h:227:48: note: expanded from macro '__deprecated_msg'
  227 |         #define __deprecated_msg(_msg) __attribute__((__deprecated__(_msg)))
      |                                                       ^
In file included from /Users/adrian/CLionProjects/CREXX/interpreter/rxspawn.c:66:
/Users/adrian/CLionProjects/CREXX/interpreter/rxvmvars.h:2844:13: warning: 'sprintf' is deprecated: This function is provided for compatibility reasons only.  Due to security concerns inherent in the design of sprintf(3), it is highly recommended that you use snprintf(3) instead. [-Wdeprecated-declarations]
 2844 |             sprintf(formatted_output, scientific_format, coefficient, exponent);
      |             ^
/Library/Developer/CommandLineTools/SDKs/MacOSX.sdk/usr/include/_stdio.h:278:1: note: 'sprintf' has been explicitly marked deprecated here
  278 | __deprecated_msg("This function is provided for compatibility reasons only.  Due to security concerns inherent in the design of sprintf(3), it is highly recommended that you use snprintf(3) instead.")
      | ^
/Library/Developer/CommandLineTools/SDKs/MacOSX.sdk/usr/include/sys/cdefs.h:227:48: note: expanded from macro '__deprecated_msg'
  227 |         #define __deprecated_msg(_msg) __attribute__((__deprecated__(_msg)))
      |                                                       ^
In file included from /Users/adrian/CLionProjects/CREXX/interpreter/rxspawn.c:66:
/Users/adrian/CLionProjects/CREXX/interpreter/rxvmvars.h:2979:5: warning: 'sprintf' is deprecated: This function is provided for compatibility reasons only.  Due to security concerns inherent in the design of sprintf(3), it is highly recommended that you use snprintf(3) instead. [-Wdeprecated-declarations]
 2979 |     sprintf(formatted_output, engineering_format, eng_exp);
      |     ^
/Library/Developer/CommandLineTools/SDKs/MacOSX.sdk/usr/include/_stdio.h:278:1: note: 'sprintf' has been explicitly marked deprecated here
  278 | __deprecated_msg("This function is provided for compatibility reasons only.  Due to security concerns inherent in the design of sprintf(3), it is highly recommended that you use snprintf(3) instead.")
      | ^
/Library/Developer/CommandLineTools/SDKs/MacOSX.sdk/usr/include/sys/cdefs.h:227:48: note: expanded from macro '__deprecated_msg'
  227 |         #define __deprecated_msg(_msg) __attribute__((__deprecated__(_msg)))
      |                                                       ^
/Users/adrian/CLionProjects/CREXX/interpreter/rxspawn.c:2728:5: warning: 'sprintf' is deprecated: This function is provided for compatibility reasons only.  Due to security concerns inherent in the design of sprintf(3), it is highly recommended that you use snprintf(3) instead. [-Wdeprecated-declarations]
 2728 |     sprintf(sRC, "%d", errno);
      |     ^
/Library/Developer/CommandLineTools/SDKs/MacOSX.sdk/usr/include/_stdio.h:278:1: note: 'sprintf' has been explicitly marked deprecated here
  278 | __deprecated_msg("This function is provided for compatibility reasons only.  Due to security concerns inherent in the design of sprintf(3), it is highly recommended that you use snprintf(3) instead.")
      | ^
/Library/Developer/CommandLineTools/SDKs/MacOSX.sdk/usr/include/sys/cdefs.h:227:48: note: expanded from macro '__deprecated_msg'
  227 |         #define __deprecated_msg(_msg) __attribute__((__deprecated__(_msg)))
      |                                                       ^
[ 10%] Built target rxpa
In file included from /Users/adrian/CLionProjects/CREXX/interpreter/rxpafuncs.c:33:
/Users/adrian/CLionProjects/CREXX/interpreter/rxvmvars.h:2844:13: warning: 'sprintf' is deprecated: This function is provided for compatibility reasons only.  Due to security concerns inherent in the design of sprintf(3), it is highly recommended that you use snprintf(3) instead. [-Wdeprecated-declarations]
 2844 |             sprintf(formatted_output, scientific_format, coefficient, exponent);
      |             ^
/Library/Developer/CommandLineTools/SDKs/MacOSX.sdk/usr/include/_stdio.h:278:1: note: 'sprintf' has been explicitly marked deprecated here
  278 | __deprecated_msg("This function is provided for compatibility reasons only.  Due to security concerns inherent in the design of sprintf(3), it is highly recommended that you use snprintf(3) instead.")
      | ^
/Library/Developer/CommandLineTools/SDKs/MacOSX.sdk/usr/include/sys/cdefs.h:227:48: note: expanded from macro '__deprecated_msg'
  227 |         #define __deprecated_msg(_msg) __attribute__((__deprecated__(_msg)))
      |                                                       ^
In file included from /Users/adrian/CLionProjects/CREXX/interpreter/rxpafuncs.c:33:
/Users/adrian/CLionProjects/CREXX/interpreter/rxvmvars.h:2979:5: warning: 'sprintf' is deprecated: This function is provided for compatibility reasons only.  Due to security concerns inherent in the design of sprintf(3), it is highly recommended that you use snprintf(3) instead. [-Wdeprecated-declarations]
 2979 |     sprintf(formatted_output, engineering_format, eng_exp);
      |     ^
/Library/Developer/CommandLineTools/SDKs/MacOSX.sdk/usr/include/_stdio.h:278:1: note: 'sprintf' has been explicitly marked deprecated here
  278 | __deprecated_msg("This function is provided for compatibility reasons only.  Due to security concerns inherent in the design of sprintf(3), it is highly recommended that you use snprintf(3) instead.")
      | ^
/Library/Developer/CommandLineTools/SDKs/MacOSX.sdk/usr/include/sys/cdefs.h:227:48: note: expanded from macro '__deprecated_msg'
  227 |         #define __deprecated_msg(_msg) __attribute__((__deprecated__(_msg)))
      |                                                       ^
In file included from /Users/adrian/CLionProjects/CREXX/interpreter/rxvml/rxvm_run.c:30:
/Users/adrian/CLionProjects/CREXX/interpreter/rxvml/../rxvmvars.h:2844:13: warning: 'sprintf' is deprecated: This function is provided for compatibility reasons only.  Due to security concerns inherent in the design of sprintf(3), it is highly recommended that you use snprintf(3) instead. [-Wdeprecated-declarations]
 2844 |             sprintf(formatted_output, scientific_format, coefficient, exponent);
      |             ^
/Library/Developer/CommandLineTools/SDKs/MacOSX.sdk/usr/include/_stdio.h:278:1: note: 'sprintf' has been explicitly marked deprecated here
  278 | __deprecated_msg("This function is provided for compatibility reasons only.  Due to security concerns inherent in the design of sprintf(3), it is highly recommended that you use snprintf(3) instead.")
      | ^
/Library/Developer/CommandLineTools/SDKs/MacOSX.sdk/usr/include/sys/cdefs.h:227:48: note: expanded from macro '__deprecated_msg'
  227 |         #define __deprecated_msg(_msg) __attribute__((__deprecated__(_msg)))
      |                                                       ^
In file included from /Users/adrian/CLionProjects/CREXX/interpreter/rxvml/rxvm_run.c:30:
/Users/adrian/CLionProjects/CREXX/interpreter/rxvml/../rxvmvars.h:2979:5: warning: 'sprintf' is deprecated: This function is provided for compatibility reasons only.  Due to security concerns inherent in the design of sprintf(3), it is highly recommended that you use snprintf(3) instead. [-Wdeprecated-declarations]
 2979 |     sprintf(formatted_output, engineering_format, eng_exp);
      |     ^
/Library/Developer/CommandLineTools/SDKs/MacOSX.sdk/usr/include/_stdio.h:278:1: note: 'sprintf' has been explicitly marked deprecated here
  278 | __deprecated_msg("This function is provided for compatibility reasons only.  Due to security concerns inherent in the design of sprintf(3), it is highly recommended that you use snprintf(3) instead.")
      | ^
/Library/Developer/CommandLineTools/SDKs/MacOSX.sdk/usr/include/sys/cdefs.h:227:48: note: expanded from macro '__deprecated_msg'
  227 |         #define __deprecated_msg(_msg) __attribute__((__deprecated__(_msg)))
      |                                                       ^
3 warnings generated.
2 warnings generated.
[ 10%] Built target rxvmref
2 warnings generated.
3 warnings generated.
[ 15%] Building C object interpreter/rxvmplugin/CMakeFiles/rxvmplugin.dir/rxvmplugin_framework.c.o
2 warnings generated.
[ 15%] Built target rxvm_platform_objects
In file included from /Users/adrian/CLionProjects/CREXX/interpreter/rxvmplugin/rxvmplugin_framework.c:44:
/Users/adrian/CLionProjects/CREXX/interpreter/rxvmplugin/../rxvmvars.h:2844:13: warning: 'sprintf' is deprecated: This function is provided for compatibility reasons only.  Due to security concerns inherent in the design of sprintf(3), it is highly recommended that you use snprintf(3) instead. [-Wdeprecated-declarations]
 2844 |             sprintf(formatted_output, scientific_format, coefficient, exponent);
      |             ^
/Library/Developer/CommandLineTools/SDKs/MacOSX.sdk/usr/include/_stdio.h:278:1: note: 'sprintf' has been explicitly marked deprecated here
  278 | __deprecated_msg("This function is provided for compatibility reasons only.  Due to security concerns inherent in the design of sprintf(3), it is highly recommended that you use snprintf(3) instead.")
      | ^
/Library/Developer/CommandLineTools/SDKs/MacOSX.sdk/usr/include/sys/cdefs.h:227:48: note: expanded from macro '__deprecated_msg'
  227 |         #define __deprecated_msg(_msg) __attribute__((__deprecated__(_msg)))
      |                                                       ^
In file included from /Users/adrian/CLionProjects/CREXX/interpreter/rxvmplugin/rxvmplugin_framework.c:44:
/Users/adrian/CLionProjects/CREXX/interpreter/rxvmplugin/../rxvmvars.h:2979:5: warning: 'sprintf' is deprecated: This function is provided for compatibility reasons only.  Due to security concerns inherent in the design of sprintf(3), it is highly recommended that you use snprintf(3) instead. [-Wdeprecated-declarations]
 2979 |     sprintf(formatted_output, engineering_format, eng_exp);
      |     ^
/Library/Developer/CommandLineTools/SDKs/MacOSX.sdk/usr/include/_stdio.h:278:1: note: 'sprintf' has been explicitly marked deprecated here
  278 | __deprecated_msg("This function is provided for compatibility reasons only.  Due to security concerns inherent in the design of sprintf(3), it is highly recommended that you use snprintf(3) instead.")
      | ^
/Library/Developer/CommandLineTools/SDKs/MacOSX.sdk/usr/include/sys/cdefs.h:227:48: note: expanded from macro '__deprecated_msg'
  227 |         #define __deprecated_msg(_msg) __attribute__((__deprecated__(_msg)))
      |                                                       ^
/Users/adrian/CLionProjects/CREXX/interpreter/rxvmplugin/rxvmplugin_framework.c:105:5: warning: 'sprintf' is deprecated: This function is provided for compatibility reasons only.  Due to security concerns inherent in the design of sprintf(3), it is highly recommended that you use snprintf(3) instead. [-Wdeprecated-declarations]
  105 |     sprintf(file_name, "%s.rxvmplugin", name);
      |     ^
/Library/Developer/CommandLineTools/SDKs/MacOSX.sdk/usr/include/_stdio.h:278:1: note: 'sprintf' has been explicitly marked deprecated here
  278 | __deprecated_msg("This function is provided for compatibility reasons only.  Due to security concerns inherent in the design of sprintf(3), it is highly recommended that you use snprintf(3) instead.")
      | ^
/Library/Developer/CommandLineTools/SDKs/MacOSX.sdk/usr/include/sys/cdefs.h:227:48: note: expanded from macro '__deprecated_msg'
  227 |         #define __deprecated_msg(_msg) __attribute__((__deprecated__(_msg)))
      |                                                       ^
/Users/adrian/CLionProjects/CREXX/interpreter/rxvmplugin/rxvmplugin_framework.c:118:9: warning: 'sprintf' is deprecated: This function is provided for compatibility reasons only.  Due to security concerns inherent in the design of sprintf(3), it is highly recommended that you use snprintf(3) instead. [-Wdeprecated-declarations]
  118 |         sprintf(combined_dir, "%s;%s", dir, exe_dir);
      |         ^
/Library/Developer/CommandLineTools/SDKs/MacOSX.sdk/usr/include/_stdio.h:278:1: note: 'sprintf' has been explicitly marked deprecated here
  278 | __deprecated_msg("This function is provided for compatibility reasons only.  Due to security concerns inherent in the design of sprintf(3), it is highly recommended that you use snprintf(3) instead.")
      | ^
/Library/Developer/CommandLineTools/SDKs/MacOSX.sdk/usr/include/sys/cdefs.h:227:48: note: expanded from macro '__deprecated_msg'
  227 |         #define __deprecated_msg(_msg) __attribute__((__deprecated__(_msg)))
      |                                                       ^
/Users/adrian/CLionProjects/CREXX/interpreter/rxvmplugin/rxvmplugin_framework.c:158:13: warning: 'sprintf' is deprecated: This function is provided for compatibility reasons only.  Due to security concerns inherent in the design of sprintf(3), it is highly recommended that you use snprintf(3) instead. [-Wdeprecated-declarations]
  158 |             sprintf(full_file_name, "%s/%s", token, file_name);
      |             ^
/Library/Developer/CommandLineTools/SDKs/MacOSX.sdk/usr/include/_stdio.h:278:1: note: 'sprintf' has been explicitly marked deprecated here
  278 | __deprecated_msg("This function is provided for compatibility reasons only.  Due to security concerns inherent in the design of sprintf(3), it is highly recommended that you use snprintf(3) instead.")
      | ^
/Library/Developer/CommandLineTools/SDKs/MacOSX.sdk/usr/include/sys/cdefs.h:227:48: note: expanded from macro '__deprecated_msg'
  227 |         #define __deprecated_msg(_msg) __attribute__((__deprecated__(_msg)))
      |                                                       ^
5 warnings generated.
[ 15%] Linking C static library ../../bin/librxvmplugin.a
[ 15%] Built target rxvmplugin
[ 15%] Built target mc_decimal_manual
[ 30%] Built target re2c
[ 30%] Building C object assembler/CMakeFiles/rxaslib.dir/rxas_flow.c.o
[ 35%] Building C object assembler/CMakeFiles/rxaslib.dir/rxas_flow_rewrite.c.o
[ 35%] Building C object assembler/CMakeFiles/rxaslib.dir/rxas_flow_use.c.o
[ 35%] Building C object assembler/CMakeFiles/rxaslib.dir/rxas_opt.c.o
[ 35%] Building C object assembler/CMakeFiles/rxaslib.dir/rxas_flow_batch.c.o
[ 35%] Building C object assembler/CMakeFiles/rxaslib.dir/rxas_flow_ssa.c.o
[ 35%] Building C object assembler/CMakeFiles/rxaslib.dir/rxas_flow_graph.c.o
[ 35%] Building C object assembler/CMakeFiles/rxaslib.dir/rxas_flow_proof.c.o
[ 35%] Building C object assembler/CMakeFiles/rxaslib.dir/rxas_flow_signal.c.o
[ 35%] Building C object assembler/CMakeFiles/rxaslib.dir/rxasgrmr.c.o
[ 35%] Building C object assembler/CMakeFiles/rxaslib.dir/rxasassm.c.o
[ 35%] Building C object assembler/CMakeFiles/rxaslib.dir/rxaslib.c.o
[ 35%] Building C object assembler/CMakeFiles/rxaslib.dir/rxas_dsl.c.o
[ 35%] Linking C static library ../bin/librxaslib.a
[ 35%] Built target rxaslib
[ 35%] Building C object assembler/CMakeFiles/rxas.dir/rxasmain.c.o
/Users/adrian/CLionProjects/CREXX/assembler/rxasmain.c:262:9: warning: 'sprintf' is deprecated: This function is provided for compatibility reasons only.  Due to security concerns inherent in the design of sprintf(3), it is highly recommended that you use snprintf(3) instead. [-Wdeprecated-declarations]
  262 |         sprintf(combined_location, ".;%s;%s", scanner.location, exe_path);
      |         ^
/Library/Developer/CommandLineTools/SDKs/MacOSX.sdk/usr/include/_stdio.h:278:1: note: 'sprintf' has been explicitly marked deprecated here
  278 | __deprecated_msg("This function is provided for compatibility reasons only.  Due to security concerns inherent in the design of sprintf(3), it is highly recommended that you use snprintf(3) instead.")
      | ^
/Library/Developer/CommandLineTools/SDKs/MacOSX.sdk/usr/include/sys/cdefs.h:227:48: note: expanded from macro '__deprecated_msg'
  227 |         #define __deprecated_msg(_msg) __attribute__((__deprecated__(_msg)))
      |                                                       ^
/Users/adrian/CLionProjects/CREXX/assembler/rxasmain.c:270:9: warning: 'sprintf' is deprecated: This function is provided for compatibility reasons only.  Due to security concerns inherent in the design of sprintf(3), it is highly recommended that you use snprintf(3) instead. [-Wdeprecated-declarations]
  270 |         sprintf(combined_location, ".;%s", exe_path);
      |         ^
/Library/Developer/CommandLineTools/SDKs/MacOSX.sdk/usr/include/_stdio.h:278:1: note: 'sprintf' has been explicitly marked deprecated here
  278 | __deprecated_msg("This function is provided for compatibility reasons only.  Due to security concerns inherent in the design of sprintf(3), it is highly recommended that you use snprintf(3) instead.")
      | ^
/Library/Developer/CommandLineTools/SDKs/MacOSX.sdk/usr/include/sys/cdefs.h:227:48: note: expanded from macro '__deprecated_msg'
  227 |         #define __deprecated_msg(_msg) __attribute__((__deprecated__(_msg)))
      |                                                       ^
2 warnings generated.
[ 35%] Linking C executable ../bin/rxas
[ 35%] Built target rxas
[ 35%] cREXX assemble _elapsed ...
2 warnings generated.
[ 35%] Built target rxbvm_core_objects
[ 35%] Building C object interpreter/CMakeFiles/rxvml.dir/rxvml.c.o
[ 35%] Building C object interpreter/CMakeFiles/rxbvml.dir/rxvml.c.o
[ 35%] Building C object interpreter/CMakeFiles/rxvml.dir/rxvmlib.c.o
[ 35%] Building C object interpreter/CMakeFiles/rxbvml.dir/rxvmlib.c.o
In file included from /Users/adrian/CLionProjects/CREXX/interpreter/rxvml.c:32:
/Users/adrian/CLionProjects/CREXX/interpreter/rxvmvars.h:2844:13: warning: 'sprintf' is deprecated: This function is provided for compatibility reasons only.  Due to security concerns inherent in the design of sprintf(3), it is highly recommended that you use snprintf(3) instead. [-Wdeprecated-declarations]
 2844 |             sprintf(formatted_output, scientific_format, coefficient, exponent);
      |             ^
/Library/Developer/CommandLineTools/SDKs/MacOSX.sdk/usr/include/_stdio.h:278:1: note: 'sprintf' has been explicitly marked deprecated here
  278 | __deprecated_msg("This function is provided for compatibility reasons only.  Due to security concerns inherent in the deIn file included from /Users/adrian/CLionProjects/CREXX/interpreter/rxvml.c:32:
/Users/adrian/CLionProjects/CREXX/interpreter/rxvmvars.h:sign o2844:13: warning: 'sprintf' is deprecated: This function is provided for compatibility reasons only.  Due to security concerns inherent in the design of sprintf(3), it is highly recommended that you use snprintf(3) instead. [-Wdeprecated-declarations]
f sprin 2844 |   tf(3), i      t is h    spighly rerintf(commeformattnded ed_outhat you use stpunprintft, s(3) incientsteadific_.")
format,       | ^
co/Library/Developer/CommandLineTools/SDKs/MacOSX.sdk/usr/include/sys/cdefs.h:227:48: efficnote: expanded from macro '__deprecated_msg'
ie  227 |         #nt, expdefinonente __d);
      | eprec            ^
ated_msg(_msg)/Library/Developer/CommandLineTools/SDKs/MacOSX.sdk/usr/include/_stdio.h:278:1 __at: note: 'sprintf' has been explicitly marked deprecated here
tr  278 | __deibuteprecat__((_ed_msg_depr("Thiecateds func__(_mstion ig)))
      | s prov                                                      ^
ided for compatibility reasons only.  Due to security concerns inherent in the design of sprintf(3), it is highly recommended that you use snprintf(3) insteIn file included from /Users/adrian/CLionProjects/CREXX/interpreter/rxvml.c:32:
/Users/adrian/CLionProjects/CREXX/interpreter/rxvmvars.had."):2979:5:
      | ^
warning: /Library/Developer/CommandLineTools/SDKs/MacOSX.sdk/usr/include/sys/cdefs.h:227:48: note: expanded from macro '__deprecated_msg'
'sprintf' is deprecated: This function is provided for compatibility reasons only.  Due to security concerns inherent in the design of sprintf(3), it is highly recommended that you use snprintf(3) instead. [-Wdeprecated-declarations]  227 |         #de
 2979 |    fine _ spri_deprentf(fcatedormat_msg(_ted_omsg) __utputattrib, engute__(ineeri(__depng_forecatrmat,ed__( eng__msg)))
      exp);|                                                       ^

      |     ^
/Library/Developer/CommandLineTools/SDKs/MacOSX.sdk/usr/include/_stdio.h:278:1: note: 'sprintf' has been explicitly marked deprecated here
  278 | __deprecated_msg("This function is provided for compatibility reasons only.  Due to security concerns inherent in the design of sprintf(3), In file included from /Users/adrian/CLionProjects/CREXX/interpreter/rxvml.c:32it is :
/Users/adrian/CLionProjects/CREXX/interpreter/rxvmvars.h:2979:5:highly warning: 'sprintf' is deprecated: This function is provided for compatibility reasons only.  Due to security concerns inherent in the design of sprintf(3), it is highly recommended that you use snprintf(3) instead. [-Wdeprecated-declarations]
 recommende 2979 |  d th   sprintat youf(for use mattedsnprin_outputf(3)t, en instgineering_ead.")format
      | ^
, eng_exp);
      |     ^
/Library/Developer/CommandLineTools/SDKs/MacOSX.sdk/usr/include/_stdio.h:278:1: note: 'sprintf' has been explicitly marked deprecated here
/Library/Developer/CommandLineTools/SDKs/MacOSX.sdk/usr/include/sys/cdefs.h  :227:48: note: expanded from macro '__deprecated_msg'
278 | __depre  227 |         #cated_msgdefin("Thie __des funcprecation ted_mis prsg(_msovideg) __d forattri compbute__((__deprecaatibited__(lity r_msg)eason))
      |                                                       ^s only.
Due to security concerns inherent in the design of sprintf(3), it is highly recommended that you use snprintf(3) instead.")
      | ^
/Library/Developer/CommandLineTools/SDKs/MacOSX.sdk/usr/include/sys/cdefs.h:227:48: note: expanded from macro '__deprecated_msg'
  227 |         #define __deprecated_msg(_msg) __attribute__((__deprecated__(_msg)))
      |                                                       ^
2 warnings generated.
2 warnings generated.
[ 35%] Linking C static library ../bin/librxbvml.a
[ 35%] Linking C static library ../bin/librxvml.a
==8155==AddressSanitizer: detect_leaks is not supported on this platform.
[ 35%] Built target rxbvml
[ 35%] Built target rxvml
/bin/sh: line 1:  8155 Abort trap: 6           /Users/adrian/CLionProjects/CREXX/cmake-build-debugasan/bin/rxas -o _elapsed /Users/adrian/CLionProjects/CREXX/lib/rxfnsb/rxas/_elapsed
make[3]: *** [lib/rxfnsb/rxas/_elapsed.rxbin] Error 134
make[2]: *** [lib/rxfnsb/rxas/CMakeFiles/library-rxas.dir/all] Error 2
make[2]: *** Waiting for unfinished jobs....
[ 35%] Building C object compiler/CMakeFiles/rxclib.dir/rxcp_ast_core.c.o
[ 35%] Building C object compiler/CMakeFiles/rxclib.dir/rxcp_dsl.c.o
[ 35%] Building C object compiler/CMakeFiles/rxclib.dir/rxcp_util.c.o
[ 35%] Building C object compiler/CMakeFiles/rxclib.dir/rxcp_ast_print.c.o
[ 35%] Building C object compiler/CMakeFiles/rxclib.dir/rxcpmain.c.o
[ 35%] Building C object compiler/CMakeFiles/rxclib.dir/rxcp_diag_fallback.c.o
[ 35%] Building C object compiler/CMakeFiles/rxclib.dir/rxcp_ast_walk.c.o
[ 35%] Building C object compiler/CMakeFiles/rxclib.dir/rxcp_highlight_controller.c.o
[ 40%] Building C object compiler/CMakeFiles/rxclib.dir/rxcp_source_ext.c.o
[ 40%] Building C object compiler/CMakeFiles/rxclib.dir/rxcp_source_tree.c.o
/Users/adrian/CLionProjects/CREXX/compiler/rxcp_ast_print.c:327:9: warning: 'sprintf' is deprecated: This function is provided for compatibility reasons only.  Due to security concerns inherent in the design of sprintf(3), it is highly recommended that you use snprintf(3) instead. [-Wdeprecated-declarations]
  327 |         sprintf(reg,"%c%d",symbol->register_type,symbol->register_num);
      |         ^
/Library/Developer/CommandLineTools/SDKs/MacOSX.sdk/usr/include/_stdio.h:278:1: note: 'sprintf' has been explicitly marked deprecated here
  278 | __deprecated_msg("This function is provided for compatibility reasons only.  Due to security concerns inherent in the design of sprintf(3), it is highly recommended that you use snprintf(3) instead.")
      | ^
/Library/Developer/CommandLineTools/SDKs/MacOSX.sdk/usr/include/sys/cdefs.h:227:48: note: expanded from macro '__deprecated_msg'
  227 |         #define __deprecated_msg(_msg) __attribute__((__deprecated__(_msg)))
      |                                                       ^
/Users/adrian/CLionProjects/CREXX/compiler/rxcp_ast_print.c:579:17: warning: 'sprintf' is deprecated: This function is provided for compatibility reasons only.  Due to security concerns inherent in the design of sprintf(3), it is highly recommended that you use snprintf(3) instead. [-Wdeprecated-declarations]
  579 |                 sprintf(value_type_buffer,"\n%c%d, r%d-r%d",
      |                 ^
/Library/Developer/CommandLineTools/SDKs/MacOSX.sdk/usr/include/_stdio.h:278:1: note: 'sprintf' has been explicitly marked deprecated here
  278 | __deprecated_msg("This function is provided for compatibility reasons only.  Due to security concerns inherent in the design of sprintf(3), it is highly recommended that you use snprintf(3) instead.")
      | ^
/Library/Developer/CommandLineTools/SDKs/MacOSX.sdk/usr/include/sys/cdefs.h:227:48: note: expanded from macro '__deprecated_msg'
  227 |         #define __deprecated_msg(_msg) __attribute__((__deprecated__(_msg)))
      |                                                       ^
/Users/adrian/CLionProjects/CREXX/compiler/rxcp_ast_print.c:584:17: warning: 'sprintf' is deprecated: This function is provided for compatibility reasons only.  Due to security concerns inherent in the design of sprintf(3), it is highly recommended that you use snprintf(3) instead. [-Wdeprecated-declarations]
  584 |                 sprintf(value_type_buffer,"\n%c%d", node->register_type, node->register_num);
      |                 ^
/Library/Developer/CommandLineTools/SDKs/MacOSX.sdk/usr/include/_stdio.h:278:1: note: 'sprintf' has been explicitly marked deprecated here
  278 | __deprecated_msg("This/Users/adrian/CLionProjects/CREXX/compiler/rxcpmain.c:567:13: warning: 'sprintf' is deprecated: This function is provided for compatibility reasons only.  Due to security concerns inherent in the design of sprintf(3), it is highly recommended that you use snprintf(3) instead. [-Wdeprecated-declarations]
  567 |             sprintf(combined_import function is provided for compatibility reas_lons only.  Due to security concerns inherent in the design of sprintf(3), it is highly recommended that you use snprintf(3) instead.")
      | ^
/Library/Developer/CommandLineTools/SDKs/MacOSX.sdk/usr/include/sys/cdefs.h:227:48: note: expanded from macro '__deprecated_msg'
  227 |         #define __deprecated_msg(_msg) __attribute__((__deprecated__(_msg)))
      |                                                       ^
ocations, "%s;%s", user_import_locations, exe_path);
      |             ^
/Library/Developer/CommandLineTools/SDKs/MacOSX.sdk/usr/include/_stdio.h:278:1: note: 'sprintf' has been explicitly marked deprecated here
  278 | __deprecated_msg("This function is provided for compatibility reasons only.  Due to security concerns inherent in the design of sprintf(3), it is highly recommended that you use snprintf(3) instead.")
      | ^
/Library/Developer/CommandLineTools/SDKs/MacOSX.sdk/usr/include/sys/cdefs.h:227:48: note: expanded from macro '__deprecated_msg'
  227 |         #define __deprecated_msg(_msg) __attribute__((__deprecated__(_msg)))
      |                                                       ^
/Users/adrian/CLionProjects/CREXX/compiler/rxcpmain.c:577:13: warning: 'sprintf' is deprecated: This function is provided for compatibility reasons only.  Due to security concerns inherent in the design of sprintf(3), it is highly recommended that you use snprintf(3) instead. [-Wdeprecated-declarations]
  577 |             sprintf(combined_import_locations, "%s", exe_path);
      |             ^
/Library/Developer/CommandLineTools/SDKs/MacOSX.sdk/usr/include/_stdio.h:278:1: note: 'sprintf' has been explicitly marked deprecated here
  278 | __deprecated_msg("This function is provided for compatibility reasons only.  Due to security concerns inherent in the design of sprintf(3), it is highly recommended that you use snprintf(3) instead.")
      | ^
/Library/Developer/CommandLineTools/SDKs/MacOSX.sdk/usr/include/sys/cdefs.h:227:48: note: expanded from macro '__deprecated_msg'
  227 |         #define __deprecated_msg(_msg) __attribute__((__deprecated__(_msg)))
      |                                                       ^
/Users/adrian/CLionProjects/CREXX/compiler/rxcp_ast_core.c:1956:18: warning: 'sprintf' is deprecated: This function is provided for compatibility reasons only.  Due to security concerns inherent in the design of sprintf(3), it is highly recommended that you use snprintf(3) instead. [-Wdeprecated-declarations]
 1956 |             c += sprintf(result + c, "%d", num_elements[i]);
      |                  ^
/Library/Developer/CommandLineTools/SDKs/MacOSX.sdk/usr/include/_stdio.h:278:1: note: 'sprintf' has been explicitly marked deprecated here
  278 | __deprecated_msg("This function is provided for compatibility reasons only.  Due to security concerns inherent in the design of sprintf(3), it is highly recommended that you use snprintf(3) instead.")
      | ^
/Library/Developer/CommandLineTools/SDKs/MacOSX.sdk/usr/include/sys/cdefs.h:227:48: note: expanded from macro '__deprecated_msg'
  227 |         #define __deprecated_msg(_msg) __attribute__((__deprecated__(_msg)))
      |                                                       ^
/Users/adrian/CLionProjects/CREXX/compiler/rxcp_ast_core.c:1959:18: warning: 'sprintf' is deprecated: This function is provided for compatibility reasons only.  Due to security concerns inherent in the design of sprintf(3), it is highly recommended that you use snprintf(3) instead. [-Wdeprecated-declarations]
 1959 |             c += sprintf(result + c, "%d to *", base[i]);
      |                  ^
/Library/Developer/CommandLineTools/SDKs/MacOSX.sdk/usr/include/_stdio.h:278:1: note: 'sprintf' has been explicitly marked deprecated here
  278 | __deprecated_msg("This function is provided for compatibility reasons only.  Due to security concerns inherent in the design of sprintf(3), it is highly recommended that you use snprintf(3) instead.")
      | ^
/Library/Developer/CommandLineTools/SDKs/MacOSX.sdk/usr/include/sys/cdefs.h:227:48: note: expanded from macro '__deprecated_msg'
  227 |         #define __deprecated_msg(_msg) __attribute__((__deprecated__(_msg)))
      |                                                       ^
/Users/adrian/CLionProjects/CREXX/compiler/rxcp_ast_core.c:1962:18: warning: 'sprintf' is deprecated: This function is provided for compatibility reasons only.  Due to security concerns inherent in the design of sprintf(3), it is highly recommended that you use snprintf(3) instead. [-Wdeprecated-declarations]
 1962 |             c += sprintf(result + c, "%d to %d", base[i], base[i] + num_elements[i] - 1);
      |                  ^
/Library/Developer/CommandLineTools/SDKs/MacOSX.sdk/usr/include/_stdio.h:278:1: note: 'sprintf' has been explicitly marked deprecated here
  278 | __deprecated_msg("This function is provided for compatibility reasons only.  Due to security concerns inherent in the design of sprintf(3), it is highly recommended that you use snprintf(3) instead.")
      | ^
/Library/Developer/CommandLineTools/SDKs/MacOSX.sdk/usr/include/sys/cdefs.h:227:48: note: expanded from macro '__deprecated_msg'
  227 |         #define __deprecated_msg(_msg) __attribute__((__deprecated__(_msg)))
      |                                                       ^
[ 40%] Building C object compiler/CMakeFiles/rxclib.dir/rxcp_srcmap.c.o
[ 40%] Building C object compiler/CMakeFiles/rxclib.dir/rxcposcn.c.o
[ 40%] Building C object compiler/CMakeFiles/rxclib.dir/rxcpopgr.c.o
2 warnings generated.
3 warnings generated.
[ 40%] Building C object compiler/CMakeFiles/rxclib.dir/rxcpopar.c.o
[ 40%] Building C object compiler/CMakeFiles/rxclib.dir/rexbscan.c.o
[ 40%] Building C object compiler/CMakeFiles/rxclib.dir/rxcpbgmr.c.o
[ 40%] Building C object compiler/CMakeFiles/rxclib.dir/rxcpbpar.c.o
[ 40%] Building C object compiler/CMakeFiles/rxclib.dir/rexcscan.c.o
3 warnings generated.
[ 40%] Building C object compiler/CMakeFiles/rxclib.dir/rxcpcpar.c.o
[ 40%] Building C object compiler/CMakeFiles/rxclib.dir/rxcpcgmr.c.o
[ 40%] Building C object compiler/CMakeFiles/rxclib.dir/rxcpcdiag.c.o
[ 40%] Building C object compiler/CMakeFiles/rxclib.dir/rxcpcsym.c.o
[ 40%] Building C object compiler/CMakeFiles/rxclib.dir/rxcpcval.c.o
[ 40%] Building C object compiler/CMakeFiles/rxclib.dir/rxcp_val_sym.c.o
[ 40%] Building C object compiler/CMakeFiles/rxclib.dir/rxcp_val_type.c.o
[ 45%] Building C object compiler/CMakeFiles/rxclib.dir/rxcp_val_trans.c.o
/Users/adrian/CLionProjects/CREXX/compiler/rxcp_val_sym.c:901:37: warning: 'sprintf' is deprecated: This function is provided for compatibility reasons only.  Due to security concerns inherent in the design of sprintf(3), it is highly recommended that you use snprintf(3) instead. [-Wdeprecated-declarations]
  901 |                                     sprintf(reg_str, "%d", next_free);
      |                                     ^
/Library/Developer/CommandLineTools/SDKs/MacOSX.sdk/usr/include/_stdio.h:278:1: note: 'sprintf' has been explicitly marked deprecated here
  278 | __deprecated_msg("This function is provided for compatibility reasons only.  Due to security concerns inherent in the design of sprintf(3), it is highly recommended that you use snprintf(3) instead.")
      | ^
/Library/Developer/CommandLineTools/SDKs/MacOSX.sdk/usr/include/sys/cdefs.h:227:48: note: expanded from macro '__deprecated_msg'
  227 |         #define __deprecated_msg(_msg) __attribute__((__deprecated__(_msg)))
      |                                                       ^
[ 45%] Building C object compiler/CMakeFiles/rxclib.dir/rxcp_ast_rewrite.c.o
[ 45%] Building C object compiler/CMakeFiles/rxclib.dir/rxcp_val_check.c.o
[ 45%] Building C object compiler/CMakeFiles/rxclib.dir/rxcp_val_plugin.c.o
In file included from /Users/adrian/CLionProjects/CREXX/compiler/rxcp_val_type.c:51:
/Users/adrian/CLionProjects/CREXX/interpreter/rxvmvars.h:2844:13: warning: 'sprintf' is deprecated: This function is provided for compatibility reasons only.  Due to security concerns inherent in the design of sprintf(3), it is highly recommended that you use snprintf(3) instead. [-Wdeprecated-declarations]
 2844 |             sprintf(formatted_output, scientific_format, coefficient, exponent);
      |             ^
/Library/Developer/CommandLineTools/SDKs/MacOSX.sdk/usr/include/_stdio.h:278:1: note: 'sprintf' has been explicitly marked deprecated here
  278 | __deprecated_msg("This function is provided for compatibility reasons only.  Due to security concerns inherent in the design of sprintf(3), it is highly recommended that you use snprintf(3) instead.")
      | ^
/Library/Developer/CommandLineTools/SDKs/MacOSX.sdk/usr/include/sys/cdefs.h:227:48: note: expanded from macro '__deprecated_msg'
  227 |         #define __deprecated_msg(_msg) __attribute__((__deprecated__(_msg)))
      |                                                       ^
In file included from /Users/adrian/CLionProjects/CREXX/compiler/rxcp_val_type.c:51:
/Users/adrian/CLionProjects/CREXX/interpreter/rxvmvars.h:2979:5: warning: 'sprintf' is deprecated: This function is provided for compatibility reasons only.  Due to security concerns inherent in the design of sprintf(3), it is highly recommended that you use snprintf(3) instead. [-Wdeprecated-declarations]
 2979 |     sprintf(formatted_output, engineering_format, eng_exp);
      |     ^
/Library/Developer/CommandLineTools/SDKs/MacOSX.sdk/usr/include/_stdio.h:278:1: note: 'sprintf' has been explicitly marked deprecated here
  278 | __deprecated_msg("This function is provided for compatibility reasons only.  Due to security concerns inherent in the design of sprintf(3), it is highly recommended that you use snprintf(3) instead.")
      | ^
/Library/Developer/CommandLineTools/SDKs/MacOSX.sdk/usr/include/sys/cdefs.h:227:48: note: expanded from macro '__deprecated_msg'
  227 |         #define __deprecated_msg(_msg) __attribute__((__deprecated__(_msg)))
      |                                                       ^
[ 45%] Building C object compiler/CMakeFiles/rxclib.dir/rxcp_val_orch.c.o
1 warning generated.
[ 45%] Building C object compiler/CMakeFiles/rxclib.dir/rxcpsymb.c.o
[ 45%] Building C object compiler/CMakeFiles/rxclib.dir/rxcp_fixup.c.o
[ 45%] Building C object compiler/CMakeFiles/rxclib.dir/rxcp_ast_val.c.o
[ 45%] Building C object compiler/CMakeFiles/rxclib.dir/rxcp_remap.c.o
[ 45%] Building C object compiler/CMakeFiles/rxclib.dir/rxcp_remap_build.c.o
[ 45%] Building C object compiler/CMakeFiles/rxclib.dir/rxcp_levelc_lower.c.o
2 warnings generated.
[ 45%] Building C object compiler/CMakeFiles/rxclib.dir/rxcp_inline.c.o
[ 45%] Building C object compiler/CMakeFiles/rxclib.dir/rxcp_inline_rules.c.o
[ 45%] Building C object compiler/CMakeFiles/rxclib.dir/rxcpemit.c.o
[ 45%] Building C object compiler/CMakeFiles/rxclib.dir/rxcp_emit_core.c.o
[ 45%] Building C object compiler/CMakeFiles/rxclib.dir/rxcp_emit_super.c.o
[ 45%] Building C object compiler/CMakeFiles/rxclib.dir/rxcp_emit_reg.c.o
[ 50%] Building C object compiler/CMakeFiles/rxclib.dir/rxcp_emit_expr.c.o
[ 50%] Building C object compiler/CMakeFiles/rxclib.dir/rxcp_emit_flow.c.o
[ 50%] Building C object compiler/CMakeFiles/rxclib.dir/rxcp_emit_proc.c.o
[ 50%] Building C object compiler/CMakeFiles/rxclib.dir/rxcp_emit_meta.c.o
[ 50%] Building C object compiler/CMakeFiles/rxclib.dir/rxcp_opt.c.o
[ 50%] Building C object compiler/CMakeFiles/rxclib.dir/rxcp_partial_call.c.o
[ 50%] Building C object compiler/CMakeFiles/rxclib.dir/rxcp_flow.c.o
In file included from /Users/adrian/CLionProjects/CREXX/compiler/rxcp_opt.c:75:
/Users/adrian/CLionProjects/CREXX/interpreter/rxvmvars.h:2844:13: warning: 'sprintf' is deprecated: This function is provided for compatibility reasons only.  Due to security concerns inherent in the design of sprintf(3), it is highly recommended that you use snprintf(3) instead. [-Wdeprecated-declarations]
 2844 |             sprintf(formatted_output, scientific_format, coefficient, exponent);
      |             ^
/Library/Developer/CommandLineTools/SDKs/MacOSX.sdk/usr/include/_stdio.h:278:1: note: 'sprintf' has been explicitly marked deprecated here
  278 | __deprecated_msg("This function is provided for compatibility reasons only.  Due to security concerns inherent in the design of sprintf(3), it is highly recommended that you use snprintf(3) instead.")
      | ^
/Library/Developer/CommandLineTools/SDKs/MacOSX.sdk/usr/include/sys/cdefs.h:227:48: note: expanded from macro '__deprecated_msg'
  227 |         #define __deprecated_msg(_msg) __attribute__((__deprecated__(_msg)))
      |                                                       ^
In file included from /Users/adrian/CLionProjects/CREXX/compiler/rxcp_opt.c:75:
/Users/adrian/CLionProjects/CREXX/interpreter/rxvmvars.h:2979:5: warning: 'sprintf' is deprecated: This function is provided for compatibility reasons only.  Due to security concerns inherent in the design of sprintf(3), it is highly recommended that you use snprintf(3) instead. [-Wdeprecated-declarations]
 2979 |     sprintf(formatted_output, engineering_format, eng_exp);
      |     ^
/Library/Developer/CommandLineTools/SDKs/MacOSX.sdk/usr/include/_stdio.h:278:1: note: 'sprintf' has been explicitly marked deprecated here
  278 | __deprecated_msg("This function is provided for compatibility reasons only.  Due to security concerns inherent in the design of sprintf(3), it is highly recommended that you use snprintf(3) instead.")
      | ^
/Library/Developer/CommandLineTools/SDKs/MacOSX.sdk/usr/include/sys/cdefs.h:227:48: note: expanded from macro '__deprecated_msg'
  227 |         #define __deprecated_msg(_msg) __attribute__((__deprecated__(_msg)))
      |                                                       ^
[ 50%] Building C object compiler/CMakeFiles/rxclib.dir/rxcp_dispatch.c.o
[ 50%] Building C object compiler/CMakeFiles/rxclib.dir/rxcpfunc.c.o
In file included from /Users/adrian/CLionProjects/CREXX/compiler/rxcp_partial_call.c:19:
/Users/adrian/CLionProjects/CREXX/interpreter/rxvmvars.h:2844:13: warning: 'sprintf' is deprecated: This function is provided for compatibility reasons only.  Due to security concerns inherent in the design of sprintf(3), it is highly recommended that you use snprintf(3) instead. [-Wdeprecated-declarations]
 2844 |             sprintf(formatted_output, scientific_format, coefficient, exponent);
      |             ^
/Library/Developer/CommandLineTools/SDKs/MacOSX.sdk/usr/include/_stdio.h:278:1: note: 'sprintf' has been explicitly marked deprecated here
  278 | __deprecated_msg("This function is provided for compatibility reasons only.  Due to security concerns inherent in the design of sprintf(3), it is highly recommended that you use snprintf(3) instead.")
      | ^
/Library/Developer/CommandLineTools/SDKs/MacOSX.sdk/usr/include/sys/cdefs.h:227:48: note: expanded from macro '__deprecated_msg'
  227 |         #define __deprecated_msg(_msg) __attribute__((__deprecated__(_msg)))
      |                                                       ^
In file included from /Users/adrian/CLionProjects/CREXX/compiler/rxcp_partial_call.c:19:
/Users/adrian/CLionProjects/CREXX/interpreter/rxvmvars.h:2979:5: warning: 'sprintf' is deprecated: This function is provided for compatibility reasons only.  Due to security concerns inherent in the design of sprintf(3), it is highly recommended that you use snprintf(3) instead. [-Wdeprecated-declarations]
 2979 |     sprintf(formatted_output, engineering_format, eng_exp);
      |     ^
/Library/Developer/CommandLineTools/SDKs/MacOSX.sdk/usr/include/_stdio.h:278:1: note: 'sprintf' has been explicitly marked deprecated here
  278 | __deprecated_msg("This function is provided for compatibility reasons only.  Due to security concerns inherent in the design of sprintf(3), it is highly recommended that you use snprintf(3) instead.")
      | ^
/Library/Developer/CommandLineTools/SDKs/MacOSX.sdk/usr/include/sys/cdefs.h:227:48: note: expanded from macro '__deprecated_msg'
  227 |         #define __deprecated_msg(_msg) __attribute__((__deprecated__(_msg)))
      |                                                       ^
[ 50%] Building C object compiler/CMakeFiles/rxclib.dir/rxcp_exit.c.o
2 warnings generated.
In file included from /Users/adrian/CLionProjects/CREXX/compiler/rxcp_exit.c:33:
/Users/adrian/CLionProjects/CREXX/interpreter/rxvmvars.h:2844:13: warning: 'sprintf' is deprecated: This function is provided for compatibility reasons only.  Due to security concerns inherent in the design of sprintf(3), it is highly recommended that you use snprintf(3) instead. [-Wdeprecated-declarations]
 2844 |             sprintf(formatted_output, scientific_format, coefficient, exponent);
      |             ^
/Library/Developer/CommandLineTools/SDKs/MacOSX.sdk/usr/include/_stdio.h:278:1: note: 'sprintf' has been explicitly marked deprecated here
  278 | __deprecated_msg("This function is provided for compatibility reasons only.  Due to security concerns inherent in the design of sprintf(3), it is highly recommended that you use snprintf(3) instead.")
      | ^
/Library/Developer/CommandLineTools/SDKs/MacOSX.sdk/usr/include/sys/cdefs.h:227:48: note: expanded from macro '__deprecated_msg'
  227 |         #define __deprecated_msg(_msg) __attribute__((__deprecated__(_msg)))
      |                                                       ^
In file included from /Users/adrian/CLionProjects/CREXX/compiler/rxcp_exit.c:33:
/Users/adrian/CLionProjects/CREXX/interpreter/rxvmvars.h:2979:5: warning: 'sprintf' is deprecated: This function is provided for compatibility reasons only.  Due to security concerns inherent in the design of sprintf(3), it is highly recommended that you use snprintf(3) instead. [-Wdeprecated-declarations]
 2979 |     sprintf(formatted_output, engineering_format, eng_exp);
      |     ^
/Library/Developer/CommandLineTools/SDKs/MacOSX.sdk/usr/include/_stdio.h:278:1: note: 'sprintf' has been explicitly marked deprecated here
  278 | __deprecated_msg("This function is provided for compatibility reasons only.  Due to security concerns inherent in the design of sprintf(3), it is highly recommended that you use snprintf(3) instead.")
      | ^
/Library/Developer/CommandLineTools/SDKs/MacOSX.sdk/usr/include/sys/cdefs.h:227:48: note: expanded from macro '__deprecated_msg'
  227 |         #define __deprecated_msg(_msg) __attribute__((__deprecated__(_msg)))
      |                                                       ^
2 warnings generated.
2 warnings generated.
[ 50%] Linking C static library ../bin/librxclib.a
[ 50%] Built target rxclib
make[1]: *** [interpreter/CMakeFiles/test_reentrancy.dir/rule] Error 2
make: *** [test_reentrancy] Error 2
