completed=1000 live_tickets=1000 cpu_seconds=0.001
completed=10000 live_tickets=10000 cpu_seconds=0.032
completed=65535 live_tickets=65535 cpu_seconds=1.266
start_failure operation=65536 status=8 live_tickets=65535
close_status=0 live_after_close=0 close_cpu_seconds=14.311
       15.58 real        15.53 user         0.04 sys
            18956288  maximum resident set size
                   0  average shared memory size
                   0  average unshared data size
                   0  average unshared stack size
                1339  page reclaims
                   1  page faults
                   0  swaps
                   0  block input operations
                   0  block output operations
                   0  messages sent
                   0  messages received
                   0  signals received
                   0  voluntary context switches
                1264  involuntary context switches
         50026691300  instructions retired
         69093494539  cycles elapsed
            14369128  peak memory footprint
