completed=1000 live_tickets=0 cpu_seconds=0.001
completed=10000 live_tickets=0 cpu_seconds=0.008
completed=65535 live_tickets=0 cpu_seconds=0.039
completed=200000 live_tickets=0 cpu_seconds=0.085
close_status=0 live_after_close=0 close_cpu_seconds=0.000
        0.32 real         0.08 user         0.00 sys
             6193152  maximum resident set size
                   0  average shared memory size
                   0  average unshared data size
                   0  average unshared stack size
                 560  page reclaims
                   1  page faults
                   0  swaps
                   0  block input operations
                   0  block output operations
                   0  messages sent
                   0  messages received
                   0  signals received
                   0  voluntary context switches
                   6  involuntary context switches
          1731399847  instructions retired
           271265229  cycles elapsed
             1605992  peak memory footprint
