completed=1000 live_tickets=1000 cpu_seconds=0.001
completed=10000 live_tickets=10000 cpu_seconds=0.007
completed=65535 live_tickets=65535 cpu_seconds=0.036
start_failure operation=65536 status=8 live_tickets=65535
close_status=0 live_after_close=0 close_cpu_seconds=0.001
        0.33 real         0.04 user         0.00 sys
            21577728  maximum resident set size
                   0  average shared memory size
                   0  average unshared data size
                   0  average unshared stack size
                1499  page reclaims
                   1  page faults
                   0  swaps
                   0  block input operations
                   0  block output operations
                   0  messages sent
                   0  messages received
                   0  signals received
                   1  voluntary context switches
                   8  involuntary context switches
           581850171  instructions retired
           106963371  cycles elapsed
            17006976  peak memory footprint
