'_rxvm_create' caused load of /private/tmp/crexx-perf3-05.9DY131/build-baseline/bin/librxvml.a[9](rxvm_run.c.o)
'_decnumber_register_rxvm_plugin' caused load of /private/tmp/crexx-perf3-05.9DY131/build-baseline/bin/rxvm_mc_decimal_manual.a[2](mc_decimal.c.o)
'_run' caused load of /private/tmp/crexx-perf3-05.9DY131/build-baseline/bin/librxvml.a[2](rxvmintp.c.o)
'_rxfremod' caused load of /private/tmp/crexx-perf3-05.9DY131/build-baseline/bin/librxvml.a[3](rxvmload.c.o)
'_rxvm_reference_cell_release_slow' caused load of /private/tmp/crexx-perf3-05.9DY131/build-baseline/bin/librxvmref.a[2](rxvmref.c.o)
'_DECPOWERS' caused load of /private/tmp/crexx-perf3-05.9DY131/build-baseline/bin/libdecnumber.a[3](decContext.c.o)
'_arr2redr' caused load of /private/tmp/crexx-perf3-05.9DY131/build-baseline/bin/librxvml.a[5](rxspawn.c.o)
'_avl_bain' caused load of /private/tmp/crexx-perf3-05.9DY131/build-baseline/bin/libavl_tree.a[2](avl_tree.c.o)
'_cleanup_vm_signals' caused load of /private/tmp/crexx-perf3-05.9DY131/build-baseline/bin/librxvml.a[4](interrupt.c.o)
'_d2utable' caused load of /private/tmp/crexx-perf3-05.9DY131/build-baseline/bin/libdecnumber.a[2](decNumber.c.o)
'_fileexists' caused load of /private/tmp/crexx-perf3-05.9DY131/build-baseline/bin/libplatform.a[2](platform.c.o)
'_free_module' caused load of /private/tmp/crexx-perf3-05.9DY131/build-baseline/bin/librxbin.a[2](rxbin.c.o)
'_get_rxvmplugin' caused load of /private/tmp/crexx-perf3-05.9DY131/build-baseline/bin/librxvmplugin.a[2](rxvmplugin_framework.c.o)
'_load_plugin' caused load of /private/tmp/crexx-perf3-05.9DY131/build-baseline/bin/librxpa.a[2](rxpa.c.o)
'_read_module' caused load of /private/tmp/crexx-perf3-05.9DY131/build-baseline/bin/librxbin.a[3](rxbin007.c.o)
'_rx_graph_callable' caused load of /private/tmp/crexx-perf3-05.9DY131/build-baseline/bin/librxbin.a[5](rxgraph.c.o)
'_rx_sig_args_match' caused load of /private/tmp/crexx-perf3-05.9DY131/build-baseline/bin/librxbin.a[4](rxsignature.c.o)
'_rxinteger_parse' caused load of /private/tmp/crexx-perf3-05.9DY131/build-baseline/bin/libplatform.a[3](rxinteger.c.o)
'_rxvm_callfunc' caused load of /private/tmp/crexx-perf3-05.9DY131/build-baseline/bin/librxvml.a[8](rxpafuncs.c.o)
'_rxvm_mprintf' caused load of /private/tmp/crexx-perf3-05.9DY131/build-baseline/bin/librxvml.a[7](exitfunc.c.o)
'_rxvm_socket_accept' caused load of /private/tmp/crexx-perf3-05.9DY131/build-baseline/bin/librxvml.a[10](rxvmsock.c.o)
'_rxcrexxcmd_execute' caused load of /private/tmp/crexx-perf3-05.9DY131/build-baseline/bin/librxvml.a[6](rxcrexxcmd.c.o)
