[0/2] Re-checking globbed directories...
[1/421] Copying bootstrap src/options/parse_opts.cc, reconfigure with RE2C_REBUILD_LEXERS to regenerate
[2/421] Copying bootstrap syntax file, reconfigure with RE2C_REBUILD_PARSERS to regenerate
[3/421] Copying bootstrap src/parse/conf_lexer.cc, reconfigure with RE2C_REBUILD_LEXERS to regenerate
[4/421] Copying bootstrap syntax file, reconfigure with RE2C_REBUILD_PARSERS to regenerate
[5/421] Copying bootstrap syntax file, reconfigure with RE2C_REBUILD_PARSERS to regenerate
[6/421] Copying bootstrap src/parse/lexer.cc and src/parse/lexer.h, reconfigure with RE2C_REBUILD_LEXERS to regenerate
[7/421] Copying bootstrap syntax file, reconfigure with RE2C_REBUILD_PARSERS to regenerate
[8/421] Copying bootstrap parser, reconfigure with RE2C_REBUILD_PARSERS to regenerate
[9/421] Copying bootstrap parser, reconfigure with RE2C_REBUILD_PARSERS to regenerate
[10/421] Copying bootstrap syntax file, reconfigure with RE2C_REBUILD_PARSERS to regenerate
[11/421] Copying bootstrap syntax file, reconfigure with RE2C_REBUILD_PARSERS to regenerate
[12/421] Copying bootstrap syntax file, reconfigure with RE2C_REBUILD_PARSERS to regenerate
[13/421] Copying bootstrap syntax file, reconfigure with RE2C_REBUILD_PARSERS to regenerate
[14/421] Copying bootstrap syntax file, reconfigure with RE2C_REBUILD_PARSERS to regenerate
[15/421] Copying bootstrap syntax file, reconfigure with RE2C_REBUILD_PARSERS to regenerate
[16/421] Copying bootstrap syntax file, reconfigure with RE2C_REBUILD_PARSERS to regenerate
[17/421] Copying bootstrap syntax file, reconfigure with RE2C_REBUILD_PARSERS to regenerate
[18/421] Generating doc/re2c.1
[19/421] Copying bootstrap src/msg/ver_to_vernum.cc, reconfigure with RE2C_REBUILD_LEXERS to regenerate
[20/421] Building C object dslsyntax-codebuffer/CMakeFiles/dslsyntax_parser.dir/dslsyntax_log.c.o
[21/421] Building C object dslsyntax-codebuffer/CMakeFiles/dslsyntax_parser.dir/code_buffer.c.o
[22/421] Building C object dslsyntax-codebuffer/CMakeFiles/dslsyntax_parser.dir/dslsyntax_common.c.o
[23/421] Building C object dslsyntax-codebuffer/CMakeFiles/dslsyntax_parser.dir/comms.c.o
[24/421] Building CXX object re2c/CMakeFiles/re2c_objects_autogen_ver_to_vernum.dir/src/msg/ver_to_vernum.cc.o
[25/421] Building C object dslsyntax-codebuffer/CMakeFiles/dslsyntax_parser.dir/serialization.c.o
[26/421] Building C object dslsyntax-codebuffer/CMakeFiles/dslsyntax_parser.dir/diff.c.o
[27/421] Building CXX object re2c/CMakeFiles/re2c_objects_autogen.dir/src/parse/parser.cc.o
[28/421] Building C object dslsyntax-codebuffer/CMakeFiles/dslsyntax_parser.dir/emergency_parse.c.o
[29/421] Building C object dslsyntax-codebuffer/CMakeFiles/dslsyntax_parser.dir/thread_utils.c.o
[30/421] Building C object dslsyntax-codebuffer/CMakeFiles/dslsyntax_parser.dir/dslsyntax_parser.c.o
[31/421] Building CXX object re2c/CMakeFiles/re2c_objects_autogen.dir/src/parse/conf_parser.cc.o
[32/421] Building C object platform/CMakeFiles/platform.dir/rxinteger.c.o
[33/421] Building C object platform/CMakeFiles/platform.dir/platform.c.o
[34/421] Building CXX object re2c/CMakeFiles/re2c_objects_autogen.dir/src/options/parse_opts.cc.o
[35/421] Building C object binutils/CMakeFiles/rxbin.dir/rxbin.c.o
[36/421] Building C object avl_tree/CMakeFiles/avl_tree.dir/avl_tree.c.o
[37/421] Building C object binutils/CMakeFiles/rxbin.dir/rxsignature.c.o
[38/421] Building C object lemon/CMakeFiles/lemon.dir/lemon.c.o
[39/421] Linking C static library dslsyntax-codebuffer/libdslsyntax_parser.a
[40/421] Building C object interpreter/CMakeFiles/rxvmmemory.dir/rxvmmemory.c.o
[41/421] Linking C executable lemon/lemon
[42/421] Linking C static library bin/libplatform.a
[43/421] Building C object binutils/CMakeFiles/rxbin.dir/rxbin007.c.o
[44/421] Linking C static library bin/libavl_tree.a
[45/421] Building C object interpreter/CMakeFiles/rxvmref.dir/rxvmref.c.o
[46/421] Linking C static library bin/librxvmmemory.a
[47/421] Building C object interpreter/CMakeFiles/rxvmref.dir/rxpacompat.c.o
[48/421] Linking C static library bin/librxvmref.a
[49/421] Building C object binutils/CMakeFiles/rxbin.dir/rxgraph.c.o
[50/421] Linking C static library bin/librxbin.a
[51/421] Building C object interpreter/rxvmplugin/rxvmplugins/mc_decimal/CMakeFiles/decnumber.dir/decnumber/decContext.c.o
[52/421] Building C object rxpa/CMakeFiles/rxpa.dir/rxpa.c.o
[53/421] Building C object interpreter/rxvmplugin/rxvmplugins/mc_decimal/CMakeFiles/mc_decimal_manual.dir/mc_decimal.c.o
[54/421] Building C object interpreter/rxvmplugin/CMakeFiles/rxvmplugin.dir/rxvmplugin_framework.c.o
[55/421] Linking C static library bin/librxvmplugin.a
[56/421] Building CXX object re2c/CMakeFiles/re2c_objects_autogen.dir/src/parse/lexer.cc.o
[57/421] Building C object interpreter/CMakeFiles/rxbvm_core_objects.dir/rxvmworker.c.o
[58/421] Building C object interpreter/rxvmplugin/rxvmplugins/mc_decimal/CMakeFiles/decnumber.dir/decnumber/decNumber.c.o
[59/421] Linking C static library bin/libdecnumber.a
[60/421] Building C object interpreter/CMakeFiles/rxbvm_core_objects.dir/rxvmactive.c.o
[61/421] Building C object interpreter/CMakeFiles/rxbvm_core_objects.dir/rxvmprogram.c.o
[62/421] Building CXX object re2c/CMakeFiles/re2c_objects_autogen.dir/src/parse/conf_lexer.cc.o
[63/421] Generating src/msg/help_re2c.cc
[64/421] Building C object interpreter/CMakeFiles/rxbvm_core_objects.dir/interrupt.c.o
[65/421] Building C object interpreter/CMakeFiles/rxbvm_core_objects.dir/rxvmload.c.o
[66/421] Building C object interpreter/CMakeFiles/rxbvm_core_objects.dir/rxcrexxcmd.c.o
[67/421] Building C object interpreter/CMakeFiles/rxbvm_core_objects.dir/rxspawn.c.o
/home/adrian/CLionProjects/CREXX/interpreter/rxspawn.c:802:11: warning: assigning to 'char *' from 'const char *' discards qualifiers [-Wincompatible-pointer-types-discards-qualifiers]
  802 |     slash = strrchr(shell_path, '/');
      |           ^ ~~~~~~~~~~~~~~~~~~~~~~~~
1 warning generated.
[68/421] Building CXX object re2c/CMakeFiles/re2c.dir/src/codegen/helpers.cc.o
[69/421] Building CXX object re2c/CMakeFiles/re2c.dir/src/codegen/pass3_fixup.cc.o
[70/421] Building CXX object re2c/CMakeFiles/re2c.dir/src/codegen/output.cc.o
[71/421] Building CXX object re2c/CMakeFiles/re2c.dir/src/codegen/pass1_analyze.cc.o
[72/421] Building CXX object re2c/CMakeFiles/re2c.dir/src/codegen/pass2_generate.cc.o
[73/421] Building C object interpreter/CMakeFiles/rxbvm_core_objects.dir/rxvmintp.c.o
[74/421] Building CXX object re2c/CMakeFiles/re2c.dir/src/options/symtab.cc.o
[75/421] Building CXX object re2c/CMakeFiles/re2c.dir/src/codegen/pass4_render.cc.o
[76/421] Building CXX object re2c/CMakeFiles/re2c.dir/src/nfa/re_to_nfa.cc.o
[77/421] Building CXX object re2c/CMakeFiles/re2c.dir/src/debug/dump_cfg.cc.o
[78/421] Building CXX object re2c/CMakeFiles/re2c.dir/src/debug/dump_adfa.cc.o
[79/421] Building CXX object re2c/CMakeFiles/re2c.dir/src/debug/dump_dfa.cc.o
[80/421] Building CXX object re2c/CMakeFiles/re2c.dir/src/debug/dump_interf.cc.o
[81/421] Building CXX object re2c/CMakeFiles/re2c.dir/src/adfa/adfa.cc.o
[82/421] Building CXX object re2c/CMakeFiles/re2c.dir/src/options/opt.cc.o
[83/421] Building CXX object re2c/CMakeFiles/re2c.dir/src/debug/dump_nfa.cc.o
[84/421] Building CXX object re2c/CMakeFiles/re2c.dir/src/debug/dump_dfa_tree.cc.o
[85/421] Building CXX object re2c/CMakeFiles/re2c.dir/src/cfg/cfg.cc.o
[86/421] Building CXX object re2c/CMakeFiles/re2c.dir/src/cfg/dce.cc.o
[87/421] Building CXX object re2c/CMakeFiles/re2c.dir/src/cfg/compact.cc.o
[88/421] Building CXX object re2c/CMakeFiles/re2c.dir/src/cfg/freeze.cc.o
[89/421] Building CXX object re2c/CMakeFiles/re2c.dir/src/cfg/liveanal.cc.o
[90/421] Building CXX object re2c/CMakeFiles/re2c.dir/src/cfg/interfere.cc.o
[91/421] Building CXX object re2c/CMakeFiles/re2c.dir/src/cfg/rename.cc.o
[92/421] Building CXX object re2c/CMakeFiles/re2c.dir/src/cfg/optimize.cc.o
[93/421] Building CXX object re2c/CMakeFiles/re2c.dir/src/cfg/normalize.cc.o
[94/421] Building CXX object re2c/CMakeFiles/re2c.dir/src/cfg/varalloc.cc.o
[95/421] Building CXX object re2c/CMakeFiles/re2c.dir/src/dfa/fallback_tags.cc.o
[96/421] Building CXX object re2c/CMakeFiles/re2c.dir/src/dfa/dead_rules.cc.o
[97/421] Building CXX object re2c/CMakeFiles/re2c.dir/src/dfa/fillpoints.cc.o
[98/421] Building CXX object re2c/CMakeFiles/re2c.dir/src/dfa/closure.cc.o
[99/421] Building CXX object re2c/CMakeFiles/re2c.dir/src/dfa/find_state.cc.o
[100/421] Building CXX object re2c/CMakeFiles/re2c.dir/src/dfa/determinization.cc.o
[101/421] Building CXX object re2c/CMakeFiles/re2c.dir/src/dfa/tagver_table.cc.o
[102/421] Building CXX object re2c/CMakeFiles/re2c.dir/src/dfa/minimization.cc.o
[103/421] Building CXX object re2c/CMakeFiles/re2c.dir/src/dfa/tcmd.cc.o
[104/421] Building CXX object re2c/CMakeFiles/re2c.dir/src/encoding/ebcdic.cc.o
[105/421] Building CXX object re2c/CMakeFiles/re2c.dir/src/encoding/enc.cc.o
[106/421] Building CXX object re2c/CMakeFiles/re2c.dir/src/encoding/range_suffix.cc.o
[107/421] Building CXX object re2c/CMakeFiles/re2c.dir/src/encoding/utf8.cc.o
[108/421] Building CXX object re2c/CMakeFiles/re2c.dir/src/encoding/utf16.cc.o
[109/421] Building CXX object re2c/CMakeFiles/re2c.dir/src/msg/msg.cc.o
[110/421] Building CXX object re2c/CMakeFiles/re2c.dir/src/regexp/fixed_tags.cc.o
[111/421] Building CXX object re2c/CMakeFiles/re2c.dir/src/regexp/default_tags.cc.o
[112/421] Building CXX object re2c/CMakeFiles/re2c.dir/src/regexp/nullable.cc.o
[113/421] Building CXX object re2c/CMakeFiles/re2c.dir/src/msg/warn.cc.o
[114/421] Building CXX object re2c/CMakeFiles/re2c.dir/src/regexp/ast_to_re.cc.o
[115/421] Building CXX object re2c/CMakeFiles/re2c.dir/src/regexp/regexp.cc.o
[116/421] Building CXX object re2c/CMakeFiles/re2c.dir/src/regexp/split_charset.cc.o
[117/421] Building CXX object re2c/CMakeFiles/re2c.dir/src/skeleton/generate_code.cc.o
[118/421] Building CXX object re2c/CMakeFiles/re2c.dir/src/skeleton/control_flow.cc.o
[119/421] Building CXX object re2c/CMakeFiles/re2c.dir/src/skeleton/maxpath.cc.o
[120/421] Building CXX object re2c/CMakeFiles/re2c.dir/src/skeleton/generate_data.cc.o
[121/421] Building CXX object re2c/CMakeFiles/re2c.dir/src/skeleton/skeleton.cc.o
[122/421] Building CXX object re2c/CMakeFiles/re2c.dir/src/util/file_utils.cc.o
[123/421] Building CXX object re2c/CMakeFiles/re2c.dir/src/util/range.cc.o
[124/421] Building CXX object re2c/CMakeFiles/re2c.dir/src/msg/help_re2c.cc.o
[125/421] Building CXX object re2c/CMakeFiles/re2c.dir/src/util/string_utils.cc.o
[126/421] Building C object interpreter/CMakeFiles/rxbvm_core_objects.dir/exitfunc.c.o
[127/421] Building C object interpreter/CMakeFiles/rxbvm_core_objects.dir/rxpafuncs.c.o
[128/421] Building C object interpreter/CMakeFiles/rxbvm_core_objects.dir/rxvml/rxvm_run.c.o
[129/421] Building C object interpreter/CMakeFiles/rxbvml.dir/rxvmlib.c.o
[130/421] Building CXX object re2c/CMakeFiles/re2c.dir/src/parse/ast.cc.o
[131/421] Building CXX object re2c/CMakeFiles/re2c.dir/src/parse/input.cc.o
[132/421] Linking C static library bin/librxpa.a
[133/421] Linking C static library bin/rxvm_mc_decimal_manual.a
[134/421] Building CXX object re2c/CMakeFiles/re2c.dir/src/encoding/unicode_casemap.cc.o
[135/421] Building C object interpreter/CMakeFiles/rxvml.dir/rxvmlib.c.o
[136/421] Building C object linker/CMakeFiles/rxlink.dir/rxlinkmain.c.o
[137/421] Building C object interpreter/CMakeFiles/rxbvml.dir/rxvml.c.o
[138/421] Building C object interpreter/CMakeFiles/rxvm_platform_objects.dir/rxvmsock.c.o
[139/421] Linking C executable bin/rxlink
[140/421] Linking C static library bin/librxbvml.a
[141/421] Building C object interpreter/CMakeFiles/rxtvm_core_objects.dir/rxvmworker.c.o
[142/421] Building C object interpreter/CMakeFiles/rxtvm_core_objects.dir/rxvmprogram.c.o
[143/421] Building C object interpreter/CMakeFiles/rxtvm_core_objects.dir/rxvmactive.c.o
[144/421] Building C object interpreter/CMakeFiles/rxvml.dir/rxvml.c.o
[145/421] Building C object interpreter/CMakeFiles/rxtvm_core_objects.dir/interrupt.c.o
[146/421] Building C object interpreter/CMakeFiles/rxtvm_core_objects.dir/rxvmload.c.o
[147/421] Building C object interpreter/CMakeFiles/rxtvm_core_objects.dir/exitfunc.c.o
[148/421] Building C object interpreter/CMakeFiles/rxtvm_core_objects.dir/rxcrexxcmd.c.o
[149/421] Building C object interpreter/CMakeFiles/rxtvm_core_objects.dir/rxspawn.c.o
/home/adrian/CLionProjects/CREXX/interpreter/rxspawn.c:802:11: warning: assigning to 'char *' from 'const char *' discards qualifiers [-Wincompatible-pointer-types-discards-qualifiers]
  802 |     slash = strrchr(shell_path, '/');
      |           ^ ~~~~~~~~~~~~~~~~~~~~~~~~
1 warning generated.
[150/421] Linking C static library bin/librxvml.a
[151/421] Building C object interpreter/CMakeFiles/rxtvm_core_objects.dir/rxpafuncs.c.o
[152/421] Building C object interpreter/CMakeFiles/rxtvm_core_objects.dir/rxvml/rxvm_run.c.o
[153/421] Building CXX object re2c/CMakeFiles/re2c.dir/src/main.cc.o
[154/421] Linking CXX executable re2c/re2c
[155/421] Create REXX ASSEMBLER Parser...
[156/421] Building C object interpreter/CMakeFiles/rxtvm_core_objects.dir/rxvmintp.c.o
[157/421] Create REXX ASSEMBLER Lexer...
[158/421] Building C object assembler/CMakeFiles/rxaslib.dir/rxaseror.c.o
[159/421] Building C object assembler/CMakeFiles/rxaslib.dir/rxastoke.c.o
[160/421] Building C object assembler/CMakeFiles/rxaslib.dir/rxas_flow_batch.c.o
[161/421] Building C object assembler/CMakeFiles/rxaslib.dir/rxas_flow_pass.c.o
[162/421] Building C object assembler/CMakeFiles/rxaslib.dir/rxas_opt.c.o
[163/421] Building C object assembler/CMakeFiles/rxaslib.dir/rxas_flow_graph.c.o
[164/421] Building C object assembler/CMakeFiles/rxaslib.dir/rxas_flow_analysis.c.o
[165/421] Building C object assembler/CMakeFiles/rxaslib.dir/rxas_flow_rewrite.c.o
[166/421] Building C object assembler/CMakeFiles/rxaslib.dir/rxasscan.c.o
[167/421] Building C object assembler/CMakeFiles/rxaslib.dir/rxas_flow_signal.c.o
[168/421] Building C object assembler/CMakeFiles/rxaslib.dir/rxas_flow.c.o
[169/421] Building C object assembler/CMakeFiles/rxaslib.dir/rxas_flow_use.c.o
[170/421] Building C object assembler/CMakeFiles/rxaslib.dir/rxasgrmr.c.o
[171/421] Building C object assembler/CMakeFiles/rxaslib.dir/rxas_flow_ssa.c.o
[172/421] Building C object assembler/CMakeFiles/rxaslib.dir/rxaslib.c.o
[173/421] Building C object assembler/CMakeFiles/rxas.dir/rxasmain.c.o
[174/421] Building C object assembler/CMakeFiles/rxaslib.dir/rxas_dsl.c.o
[175/421] Building C object assembler/CMakeFiles/rxaslib.dir/__/binutils/rxopmeta.c.o
[176/421] Building C object assembler/CMakeFiles/rxaslib.dir/rxasassm.c.o
[177/421] Building C object assembler/CMakeFiles/rxaslib.dir/rxas_flow_proof.c.o
[178/421] Linking C static library bin/librxaslib.a
[179/421] Create Options Parser...
[180/421] Linking C executable bin/rxas
[181/421] cREXX assemble _elapsed ...
[182/421] cREXX RXAS Library Archive ...
[183/421] Create REXX C Parser...
[184/421] Create REXX B Parser...
[185/421] Create Options Lexer...
[186/421] Create REXX C Lexer...
[187/421] Create REXX B Lexer...
[188/421] Building C object compiler/CMakeFiles/rxclib.dir/rxcp_ast_walk.c.o
[189/421] Building C object compiler/CMakeFiles/rxclib.dir/rxcp_diag.c.o
[190/421] Building C object compiler/CMakeFiles/rxclib.dir/rxcp_ast_print.c.o
[191/421] Building C object compiler/CMakeFiles/rxclib.dir/rxcpmain.c.o
[192/421] Building C object compiler/CMakeFiles/rxclib.dir/rxcp_diag_fallback.c.o
[193/421] Building C object compiler/CMakeFiles/rxclib.dir/rxcp_util.c.o
[194/421] Building C object compiler/CMakeFiles/rxclib.dir/rxcp_source_ext.c.o
[195/421] Building C object compiler/CMakeFiles/rxclib.dir/rxcp_ast_core.c.o
[196/421] Building C object compiler/CMakeFiles/rxclib.dir/rxcp_dsl.c.o
[197/421] Building C object compiler/CMakeFiles/rxclib.dir/rxcp_source_tree.c.o
[198/421] Building C object compiler/CMakeFiles/rxclib.dir/rxcp_srcmap.c.o
[199/421] Building C object compiler/CMakeFiles/rxclib.dir/rxcpopar.c.o
[200/421] Building C object compiler/CMakeFiles/rxclib.dir/rxcpopgr.c.o
[201/421] Building C object compiler/CMakeFiles/rxclib.dir/rxcp_highlight_controller.c.o
[202/421] Building C object compiler/CMakeFiles/rxclib.dir/rxcpbpar.c.o
[203/421] Building C object compiler/CMakeFiles/rxclib.dir/rxcpcpar.c.o
[204/421] Building C object compiler/CMakeFiles/rxclib.dir/rxcposcn.c.o
[205/421] Building C object compiler/CMakeFiles/rxclib.dir/rxcpcsym.c.o
[206/421] Building C object compiler/CMakeFiles/rxclib.dir/rxcpcdiag.c.o
[207/421] Building C object compiler/CMakeFiles/rxclib.dir/rxcpcval.c.o
[208/421] Building C object compiler/CMakeFiles/rxclib.dir/rxcpcgmr.c.o
[209/421] Building C object compiler/CMakeFiles/rxclib.dir/rexcscan.c.o
[210/421] Building C object compiler/CMakeFiles/rxclib.dir/rxcp_val_sym.c.o
[211/421] Building C object compiler/CMakeFiles/rxclib.dir/rxcp_ast_rewrite.c.o
[212/421] Building C object compiler/CMakeFiles/rxclib.dir/rxcpbgmr.c.o
[213/421] Building C object compiler/CMakeFiles/rxclib.dir/rxcp_val_trans.c.o
[214/421] Building C object compiler/CMakeFiles/rxclib.dir/rxcp_val_plugin.c.o
[215/421] Building C object compiler/CMakeFiles/rxclib.dir/rxcp_val_type.c.o
[216/421] Building C object compiler/CMakeFiles/rxclib.dir/rxcp_val_check.c.o
[217/421] Building C object compiler/CMakeFiles/rxclib.dir/rxcp_fixup.c.o
[218/421] Building C object compiler/CMakeFiles/rxclib.dir/rxcp_remap.c.o
[219/421] Building C object compiler/CMakeFiles/rxclib.dir/rxcp_ast_val.c.o
[220/421] Building C object compiler/CMakeFiles/rxclib.dir/rxcp_val_orch.c.o
[221/421] Building C object compiler/CMakeFiles/rxclib.dir/rxcpsymb.c.o
[222/421] Building C object compiler/CMakeFiles/rxclib.dir/rxcp_remap_build.c.o
[223/421] Building C object compiler/CMakeFiles/rxclib.dir/rxcp_inline_rules.c.o
[224/421] Building C object compiler/CMakeFiles/rxclib.dir/rxcp_levelc_lower.c.o
[225/421] Building C object compiler/CMakeFiles/rxclib.dir/rxcpemit.c.o
[226/421] Building C object compiler/CMakeFiles/rxclib.dir/rxcp_emit_core.c.o
[227/421] Building C object compiler/CMakeFiles/rxclib.dir/rxcp_emit_super.c.o
[228/421] Building C object compiler/CMakeFiles/rxclib.dir/rxcp_emit_reg.c.o
[229/421] Building C object compiler/CMakeFiles/rxclib.dir/rxcp_emit_flow.c.o
[230/421] Building C object compiler/CMakeFiles/rxclib.dir/rxcp_emit_expr.c.o
[231/421] Building C object compiler/CMakeFiles/rxclib.dir/rxcp_emit_proc.c.o
[232/421] Building C object compiler/CMakeFiles/rxclib.dir/rxcp_emit_meta.c.o
[233/421] Building C object compiler/CMakeFiles/rxclib.dir/rxcp_inline.c.o
[234/421] Building C object compiler/CMakeFiles/rxclib.dir/rxcp_flow.c.o
[235/421] Building C object compiler/CMakeFiles/rxclib.dir/__/platform/platform.c.o
[236/421] Building C object compiler/CMakeFiles/rxclib.dir/__/platform/rxinteger.c.o
[237/421] Building C object compiler/CMakeFiles/rxclib.dir/rxcp_dispatch.c.o
[238/421] Building C object compiler/CMakeFiles/rxclib.dir/rxcp_partial_call.c.o
[239/421] Building C object compiler/CMakeFiles/rxclib.dir/rxcp_instr.c.o
[240/421] Building C object compiler/CMakeFiles/rxc.dir/rxc_main.c.o
[241/421] Building C object compiler/CMakeFiles/rxclib.dir/rxcp_opt.c.o
[242/421] Building C object compiler/CMakeFiles/rxclib.dir/rxcp_exit.c.o
[243/421] Building C object compiler/CMakeFiles/rxclib.dir/rxcpfunc.c.o
[244/421] Building C object compiler/CMakeFiles/rxclib.dir/rexbscan.c.o
[245/421] Linking C static library bin/librxclib.a
[246/421] Linking C executable bin/rxc
[247/421] Building token.rxbin
[248/421] Building Dummy.rxbin
[249/421] cREXX compile and assemble _address ...
[250/421] cREXX compile and assemble _rxsystem ...
[251/421] cREXX compile and assemble _jdn ...
[252/421] cREXX compile and assemble _datei ...
[253/421] cREXX compile and assemble _dateo ...
[254/421] cREXX compile and assemble _ftrunc ...
[255/421] cREXX compile and assemble _itrunc ...
[256/421] cREXX compile and assemble _typedformat ...
[257/421] cREXX compile and assemble abbrev ...
[258/421] cREXX compile and assemble abs ...
[259/421] cREXX compile and assemble intabs ...
[260/421] cREXX compile and assemble floatabs ...
[261/421] cREXX compile and assemble b2x ...
[262/421] cREXX compile and assemble b2d ...
[263/421] cREXX compile and assemble binary ...
[264/421] cREXX compile and assemble c2x ...
[265/421] cREXX compile and assemble c2d ...
[266/421] cREXX compile and assemble center ...
[267/421] cREXX compile and assemble centre ...
[268/421] cREXX compile and assemble changestr ...
[269/421] cREXX compile and assemble compare ...
[270/421] cREXX compile and assemble copies ...
[271/421] cREXX compile and assemble countstr ...
[272/421] cREXX compile and assemble d2b ...
[273/421] cREXX compile and assemble d2c ...
[274/421] cREXX compile and assemble d2x ...
[275/421] cREXX compile and assemble date ...
[276/421] cREXX compile and assemble delstr ...
[277/421] cREXX compile and assemble delword ...
[278/421] cREXX compile and assemble fileio ...
[279/421] cREXX compile and assemble filter ...
[280/421] cREXX compile and assemble format ...
[281/421] cREXX compile and assemble intformat ...
[282/421] cREXX compile and assemble floatformat ...
[283/421] cREXX compile and assemble fnv ...
[284/421] cREXX compile and assemble getenv ...
[285/421] cREXX compile and assemble insert ...
[286/421] cREXX compile and assemble length ...
[287/421] cREXX compile and assemble linesize ...
[288/421] cREXX compile and assemble loadmodule ...
[289/421] cREXX compile and assemble lower ...
[290/421] cREXX compile and assemble max ...
[291/421] cREXX compile and assemble intmax ...
[292/421] cREXX compile and assemble floatmax ...
[293/421] cREXX compile and assemble min ...
[294/421] cREXX compile and assemble intmin ...
[295/421] cREXX compile and assemble floatmin ...
[296/421] cREXX compile and assemble numeric ...
[297/421] cREXX compile and assemble overlay ...
[298/421] cREXX compile and assemble pos ...
[299/421] cREXX compile and assemble qscan ...
[300/421] cREXX compile and assemble qpos ...
[301/421] cREXX compile and assemble qsplit ...
[302/421] cREXX compile and assemble qsplitsafe ...
[303/421] cREXX compile and assemble qextractall ...
[304/421] cREXX compile and assemble qextractpair ...
[305/421] cREXX compile and assemble qstripcomment ...
[306/421] cREXX compile and assemble qremoveall ...
[307/421] cREXX compile and assemble fsayfmt ...
[308/421] cREXX compile and assemble lastpos ...
[309/421] cREXX compile and assemble left ...
[310/421] cREXX compile and assemble right ...
[311/421] cREXX compile and assemble raise ...
[312/421] cREXX compile and assemble reverse ...
[313/421] cREXX compile and assemble signal ...
[314/421] cREXX compile and assemble trace ...
[315/421] cREXX compile and assemble sign ...
[316/421] cREXX compile and assemble intsign ...
[317/421] cREXX compile and assemble floatsign ...
[318/421] cREXX compile and assemble space ...
[319/421] cREXX compile and assemble strip ...
[320/421] cREXX compile and assemble substr ...
[321/421] cREXX compile and assemble substro ...
[322/421] cREXX compile and assemble symbol ...
[323/421] cREXX compile and assemble time ...
[324/421] cREXX compile and assemble translate ...
[325/421] cREXX compile and assemble trunc ...
[326/421] cREXX compile and assemble floattrunc ...
[327/421] cREXX compile and assemble upper ...
[328/421] cREXX compile and assemble value ...
[329/421] cREXX compile and assemble verify ...
[330/421] cREXX compile and assemble version ...
[331/421] cREXX compile and assemble sourceinfo ...
[332/421] cREXX compile and assemble word ...
[333/421] cREXX compile and assemble words ...
[334/421] cREXX compile and assemble wordindex ...
[335/421] cREXX compile and assemble subword ...
[336/421] cREXX compile and assemble wordlength ...
[337/421] cREXX compile and assemble wordpos ...
[338/421] cREXX compile and assemble qword ...
[339/421] cREXX compile and assemble qwordlength ...
[340/421] cREXX compile and assemble qwords ...
[341/421] cREXX compile and assemble qwordindex ...
[342/421] cREXX compile and assemble qwordpos ...
[343/421] cREXX compile and assemble qsubword ...
[344/421] cREXX compile and assemble regex ...
[345/421] cREXX compile and assemble x2b ...
[346/421] cREXX compile and assemble x2c ...
[347/421] cREXX compile and assemble x2d ...
[348/421] cREXX compile and assemble random ...
[349/421] cREXX compile and assemble reradix ...
[350/421] cREXX compile and assemble sequence ...
[351/421] cREXX compile and assemble find ...
[352/421] cREXX compile and assemble index ...
[353/421] cREXX compile and assemble xrange ...
[354/421] cREXX compile and assemble parsecompile ...
[355/421] cREXX compile and assemble parsestring ...
[356/421] cREXX compile and assemble parse ...
[357/421] cREXX compile and assemble datatype ...
[358/421] cREXX compile and assemble arrayfind ...
[359/421] cREXX compile and assemble splice ...
[360/421] cREXX compile and assemble arrayinsert ...
[361/421] cREXX compile and assemble arraydelete ...
[362/421] cREXX compile and assemble arrayappend ...
[363/421] cREXX compile and assemble arrayprepend ...
[364/421] cREXX compile and assemble objectarrayinsert ...
[365/421] cREXX compile and assemble objectarraydelete ...
[366/421] cREXX compile and assemble objectarrayappend ...
[367/421] cREXX compile and assemble objectarrayprepend ...
[368/421] cREXX compile and assemble objectarraydrop ...
[369/421] cREXX compile and assemble objectarraymove ...
[370/421] cREXX compile and assemble arraypop ...
[371/421] cREXX compile and assemble arrayshift ...
[372/421] cREXX compile and assemble arrayget ...
[373/421] cREXX compile and assemble arrayset ...
[374/421] cREXX compile and assemble arraycontains ...
[375/421] cREXX compile and assemble arrayindexof ...
[376/421] cREXX compile and assemble arrayreverse ...
[377/421] cREXX compile and assemble arrayjoin ...
[378/421] cREXX compile and assemble arraysort ...
[379/421] cREXX compile and assemble arraycopy ...
[380/421] cREXX compile and assemble arraydrop ...
[381/421] cREXX compile and assemble arrayhi ...
[382/421] cREXX compile and assemble arraymove ...
[383/421] cREXX compile and assemble fmtmask ...
[384/421] cREXX compile and assemble compilemask ...
[385/421] cREXX compile and assemble runmask ...
[386/421] cREXX compile and assemble stem ...
[387/421] cREXX compile and assemble rxjson ...
[388/421] cREXX compile and assemble rxsocket ...
[389/421] cREXX compile and assemble rxhttp ...
[390/421] cREXX compile and assemble wordrep ...
[391/421] cREXX compile and assemble rxqueue ...
[392/421] cREXX REXX Library Archive ...
[393/421] cREXX Linked Library Image ...
[394/421] Building Dump.rxbin
[395/421] Building Query.rxbin
[396/421] Building Fsay.rxbin
[397/421] Building Add.rxbin
[398/421] Building Sort.rxbin
[399/421] Building Sortx.rxbin
[400/421] Building Execio.rxbin
[401/421] Building Msay.rxbin
[402/421] Building RexxScript.rxbin
[403/421] Building Queue compiler exit
[404/421] Building Substr.rxbin
[405/421] Building Signal.rxbin
[406/421] Building Trace.rxbin
[407/421] Building Address.rxbin
[408/421] Building Parse.rxbin
[409/421] Building rxcexits.rxbin (bundled via concatenation)
[410/421] Compiling PERF3-13 E5 POSIX doorbell control ...
[411/421] Building C object interpreter/CMakeFiles/persistent_worker_executor-rxvml.dir/tests/test_persistent_worker_executor.c.o
[412/421] Building C object interpreter/CMakeFiles/persistent_worker_executor-rxtvml.dir/tests/test_persistent_worker_executor.c.o
[413/421] Building C object interpreter/CMakeFiles/persistent_worker_executor-rxbvml.dir/tests/test_persistent_worker_executor.c.o
[414/421] Building C object interpreter/CMakeFiles/persistent_worker_executor-rxbvml.dir/rxvmexecutor.c.o
[415/421] Building C object interpreter/CMakeFiles/persistent_worker_executor-rxvml.dir/rxvmexecutor.c.o
[416/421] Building C object interpreter/CMakeFiles/persistent_worker_executor-rxtvml.dir/rxvmexecutor.c.o
[417/421] Linking C executable interpreter/persistent_worker_executor-rxvml
[418/421] Linking C executable interpreter/persistent_worker_executor-rxbvml
[419/421] Building C object interpreter/CMakeFiles/persistent_worker_executor-rxtvml.dir/rxvml.c.o
[420/421] Linking C executable interpreter/persistent_worker_executor-rxtvml
