[0/2] Re-checking globbed directories...
[1/571] Copying bootstrap src/options/parse_opts.cc, reconfigure with RE2C_REBUILD_LEXERS to regenerate
[2/571] Copying bootstrap src/parse/conf_lexer.cc, reconfigure with RE2C_REBUILD_LEXERS to regenerate
[3/571] Copying bootstrap syntax file, reconfigure with RE2C_REBUILD_PARSERS to regenerate
[4/571] Copying bootstrap src/parse/lexer.cc and src/parse/lexer.h, reconfigure with RE2C_REBUILD_LEXERS to regenerate
[5/571] Copying bootstrap syntax file, reconfigure with RE2C_REBUILD_PARSERS to regenerate
[6/571] Copying bootstrap syntax file, reconfigure with RE2C_REBUILD_PARSERS to regenerate
[7/571] Copying bootstrap syntax file, reconfigure with RE2C_REBUILD_PARSERS to regenerate
[8/571] Copying bootstrap parser, reconfigure with RE2C_REBUILD_PARSERS to regenerate
[9/571] Copying bootstrap syntax file, reconfigure with RE2C_REBUILD_PARSERS to regenerate
[10/571] Copying bootstrap parser, reconfigure with RE2C_REBUILD_PARSERS to regenerate
[11/571] Copying bootstrap syntax file, reconfigure with RE2C_REBUILD_PARSERS to regenerate
[12/571] Copying bootstrap syntax file, reconfigure with RE2C_REBUILD_PARSERS to regenerate
[13/571] Copying bootstrap syntax file, reconfigure with RE2C_REBUILD_PARSERS to regenerate
[14/571] Copying bootstrap syntax file, reconfigure with RE2C_REBUILD_PARSERS to regenerate
[15/571] Copying bootstrap syntax file, reconfigure with RE2C_REBUILD_PARSERS to regenerate
[16/571] Copying bootstrap syntax file, reconfigure with RE2C_REBUILD_PARSERS to regenerate
[17/571] Copying bootstrap syntax file, reconfigure with RE2C_REBUILD_PARSERS to regenerate
[18/571] Generating doc/re2c.1
[19/571] Copying bootstrap src/msg/ver_to_vernum.cc, reconfigure with RE2C_REBUILD_LEXERS to regenerate
[20/571] Building C object dslsyntax-codebuffer/CMakeFiles/dslsyntax_parser.dir/dslsyntax_log.c.o
[21/571] Building C object dslsyntax-codebuffer/CMakeFiles/dslsyntax_parser.dir/comms.c.o
[22/571] Building C object dslsyntax-codebuffer/CMakeFiles/dslsyntax_parser.dir/dslsyntax_common.c.o
[23/571] Building C object dslsyntax-codebuffer/CMakeFiles/dslsyntax_parser.dir/code_buffer.c.o
[24/571] Building CXX object re2c/CMakeFiles/re2c_objects_autogen.dir/src/parse/parser.cc.o
[25/571] Building CXX object re2c/CMakeFiles/re2c_objects_autogen_ver_to_vernum.dir/src/msg/ver_to_vernum.cc.o
[26/571] Building C object dslsyntax-codebuffer/CMakeFiles/dslsyntax_parser.dir/diff.c.o
[27/571] Building C object dslsyntax-codebuffer/CMakeFiles/dslsyntax_parser.dir/serialization.c.o
[28/571] Building C object dslsyntax-codebuffer/CMakeFiles/dslsyntax_parser.dir/thread_utils.c.o
[29/571] Building CXX object re2c/CMakeFiles/re2c_objects_autogen.dir/src/options/parse_opts.cc.o
[30/571] Building CXX object re2c/CMakeFiles/re2c_objects_autogen.dir/src/parse/conf_parser.cc.o
[31/571] Building C object platform/CMakeFiles/platform.dir/platform.c.o
[32/571] Building C object platform/CMakeFiles/platform.dir/rxinteger.c.o
[33/571] Building C object dslsyntax-codebuffer/CMakeFiles/dslsyntax_parser.dir/dslsyntax_parser.c.o
[34/571] Building C object avl_tree/CMakeFiles/avl_tree.dir/avl_tree.c.o
[35/571] Building C object binutils/CMakeFiles/rxbin.dir/rxbin.c.o
[36/571] Building C object dslsyntax-codebuffer/CMakeFiles/dslsyntax_parser.dir/emergency_parse.c.o
[37/571] Building C object binutils/CMakeFiles/rxbin.dir/rxsignature.c.o
[38/571] Building C object interpreter/CMakeFiles/rxvmmemory.dir/rxvmmemory.c.o
[39/571] Linking C static library dslsyntax-codebuffer/libdslsyntax_parser.a
[40/571] Linking C static library bin/libplatform.a
[41/571] Linking C static library bin/libavl_tree.a
[42/571] Building CXX object re2c/CMakeFiles/re2c_objects_autogen.dir/src/parse/lexer.cc.o
[43/571] Building C object interpreter/CMakeFiles/rxvmref.dir/rxvmref.c.o
[44/571] Linking C static library bin/librxvmmemory.a
[45/571] Building C object interpreter/CMakeFiles/rxvmref.dir/rxpacompat.c.o
[46/571] Linking C static library bin/librxvmref.a
[47/571] Building C object binutils/CMakeFiles/rxbin.dir/rxbin007.c.o
[48/571] Building C object interpreter/rxvmplugin/rxvmplugins/mc_decimal/CMakeFiles/decnumber.dir/decnumber/decContext.c.o
[49/571] Building C object interpreter/rxvmplugin/CMakeFiles/rxvmplugin.dir/rxvmplugin_framework.c.o
[50/571] Linking C static library bin/librxvmplugin.a
[51/571] Building C object rxpa/CMakeFiles/rxpa.dir/rxpa.c.o
[52/571] Building C object interpreter/rxvmplugin/rxvmplugins/mc_decimal/CMakeFiles/mc_decimal_manual.dir/mc_decimal.c.o
[53/571] Building C object interpreter/CMakeFiles/rxbvm_core_objects.dir/rxvmworker.c.o
[54/571] Building C object interpreter/CMakeFiles/rxbvm_core_objects.dir/rxvmprogram.c.o
[55/571] Building C object interpreter/CMakeFiles/rxbvm_core_objects.dir/rxvmactive.c.o
[56/571] Building C object lemon/CMakeFiles/lemon.dir/lemon.c.o
[57/571] Linking C executable lemon/lemon
[58/571] Building CXX object re2c/CMakeFiles/re2c_objects_autogen.dir/src/parse/conf_lexer.cc.o
[59/571] Generating src/msg/help_re2c.cc
[60/571] Building C object binutils/CMakeFiles/rxbin.dir/rxgraph.c.o
[61/571] Building C object interpreter/CMakeFiles/rxbvm_core_objects.dir/interrupt.c.o
[62/571] Building C object interpreter/CMakeFiles/rxbvm_core_objects.dir/rxvmload.c.o
[63/571] Building C object interpreter/rxvmplugin/rxvmplugins/mc_decimal/CMakeFiles/decnumber.dir/decnumber/decNumber.c.o
[64/571] Building CXX object re2c/CMakeFiles/re2c.dir/src/codegen/helpers.cc.o
[65/571] Building CXX object re2c/CMakeFiles/re2c.dir/src/codegen/pass3_fixup.cc.o
[66/571] Building CXX object re2c/CMakeFiles/re2c.dir/src/codegen/output.cc.o
[67/571] Building CXX object re2c/CMakeFiles/re2c.dir/src/codegen/pass1_analyze.cc.o
[68/571] Building CXX object re2c/CMakeFiles/re2c.dir/src/options/symtab.cc.o
[69/571] Building CXX object re2c/CMakeFiles/re2c.dir/src/codegen/pass4_render.cc.o
[70/571] Building CXX object re2c/CMakeFiles/re2c.dir/src/debug/dump_adfa.cc.o
[71/571] Building CXX object re2c/CMakeFiles/re2c.dir/src/debug/dump_cfg.cc.o
[72/571] Building CXX object re2c/CMakeFiles/re2c.dir/src/debug/dump_dfa.cc.o
[73/571] Building CXX object re2c/CMakeFiles/re2c.dir/src/debug/dump_dfa_tree.cc.o
[74/571] Building CXX object re2c/CMakeFiles/re2c.dir/src/debug/dump_interf.cc.o
[75/571] Building CXX object re2c/CMakeFiles/re2c.dir/src/debug/dump_nfa.cc.o
[76/571] Building CXX object re2c/CMakeFiles/re2c.dir/src/nfa/re_to_nfa.cc.o
[77/571] Building CXX object re2c/CMakeFiles/re2c.dir/src/codegen/pass2_generate.cc.o
[78/571] Building CXX object re2c/CMakeFiles/re2c.dir/src/cfg/cfg.cc.o
[79/571] Building CXX object re2c/CMakeFiles/re2c.dir/src/cfg/compact.cc.o
[80/571] Building CXX object re2c/CMakeFiles/re2c.dir/src/cfg/dce.cc.o
[81/571] Building CXX object re2c/CMakeFiles/re2c.dir/src/adfa/adfa.cc.o
[82/571] Building CXX object re2c/CMakeFiles/re2c.dir/src/cfg/freeze.cc.o
[83/571] Building CXX object re2c/CMakeFiles/re2c.dir/src/cfg/interfere.cc.o
[84/571] Building CXX object re2c/CMakeFiles/re2c.dir/src/cfg/liveanal.cc.o
[85/571] Building CXX object re2c/CMakeFiles/re2c.dir/src/cfg/normalize.cc.o
[86/571] Building CXX object re2c/CMakeFiles/re2c.dir/src/cfg/optimize.cc.o
[87/571] Building CXX object re2c/CMakeFiles/re2c.dir/src/cfg/rename.cc.o
[88/571] Building CXX object re2c/CMakeFiles/re2c.dir/src/cfg/varalloc.cc.o
[89/571] Building CXX object re2c/CMakeFiles/re2c.dir/src/options/opt.cc.o
[90/571] Building CXX object re2c/CMakeFiles/re2c.dir/src/dfa/fallback_tags.cc.o
[91/571] Building CXX object re2c/CMakeFiles/re2c.dir/src/dfa/dead_rules.cc.o
[92/571] Building CXX object re2c/CMakeFiles/re2c.dir/src/dfa/determinization.cc.o
[93/571] Building CXX object re2c/CMakeFiles/re2c.dir/src/dfa/fillpoints.cc.o
[94/571] Building CXX object re2c/CMakeFiles/re2c.dir/src/dfa/minimization.cc.o
[95/571] Building CXX object re2c/CMakeFiles/re2c.dir/src/dfa/closure.cc.o
[96/571] Building CXX object re2c/CMakeFiles/re2c.dir/src/dfa/find_state.cc.o
[97/571] Building CXX object re2c/CMakeFiles/re2c.dir/src/encoding/ebcdic.cc.o
[98/571] Building CXX object re2c/CMakeFiles/re2c.dir/src/dfa/tagver_table.cc.o
[99/571] Building CXX object re2c/CMakeFiles/re2c.dir/src/encoding/enc.cc.o
[100/571] Building CXX object re2c/CMakeFiles/re2c.dir/src/dfa/tcmd.cc.o
[101/571] Building CXX object re2c/CMakeFiles/re2c.dir/src/encoding/range_suffix.cc.o
[102/571] Building CXX object re2c/CMakeFiles/re2c.dir/src/encoding/utf8.cc.o
[103/571] Building CXX object re2c/CMakeFiles/re2c.dir/src/encoding/utf16.cc.o
[104/571] Building CXX object re2c/CMakeFiles/re2c.dir/src/msg/msg.cc.o
[105/571] Building CXX object re2c/CMakeFiles/re2c.dir/src/regexp/default_tags.cc.o
[106/571] Building CXX object re2c/CMakeFiles/re2c.dir/src/msg/warn.cc.o
[107/571] Building CXX object re2c/CMakeFiles/re2c.dir/src/regexp/fixed_tags.cc.o
[108/571] Building CXX object re2c/CMakeFiles/re2c.dir/src/regexp/nullable.cc.o
[109/571] Building CXX object re2c/CMakeFiles/re2c.dir/src/regexp/ast_to_re.cc.o
[110/571] Building CXX object re2c/CMakeFiles/re2c.dir/src/regexp/regexp.cc.o
[111/571] Building CXX object re2c/CMakeFiles/re2c.dir/src/regexp/split_charset.cc.o
[112/571] Building CXX object re2c/CMakeFiles/re2c.dir/src/skeleton/control_flow.cc.o
[113/571] Building CXX object re2c/CMakeFiles/re2c.dir/src/skeleton/generate_code.cc.o
[114/571] Building CXX object re2c/CMakeFiles/re2c.dir/src/skeleton/maxpath.cc.o
[115/571] Building CXX object re2c/CMakeFiles/re2c.dir/src/encoding/unicode_casemap.cc.o
[116/571] Building CXX object re2c/CMakeFiles/re2c.dir/src/util/file_utils.cc.o
[117/571] Building CXX object re2c/CMakeFiles/re2c.dir/src/skeleton/skeleton.cc.o
[118/571] Building CXX object re2c/CMakeFiles/re2c.dir/src/util/string_utils.cc.o
[119/571] Building CXX object re2c/CMakeFiles/re2c.dir/src/skeleton/generate_data.cc.o
[120/571] Building CXX object re2c/CMakeFiles/re2c.dir/src/msg/help_re2c.cc.o
[121/571] Linking C static library bin/librxbin.a
[122/571] Linking C static library bin/libdecnumber.a
[123/571] Building CXX object re2c/CMakeFiles/re2c.dir/src/util/range.cc.o
[124/571] Building CXX object re2c/CMakeFiles/re2c.dir/src/parse/input.cc.o
[125/571] Building C object interpreter/CMakeFiles/rxbvm_core_objects.dir/exitfunc.c.o
[126/571] Building CXX object re2c/CMakeFiles/re2c.dir/src/parse/ast.cc.o
[127/571] Building C object interpreter/CMakeFiles/rxbvm_core_objects.dir/rxpafuncs.c.o
[128/571] Building C object interpreter/CMakeFiles/rxbvm_core_objects.dir/rxvml/rxvm_run.c.o
[129/571] Building C object interpreter/CMakeFiles/rxbvml.dir/rxvmlib.c.o
[130/571] Building C object interpreter/CMakeFiles/rxbvm_core_objects.dir/rxcrexxcmd.c.o
[131/571] Linking C static library bin/rxvm_mc_decimal_manual.a
[132/571] Linking C static library bin/librxpa.a
[133/571] Building C object interpreter/CMakeFiles/rxbvm_core_objects.dir/rxspawn.c.o
/home/adrian/CLionProjects/CREXX/interpreter/rxspawn.c:802:11: warning: assigning to 'char *' from 'const char *' discards qualifiers [-Wincompatible-pointer-types-discards-qualifiers]
  802 |     slash = strrchr(shell_path, '/');
      |           ^ ~~~~~~~~~~~~~~~~~~~~~~~~
1 warning generated.
[134/571] Building C object cpacker/CMakeFiles/rxcpack.dir/rxcpack.c.o
[135/571] Linking C executable bin/rxcpack
[136/571] Building C object interpreter/CMakeFiles/rxpashim.dir/rxpashim.c.o
[137/571] Building C object interpreter/CMakeFiles/rxvm_platform_objects.dir/rxvmsock.c.o
[138/571] Building C object interpreter/CMakeFiles/rxvml.dir/rxvmlib.c.o
[139/571] Linking C static library bin/librxpashim.a
[140/571] Building C object lib/plugins/keyaccess/CMakeFiles/_keyaccess.dir/keyaccess.c.o
[141/571] Building CXX object re2c/CMakeFiles/re2c.dir/src/main.cc.o
[142/571] Linking CXX executable re2c/re2c
[143/571] Create REXX ASSEMBLER Parser...
[144/571] Building C object lib/plugins/id/CMakeFiles/_id.dir/id.c.o
[145/571] Building C object linker/CMakeFiles/rxlink.dir/rxlinkmain.c.o
[146/571] Building C object interpreter/CMakeFiles/rxbvml.dir/rxvml.c.o
[147/571] Linking C executable bin/rxlink
[148/571] Building C object lib/plugins/system/CMakeFiles/_system.dir/system.c.o
[149/571] Linking C shared module bin/rx_keyaccess.rxplugin
[150/571] Linking C shared module bin/rx_id.rxplugin
[151/571] Linking C shared module bin/rx_system.rxplugin
[152/571] Building C object interpreter/CMakeFiles/rxtvm_core_objects.dir/rxvmworker.c.o
[153/571] Building C object lib/plugins/system/CMakeFiles/_system_static.dir/system.c.o
[154/571] Linking C static library bin/rx_system_static.a
[155/571] Building C object interpreter/CMakeFiles/rxtvm_core_objects.dir/rxvmactive.c.o
[156/571] Building C object interpreter/CMakeFiles/rxtvm_core_objects.dir/rxvmprogram.c.o
[157/571] Building C object interpreter/CMakeFiles/rxtvm_core_objects.dir/interrupt.c.o
[158/571] Building C object interpreter/CMakeFiles/rxvml.dir/rxvml.c.o
[159/571] Building C object interpreter/CMakeFiles/rxtvm_core_objects.dir/rxvmload.c.o
[160/571] Building C object interpreter/CMakeFiles/rxtvm_core_objects.dir/exitfunc.c.o
[161/571] Building C object interpreter/CMakeFiles/rxtvm_core_objects.dir/rxpafuncs.c.o
[162/571] Building C object interpreter/CMakeFiles/rxtvm_core_objects.dir/rxcrexxcmd.c.o
[163/571] Building C object interpreter/CMakeFiles/rxtvm_core_objects.dir/rxspawn.c.o
/home/adrian/CLionProjects/CREXX/interpreter/rxspawn.c:802:11: warning: assigning to 'char *' from 'const char *' discards qualifiers [-Wincompatible-pointer-types-discards-qualifiers]
  802 |     slash = strrchr(shell_path, '/');
      |           ^ ~~~~~~~~~~~~~~~~~~~~~~~~
1 warning generated.
[164/571] Building C object interpreter/CMakeFiles/rxbvm.dir/rxvmmain.c.o
[165/571] Building C object interpreter/CMakeFiles/rxtvm.dir/rxvmmain.c.o
[166/571] Building C object interpreter/CMakeFiles/rxtvm_core_objects.dir/rxvml/rxvm_run.c.o
[167/571] Building C object lib/plugins/llist/CMakeFiles/_llist_static.dir/llist.c.o
[168/571] Linking C static library bin/rx_llist_static.a
[169/571] Building C object lib/plugins/treemap/CMakeFiles/_treemap_static.dir/treemap.c.o
[170/571] Linking C static library bin/rx_treemap_static.a
[171/571] Create REXX ASSEMBLER Lexer...
[172/571] Building C object assembler/CMakeFiles/rxaslib.dir/rxastoke.c.o
[173/571] Building C object assembler/CMakeFiles/rxaslib.dir/rxaseror.c.o
[174/571] Building C object assembler/CMakeFiles/rxaslib.dir/rxas_flow_batch.c.o
[175/571] Building C object assembler/CMakeFiles/rxaslib.dir/rxas_flow_pass.c.o
[176/571] Building C object assembler/CMakeFiles/rxaslib.dir/rxasscan.c.o
[177/571] Building C object assembler/CMakeFiles/rxaslib.dir/rxas_opt.c.o
[178/571] Building C object assembler/CMakeFiles/rxaslib.dir/rxas_flow_rewrite.c.o
[179/571] Building C object assembler/CMakeFiles/rxaslib.dir/rxas_flow_graph.c.o
[180/571] Building C object assembler/CMakeFiles/rxaslib.dir/rxas_flow_analysis.c.o
[181/571] Building C object assembler/CMakeFiles/rxaslib.dir/rxas_flow_signal.c.o
[182/571] Building C object assembler/CMakeFiles/rxaslib.dir/rxas_flow.c.o
[183/571] Building C object assembler/CMakeFiles/rxaslib.dir/rxasgrmr.c.o
[184/571] Building C object assembler/CMakeFiles/rxaslib.dir/rxas_flow_use.c.o
[185/571] Building C object assembler/CMakeFiles/rxaslib.dir/__/binutils/rxopmeta.c.o
[186/571] Building C object assembler/CMakeFiles/rxaslib.dir/rxaslib.c.o
[187/571] Building C object assembler/CMakeFiles/rxaslib.dir/rxas_flow_ssa.c.o
[188/571] Building C object assembler/CMakeFiles/rxaslib.dir/rxas_dsl.c.o
[189/571] Building C object assembler/CMakeFiles/rxas.dir/rxasmain.c.o
[190/571] Building C object assembler/CMakeFiles/rxaslib.dir/rxasassm.c.o
[191/571] Building C object assembler/CMakeFiles/rxaslib.dir/rxas_flow_proof.c.o
[192/571] Linking C static library bin/librxaslib.a
[193/571] Linking C executable bin/rxas
[194/571] cREXX assemble _elapsed ...
[195/571] cREXX RXAS Library Archive ...
[196/571] Building C object interpreter/CMakeFiles/rxbvm_core_objects.dir/rxvmintp.c.o
[197/571] Linking C static library bin/librxvml.a
[198/571] Linking C static library bin/librxbvml.a
[199/571] Create Options Parser...
[200/571] Linking C executable bin/rxbvm
[201/571] Create REXX C Parser...
[202/571] Create Options Lexer...
[203/571] Create REXX B Parser...
[204/571] Create REXX C Lexer...
[205/571] Building C object interpreter/CMakeFiles/rxtvm_core_objects.dir/rxvmintp.c.o
[206/571] Linking C executable bin/rxtvm
[207/571] Create REXX B Lexer...
[208/571] Building C object compiler/CMakeFiles/rxclib.dir/rxcp_ast_walk.c.o
[209/571] Building C object compiler/CMakeFiles/rxclib.dir/rxcp_diag_fallback.c.o
[210/571] Building C object compiler/CMakeFiles/rxclib.dir/rxcp_ast_print.c.o
[211/571] Building C object compiler/CMakeFiles/rxclib.dir/rxcpmain.c.o
[212/571] Building C object compiler/CMakeFiles/rxclib.dir/rxcp_diag.c.o
[213/571] Building C object compiler/CMakeFiles/rxclib.dir/rxcp_util.c.o
[214/571] Building C object compiler/CMakeFiles/rxclib.dir/rxcp_source_ext.c.o
[215/571] Building C object compiler/CMakeFiles/rxclib.dir/rxcp_dsl.c.o
[216/571] Building C object compiler/CMakeFiles/rxclib.dir/rxcp_source_tree.c.o
[217/571] Building C object compiler/CMakeFiles/rxclib.dir/rxcpopar.c.o
[218/571] Building C object compiler/CMakeFiles/rxclib.dir/rxcpopgr.c.o
[219/571] Building C object compiler/CMakeFiles/rxclib.dir/rxcp_srcmap.c.o
[220/571] Building C object compiler/CMakeFiles/rxclib.dir/rxcp_ast_core.c.o
[221/571] Building C object compiler/CMakeFiles/rxclib.dir/rxcpbpar.c.o
[222/571] Building C object compiler/CMakeFiles/rxclib.dir/rxcp_highlight_controller.c.o
[223/571] Building C object compiler/CMakeFiles/rxclib.dir/rxcposcn.c.o
[224/571] Building C object compiler/CMakeFiles/rxclib.dir/rxcpcgmr.c.o
[225/571] Building C object compiler/CMakeFiles/rxclib.dir/rxcpcsym.c.o
[226/571] Building C object compiler/CMakeFiles/rxclib.dir/rxcpcpar.c.o
[227/571] Building C object compiler/CMakeFiles/rxclib.dir/rxcpcval.c.o
[228/571] Building C object compiler/CMakeFiles/rxclib.dir/rxcpcdiag.c.o
[229/571] Building C object compiler/CMakeFiles/rxclib.dir/rxcpbgmr.c.o
[230/571] Building C object compiler/CMakeFiles/rxclib.dir/rxcp_ast_rewrite.c.o
[231/571] Building C object compiler/CMakeFiles/rxclib.dir/rxcp_val_trans.c.o
[232/571] Building C object compiler/CMakeFiles/rxclib.dir/rxcp_val_plugin.c.o
[233/571] Building C object compiler/CMakeFiles/rxclib.dir/rexcscan.c.o
[234/571] Building C object compiler/CMakeFiles/rxclib.dir/rxcp_val_sym.c.o
[235/571] Building C object compiler/CMakeFiles/rxclib.dir/rxcp_fixup.c.o
[236/571] Building C object compiler/CMakeFiles/rxclib.dir/rxcp_ast_val.c.o
[237/571] Building C object compiler/CMakeFiles/rxclib.dir/rxcp_val_check.c.o
[238/571] Building C object compiler/CMakeFiles/rxclib.dir/rxcp_remap.c.o
[239/571] Building C object compiler/CMakeFiles/rxclib.dir/rxcp_val_type.c.o
[240/571] Building C object compiler/CMakeFiles/rxclib.dir/rxcp_val_orch.c.o
[241/571] Building C object compiler/CMakeFiles/rxclib.dir/rxcpsymb.c.o
[242/571] Building C object compiler/CMakeFiles/rxclib.dir/rxcp_remap_build.c.o
[243/571] Building C object compiler/CMakeFiles/rxclib.dir/rxcp_inline_rules.c.o
[244/571] Building C object compiler/CMakeFiles/rxclib.dir/rxcp_levelc_lower.c.o
[245/571] Building C object compiler/CMakeFiles/rxclib.dir/rxcpemit.c.o
[246/571] Building C object compiler/CMakeFiles/rxclib.dir/rxcp_emit_core.c.o
[247/571] Building C object compiler/CMakeFiles/rxclib.dir/rxcp_emit_super.c.o
[248/571] Building C object compiler/CMakeFiles/rxclib.dir/rxcp_emit_proc.c.o
[249/571] Building C object compiler/CMakeFiles/rxclib.dir/rxcp_emit_flow.c.o
[250/571] Building C object compiler/CMakeFiles/rxclib.dir/rxcp_emit_reg.c.o
[251/571] Building C object compiler/CMakeFiles/rxclib.dir/rxcp_emit_expr.c.o
[252/571] Building C object compiler/CMakeFiles/rxclib.dir/rxcp_emit_meta.c.o
[253/571] Building C object compiler/CMakeFiles/rxclib.dir/rxcp_dispatch.c.o
[254/571] Building C object compiler/CMakeFiles/rxclib.dir/__/platform/platform.c.o
[255/571] Building C object compiler/CMakeFiles/rxclib.dir/__/platform/rxinteger.c.o
[256/571] Building C object compiler/CMakeFiles/rxclib.dir/rxcp_partial_call.c.o
[257/571] Building C object compiler/CMakeFiles/rxclib.dir/rxcp_opt.c.o
[258/571] Building C object compiler/CMakeFiles/rxclib.dir/rxcp_flow.c.o
[259/571] Building C object compiler/CMakeFiles/rxclib.dir/rxcp_instr.c.o
[260/571] Building C object compiler/CMakeFiles/rxc.dir/rxc_main.c.o
[261/571] Building C object compiler/CMakeFiles/rxclib.dir/rxcp_inline.c.o
[262/571] Building C object compiler/CMakeFiles/rxclib.dir/rxcp_exit.c.o
[263/571] Building C object compiler/CMakeFiles/rxclib.dir/rxcpfunc.c.o
[264/571] Building C object compiler/CMakeFiles/rxclib.dir/rexbscan.c.o
[265/571] Linking C static library bin/librxclib.a
[266/571] Linking C executable bin/rxc
[267/571] Building token.rxbin
[268/571] Building Dummy.rxbin
[269/571] cREXX compile and assemble _address ...
[270/571] cREXX compile and assemble _rxsystem ...
[271/571] cREXX compile and assemble _jdn ...
[272/571] cREXX compile and assemble _datei ...
[273/571] cREXX compile and assemble _dateo ...
[274/571] cREXX compile and assemble _ftrunc ...
[275/571] cREXX compile and assemble _itrunc ...
[276/571] cREXX compile and assemble _typedformat ...
[277/571] cREXX compile and assemble abbrev ...
[278/571] cREXX compile and assemble abs ...
[279/571] cREXX compile and assemble intabs ...
[280/571] cREXX compile and assemble floatabs ...
[281/571] cREXX compile and assemble b2x ...
[282/571] cREXX compile and assemble b2d ...
[283/571] cREXX compile and assemble binary ...
[284/571] cREXX compile and assemble c2x ...
[285/571] cREXX compile and assemble c2d ...
[286/571] cREXX compile and assemble center ...
[287/571] cREXX compile and assemble centre ...
[288/571] cREXX compile and assemble changestr ...
[289/571] cREXX compile and assemble compare ...
[290/571] cREXX compile and assemble copies ...
[291/571] cREXX compile and assemble countstr ...
[292/571] cREXX compile and assemble d2b ...
[293/571] cREXX compile and assemble d2c ...
[294/571] cREXX compile and assemble d2x ...
[295/571] cREXX compile and assemble date ...
[296/571] cREXX compile and assemble delstr ...
[297/571] cREXX compile and assemble delword ...
[298/571] cREXX compile and assemble fileio ...
[299/571] cREXX compile and assemble filter ...
[300/571] cREXX compile and assemble format ...
[301/571] cREXX compile and assemble intformat ...
[302/571] cREXX compile and assemble floatformat ...
[303/571] cREXX compile and assemble fnv ...
[304/571] cREXX compile and assemble getenv ...
[305/571] cREXX compile and assemble insert ...
[306/571] cREXX compile and assemble length ...
[307/571] cREXX compile and assemble linesize ...
[308/571] cREXX compile and assemble loadmodule ...
[309/571] cREXX compile and assemble lower ...
[310/571] cREXX compile and assemble max ...
[311/571] cREXX compile and assemble intmax ...
[312/571] cREXX compile and assemble floatmax ...
[313/571] cREXX compile and assemble min ...
[314/571] cREXX compile and assemble intmin ...
[315/571] cREXX compile and assemble floatmin ...
[316/571] cREXX compile and assemble numeric ...
[317/571] cREXX compile and assemble overlay ...
[318/571] cREXX compile and assemble pos ...
[319/571] cREXX compile and assemble qscan ...
[320/571] cREXX compile and assemble qpos ...
[321/571] cREXX compile and assemble qsplit ...
[322/571] cREXX compile and assemble qsplitsafe ...
[323/571] cREXX compile and assemble qextractall ...
[324/571] cREXX compile and assemble qextractpair ...
[325/571] cREXX compile and assemble qstripcomment ...
[326/571] cREXX compile and assemble qremoveall ...
[327/571] cREXX compile and assemble fsayfmt ...
[328/571] cREXX compile and assemble lastpos ...
[329/571] cREXX compile and assemble left ...
[330/571] cREXX compile and assemble right ...
[331/571] cREXX compile and assemble raise ...
[332/571] cREXX compile and assemble reverse ...
[333/571] cREXX compile and assemble signal ...
[334/571] cREXX compile and assemble trace ...
[335/571] cREXX compile and assemble sign ...
[336/571] cREXX compile and assemble intsign ...
[337/571] cREXX compile and assemble floatsign ...
[338/571] cREXX compile and assemble space ...
[339/571] cREXX compile and assemble strip ...
[340/571] cREXX compile and assemble substr ...
[341/571] cREXX compile and assemble substro ...
[342/571] cREXX compile and assemble symbol ...
[343/571] cREXX compile and assemble time ...
[344/571] cREXX compile and assemble translate ...
[345/571] cREXX compile and assemble trunc ...
[346/571] cREXX compile and assemble floattrunc ...
[347/571] cREXX compile and assemble upper ...
[348/571] cREXX compile and assemble value ...
[349/571] cREXX compile and assemble verify ...
[350/571] cREXX compile and assemble version ...
[351/571] cREXX compile and assemble sourceinfo ...
[352/571] cREXX compile and assemble word ...
[353/571] cREXX compile and assemble words ...
[354/571] cREXX compile and assemble wordindex ...
[355/571] cREXX compile and assemble subword ...
[356/571] cREXX compile and assemble wordlength ...
[357/571] cREXX compile and assemble wordpos ...
[358/571] cREXX compile and assemble qword ...
[359/571] cREXX compile and assemble qwordlength ...
[360/571] cREXX compile and assemble qwords ...
[361/571] cREXX compile and assemble qwordindex ...
[362/571] cREXX compile and assemble qwordpos ...
[363/571] cREXX compile and assemble qsubword ...
[364/571] cREXX compile and assemble regex ...
[365/571] cREXX compile and assemble x2b ...
[366/571] cREXX compile and assemble x2c ...
[367/571] cREXX compile and assemble x2d ...
[368/571] cREXX compile and assemble random ...
[369/571] cREXX compile and assemble reradix ...
[370/571] cREXX compile and assemble sequence ...
[371/571] cREXX compile and assemble find ...
[372/571] cREXX compile and assemble index ...
[373/571] cREXX compile and assemble xrange ...
[374/571] cREXX compile and assemble parsecompile ...
[375/571] cREXX compile and assemble parsestring ...
[376/571] cREXX compile and assemble parse ...
[377/571] cREXX compile and assemble datatype ...
[378/571] cREXX compile and assemble arrayfind ...
[379/571] cREXX compile and assemble splice ...
[380/571] cREXX compile and assemble arrayinsert ...
[381/571] cREXX compile and assemble arraydelete ...
[382/571] cREXX compile and assemble arrayappend ...
[383/571] cREXX compile and assemble arrayprepend ...
[384/571] cREXX compile and assemble objectarrayinsert ...
[385/571] cREXX compile and assemble objectarraydelete ...
[386/571] cREXX compile and assemble objectarrayappend ...
[387/571] cREXX compile and assemble objectarrayprepend ...
[388/571] cREXX compile and assemble objectarraydrop ...
[389/571] cREXX compile and assemble objectarraymove ...
[390/571] cREXX compile and assemble arraypop ...
[391/571] cREXX compile and assemble arrayshift ...
[392/571] cREXX compile and assemble arrayget ...
[393/571] cREXX compile and assemble arrayset ...
[394/571] cREXX compile and assemble arraycontains ...
[395/571] cREXX compile and assemble arrayindexof ...
[396/571] cREXX compile and assemble arrayreverse ...
[397/571] cREXX compile and assemble arrayjoin ...
[398/571] cREXX compile and assemble arraysort ...
[399/571] cREXX compile and assemble arraycopy ...
[400/571] cREXX compile and assemble arraydrop ...
[401/571] cREXX compile and assemble arrayhi ...
[402/571] cREXX compile and assemble arraymove ...
[403/571] cREXX compile and assemble fmtmask ...
[404/571] cREXX compile and assemble compilemask ...
[405/571] cREXX compile and assemble runmask ...
[406/571] cREXX compile and assemble stem ...
[407/571] cREXX compile and assemble rxjson ...
[408/571] cREXX compile and assemble rxsocket ...
[409/571] cREXX compile and assemble rxhttp ...
[410/571] cREXX compile and assemble wordrep ...
[411/571] cREXX compile and assemble rxqueue ...
[412/571] cREXX REXX Library Archive ...
[413/571] cREXX Linked Library Image ...
[414/571] Building Query.rxbin
[415/571] Building Dump.rxbin
[416/571] Building Add.rxbin
[417/571] Building Fsay.rxbin
[418/571] Building Execio.rxbin
[419/571] Building Sortx.rxbin
[420/571] Building Sort.rxbin
[421/571] Building Msay.rxbin
[422/571] Building RexxScript.rxbin
[423/571] Building Queue compiler exit
[424/571] C Packing cREXX RXFNSB Library ...
[425/571] Building C object interpreter/CMakeFiles/rxvme.dir/rxvmmain.c.o
[426/571] Building Substr.rxbin
[427/571] Building Signal.rxbin
[428/571] Building C object interpreter/CMakeFiles/rxvme.dir/library.c.o
[429/571] Linking C executable bin/rxvme
[430/571] Building Trace.rxbin
[431/571] Building Address.rxbin
[432/571] Building Parse.rxbin
[433/571] Building rxcexits.rxbin (bundled via concatenation)
[434/571] Clearing stale class library member images ...
[435/571] Clearing stale native-backed class library member images ...
[436/571] Compiling PERF3-13 E5 POSIX doorbell control ...
[437/571] Generating benchmark_awfy_sieve_opt.rxbin
[438/571] Generating benchmark_awfy_permute_opt.rxbin
[439/571] cREXX compile and assemble ObjectIterator ...
[440/571] cREXX compile and assemble StringIterator ...
[441/571] cREXX compile and assemble ObjectPrintable ...
[442/571] cREXX compile and assemble Comparator ...
[443/571] cREXX compile and assemble Iterator ...
[444/571] Generating benchmark_rexxcps_levelb_opt.rxbin
[445/571] cREXX compile and assemble ObjectIterable ...
[446/571] cREXX compile and assemble StringIterable ...
[447/571] cREXX compile and assemble ObjectComparator ...
[448/571] cREXX compile and assemble StringTreeSetIterator ...
[449/571] cREXX compile and assemble ObjectObjectTreeMapIterator ...
[450/571] cREXX compile and assemble Printable ...
[451/571] cREXX compile and assemble ArrayList ...
[452/571] cREXX compile and assemble ObjectArrayList ...
[453/571] cREXX compile and assemble StringArrayList ...
[454/571] cREXX compile and assemble StringHashSetIterator ...
[455/571] cREXX compile and assemble StringHashMapIterator ...
[456/571] cREXX compile and assemble StringObjectHashMapIterator ...
[457/571] cREXX compile and assemble StringObjectTreeMapIterator ...
[458/571] cREXX compile and assemble StringTreeMapIterator ...
[459/571] cREXX compile and assemble ArrayListIterator ...
[460/571] cREXX compile and assemble TreeMapIterator ...
[461/571] cREXX compile and assemble StringTreeSet ...
[462/571] cREXX compile and assemble Iterable ...
[463/571] cREXX compile and assemble ObjectArrayListIterator ...
[464/571] cREXX compile and assemble ObjectLinkedList ...
[465/571] cREXX compile and assemble ObjectStack ...
[466/571] cREXX compile and assemble Qfind ...
[467/571] cREXX compile and assemble ObjectObjectTreeMap ...
[468/571] cREXX compile and assemble Rexx ...
[469/571] cREXX compile and assemble RexxComparator ...
[470/571] cREXX compile and assemble StringArrayListIterator ...
[471/571] cREXX compile and assemble StringHashMap ...
[472/571] cREXX compile and assemble StringHashSet ...
[473/571] cREXX compile and assemble StringLinkedList ...
[474/571] cREXX compile and assemble StringObjectHashMap ...
[475/571] cREXX compile and assemble Scanlex ...
[476/571] Building C object interpreter/CMakeFiles/persistent_worker_executor-rxvml.dir/tests/test_persistent_worker_executor.c.o
[477/571] cREXX compile and assemble StringStack ...
[478/571] cREXX compile and assemble StringOldTreeMap ...
[479/571] cREXX compile and assemble StringObjectTreeMap ...
[480/571] Building C object interpreter/CMakeFiles/persistent_worker_executor-rxvml.dir/rxvmexecutor.c.o
[481/571] Building C object interpreter/CMakeFiles/persistent_worker_executor-rxbvml.dir/tests/test_persistent_worker_executor.c.o
[482/571] Building C object interpreter/CMakeFiles/persistent_worker_executor-rxbvml.dir/rxvmexecutor.c.o
[483/571] Building C object interpreter/CMakeFiles/persistent_worker_executor-rxtvml.dir/tests/test_persistent_worker_executor.c.o
[484/571] Building C object interpreter/CMakeFiles/persistent_worker_executor-rxtvml.dir/rxvmexecutor.c.o
[485/571] cREXX compile and assemble StringTreeMap ...
[486/571] cREXX compile and assemble TreeMap ...
[487/571] Linking C executable interpreter/persistent_worker_executor-rxvml
[488/571] cREXX Linked Class Library Image ...
[489/571] Clearing stale rxfnsc runtime member images ...
[490/571] Linking C executable interpreter/persistent_worker_executor-rxbvml
[491/571] Building C object interpreter/CMakeFiles/persistent_worker_executor-rxtvml.dir/rxvml.c.o
[492/571] cREXX compile and assemble rxfnsc runtime RexxClassicCharacterScan ...
[493/571] cREXX compile and assemble rxfnsc runtime RexxClassicBitFunctions ...
[494/571] cREXX compile and assemble native-backed classlib adapter KeyDB ...
[495/571] Linking C executable interpreter/persistent_worker_executor-rxtvml
[496/571] cREXX compile and assemble native-backed classlib adapter Id ...
[497/571] cREXX compile and assemble native-backed classlib adapter Os ...
[498/571] cREXX Linked native-backed Class Library Adapter Image ...
[499/571] cREXX compile and assemble rxfnsc runtime RexxClassicBifBitor ...
[500/571] cREXX compile and assemble rxfnsc runtime RexxClassicBifBitand ...
[501/571] cREXX compile and assemble rxfnsc runtime RexxClassicBifBitxor ...
[502/571] cREXX compile and assemble rxfnsc runtime RexxValue ...
[503/571] cREXX compile and assemble rxfnsc runtime RexxStem ...
[504/571] cREXX compile and assemble rxfnsc runtime RexxClassicState ...
[505/571] cREXX compile and assemble rxfnsc runtime RexxClassicConfig ...
[506/571] cREXX compile and assemble rxfnsc runtime RexxClassicCharacterOps ...
[507/571] cREXX compile and assemble rxfnsc runtime RexxClassicEncoding ...
[508/571] cREXX compile and assemble rxfnsc runtime RexxClassicDatatype ...
[509/571] cREXX compile and assemble rxfnsc runtime RexxVariablePool ...
[510/571] cREXX compile and assemble rxfnsc runtime RexxClassicBifs ...
[511/571] cREXX compile and assemble rxfnsc runtime RexxClassicBifB2x ...
[512/571] cREXX compile and assemble rxfnsc runtime RexxClassicBifAddress ...
[513/571] cREXX compile and assemble rxfnsc runtime RexxClassicBifAbs ...
[514/571] cREXX compile and assemble rxfnsc runtime RexxClassicBifAbbrev ...
[515/571] cREXX compile and assemble rxfnsc runtime RexxClassicBifD2x ...
[516/571] cREXX compile and assemble rxfnsc runtime RexxClassicBifX2d ...
[517/571] cREXX compile and assemble rxfnsc runtime RexxClassicBifC2x ...
[518/571] cREXX compile and assemble rxfnsc runtime RexxClassicBifCenter ...
[519/571] cREXX compile and assemble rxfnsc runtime RexxClassicBifChangestr ...
[520/571] cREXX compile and assemble rxfnsc runtime RexxClassicBifCompare ...
[521/571] cREXX compile and assemble rxfnsc runtime RexxClassicBifC2d ...
[522/571] cREXX compile and assemble rxfnsc runtime RexxClassicBifCopies ...
[523/571] cREXX compile and assemble rxfnsc runtime RexxClassicBifCountstr ...
[524/571] cREXX compile and assemble rxfnsc runtime RexxClassicBifD2c ...
[525/571] cREXX compile and assemble rxfnsc runtime RexxClassicBifDatatype ...
[526/571] cREXX compile and assemble rxfnsc runtime RexxClassicBifDelstr ...
[527/571] cREXX compile and assemble rxfnsc runtime RexxClassicBifDelword ...
[528/571] cREXX compile and assemble rxfnsc runtime RexxClassicBifDate ...
[529/571] cREXX compile and assemble rxfnsc runtime RexxClassicBifFormat ...
[530/571] cREXX compile and assemble rxfnsc runtime RexxClassicBifInsert ...
[531/571] cREXX compile and assemble rxfnsc runtime RexxClassicBifLastpos ...
[532/571] cREXX compile and assemble rxfnsc runtime RexxClassicBifLeft ...
[533/571] cREXX compile and assemble rxfnsc runtime RexxClassicBifLength ...
[534/571] cREXX compile and assemble rxfnsc runtime RexxClassicBifMax ...
[535/571] cREXX compile and assemble rxfnsc runtime RexxClassicBifMin ...
[536/571] cREXX compile and assemble rxfnsc runtime RexxClassicBifNumeric ...
[537/571] cREXX compile and assemble rxfnsc runtime RexxClassicBifOverlay ...
[538/571] cREXX compile and assemble rxfnsc runtime RexxClassicBifPos ...
[539/571] cREXX compile and assemble rxfnsc runtime RexxClassicBifRandom ...
[540/571] cREXX compile and assemble rxfnsc runtime RexxClassicBifReverse ...
[541/571] cREXX compile and assemble rxfnsc runtime RexxClassicBifRight ...
[542/571] cREXX compile and assemble rxfnsc runtime RexxClassicBifSign ...
[543/571] cREXX compile and assemble rxfnsc runtime RexxClassicBifSpace ...
[544/571] cREXX compile and assemble rxfnsc runtime RexxClassicBifStrip ...
[545/571] cREXX compile and assemble rxfnsc runtime RexxClassicBifSubstr ...
[546/571] cREXX compile and assemble rxfnsc runtime RexxClassicBifSubword ...
[547/571] cREXX compile and assemble rxfnsc runtime RexxClassicBifSymbol ...
[548/571] cREXX compile and assemble rxfnsc runtime RexxClassicBifTime ...
[549/571] cREXX compile and assemble rxfnsc runtime RexxClassicBifTrace ...
[550/571] cREXX compile and assemble rxfnsc runtime RexxClassicBifTranslate ...
[551/571] cREXX compile and assemble rxfnsc runtime RexxClassicBifTrunc ...
[552/571] cREXX compile and assemble rxfnsc runtime RexxClassicBifValue ...
[553/571] cREXX compile and assemble rxfnsc runtime RexxClassicBifVerify ...
[554/571] cREXX compile and assemble rxfnsc runtime RexxClassicBifWord ...
[555/571] cREXX compile and assemble rxfnsc runtime RexxClassicBifWordindex ...
[556/571] cREXX compile and assemble rxfnsc runtime RexxClassicBifWordlength ...
[557/571] cREXX compile and assemble rxfnsc runtime RexxClassicBifWords ...
[558/571] cREXX compile and assemble rxfnsc runtime RexxClassicBifWordpos ...
[559/571] cREXX compile and assemble rxfnsc runtime RexxClassicBifX2b ...
[560/571] cREXX compile and assemble rxfnsc runtime RexxClassicBifX2c ...
[561/571] cREXX compile and assemble rxfnsc runtime RexxClassicBifXrange ...
[562/571] cREXX Linked rxfnsc Runtime Library Image ...
[563/571] Clearing stale RexxScript runtime member images ...
[564/571] cREXX compile and assemble RexxScript runtime RexxScriptEvaluator ...
[565/571] cREXX compile and assemble RexxScript runtime RexxScriptRuntime ...
[566/571] cREXX compile and assemble RexxScript runtime RexxScriptEvaluateCompat ...
[567/571] cREXX Linked RexxScript Runtime Library Image ...
[568/571] cREXX compile, assemble, link and package crexx ...
[569/571] Building C object crexx_driver/CMakeFiles/crexx.dir/crexx.c.o
[570/571] Linking C executable bin/crexx
