Test project /Users/adrian/CLionProjects/CREXX/cmake-build-release
    Start    1: linked_opt_runtime_artifacts_build
    Test    #1: linked_opt_runtime_artifacts_build ...   Passed    0.08 sec
    Start    1: linked_opt_runtime_artifacts_build
    Test    #1: linked_opt_runtime_artifacts_build ...   Passed    0.08 sec
    Start    1: linked_opt_runtime_artifacts_build
    Test    #1: linked_opt_runtime_artifacts_build ...   Passed    0.08 sec
    Start    1: linked_opt_runtime_artifacts_build
    Test    #1: linked_opt_runtime_artifacts_build ...   Passed    0.07 sec
    Start    1: linked_opt_runtime_artifacts_build
    Test    #1: linked_opt_runtime_artifacts_build ...   Passed    0.07 sec
    Start    1: linked_opt_runtime_artifacts_build
    Test    #1: linked_opt_runtime_artifacts_build ...   Passed    0.07 sec
    Start    1: linked_opt_runtime_artifacts_build
    Test    #1: linked_opt_runtime_artifacts_build ...   Passed    0.07 sec
    Start    1: linked_opt_runtime_artifacts_build
    Test    #1: linked_opt_runtime_artifacts_build ...   Passed    0.07 sec
    Start    1: linked_opt_runtime_artifacts_build
    Test    #1: linked_opt_runtime_artifacts_build ...   Passed    0.07 sec
    Start    1: linked_opt_runtime_artifacts_build
    Test    #1: linked_opt_runtime_artifacts_build ...   Passed    0.07 sec
    Start    1: linked_opt_runtime_artifacts_build
    Test    #1: linked_opt_runtime_artifacts_build ...   Passed    0.07 sec
    Start    1: linked_opt_runtime_artifacts_build
    Test    #1: linked_opt_runtime_artifacts_build ...   Passed    0.08 sec
    Start    1: linked_opt_runtime_artifacts_build
    Test    #1: linked_opt_runtime_artifacts_build ...   Passed    0.07 sec
    Start    1: linked_opt_runtime_artifacts_build
    Test    #1: linked_opt_runtime_artifacts_build ...   Passed    0.07 sec
    Start    1: linked_opt_runtime_artifacts_build
    Test    #1: linked_opt_runtime_artifacts_build ...   Passed    0.07 sec
    Start    1: linked_opt_runtime_artifacts_build
    Test    #1: linked_opt_runtime_artifacts_build ...   Passed    0.07 sec
    Start    1: linked_opt_runtime_artifacts_build
    Test    #1: linked_opt_runtime_artifacts_build ...   Passed    0.07 sec
    Start    1: linked_opt_runtime_artifacts_build
    Test    #1: linked_opt_runtime_artifacts_build ...   Passed    0.07 sec
    Start    1: linked_opt_runtime_artifacts_build
    Test    #1: linked_opt_runtime_artifacts_build ...   Passed    0.07 sec
    Start    1: linked_opt_runtime_artifacts_build
    Test    #1: linked_opt_runtime_artifacts_build ...   Passed    0.08 sec
    Start    1: linked_opt_runtime_artifacts_build
    Test    #1: linked_opt_runtime_artifacts_build ...   Passed    0.07 sec
    Start    1: linked_opt_runtime_artifacts_build
    Test    #1: linked_opt_runtime_artifacts_build ...   Passed    0.08 sec
    Start    1: linked_opt_runtime_artifacts_build
    Test    #1: linked_opt_runtime_artifacts_build ...   Passed    0.07 sec
    Start    1: linked_opt_runtime_artifacts_build
    Test    #1: linked_opt_runtime_artifacts_build ...   Passed    0.08 sec
    Start    1: linked_opt_runtime_artifacts_build
    Test    #1: linked_opt_runtime_artifacts_build ...   Passed    0.07 sec
    Start    1: linked_opt_runtime_artifacts_build
    Test    #1: linked_opt_runtime_artifacts_build ...   Passed    0.07 sec
    Start    1: linked_opt_runtime_artifacts_build
    Test    #1: linked_opt_runtime_artifacts_build ...   Passed    0.07 sec
    Start    1: linked_opt_runtime_artifacts_build
    Test    #1: linked_opt_runtime_artifacts_build ...   Passed    0.07 sec
    Start    1: linked_opt_runtime_artifacts_build
    Test    #1: linked_opt_runtime_artifacts_build ...   Passed    0.07 sec
    Start    1: linked_opt_runtime_artifacts_build
    Test    #1: linked_opt_runtime_artifacts_build ...   Passed    0.07 sec
    Start    1: linked_opt_runtime_artifacts_build
    Test    #1: linked_opt_runtime_artifacts_build ...   Passed    0.08 sec
    Start    1: linked_opt_runtime_artifacts_build
    Test    #1: linked_opt_runtime_artifacts_build ...   Passed    0.08 sec
    Start    1: linked_opt_runtime_artifacts_build
    Test    #1: linked_opt_runtime_artifacts_build ...   Passed    0.07 sec
    Start    1: linked_opt_runtime_artifacts_build
    Test    #1: linked_opt_runtime_artifacts_build ...   Passed    0.08 sec
    Start    1: linked_opt_runtime_artifacts_build
    Test    #1: linked_opt_runtime_artifacts_build ...   Passed    0.08 sec
    Start    1: linked_opt_runtime_artifacts_build
    Test    #1: linked_opt_runtime_artifacts_build ...   Passed    0.08 sec
    Start    1: linked_opt_runtime_artifacts_build
    Test    #1: linked_opt_runtime_artifacts_build ...   Passed    0.07 sec
    Start    1: linked_opt_runtime_artifacts_build
    Test    #1: linked_opt_runtime_artifacts_build ...   Passed    0.08 sec
    Start    1: linked_opt_runtime_artifacts_build
    Test    #1: linked_opt_runtime_artifacts_build ...   Passed    0.07 sec
    Start    1: linked_opt_runtime_artifacts_build
    Test    #1: linked_opt_runtime_artifacts_build ...   Passed    0.08 sec
    Start    1: linked_opt_runtime_artifacts_build
    Test    #1: linked_opt_runtime_artifacts_build ...   Passed    0.08 sec
    Start    1: linked_opt_runtime_artifacts_build
    Test    #1: linked_opt_runtime_artifacts_build ...   Passed    0.08 sec
    Start    1: linked_opt_runtime_artifacts_build
    Test    #1: linked_opt_runtime_artifacts_build ...   Passed    0.08 sec
    Start    1: linked_opt_runtime_artifacts_build
    Test    #1: linked_opt_runtime_artifacts_build ...   Passed    0.07 sec
    Start    1: linked_opt_runtime_artifacts_build
    Test    #1: linked_opt_runtime_artifacts_build ...   Passed    0.07 sec
    Start    1: linked_opt_runtime_artifacts_build
    Test    #1: linked_opt_runtime_artifacts_build ...   Passed    0.08 sec
    Start    1: linked_opt_runtime_artifacts_build
    Test    #1: linked_opt_runtime_artifacts_build ...   Passed    0.08 sec
    Start    1: linked_opt_runtime_artifacts_build
    Test    #1: linked_opt_runtime_artifacts_build ...   Passed    0.08 sec
    Start    1: linked_opt_runtime_artifacts_build
    Test    #1: linked_opt_runtime_artifacts_build ...   Passed    0.08 sec
    Start    1: linked_opt_runtime_artifacts_build
    Test    #1: linked_opt_runtime_artifacts_build ...   Passed    0.07 sec
    Start    1: linked_opt_runtime_artifacts_build
    Test    #1: linked_opt_runtime_artifacts_build ...   Passed    0.08 sec
    Start    1: linked_opt_runtime_artifacts_build
    Test    #1: linked_opt_runtime_artifacts_build ...   Passed    0.08 sec
    Start    1: linked_opt_runtime_artifacts_build
    Test    #1: linked_opt_runtime_artifacts_build ...   Passed    0.08 sec
    Start    1: linked_opt_runtime_artifacts_build
    Test    #1: linked_opt_runtime_artifacts_build ...   Passed    0.08 sec
    Start    1: linked_opt_runtime_artifacts_build
    Test    #1: linked_opt_runtime_artifacts_build ...   Passed    0.07 sec
    Start    1: linked_opt_runtime_artifacts_build
    Test    #1: linked_opt_runtime_artifacts_build ...   Passed    0.08 sec
    Start    1: linked_opt_runtime_artifacts_build
    Test    #1: linked_opt_runtime_artifacts_build ...   Passed    0.08 sec
    Start    1: linked_opt_runtime_artifacts_build
    Test    #1: linked_opt_runtime_artifacts_build ...   Passed    0.07 sec
    Start    1: linked_opt_runtime_artifacts_build
    Test    #1: linked_opt_runtime_artifacts_build ...   Passed    0.07 sec
    Start    1: linked_opt_runtime_artifacts_build
    Test    #1: linked_opt_runtime_artifacts_build ...   Passed    0.08 sec
    Start    1: linked_opt_runtime_artifacts_build
    Test    #1: linked_opt_runtime_artifacts_build ...   Passed    0.08 sec
    Start    1: linked_opt_runtime_artifacts_build
    Test    #1: linked_opt_runtime_artifacts_build ...   Passed    0.08 sec
    Start    1: linked_opt_runtime_artifacts_build
    Test    #1: linked_opt_runtime_artifacts_build ...   Passed    0.07 sec
    Start    1: linked_opt_runtime_artifacts_build
    Test    #1: linked_opt_runtime_artifacts_build ...   Passed    0.07 sec
    Start    1: linked_opt_runtime_artifacts_build
    Test    #1: linked_opt_runtime_artifacts_build ...   Passed    0.08 sec
    Start    1: linked_opt_runtime_artifacts_build
    Test    #1: linked_opt_runtime_artifacts_build ...   Passed    0.07 sec
    Start    1: linked_opt_runtime_artifacts_build
    Test    #1: linked_opt_runtime_artifacts_build ...   Passed    0.08 sec
    Start    1: linked_opt_runtime_artifacts_build
    Test    #1: linked_opt_runtime_artifacts_build ...   Passed    0.08 sec
    Start    1: linked_opt_runtime_artifacts_build
    Test    #1: linked_opt_runtime_artifacts_build ...   Passed    0.08 sec
    Start    1: linked_opt_runtime_artifacts_build
    Test    #1: linked_opt_runtime_artifacts_build ...   Passed    0.08 sec
    Start    1: linked_opt_runtime_artifacts_build
    Test    #1: linked_opt_runtime_artifacts_build ...   Passed    0.08 sec
    Start    1: linked_opt_runtime_artifacts_build
    Test    #1: linked_opt_runtime_artifacts_build ...   Passed    0.07 sec
    Start    1: linked_opt_runtime_artifacts_build
    Test    #1: linked_opt_runtime_artifacts_build ...   Passed    0.08 sec
    Start    1: linked_opt_runtime_artifacts_build
    Test    #1: linked_opt_runtime_artifacts_build ...   Passed    0.08 sec
    Start    1: linked_opt_runtime_artifacts_build
    Test    #1: linked_opt_runtime_artifacts_build ...   Passed    0.07 sec
    Start    1: linked_opt_runtime_artifacts_build
    Test    #1: linked_opt_runtime_artifacts_build ...   Passed    0.08 sec
    Start    1: linked_opt_runtime_artifacts_build
    Test    #1: linked_opt_runtime_artifacts_build ...   Passed    0.07 sec
    Start    1: linked_opt_runtime_artifacts_build
    Test    #1: linked_opt_runtime_artifacts_build ...   Passed    0.07 sec
    Start    1: linked_opt_runtime_artifacts_build
    Test    #1: linked_opt_runtime_artifacts_build ...   Passed    0.08 sec
    Start    1: linked_opt_runtime_artifacts_build
    Test    #1: linked_opt_runtime_artifacts_build ...   Passed    0.08 sec
    Start    1: linked_opt_runtime_artifacts_build
    Test    #1: linked_opt_runtime_artifacts_build ...   Passed    0.08 sec
    Start    1: linked_opt_runtime_artifacts_build
    Test    #1: linked_opt_runtime_artifacts_build ...   Passed    0.08 sec
    Start    1: linked_opt_runtime_artifacts_build
    Test    #1: linked_opt_runtime_artifacts_build ...   Passed    0.08 sec
    Start    1: linked_opt_runtime_artifacts_build
    Test    #1: linked_opt_runtime_artifacts_build ...   Passed    0.07 sec
    Start    1: linked_opt_runtime_artifacts_build
    Test    #1: linked_opt_runtime_artifacts_build ...   Passed    0.08 sec
    Start    1: linked_opt_runtime_artifacts_build
    Test    #1: linked_opt_runtime_artifacts_build ...   Passed    0.08 sec
    Start    1: linked_opt_runtime_artifacts_build
    Test    #1: linked_opt_runtime_artifacts_build ...   Passed    0.08 sec
    Start    1: linked_opt_runtime_artifacts_build
    Test    #1: linked_opt_runtime_artifacts_build ...   Passed    0.08 sec
    Start    1: linked_opt_runtime_artifacts_build
    Test    #1: linked_opt_runtime_artifacts_build ...   Passed    0.07 sec
    Start    1: linked_opt_runtime_artifacts_build
    Test    #1: linked_opt_runtime_artifacts_build ...   Passed    0.08 sec
    Start    1: linked_opt_runtime_artifacts_build
    Test    #1: linked_opt_runtime_artifacts_build ...   Passed    0.07 sec
    Start    1: linked_opt_runtime_artifacts_build
    Test    #1: linked_opt_runtime_artifacts_build ...   Passed    0.08 sec
    Start    1: linked_opt_runtime_artifacts_build
    Test    #1: linked_opt_runtime_artifacts_build ...   Passed    0.08 sec
    Start    1: linked_opt_runtime_artifacts_build
    Test    #1: linked_opt_runtime_artifacts_build ...   Passed    0.08 sec
    Start    1: linked_opt_runtime_artifacts_build
    Test    #1: linked_opt_runtime_artifacts_build ...   Passed    0.08 sec
    Start    1: linked_opt_runtime_artifacts_build
    Test    #1: linked_opt_runtime_artifacts_build ...   Passed    0.08 sec
    Start    1: linked_opt_runtime_artifacts_build
    Test    #1: linked_opt_runtime_artifacts_build ...   Passed    0.07 sec
    Start    1: linked_opt_runtime_artifacts_build
    Test    #1: linked_opt_runtime_artifacts_build ...   Passed    0.08 sec
    Start    1: linked_opt_runtime_artifacts_build
    Test    #1: linked_opt_runtime_artifacts_build ...   Passed    0.08 sec
    Start    1: linked_opt_runtime_artifacts_build
1/5 Test    #1: linked_opt_runtime_artifacts_build ...   Passed    0.08 sec
    Start 1696: ts_http_pooled_rxtvm_opt
    Start 1694: ts_http_pooled_rxbvm_opt
    Start 1695: ts_http_pooled_rxtvm_noopt
    Start 1693: ts_http_pooled_rxbvm_noopt
    Test #1695: ts_http_pooled_rxtvm_noopt ...........   Passed    0.23 sec
    Start 1695: ts_http_pooled_rxtvm_noopt
    Test #1693: ts_http_pooled_rxbvm_noopt ...........   Passed    0.24 sec
    Start 1693: ts_http_pooled_rxbvm_noopt
    Test #1694: ts_http_pooled_rxbvm_opt .............   Passed    0.29 sec
    Start 1694: ts_http_pooled_rxbvm_opt
    Test #1696: ts_http_pooled_rxtvm_opt .............   Passed    0.29 sec
    Start 1696: ts_http_pooled_rxtvm_opt
    Test #1695: ts_http_pooled_rxtvm_noopt ...........   Passed    0.24 sec
    Start 1695: ts_http_pooled_rxtvm_noopt
    Test #1693: ts_http_pooled_rxbvm_noopt ...........   Passed    0.24 sec
    Start 1693: ts_http_pooled_rxbvm_noopt
    Test #1696: ts_http_pooled_rxtvm_opt .............   Passed    0.29 sec
    Start 1696: ts_http_pooled_rxtvm_opt
    Test #1694: ts_http_pooled_rxbvm_opt .............   Passed    0.30 sec
    Start 1694: ts_http_pooled_rxbvm_opt
    Test #1695: ts_http_pooled_rxtvm_noopt ...........   Passed    0.24 sec
    Start 1695: ts_http_pooled_rxtvm_noopt
    Test #1693: ts_http_pooled_rxbvm_noopt ...........   Passed    0.24 sec
    Start 1693: ts_http_pooled_rxbvm_noopt
    Test #1696: ts_http_pooled_rxtvm_opt .............   Passed    0.30 sec
    Start 1696: ts_http_pooled_rxtvm_opt
    Test #1694: ts_http_pooled_rxbvm_opt .............   Passed    0.30 sec
    Start 1694: ts_http_pooled_rxbvm_opt
    Test #1695: ts_http_pooled_rxtvm_noopt ...........   Passed    0.24 sec
    Start 1695: ts_http_pooled_rxtvm_noopt
    Test #1693: ts_http_pooled_rxbvm_noopt ...........   Passed    0.24 sec
    Start 1693: ts_http_pooled_rxbvm_noopt
    Test #1696: ts_http_pooled_rxtvm_opt .............   Passed    0.30 sec
    Start 1696: ts_http_pooled_rxtvm_opt
    Test #1694: ts_http_pooled_rxbvm_opt .............   Passed    0.29 sec
    Start 1694: ts_http_pooled_rxbvm_opt
    Test #1695: ts_http_pooled_rxtvm_noopt ...........   Passed    0.24 sec
    Start 1695: ts_http_pooled_rxtvm_noopt
    Test #1693: ts_http_pooled_rxbvm_noopt ...........   Passed    0.24 sec
    Start 1693: ts_http_pooled_rxbvm_noopt
    Test #1695: ts_http_pooled_rxtvm_noopt ...........   Passed    0.24 sec
    Start 1695: ts_http_pooled_rxtvm_noopt
    Test #1693: ts_http_pooled_rxbvm_noopt ...........   Passed    0.24 sec
    Start 1693: ts_http_pooled_rxbvm_noopt
    Test #1696: ts_http_pooled_rxtvm_opt .............   Passed    0.30 sec
    Start 1696: ts_http_pooled_rxtvm_opt
    Test #1694: ts_http_pooled_rxbvm_opt .............   Passed    0.30 sec
    Start 1694: ts_http_pooled_rxbvm_opt
    Test #1695: ts_http_pooled_rxtvm_noopt ...........   Passed    0.24 sec
    Start 1695: ts_http_pooled_rxtvm_noopt
    Test #1693: ts_http_pooled_rxbvm_noopt ...........   Passed    0.24 sec
    Start 1693: ts_http_pooled_rxbvm_noopt
    Test #1696: ts_http_pooled_rxtvm_opt .............   Passed    0.30 sec
    Start 1696: ts_http_pooled_rxtvm_opt
    Test #1694: ts_http_pooled_rxbvm_opt .............   Passed    0.30 sec
    Start 1694: ts_http_pooled_rxbvm_opt
    Test #1695: ts_http_pooled_rxtvm_noopt ...........   Passed    0.24 sec
    Start 1695: ts_http_pooled_rxtvm_noopt
    Test #1693: ts_http_pooled_rxbvm_noopt ...........   Passed    0.24 sec
    Start 1693: ts_http_pooled_rxbvm_noopt
    Test #1694: ts_http_pooled_rxbvm_opt .............   Passed    0.30 sec
    Start 1694: ts_http_pooled_rxbvm_opt
    Test #1696: ts_http_pooled_rxtvm_opt .............   Passed    0.31 sec
    Start 1696: ts_http_pooled_rxtvm_opt
    Test #1695: ts_http_pooled_rxtvm_noopt ...........   Passed    0.24 sec
    Start 1695: ts_http_pooled_rxtvm_noopt
    Test #1693: ts_http_pooled_rxbvm_noopt ...........   Passed    0.24 sec
    Start 1693: ts_http_pooled_rxbvm_noopt
    Test #1694: ts_http_pooled_rxbvm_opt .............   Passed    0.30 sec
    Start 1694: ts_http_pooled_rxbvm_opt
    Test #1695: ts_http_pooled_rxtvm_noopt ...........   Passed    0.24 sec
    Start 1695: ts_http_pooled_rxtvm_noopt
    Test #1696: ts_http_pooled_rxtvm_opt .............   Passed    0.31 sec
    Start 1696: ts_http_pooled_rxtvm_opt
    Test #1693: ts_http_pooled_rxbvm_noopt ...........   Passed    0.24 sec
    Start 1693: ts_http_pooled_rxbvm_noopt
    Test #1695: ts_http_pooled_rxtvm_noopt ...........   Passed    0.24 sec
    Start 1695: ts_http_pooled_rxtvm_noopt
    Test #1693: ts_http_pooled_rxbvm_noopt ...........   Passed    0.24 sec
    Start 1693: ts_http_pooled_rxbvm_noopt
    Test #1694: ts_http_pooled_rxbvm_opt .............   Passed    0.31 sec
    Start 1694: ts_http_pooled_rxbvm_opt
    Test #1696: ts_http_pooled_rxtvm_opt .............   Passed    0.31 sec
    Start 1696: ts_http_pooled_rxtvm_opt
    Test #1695: ts_http_pooled_rxtvm_noopt ...........   Passed    0.24 sec
    Start 1695: ts_http_pooled_rxtvm_noopt
    Test #1693: ts_http_pooled_rxbvm_noopt ...........   Passed    0.24 sec
    Start 1693: ts_http_pooled_rxbvm_noopt
    Test #1694: ts_http_pooled_rxbvm_opt .............   Passed    0.30 sec
    Start 1694: ts_http_pooled_rxbvm_opt
    Test #1696: ts_http_pooled_rxtvm_opt .............   Passed    0.31 sec
    Start 1696: ts_http_pooled_rxtvm_opt
    Test #1695: ts_http_pooled_rxtvm_noopt ...........   Passed    0.25 sec
    Start 1695: ts_http_pooled_rxtvm_noopt
    Test #1693: ts_http_pooled_rxbvm_noopt ...........   Passed    0.25 sec
    Start 1693: ts_http_pooled_rxbvm_noopt
    Test #1694: ts_http_pooled_rxbvm_opt .............   Passed    0.30 sec
    Start 1694: ts_http_pooled_rxbvm_opt
    Test #1696: ts_http_pooled_rxtvm_opt .............   Passed    0.30 sec
    Start 1696: ts_http_pooled_rxtvm_opt
    Test #1695: ts_http_pooled_rxtvm_noopt ...........   Passed    0.24 sec
    Start 1695: ts_http_pooled_rxtvm_noopt
    Test #1693: ts_http_pooled_rxbvm_noopt ...........   Passed    0.25 sec
    Start 1693: ts_http_pooled_rxbvm_noopt
    Test #1696: ts_http_pooled_rxtvm_opt .............   Passed    0.31 sec
    Start 1696: ts_http_pooled_rxtvm_opt
    Test #1694: ts_http_pooled_rxbvm_opt .............   Passed    0.31 sec
    Start 1694: ts_http_pooled_rxbvm_opt
    Test #1695: ts_http_pooled_rxtvm_noopt ...........   Passed    0.25 sec
    Start 1695: ts_http_pooled_rxtvm_noopt
    Test #1693: ts_http_pooled_rxbvm_noopt ...........   Passed    0.25 sec
    Start 1693: ts_http_pooled_rxbvm_noopt
    Test #1695: ts_http_pooled_rxtvm_noopt ...........   Passed    0.25 sec
    Start 1695: ts_http_pooled_rxtvm_noopt
    Test #1693: ts_http_pooled_rxbvm_noopt ...........   Passed    0.25 sec
    Start 1693: ts_http_pooled_rxbvm_noopt
    Test #1696: ts_http_pooled_rxtvm_opt .............   Passed    0.30 sec
    Start 1696: ts_http_pooled_rxtvm_opt
    Test #1694: ts_http_pooled_rxbvm_opt .............   Passed    0.31 sec
    Start 1694: ts_http_pooled_rxbvm_opt
    Test #1695: ts_http_pooled_rxtvm_noopt ...........   Passed    0.25 sec
    Start 1695: ts_http_pooled_rxtvm_noopt
    Test #1693: ts_http_pooled_rxbvm_noopt ...........   Passed    0.25 sec
    Start 1693: ts_http_pooled_rxbvm_noopt
    Test #1696: ts_http_pooled_rxtvm_opt .............   Passed    0.32 sec
    Start 1696: ts_http_pooled_rxtvm_opt
    Test #1694: ts_http_pooled_rxbvm_opt .............   Passed    0.32 sec
    Start 1694: ts_http_pooled_rxbvm_opt
    Test #1695: ts_http_pooled_rxtvm_noopt ...........   Passed    0.24 sec
    Start 1695: ts_http_pooled_rxtvm_noopt
    Test #1693: ts_http_pooled_rxbvm_noopt ...........   Passed    0.25 sec
    Start 1693: ts_http_pooled_rxbvm_noopt
    Test #1696: ts_http_pooled_rxtvm_opt .............   Passed    0.30 sec
    Start 1696: ts_http_pooled_rxtvm_opt
    Test #1694: ts_http_pooled_rxbvm_opt .............   Passed    0.31 sec
    Start 1694: ts_http_pooled_rxbvm_opt
    Test #1695: ts_http_pooled_rxtvm_noopt ...........   Passed    0.24 sec
    Start 1695: ts_http_pooled_rxtvm_noopt
    Test #1693: ts_http_pooled_rxbvm_noopt ...........   Passed    0.25 sec
    Start 1693: ts_http_pooled_rxbvm_noopt
    Test #1696: ts_http_pooled_rxtvm_opt .............   Passed    0.30 sec
    Start 1696: ts_http_pooled_rxtvm_opt
    Test #1695: ts_http_pooled_rxtvm_noopt ...........   Passed    0.25 sec
    Start 1695: ts_http_pooled_rxtvm_noopt
    Test #1694: ts_http_pooled_rxbvm_opt .............   Passed    0.31 sec
    Start 1694: ts_http_pooled_rxbvm_opt
    Test #1693: ts_http_pooled_rxbvm_noopt ...........   Passed    0.25 sec
    Start 1693: ts_http_pooled_rxbvm_noopt
    Test #1695: ts_http_pooled_rxtvm_noopt ...........   Passed    0.25 sec
    Start 1695: ts_http_pooled_rxtvm_noopt
    Test #1693: ts_http_pooled_rxbvm_noopt ...........   Passed    0.25 sec
    Start 1693: ts_http_pooled_rxbvm_noopt
    Test #1696: ts_http_pooled_rxtvm_opt .............   Passed    0.31 sec
    Start 1696: ts_http_pooled_rxtvm_opt
    Test #1694: ts_http_pooled_rxbvm_opt .............   Passed    0.31 sec
    Start 1694: ts_http_pooled_rxbvm_opt
    Test #1695: ts_http_pooled_rxtvm_noopt ...........   Passed    0.25 sec
    Start 1695: ts_http_pooled_rxtvm_noopt
    Test #1693: ts_http_pooled_rxbvm_noopt ...........   Passed    0.26 sec
    Start 1693: ts_http_pooled_rxbvm_noopt
    Test #1696: ts_http_pooled_rxtvm_opt .............   Passed    0.32 sec
    Start 1696: ts_http_pooled_rxtvm_opt
    Test #1694: ts_http_pooled_rxbvm_opt .............   Passed    0.33 sec
    Start 1694: ts_http_pooled_rxbvm_opt
    Test #1695: ts_http_pooled_rxtvm_noopt ...........   Passed    0.26 sec
    Start 1695: ts_http_pooled_rxtvm_noopt
    Test #1693: ts_http_pooled_rxbvm_noopt ...........   Passed    0.26 sec
    Start 1693: ts_http_pooled_rxbvm_noopt
    Test #1696: ts_http_pooled_rxtvm_opt .............   Passed    0.31 sec
    Start 1696: ts_http_pooled_rxtvm_opt
    Test #1694: ts_http_pooled_rxbvm_opt .............   Passed    0.31 sec
    Start 1694: ts_http_pooled_rxbvm_opt
    Test #1695: ts_http_pooled_rxtvm_noopt ...........   Passed    0.25 sec
    Start 1695: ts_http_pooled_rxtvm_noopt
    Test #1693: ts_http_pooled_rxbvm_noopt ...........   Passed    0.25 sec
    Start 1693: ts_http_pooled_rxbvm_noopt
    Test #1696: ts_http_pooled_rxtvm_opt .............   Passed    0.30 sec
    Start 1696: ts_http_pooled_rxtvm_opt
    Test #1694: ts_http_pooled_rxbvm_opt .............   Passed    0.31 sec
    Start 1694: ts_http_pooled_rxbvm_opt
    Test #1695: ts_http_pooled_rxtvm_noopt ...........   Passed    0.25 sec
    Start 1695: ts_http_pooled_rxtvm_noopt
    Test #1693: ts_http_pooled_rxbvm_noopt ...........   Passed    0.25 sec
    Start 1693: ts_http_pooled_rxbvm_noopt
    Test #1695: ts_http_pooled_rxtvm_noopt ...........   Passed    0.25 sec
    Start 1695: ts_http_pooled_rxtvm_noopt
    Test #1696: ts_http_pooled_rxtvm_opt .............   Passed    0.31 sec
    Start 1696: ts_http_pooled_rxtvm_opt
    Test #1693: ts_http_pooled_rxbvm_noopt ...........   Passed    0.25 sec
    Start 1693: ts_http_pooled_rxbvm_noopt
    Test #1694: ts_http_pooled_rxbvm_opt .............   Passed    0.31 sec
    Start 1694: ts_http_pooled_rxbvm_opt
    Test #1695: ts_http_pooled_rxtvm_noopt ...........   Passed    0.25 sec
    Start 1695: ts_http_pooled_rxtvm_noopt
    Test #1693: ts_http_pooled_rxbvm_noopt ...........   Passed    0.25 sec
    Start 1693: ts_http_pooled_rxbvm_noopt
    Test #1696: ts_http_pooled_rxtvm_opt .............   Passed    0.31 sec
    Start 1696: ts_http_pooled_rxtvm_opt
    Test #1694: ts_http_pooled_rxbvm_opt .............   Passed    0.31 sec
    Start 1694: ts_http_pooled_rxbvm_opt
    Test #1695: ts_http_pooled_rxtvm_noopt ...........   Passed    0.25 sec
    Start 1695: ts_http_pooled_rxtvm_noopt
    Test #1693: ts_http_pooled_rxbvm_noopt ...........   Passed    0.26 sec
    Start 1693: ts_http_pooled_rxbvm_noopt
    Test #1696: ts_http_pooled_rxtvm_opt .............   Passed    0.31 sec
    Start 1696: ts_http_pooled_rxtvm_opt
    Test #1694: ts_http_pooled_rxbvm_opt .............   Passed    0.32 sec
    Start 1694: ts_http_pooled_rxbvm_opt
    Test #1695: ts_http_pooled_rxtvm_noopt ...........   Passed    0.25 sec
    Start 1695: ts_http_pooled_rxtvm_noopt
    Test #1693: ts_http_pooled_rxbvm_noopt ...........   Passed    0.25 sec
    Start 1693: ts_http_pooled_rxbvm_noopt
    Test #1696: ts_http_pooled_rxtvm_opt .............   Passed    0.32 sec
    Start 1696: ts_http_pooled_rxtvm_opt
    Test #1694: ts_http_pooled_rxbvm_opt .............   Passed    0.32 sec
    Start 1694: ts_http_pooled_rxbvm_opt
    Test #1695: ts_http_pooled_rxtvm_noopt ...........   Passed    0.25 sec
    Start 1695: ts_http_pooled_rxtvm_noopt
    Test #1693: ts_http_pooled_rxbvm_noopt ...........   Passed    0.25 sec
    Start 1693: ts_http_pooled_rxbvm_noopt
    Test #1695: ts_http_pooled_rxtvm_noopt ...........   Passed    0.25 sec
    Start 1695: ts_http_pooled_rxtvm_noopt
    Test #1696: ts_http_pooled_rxtvm_opt .............   Passed    0.32 sec
    Start 1696: ts_http_pooled_rxtvm_opt
    Test #1693: ts_http_pooled_rxbvm_noopt ...........   Passed    0.25 sec
    Start 1693: ts_http_pooled_rxbvm_noopt
    Test #1694: ts_http_pooled_rxbvm_opt .............   Passed    0.31 sec
    Start 1694: ts_http_pooled_rxbvm_opt
    Test #1695: ts_http_pooled_rxtvm_noopt ...........   Passed    0.25 sec
    Start 1695: ts_http_pooled_rxtvm_noopt
    Test #1693: ts_http_pooled_rxbvm_noopt ...........   Passed    0.25 sec
    Start 1693: ts_http_pooled_rxbvm_noopt
    Test #1696: ts_http_pooled_rxtvm_opt .............   Passed    0.31 sec
    Start 1696: ts_http_pooled_rxtvm_opt
    Test #1694: ts_http_pooled_rxbvm_opt .............   Passed    0.32 sec
    Start 1694: ts_http_pooled_rxbvm_opt
    Test #1695: ts_http_pooled_rxtvm_noopt ...........   Passed    0.26 sec
    Start 1695: ts_http_pooled_rxtvm_noopt
    Test #1693: ts_http_pooled_rxbvm_noopt ...........   Passed    0.26 sec
    Start 1693: ts_http_pooled_rxbvm_noopt
    Test #1696: ts_http_pooled_rxtvm_opt .............   Passed    0.32 sec
    Start 1696: ts_http_pooled_rxtvm_opt
    Test #1694: ts_http_pooled_rxbvm_opt .............   Passed    0.32 sec
    Start 1694: ts_http_pooled_rxbvm_opt
    Test #1695: ts_http_pooled_rxtvm_noopt ...........   Passed    0.25 sec
    Start 1695: ts_http_pooled_rxtvm_noopt
    Test #1693: ts_http_pooled_rxbvm_noopt ...........   Passed    0.25 sec
    Start 1693: ts_http_pooled_rxbvm_noopt
    Test #1696: ts_http_pooled_rxtvm_opt .............   Passed    0.31 sec
    Start 1696: ts_http_pooled_rxtvm_opt
    Test #1694: ts_http_pooled_rxbvm_opt .............   Passed    0.32 sec
    Start 1694: ts_http_pooled_rxbvm_opt
    Test #1695: ts_http_pooled_rxtvm_noopt ...........   Passed    0.26 sec
    Start 1695: ts_http_pooled_rxtvm_noopt
    Test #1693: ts_http_pooled_rxbvm_noopt ...........   Passed    0.26 sec
    Start 1693: ts_http_pooled_rxbvm_noopt
    Test #1695: ts_http_pooled_rxtvm_noopt ...........   Passed    0.25 sec
    Start 1695: ts_http_pooled_rxtvm_noopt
    Test #1696: ts_http_pooled_rxtvm_opt .............   Passed    0.32 sec
    Start 1696: ts_http_pooled_rxtvm_opt
    Test #1693: ts_http_pooled_rxbvm_noopt ...........   Passed    0.25 sec
    Start 1693: ts_http_pooled_rxbvm_noopt
    Test #1694: ts_http_pooled_rxbvm_opt .............   Passed    0.31 sec
    Start 1694: ts_http_pooled_rxbvm_opt
    Test #1695: ts_http_pooled_rxtvm_noopt ...........   Passed    0.25 sec
    Start 1695: ts_http_pooled_rxtvm_noopt
    Test #1693: ts_http_pooled_rxbvm_noopt ...........   Passed    0.25 sec
    Start 1693: ts_http_pooled_rxbvm_noopt
    Test #1696: ts_http_pooled_rxtvm_opt .............   Passed    0.32 sec
    Start 1696: ts_http_pooled_rxtvm_opt
    Test #1694: ts_http_pooled_rxbvm_opt .............   Passed    0.31 sec
    Start 1694: ts_http_pooled_rxbvm_opt
    Test #1695: ts_http_pooled_rxtvm_noopt ...........   Passed    0.25 sec
    Start 1695: ts_http_pooled_rxtvm_noopt
    Test #1693: ts_http_pooled_rxbvm_noopt ...........   Passed    0.26 sec
    Start 1693: ts_http_pooled_rxbvm_noopt
    Test #1696: ts_http_pooled_rxtvm_opt .............   Passed    0.32 sec
    Start 1696: ts_http_pooled_rxtvm_opt
    Test #1694: ts_http_pooled_rxbvm_opt .............   Passed    0.32 sec
    Start 1694: ts_http_pooled_rxbvm_opt
    Test #1695: ts_http_pooled_rxtvm_noopt ...........   Passed    0.25 sec
    Start 1695: ts_http_pooled_rxtvm_noopt
    Test #1693: ts_http_pooled_rxbvm_noopt ...........   Passed    0.26 sec
    Start 1693: ts_http_pooled_rxbvm_noopt
    Test #1696: ts_http_pooled_rxtvm_opt .............   Passed    0.32 sec
    Start 1696: ts_http_pooled_rxtvm_opt
    Test #1694: ts_http_pooled_rxbvm_opt .............   Passed    0.31 sec
    Start 1694: ts_http_pooled_rxbvm_opt
    Test #1695: ts_http_pooled_rxtvm_noopt ...........   Passed    0.26 sec
    Start 1695: ts_http_pooled_rxtvm_noopt
    Test #1693: ts_http_pooled_rxbvm_noopt ...........   Passed    0.25 sec
    Start 1693: ts_http_pooled_rxbvm_noopt
    Test #1695: ts_http_pooled_rxtvm_noopt ...........   Passed    0.27 sec
    Start 1695: ts_http_pooled_rxtvm_noopt
    Test #1696: ts_http_pooled_rxtvm_opt .............   Passed    0.32 sec
    Start 1696: ts_http_pooled_rxtvm_opt
    Test #1693: ts_http_pooled_rxbvm_noopt ...........   Passed    0.26 sec
    Start 1693: ts_http_pooled_rxbvm_noopt
    Test #1694: ts_http_pooled_rxbvm_opt .............   Passed    0.32 sec
    Start 1694: ts_http_pooled_rxbvm_opt
    Test #1695: ts_http_pooled_rxtvm_noopt ...........   Passed    0.25 sec
    Start 1695: ts_http_pooled_rxtvm_noopt
    Test #1693: ts_http_pooled_rxbvm_noopt ...........   Passed    0.25 sec
    Start 1693: ts_http_pooled_rxbvm_noopt
    Test #1696: ts_http_pooled_rxtvm_opt .............   Passed    0.31 sec
    Start 1696: ts_http_pooled_rxtvm_opt
    Test #1694: ts_http_pooled_rxbvm_opt .............   Passed    0.31 sec
    Start 1694: ts_http_pooled_rxbvm_opt
    Test #1695: ts_http_pooled_rxtvm_noopt ...........   Passed    0.26 sec
    Start 1695: ts_http_pooled_rxtvm_noopt
    Test #1693: ts_http_pooled_rxbvm_noopt ...........   Passed    0.26 sec
    Start 1693: ts_http_pooled_rxbvm_noopt
    Test #1696: ts_http_pooled_rxtvm_opt .............   Passed    0.31 sec
    Start 1696: ts_http_pooled_rxtvm_opt
    Test #1694: ts_http_pooled_rxbvm_opt .............   Passed    0.32 sec
    Start 1694: ts_http_pooled_rxbvm_opt
    Test #1695: ts_http_pooled_rxtvm_noopt ...........   Passed    0.26 sec
    Start 1695: ts_http_pooled_rxtvm_noopt
    Test #1693: ts_http_pooled_rxbvm_noopt ...........   Passed    0.26 sec
    Start 1693: ts_http_pooled_rxbvm_noopt
    Test #1696: ts_http_pooled_rxtvm_opt .............   Passed    0.32 sec
    Start 1696: ts_http_pooled_rxtvm_opt
    Test #1694: ts_http_pooled_rxbvm_opt .............   Passed    0.32 sec
    Start 1694: ts_http_pooled_rxbvm_opt
    Test #1695: ts_http_pooled_rxtvm_noopt ...........   Passed    0.26 sec
    Start 1695: ts_http_pooled_rxtvm_noopt
    Test #1693: ts_http_pooled_rxbvm_noopt ...........   Passed    0.26 sec
    Start 1693: ts_http_pooled_rxbvm_noopt
    Test #1696: ts_http_pooled_rxtvm_opt .............   Passed    0.32 sec
    Start 1696: ts_http_pooled_rxtvm_opt
    Test #1695: ts_http_pooled_rxtvm_noopt ...........   Passed    0.26 sec
    Start 1695: ts_http_pooled_rxtvm_noopt
    Test #1694: ts_http_pooled_rxbvm_opt .............   Passed    0.32 sec
    Start 1694: ts_http_pooled_rxbvm_opt
    Test #1693: ts_http_pooled_rxbvm_noopt ...........   Passed    0.26 sec
    Start 1693: ts_http_pooled_rxbvm_noopt
    Test #1695: ts_http_pooled_rxtvm_noopt ...........   Passed    0.26 sec
    Start 1695: ts_http_pooled_rxtvm_noopt
    Test #1693: ts_http_pooled_rxbvm_noopt ...........   Passed    0.26 sec
    Start 1693: ts_http_pooled_rxbvm_noopt
    Test #1696: ts_http_pooled_rxtvm_opt .............   Passed    0.31 sec
    Start 1696: ts_http_pooled_rxtvm_opt
    Test #1694: ts_http_pooled_rxbvm_opt .............   Passed    0.32 sec
    Start 1694: ts_http_pooled_rxbvm_opt
    Test #1695: ts_http_pooled_rxtvm_noopt ...........   Passed    0.26 sec
    Start 1695: ts_http_pooled_rxtvm_noopt
    Test #1693: ts_http_pooled_rxbvm_noopt ...........   Passed    0.26 sec
    Start 1693: ts_http_pooled_rxbvm_noopt
    Test #1696: ts_http_pooled_rxtvm_opt .............   Passed    0.32 sec
    Start 1696: ts_http_pooled_rxtvm_opt
    Test #1694: ts_http_pooled_rxbvm_opt .............   Passed    0.31 sec
    Start 1694: ts_http_pooled_rxbvm_opt
    Test #1695: ts_http_pooled_rxtvm_noopt ...........   Passed    0.26 sec
    Start 1695: ts_http_pooled_rxtvm_noopt
    Test #1693: ts_http_pooled_rxbvm_noopt ...........   Passed    0.26 sec
    Start 1693: ts_http_pooled_rxbvm_noopt
    Test #1696: ts_http_pooled_rxtvm_opt .............   Passed    0.32 sec
    Start 1696: ts_http_pooled_rxtvm_opt
    Test #1694: ts_http_pooled_rxbvm_opt .............   Passed    0.32 sec
    Start 1694: ts_http_pooled_rxbvm_opt
    Test #1695: ts_http_pooled_rxtvm_noopt ...........   Passed    0.26 sec
    Start 1695: ts_http_pooled_rxtvm_noopt
    Test #1693: ts_http_pooled_rxbvm_noopt ...........   Passed    0.26 sec
    Start 1693: ts_http_pooled_rxbvm_noopt
    Test #1696: ts_http_pooled_rxtvm_opt .............   Passed    0.32 sec
    Start 1696: ts_http_pooled_rxtvm_opt
    Test #1694: ts_http_pooled_rxbvm_opt .............   Passed    0.32 sec
    Start 1694: ts_http_pooled_rxbvm_opt
    Test #1695: ts_http_pooled_rxtvm_noopt ...........   Passed    0.26 sec
    Start 1695: ts_http_pooled_rxtvm_noopt
    Test #1693: ts_http_pooled_rxbvm_noopt ...........   Passed    0.26 sec
    Start 1693: ts_http_pooled_rxbvm_noopt
    Test #1695: ts_http_pooled_rxtvm_noopt ...........   Passed    0.26 sec
    Start 1695: ts_http_pooled_rxtvm_noopt
    Test #1696: ts_http_pooled_rxtvm_opt .............   Passed    0.32 sec
    Start 1696: ts_http_pooled_rxtvm_opt
    Test #1693: ts_http_pooled_rxbvm_noopt ...........   Passed    0.26 sec
    Start 1693: ts_http_pooled_rxbvm_noopt
    Test #1694: ts_http_pooled_rxbvm_opt .............   Passed    0.32 sec
    Start 1694: ts_http_pooled_rxbvm_opt
    Test #1695: ts_http_pooled_rxtvm_noopt ...........   Passed    0.26 sec
    Start 1695: ts_http_pooled_rxtvm_noopt
    Test #1693: ts_http_pooled_rxbvm_noopt ...........   Passed    0.26 sec
    Start 1693: ts_http_pooled_rxbvm_noopt
    Test #1696: ts_http_pooled_rxtvm_opt .............   Passed    0.32 sec
    Start 1696: ts_http_pooled_rxtvm_opt
    Test #1694: ts_http_pooled_rxbvm_opt .............   Passed    0.32 sec
    Start 1694: ts_http_pooled_rxbvm_opt
    Test #1695: ts_http_pooled_rxtvm_noopt ...........   Passed    0.26 sec
    Start 1695: ts_http_pooled_rxtvm_noopt
    Test #1693: ts_http_pooled_rxbvm_noopt ...........   Passed    0.26 sec
    Start 1693: ts_http_pooled_rxbvm_noopt
    Test #1696: ts_http_pooled_rxtvm_opt .............   Passed    0.32 sec
    Start 1696: ts_http_pooled_rxtvm_opt
    Test #1694: ts_http_pooled_rxbvm_opt .............   Passed    0.33 sec
    Start 1694: ts_http_pooled_rxbvm_opt
    Test #1695: ts_http_pooled_rxtvm_noopt ...........   Passed    0.26 sec
    Start 1695: ts_http_pooled_rxtvm_noopt
    Test #1693: ts_http_pooled_rxbvm_noopt ...........   Passed    0.26 sec
    Start 1693: ts_http_pooled_rxbvm_noopt
    Test #1696: ts_http_pooled_rxtvm_opt .............   Passed    0.32 sec
    Start 1696: ts_http_pooled_rxtvm_opt
    Test #1694: ts_http_pooled_rxbvm_opt .............   Passed    0.32 sec
    Start 1694: ts_http_pooled_rxbvm_opt
    Test #1695: ts_http_pooled_rxtvm_noopt ...........   Passed    0.26 sec
    Start 1695: ts_http_pooled_rxtvm_noopt
    Test #1693: ts_http_pooled_rxbvm_noopt ...........   Passed    0.26 sec
    Start 1693: ts_http_pooled_rxbvm_noopt
    Test #1695: ts_http_pooled_rxtvm_noopt ...........   Passed    0.27 sec
    Start 1695: ts_http_pooled_rxtvm_noopt
    Test #1696: ts_http_pooled_rxtvm_opt .............   Passed    0.33 sec
    Start 1696: ts_http_pooled_rxtvm_opt
    Test #1694: ts_http_pooled_rxbvm_opt .............   Passed    0.33 sec
    Start 1694: ts_http_pooled_rxbvm_opt
    Test #1693: ts_http_pooled_rxbvm_noopt ...........   Passed    0.27 sec
    Start 1693: ts_http_pooled_rxbvm_noopt
    Test #1695: ts_http_pooled_rxtvm_noopt ...........   Passed    0.27 sec
    Start 1695: ts_http_pooled_rxtvm_noopt
    Test #1693: ts_http_pooled_rxbvm_noopt ...........   Passed    0.26 sec
    Start 1693: ts_http_pooled_rxbvm_noopt
    Test #1696: ts_http_pooled_rxtvm_opt .............   Passed    0.32 sec
    Start 1696: ts_http_pooled_rxtvm_opt
    Test #1694: ts_http_pooled_rxbvm_opt .............   Passed    0.33 sec
    Start 1694: ts_http_pooled_rxbvm_opt
    Test #1695: ts_http_pooled_rxtvm_noopt ...........   Passed    0.26 sec
    Start 1695: ts_http_pooled_rxtvm_noopt
    Test #1693: ts_http_pooled_rxbvm_noopt ...........   Passed    0.26 sec
    Start 1693: ts_http_pooled_rxbvm_noopt
    Test #1696: ts_http_pooled_rxtvm_opt .............   Passed    0.32 sec
    Start 1696: ts_http_pooled_rxtvm_opt
    Test #1694: ts_http_pooled_rxbvm_opt .............   Passed    0.32 sec
    Start 1694: ts_http_pooled_rxbvm_opt
    Test #1695: ts_http_pooled_rxtvm_noopt ...........   Passed    0.27 sec
    Start 1695: ts_http_pooled_rxtvm_noopt
    Test #1693: ts_http_pooled_rxbvm_noopt ...........   Passed    0.26 sec
    Start 1693: ts_http_pooled_rxbvm_noopt
    Test #1696: ts_http_pooled_rxtvm_opt .............   Passed    0.32 sec
    Start 1696: ts_http_pooled_rxtvm_opt
    Test #1694: ts_http_pooled_rxbvm_opt .............   Passed    0.33 sec
    Start 1694: ts_http_pooled_rxbvm_opt
    Test #1695: ts_http_pooled_rxtvm_noopt ...........   Passed    0.26 sec
    Start 1695: ts_http_pooled_rxtvm_noopt
    Test #1693: ts_http_pooled_rxbvm_noopt ...........   Passed    0.26 sec
    Start 1693: ts_http_pooled_rxbvm_noopt
    Test #1696: ts_http_pooled_rxtvm_opt .............   Passed    0.34 sec
    Start 1696: ts_http_pooled_rxtvm_opt
    Test #1695: ts_http_pooled_rxtvm_noopt ...........   Passed    0.26 sec
    Start 1695: ts_http_pooled_rxtvm_noopt
    Test #1694: ts_http_pooled_rxbvm_opt .............   Passed    0.34 sec
    Start 1694: ts_http_pooled_rxbvm_opt
    Test #1693: ts_http_pooled_rxbvm_noopt ...........   Passed    0.26 sec
    Start 1693: ts_http_pooled_rxbvm_noopt
    Test #1695: ts_http_pooled_rxtvm_noopt ...........   Passed    0.26 sec
    Start 1695: ts_http_pooled_rxtvm_noopt
    Test #1693: ts_http_pooled_rxbvm_noopt ...........   Passed    0.26 sec
    Start 1693: ts_http_pooled_rxbvm_noopt
    Test #1696: ts_http_pooled_rxtvm_opt .............   Passed    0.32 sec
    Start 1696: ts_http_pooled_rxtvm_opt
    Test #1694: ts_http_pooled_rxbvm_opt .............   Passed    0.33 sec
    Start 1694: ts_http_pooled_rxbvm_opt
    Test #1695: ts_http_pooled_rxtvm_noopt ...........   Passed    0.26 sec
    Start 1695: ts_http_pooled_rxtvm_noopt
    Test #1693: ts_http_pooled_rxbvm_noopt ...........   Passed    0.26 sec
    Start 1693: ts_http_pooled_rxbvm_noopt
    Test #1696: ts_http_pooled_rxtvm_opt .............   Passed    0.32 sec
    Start 1696: ts_http_pooled_rxtvm_opt
    Test #1694: ts_http_pooled_rxbvm_opt .............   Passed    0.32 sec
    Start 1694: ts_http_pooled_rxbvm_opt
    Test #1695: ts_http_pooled_rxtvm_noopt ...........   Passed    0.27 sec
    Start 1695: ts_http_pooled_rxtvm_noopt
    Test #1693: ts_http_pooled_rxbvm_noopt ...........   Passed    0.26 sec
    Start 1693: ts_http_pooled_rxbvm_noopt
    Test #1696: ts_http_pooled_rxtvm_opt .............   Passed    0.33 sec
    Start 1696: ts_http_pooled_rxtvm_opt
    Test #1694: ts_http_pooled_rxbvm_opt .............   Passed    0.32 sec
    Start 1694: ts_http_pooled_rxbvm_opt
    Test #1695: ts_http_pooled_rxtvm_noopt ...........   Passed    0.26 sec
    Start 1695: ts_http_pooled_rxtvm_noopt
    Test #1693: ts_http_pooled_rxbvm_noopt ...........   Passed    0.26 sec
    Start 1693: ts_http_pooled_rxbvm_noopt
    Test #1696: ts_http_pooled_rxtvm_opt .............   Passed    0.35 sec
    Start 1696: ts_http_pooled_rxtvm_opt
    Test #1695: ts_http_pooled_rxtvm_noopt ...........   Passed    0.27 sec
    Start 1695: ts_http_pooled_rxtvm_noopt
    Test #1694: ts_http_pooled_rxbvm_opt .............   Passed    0.33 sec
    Start 1694: ts_http_pooled_rxbvm_opt
    Test #1693: ts_http_pooled_rxbvm_noopt ...........   Passed    0.27 sec
    Start 1693: ts_http_pooled_rxbvm_noopt
    Test #1695: ts_http_pooled_rxtvm_noopt ...........   Passed    0.27 sec
    Start 1695: ts_http_pooled_rxtvm_noopt
    Test #1693: ts_http_pooled_rxbvm_noopt ...........   Passed    0.27 sec
    Start 1693: ts_http_pooled_rxbvm_noopt
    Test #1696: ts_http_pooled_rxtvm_opt .............   Passed    0.33 sec
    Start 1696: ts_http_pooled_rxtvm_opt
    Test #1694: ts_http_pooled_rxbvm_opt .............   Passed    0.33 sec
    Start 1694: ts_http_pooled_rxbvm_opt
    Test #1695: ts_http_pooled_rxtvm_noopt ...........   Passed    0.27 sec
    Start 1695: ts_http_pooled_rxtvm_noopt
    Test #1693: ts_http_pooled_rxbvm_noopt ...........   Passed    0.26 sec
    Start 1693: ts_http_pooled_rxbvm_noopt
    Test #1696: ts_http_pooled_rxtvm_opt .............   Passed    0.33 sec
    Start 1696: ts_http_pooled_rxtvm_opt
    Test #1694: ts_http_pooled_rxbvm_opt .............   Passed    0.32 sec
    Start 1694: ts_http_pooled_rxbvm_opt
    Test #1695: ts_http_pooled_rxtvm_noopt ...........   Passed    0.26 sec
    Start 1695: ts_http_pooled_rxtvm_noopt
    Test #1693: ts_http_pooled_rxbvm_noopt ...........   Passed    0.27 sec
    Start 1693: ts_http_pooled_rxbvm_noopt
    Test #1696: ts_http_pooled_rxtvm_opt .............   Passed    0.33 sec
    Start 1696: ts_http_pooled_rxtvm_opt
    Test #1694: ts_http_pooled_rxbvm_opt .............   Passed    0.33 sec
    Start 1694: ts_http_pooled_rxbvm_opt
    Test #1695: ts_http_pooled_rxtvm_noopt ...........   Passed    0.26 sec
    Start 1695: ts_http_pooled_rxtvm_noopt
    Test #1693: ts_http_pooled_rxbvm_noopt ...........   Passed    0.26 sec
    Start 1693: ts_http_pooled_rxbvm_noopt
    Test #1696: ts_http_pooled_rxtvm_opt .............   Passed    0.32 sec
    Start 1696: ts_http_pooled_rxtvm_opt
    Test #1694: ts_http_pooled_rxbvm_opt .............   Passed    0.31 sec
    Start 1694: ts_http_pooled_rxbvm_opt
    Test #1695: ts_http_pooled_rxtvm_noopt ...........   Passed    0.25 sec
    Start 1695: ts_http_pooled_rxtvm_noopt
    Test #1693: ts_http_pooled_rxbvm_noopt ...........   Passed    0.25 sec
    Start 1693: ts_http_pooled_rxbvm_noopt
    Test #1695: ts_http_pooled_rxtvm_noopt ...........   Passed    0.28 sec
    Start 1695: ts_http_pooled_rxtvm_noopt
    Test #1693: ts_http_pooled_rxbvm_noopt ...........   Passed    0.27 sec
    Start 1693: ts_http_pooled_rxbvm_noopt
    Test #1696: ts_http_pooled_rxtvm_opt .............   Passed    0.34 sec
    Start 1696: ts_http_pooled_rxtvm_opt
    Test #1694: ts_http_pooled_rxbvm_opt .............   Passed    0.34 sec
    Start 1694: ts_http_pooled_rxbvm_opt
    Test #1695: ts_http_pooled_rxtvm_noopt ...........   Passed    0.27 sec
    Start 1695: ts_http_pooled_rxtvm_noopt
    Test #1693: ts_http_pooled_rxbvm_noopt ...........   Passed    0.26 sec
    Start 1693: ts_http_pooled_rxbvm_noopt
    Test #1696: ts_http_pooled_rxtvm_opt .............   Passed    0.33 sec
    Start 1696: ts_http_pooled_rxtvm_opt
    Test #1694: ts_http_pooled_rxbvm_opt .............   Passed    0.33 sec
    Start 1694: ts_http_pooled_rxbvm_opt
    Test #1695: ts_http_pooled_rxtvm_noopt ...........   Passed    0.26 sec
    Start 1695: ts_http_pooled_rxtvm_noopt
    Test #1693: ts_http_pooled_rxbvm_noopt ...........   Passed    0.27 sec
    Start 1693: ts_http_pooled_rxbvm_noopt
    Test #1694: ts_http_pooled_rxbvm_opt .............   Passed    0.32 sec
    Start 1694: ts_http_pooled_rxbvm_opt
    Test #1696: ts_http_pooled_rxtvm_opt .............   Passed    0.33 sec
    Start 1696: ts_http_pooled_rxtvm_opt
    Test #1695: ts_http_pooled_rxtvm_noopt ...........   Passed    0.27 sec
    Start 1695: ts_http_pooled_rxtvm_noopt
    Test #1693: ts_http_pooled_rxbvm_noopt ...........   Passed    0.26 sec
    Start 1693: ts_http_pooled_rxbvm_noopt
    Test #1694: ts_http_pooled_rxbvm_opt .............   Passed    0.32 sec
    Start 1694: ts_http_pooled_rxbvm_opt
    Test #1696: ts_http_pooled_rxtvm_opt .............   Passed    0.33 sec
    Start 1696: ts_http_pooled_rxtvm_opt
    Test #1695: ts_http_pooled_rxtvm_noopt ...........   Passed    0.26 sec
    Start 1695: ts_http_pooled_rxtvm_noopt
    Test #1693: ts_http_pooled_rxbvm_noopt ...........   Passed    0.27 sec
    Start 1693: ts_http_pooled_rxbvm_noopt
    Test #1695: ts_http_pooled_rxtvm_noopt ...........   Passed    0.27 sec
    Start 1695: ts_http_pooled_rxtvm_noopt
    Test #1694: ts_http_pooled_rxbvm_opt .............   Passed    0.33 sec
    Start 1694: ts_http_pooled_rxbvm_opt
    Test #1696: ts_http_pooled_rxtvm_opt .............   Passed    0.32 sec
    Start 1696: ts_http_pooled_rxtvm_opt
    Test #1693: ts_http_pooled_rxbvm_noopt ...........   Passed    0.27 sec
    Start 1693: ts_http_pooled_rxbvm_noopt
    Test #1695: ts_http_pooled_rxtvm_noopt ...........   Passed    0.27 sec
    Start 1695: ts_http_pooled_rxtvm_noopt
    Test #1693: ts_http_pooled_rxbvm_noopt ...........   Passed    0.27 sec
    Start 1693: ts_http_pooled_rxbvm_noopt
    Test #1694: ts_http_pooled_rxbvm_opt .............   Passed    0.33 sec
    Start 1694: ts_http_pooled_rxbvm_opt
    Test #1696: ts_http_pooled_rxtvm_opt .............   Passed    0.33 sec
    Start 1696: ts_http_pooled_rxtvm_opt
    Test #1695: ts_http_pooled_rxtvm_noopt ...........   Passed    0.26 sec
    Start 1695: ts_http_pooled_rxtvm_noopt
    Test #1693: ts_http_pooled_rxbvm_noopt ...........   Passed    0.26 sec
    Start 1693: ts_http_pooled_rxbvm_noopt
    Test #1694: ts_http_pooled_rxbvm_opt .............   Passed    0.32 sec
    Start 1694: ts_http_pooled_rxbvm_opt
    Test #1696: ts_http_pooled_rxtvm_opt .............   Passed    0.32 sec
    Start 1696: ts_http_pooled_rxtvm_opt
    Test #1695: ts_http_pooled_rxtvm_noopt ...........   Passed    0.27 sec
    Start 1695: ts_http_pooled_rxtvm_noopt
    Test #1693: ts_http_pooled_rxbvm_noopt ...........   Passed    0.27 sec
    Start 1693: ts_http_pooled_rxbvm_noopt
    Test #1694: ts_http_pooled_rxbvm_opt .............   Passed    0.32 sec
    Start 1694: ts_http_pooled_rxbvm_opt
    Test #1696: ts_http_pooled_rxtvm_opt .............   Passed    0.33 sec
    Start 1696: ts_http_pooled_rxtvm_opt
    Test #1695: ts_http_pooled_rxtvm_noopt ...........   Passed    0.27 sec
    Start 1695: ts_http_pooled_rxtvm_noopt
    Test #1693: ts_http_pooled_rxbvm_noopt ...........   Passed    0.27 sec
    Start 1693: ts_http_pooled_rxbvm_noopt
    Test #1694: ts_http_pooled_rxbvm_opt .............   Passed    0.33 sec
    Start 1694: ts_http_pooled_rxbvm_opt
    Test #1696: ts_http_pooled_rxtvm_opt .............   Passed    0.33 sec
    Start 1696: ts_http_pooled_rxtvm_opt
    Test #1695: ts_http_pooled_rxtvm_noopt ...........   Passed    0.27 sec
    Start 1695: ts_http_pooled_rxtvm_noopt
    Test #1693: ts_http_pooled_rxbvm_noopt ...........   Passed    0.27 sec
    Start 1693: ts_http_pooled_rxbvm_noopt
    Test #1695: ts_http_pooled_rxtvm_noopt ...........   Passed    0.27 sec
    Start 1695: ts_http_pooled_rxtvm_noopt
    Test #1693: ts_http_pooled_rxbvm_noopt ...........   Passed    0.27 sec
    Start 1693: ts_http_pooled_rxbvm_noopt
    Test #1694: ts_http_pooled_rxbvm_opt .............   Passed    0.33 sec
    Start 1694: ts_http_pooled_rxbvm_opt
    Test #1696: ts_http_pooled_rxtvm_opt .............   Passed    0.32 sec
    Start 1696: ts_http_pooled_rxtvm_opt
    Test #1695: ts_http_pooled_rxtvm_noopt ...........   Passed    0.27 sec
    Start 1695: ts_http_pooled_rxtvm_noopt
    Test #1693: ts_http_pooled_rxbvm_noopt ...........   Passed    0.27 sec
    Start 1693: ts_http_pooled_rxbvm_noopt
    Test #1694: ts_http_pooled_rxbvm_opt .............   Passed    0.33 sec
    Start 1694: ts_http_pooled_rxbvm_opt
    Test #1696: ts_http_pooled_rxtvm_opt .............   Passed    0.34 sec
    Start 1696: ts_http_pooled_rxtvm_opt
    Test #1695: ts_http_pooled_rxtvm_noopt ...........   Passed    0.26 sec
    Start 1695: ts_http_pooled_rxtvm_noopt
    Test #1693: ts_http_pooled_rxbvm_noopt ...........   Passed    0.26 sec
    Start 1693: ts_http_pooled_rxbvm_noopt
    Test #1694: ts_http_pooled_rxbvm_opt .............   Passed    0.33 sec
    Start 1694: ts_http_pooled_rxbvm_opt
    Test #1696: ts_http_pooled_rxtvm_opt .............   Passed    0.34 sec
    Start 1696: ts_http_pooled_rxtvm_opt
    Test #1695: ts_http_pooled_rxtvm_noopt ...........   Passed    0.26 sec
    Start 1695: ts_http_pooled_rxtvm_noopt
    Test #1693: ts_http_pooled_rxbvm_noopt ...........   Passed    0.26 sec
    Start 1693: ts_http_pooled_rxbvm_noopt
    Test #1694: ts_http_pooled_rxbvm_opt .............   Passed    0.33 sec
    Start 1694: ts_http_pooled_rxbvm_opt
    Test #1696: ts_http_pooled_rxtvm_opt .............   Passed    0.33 sec
    Start 1696: ts_http_pooled_rxtvm_opt
    Test #1695: ts_http_pooled_rxtvm_noopt ...........   Passed    0.26 sec
    Start 1695: ts_http_pooled_rxtvm_noopt
    Test #1693: ts_http_pooled_rxbvm_noopt ...........   Passed    0.26 sec
    Start 1693: ts_http_pooled_rxbvm_noopt
    Test #1695: ts_http_pooled_rxtvm_noopt ...........   Passed    0.28 sec
    Start 1695: ts_http_pooled_rxtvm_noopt
    Test #1694: ts_http_pooled_rxbvm_opt .............   Passed    0.34 sec
    Start 1694: ts_http_pooled_rxbvm_opt
    Test #1693: ts_http_pooled_rxbvm_noopt ...........   Passed    0.28 sec
    Start 1693: ts_http_pooled_rxbvm_noopt
    Test #1696: ts_http_pooled_rxtvm_opt .............   Passed    0.34 sec
    Start 1696: ts_http_pooled_rxtvm_opt
    Test #1695: ts_http_pooled_rxtvm_noopt ...........   Passed    0.27 sec
    Start 1695: ts_http_pooled_rxtvm_noopt
    Test #1693: ts_http_pooled_rxbvm_noopt ...........   Passed    0.27 sec
    Start 1693: ts_http_pooled_rxbvm_noopt
    Test #1694: ts_http_pooled_rxbvm_opt .............   Passed    0.34 sec
    Start 1694: ts_http_pooled_rxbvm_opt
    Test #1696: ts_http_pooled_rxtvm_opt .............   Passed    0.33 sec
    Start 1696: ts_http_pooled_rxtvm_opt
    Test #1695: ts_http_pooled_rxtvm_noopt ...........   Passed    0.27 sec
    Start 1695: ts_http_pooled_rxtvm_noopt
    Test #1693: ts_http_pooled_rxbvm_noopt ...........   Passed    0.26 sec
    Start 1693: ts_http_pooled_rxbvm_noopt
    Test #1694: ts_http_pooled_rxbvm_opt .............   Passed    0.33 sec
    Start 1694: ts_http_pooled_rxbvm_opt
    Test #1696: ts_http_pooled_rxtvm_opt .............   Passed    0.32 sec
    Start 1696: ts_http_pooled_rxtvm_opt
    Test #1695: ts_http_pooled_rxtvm_noopt ...........   Passed    0.27 sec
    Start 1695: ts_http_pooled_rxtvm_noopt
    Test #1693: ts_http_pooled_rxbvm_noopt ...........   Passed    0.26 sec
    Start 1693: ts_http_pooled_rxbvm_noopt
    Test #1694: ts_http_pooled_rxbvm_opt .............   Passed    0.33 sec
    Start 1694: ts_http_pooled_rxbvm_opt
    Test #1696: ts_http_pooled_rxtvm_opt .............   Passed    0.33 sec
    Start 1696: ts_http_pooled_rxtvm_opt
    Test #1695: ts_http_pooled_rxtvm_noopt ...........   Passed    0.27 sec
    Start 1695: ts_http_pooled_rxtvm_noopt
    Test #1693: ts_http_pooled_rxbvm_noopt ...........   Passed    0.26 sec
    Start 1693: ts_http_pooled_rxbvm_noopt
    Test #1695: ts_http_pooled_rxtvm_noopt ...........   Passed    0.27 sec
    Start 1695: ts_http_pooled_rxtvm_noopt
    Test #1694: ts_http_pooled_rxbvm_opt .............   Passed    0.33 sec
    Start 1694: ts_http_pooled_rxbvm_opt
    Test #1693: ts_http_pooled_rxbvm_noopt ...........   Passed    0.27 sec
    Start 1693: ts_http_pooled_rxbvm_noopt
    Test #1696: ts_http_pooled_rxtvm_opt .............   Passed    0.32 sec
    Start 1696: ts_http_pooled_rxtvm_opt
    Test #1695: ts_http_pooled_rxtvm_noopt ...........   Passed    0.27 sec
    Start 1695: ts_http_pooled_rxtvm_noopt
    Test #1693: ts_http_pooled_rxbvm_noopt ...........   Passed    0.27 sec
    Start 1693: ts_http_pooled_rxbvm_noopt
    Test #1694: ts_http_pooled_rxbvm_opt .............   Passed    0.33 sec
    Start 1694: ts_http_pooled_rxbvm_opt
    Test #1696: ts_http_pooled_rxtvm_opt .............   Passed    0.33 sec
    Start 1696: ts_http_pooled_rxtvm_opt
    Test #1695: ts_http_pooled_rxtvm_noopt ...........   Passed    0.27 sec
    Start 1695: ts_http_pooled_rxtvm_noopt
    Test #1693: ts_http_pooled_rxbvm_noopt ...........   Passed    0.27 sec
    Start 1693: ts_http_pooled_rxbvm_noopt
    Test #1694: ts_http_pooled_rxbvm_opt .............   Passed    0.33 sec
    Start 1694: ts_http_pooled_rxbvm_opt
    Test #1696: ts_http_pooled_rxtvm_opt .............   Passed    0.34 sec
    Start 1696: ts_http_pooled_rxtvm_opt
    Test #1695: ts_http_pooled_rxtvm_noopt ...........   Passed    0.27 sec
    Start 1695: ts_http_pooled_rxtvm_noopt
    Test #1693: ts_http_pooled_rxbvm_noopt ...........   Passed    0.26 sec
    Start 1693: ts_http_pooled_rxbvm_noopt
    Test #1694: ts_http_pooled_rxbvm_opt .............   Passed    0.33 sec
    Start 1694: ts_http_pooled_rxbvm_opt
    Test #1696: ts_http_pooled_rxtvm_opt .............   Passed    0.32 sec
    Start 1696: ts_http_pooled_rxtvm_opt
    Test #1695: ts_http_pooled_rxtvm_noopt ...........   Passed    0.27 sec
    Start 1695: ts_http_pooled_rxtvm_noopt
    Test #1693: ts_http_pooled_rxbvm_noopt ...........   Passed    0.26 sec
    Start 1693: ts_http_pooled_rxbvm_noopt
    Test #1695: ts_http_pooled_rxtvm_noopt ...........   Passed    0.27 sec
    Start 1695: ts_http_pooled_rxtvm_noopt
    Test #1694: ts_http_pooled_rxbvm_opt .............   Passed    0.33 sec
    Start 1694: ts_http_pooled_rxbvm_opt
    Test #1696: ts_http_pooled_rxtvm_opt .............   Passed    0.33 sec
    Start 1696: ts_http_pooled_rxtvm_opt
    Test #1693: ts_http_pooled_rxbvm_noopt ...........   Passed    0.27 sec
    Start 1693: ts_http_pooled_rxbvm_noopt
2/5 Test #1695: ts_http_pooled_rxtvm_noopt ...........   Passed    0.29 sec
3/5 Test #1693: ts_http_pooled_rxbvm_noopt ...........   Passed    0.29 sec
    Test #1696: ts_http_pooled_rxtvm_opt .............   Passed    0.34 sec
    Start 1696: ts_http_pooled_rxtvm_opt
    Test #1694: ts_http_pooled_rxbvm_opt .............   Passed    0.35 sec
    Start 1694: ts_http_pooled_rxbvm_opt
    Test #1696: ts_http_pooled_rxtvm_opt .............   Passed    0.31 sec
    Start 1696: ts_http_pooled_rxtvm_opt
    Test #1694: ts_http_pooled_rxbvm_opt .............   Passed    0.30 sec
    Start 1694: ts_http_pooled_rxbvm_opt
    Test #1696: ts_http_pooled_rxtvm_opt .............   Passed    0.30 sec
    Start 1696: ts_http_pooled_rxtvm_opt
    Test #1694: ts_http_pooled_rxbvm_opt .............   Passed    0.30 sec
    Start 1694: ts_http_pooled_rxbvm_opt
    Test #1696: ts_http_pooled_rxtvm_opt .............   Passed    0.30 sec
    Start 1696: ts_http_pooled_rxtvm_opt
    Test #1694: ts_http_pooled_rxbvm_opt .............   Passed    0.30 sec
    Start 1694: ts_http_pooled_rxbvm_opt
    Test #1696: ts_http_pooled_rxtvm_opt .............   Passed    0.30 sec
    Start 1696: ts_http_pooled_rxtvm_opt
    Test #1694: ts_http_pooled_rxbvm_opt .............   Passed    0.30 sec
    Start 1694: ts_http_pooled_rxbvm_opt
    Test #1696: ts_http_pooled_rxtvm_opt .............   Passed    0.30 sec
    Start 1696: ts_http_pooled_rxtvm_opt
    Test #1694: ts_http_pooled_rxbvm_opt .............   Passed    0.30 sec
    Start 1694: ts_http_pooled_rxbvm_opt
    Test #1694: ts_http_pooled_rxbvm_opt .............   Passed    0.29 sec
    Start 1694: ts_http_pooled_rxbvm_opt
    Test #1696: ts_http_pooled_rxtvm_opt .............   Passed    0.30 sec
    Start 1696: ts_http_pooled_rxtvm_opt
    Test #1694: ts_http_pooled_rxbvm_opt .............   Passed    0.31 sec
    Start 1694: ts_http_pooled_rxbvm_opt
    Test #1696: ts_http_pooled_rxtvm_opt .............   Passed    0.31 sec
    Start 1696: ts_http_pooled_rxtvm_opt
    Test #1696: ts_http_pooled_rxtvm_opt .............   Passed    0.31 sec
    Start 1696: ts_http_pooled_rxtvm_opt
    Test #1694: ts_http_pooled_rxbvm_opt .............   Passed    0.31 sec
    Start 1694: ts_http_pooled_rxbvm_opt
    Test #1696: ts_http_pooled_rxtvm_opt .............   Passed    0.29 sec
    Start 1696: ts_http_pooled_rxtvm_opt
    Test #1694: ts_http_pooled_rxbvm_opt .............   Passed    0.30 sec
    Start 1694: ts_http_pooled_rxbvm_opt
    Test #1696: ts_http_pooled_rxtvm_opt .............   Passed    0.30 sec
    Start 1696: ts_http_pooled_rxtvm_opt
    Test #1694: ts_http_pooled_rxbvm_opt .............   Passed    0.30 sec
    Start 1694: ts_http_pooled_rxbvm_opt
    Test #1694: ts_http_pooled_rxbvm_opt .............   Passed    0.29 sec
    Start 1694: ts_http_pooled_rxbvm_opt
    Test #1696: ts_http_pooled_rxtvm_opt .............   Passed    0.30 sec
    Start 1696: ts_http_pooled_rxtvm_opt
    Test #1694: ts_http_pooled_rxbvm_opt .............   Passed    0.31 sec
    Start 1694: ts_http_pooled_rxbvm_opt
    Test #1696: ts_http_pooled_rxtvm_opt .............   Passed    0.31 sec
    Start 1696: ts_http_pooled_rxtvm_opt
    Test #1694: ts_http_pooled_rxbvm_opt .............   Passed    0.30 sec
    Start 1694: ts_http_pooled_rxbvm_opt
    Test #1696: ts_http_pooled_rxtvm_opt .............   Passed    0.31 sec
    Start 1696: ts_http_pooled_rxtvm_opt
    Test #1696: ts_http_pooled_rxtvm_opt .............   Passed    0.29 sec
    Start 1696: ts_http_pooled_rxtvm_opt
    Test #1694: ts_http_pooled_rxbvm_opt .............   Passed    0.30 sec
    Start 1694: ts_http_pooled_rxbvm_opt
    Test #1694: ts_http_pooled_rxbvm_opt .............   Passed    0.30 sec
    Start 1694: ts_http_pooled_rxbvm_opt
    Test #1696: ts_http_pooled_rxtvm_opt .............   Passed    0.30 sec
    Start 1696: ts_http_pooled_rxtvm_opt
    Test #1696: ts_http_pooled_rxtvm_opt .............   Passed    0.30 sec
    Start 1696: ts_http_pooled_rxtvm_opt
    Test #1694: ts_http_pooled_rxbvm_opt .............   Passed    0.30 sec
    Start 1694: ts_http_pooled_rxbvm_opt
    Test #1696: ts_http_pooled_rxtvm_opt .............   Passed    0.30 sec
    Start 1696: ts_http_pooled_rxtvm_opt
    Test #1694: ts_http_pooled_rxbvm_opt .............   Passed    0.30 sec
    Start 1694: ts_http_pooled_rxbvm_opt
    Test #1696: ts_http_pooled_rxtvm_opt .............   Passed    0.30 sec
    Start 1696: ts_http_pooled_rxtvm_opt
    Test #1694: ts_http_pooled_rxbvm_opt .............   Passed    0.30 sec
    Start 1694: ts_http_pooled_rxbvm_opt
4/5 Test #1694: ts_http_pooled_rxbvm_opt .............   Passed    0.29 sec
5/5 Test #1696: ts_http_pooled_rxtvm_opt .............   Passed    0.30 sec

100% tests passed, 0 tests failed out of 5

Label Time Summary:
f1g           =   1.16 sec*proc (4 tests)
gate_f        =   1.16 sec*proc (4 tests)
http          =   1.16 sec*proc (4 tests)
levelg        =   1.16 sec*proc (4 tests)
library       =   1.16 sec*proc (4 tests)
linked_opt    =   0.59 sec*proc (2 tests)
rxbvm         =   0.58 sec*proc (2 tests)
rxtvm         =   0.58 sec*proc (2 tests)

Total Test time (real) =  39.10 sec
