Test project /Users/adrian/CLionProjects/CREXX/cmake-build-release
      Start    1: linked_opt_runtime_artifacts_build
 1/42 Test    #1: linked_opt_runtime_artifacts_build ......   Passed    0.08 sec
      Start  508: gate_f_levelg_rxbvm_noopt
      Start 1695: ts_http_pooled_rxtvm_noopt
      Start 1696: ts_http_pooled_rxtvm_opt
      Start 1693: ts_http_pooled_rxbvm_noopt
      Start  543: signal_control_unwind_rxtvm_opt
      Start  542: signal_control_unwind_rxtvm_noopt
      Start  539: gate_f_contextual_levelb
      Start 1694: ts_http_pooled_rxbvm_opt
      Start  541: signal_control_unwind_rxbvm_opt
      Start  540: signal_control_unwind_rxbvm_noopt
 2/42 Test  #542: signal_control_unwind_rxtvm_noopt .......   Passed    0.27 sec
      Start  522: gate_f_pending_return
 3/42 Test  #541: signal_control_unwind_rxbvm_opt .........   Passed    0.31 sec
      Start  520: gate_f_bad_scope
 4/42 Test  #543: signal_control_unwind_rxtvm_opt .........   Passed    0.31 sec
      Start  523: gate_f_pending_reference
 5/42 Test  #539: gate_f_contextual_levelb ................   Passed    0.32 sec
      Start  521: gate_f_pending_mutation
 6/42 Test  #540: signal_control_unwind_rxbvm_noopt .......   Passed    0.32 sec
      Start  528: gate_f_dynamic_task_target
 7/42 Test #1695: ts_http_pooled_rxtvm_noopt ..............   Passed    0.37 sec
      Start  529: gate_f_scope_reused
 8/42 Test #1693: ts_http_pooled_rxbvm_noopt ..............   Passed    0.37 sec
      Start  524: gate_f_nested_task_wait
 9/42 Test #1694: ts_http_pooled_rxbvm_opt ................   Passed    0.41 sec
      Start  535: gate_f_taskwork_required
10/42 Test #1696: ts_http_pooled_rxtvm_opt ................   Passed    0.46 sec
      Start  536: gate_f_taskwork_factory_arg
11/42 Test  #522: gate_f_pending_return ...................   Passed    0.25 sec
      Start  537: gate_f_task_object_result_required
12/42 Test  #520: gate_f_bad_scope ........................   Passed    0.26 sec
      Start  538: gate_f_task_interface_result
13/42 Test  #523: gate_f_pending_reference ................   Passed    0.28 sec
      Start  507: gate_f_levelb_contract
14/42 Test  #521: gate_f_pending_mutation .................   Passed    0.28 sec
      Start  530: gate_f_task_levelb
15/42 Test  #528: gate_f_dynamic_task_target ..............   Passed    0.28 sec
      Start  533: gate_f_task_target_levelb
16/42 Test  #524: gate_f_nested_task_wait .................   Passed    0.27 sec
      Start  532: gate_f_parallel_expr_levelb
17/42 Test  #529: gate_f_scope_reused .....................   Passed    0.28 sec
      Start  534: gate_f_task_factory_target_levelb
18/42 Test  #535: gate_f_taskwork_required ................   Passed    0.26 sec
      Start  525: gate_f_task_exposed_arg
19/42 Test  #533: gate_f_task_target_levelb ...............   Passed    0.08 sec
      Start  527: gate_f_task_receiver
20/42 Test  #530: gate_f_task_levelb ......................   Passed    0.09 sec
      Start  526: gate_f_task_reference_arg
21/42 Test  #532: gate_f_parallel_expr_levelb .............   Passed    0.08 sec
      Start  531: gate_f_parallel_levelb
22/42 Test  #536: gate_f_taskwork_factory_arg .............   Passed    0.26 sec
23/42 Test  #534: gate_f_task_factory_target_levelb .......   Passed    0.08 sec
24/42 Test  #525: gate_f_task_exposed_arg .................   Passed    0.09 sec
25/42 Test  #527: gate_f_task_receiver ....................   Passed    0.08 sec
26/42 Test  #526: gate_f_task_reference_arg ...............   Passed    0.07 sec
27/42 Test  #531: gate_f_parallel_levelb ..................   Passed    0.06 sec
28/42 Test  #537: gate_f_task_object_result_required ......   Passed    0.27 sec
29/42 Test  #538: gate_f_task_interface_result ............   Passed    0.25 sec
30/42 Test  #508: gate_f_levelg_rxbvm_noopt ...............   Passed    0.90 sec
      Start  511: gate_f_levelg_rxtvm_opt
31/42 Test  #511: gate_f_levelg_rxtvm_opt .................   Passed    0.82 sec
      Start  509: gate_f_levelg_rxbvm_opt
32/42 Test  #507: gate_f_levelb_contract ..................   Passed    1.16 sec
33/42 Test  #509: gate_f_levelg_rxbvm_opt .................   Passed    0.80 sec
      Start  512: gate_f_task_method_import_rxbvm_noopt
34/42 Test  #512: gate_f_task_method_import_rxbvm_noopt ...   Passed    0.94 sec
      Start  515: gate_f_task_method_import_rxtvm_opt
35/42 Test  #515: gate_f_task_method_import_rxtvm_opt .....   Passed    1.01 sec
      Start  513: gate_f_task_method_import_rxbvm_opt
36/42 Test  #513: gate_f_task_method_import_rxbvm_opt .....   Passed    0.99 sec
      Start  517: gate_f_taskwork_import_rxbvm_opt
37/42 Test  #517: gate_f_taskwork_import_rxbvm_opt ........   Passed    0.67 sec
      Start  514: gate_f_task_method_import_rxtvm_noopt
38/42 Test  #514: gate_f_task_method_import_rxtvm_noopt ...   Passed    0.94 sec
      Start  516: gate_f_taskwork_import_rxbvm_noopt
39/42 Test  #516: gate_f_taskwork_import_rxbvm_noopt ......   Passed    0.65 sec
      Start  518: gate_f_taskwork_import_rxtvm_noopt
40/42 Test  #518: gate_f_taskwork_import_rxtvm_noopt ......   Passed    0.65 sec
      Start  519: gate_f_taskwork_import_rxtvm_opt
41/42 Test  #519: gate_f_taskwork_import_rxtvm_opt ........   Passed    0.66 sec
      Start  510: gate_f_levelg_rxtvm_noopt
42/42 Test  #510: gate_f_levelg_rxtvm_noopt ...............   Passed    0.61 sec

100% tests passed, 0 tests failed out of 42

Label Time Summary:
compiler        =  15.91 sec*proc (37 tests)
concurrency     =  14.70 sec*proc (33 tests)
contextual      =   0.32 sec*proc (1 test)
control_flow    =   1.21 sec*proc (4 tests)
f1f             =  13.54 sec*proc (32 tests)
f1g             =   1.60 sec*proc (4 tests)
gate_f          =  17.51 sec*proc (41 tests)
http            =   1.60 sec*proc (4 tests)
import          =   6.51 sec*proc (8 tests)
levelb          =   1.47 sec*proc (2 tests)
levelg          =  14.83 sec*proc (35 tests)
library         =   1.60 sec*proc (4 tests)
linked          =   9.64 sec*proc (12 tests)
linked_opt      =   0.87 sec*proc (2 tests)
method          =   3.88 sec*proc (4 tests)
negative        =   3.58 sec*proc (19 tests)
noopt           =   5.28 sec*proc (8 tests)
opt             =   5.57 sec*proc (8 tests)
rxbvm           =   6.34 sec*proc (10 tests)
rxtvm           =   6.11 sec*proc (10 tests)
signals         =   1.21 sec*proc (4 tests)
taskwork        =   2.63 sec*proc (4 tests)

Total Test time (real) =   9.75 sec
