[0/2] Re-checking globbed directories...
[1/173] Building C object interpreter/CMakeFiles/rxtvm_core_objects.dir/interrupt.c.o
[2/173] Building C object interpreter/CMakeFiles/rxbvm_core_objects.dir/interrupt.c.o
[3/173] Linking C static library bin/librxvml.a
[4/173] Linking C static library bin/librxbvml.a
[5/173] Linking C executable bin/rxc
[6/173] Building token.rxbin
[7/173] Building Dummy.rxbin
[8/173] cREXX compile and assemble _address ...
[9/173] cREXX compile and assemble _rxsystem ...
[10/173] cREXX compile and assemble _jdn ...
[11/173] cREXX compile and assemble _datei ...
[12/173] cREXX compile and assemble _dateo ...
[13/173] cREXX compile and assemble _ftrunc ...
[14/173] cREXX compile and assemble _itrunc ...
[15/173] cREXX compile and assemble _typedformat ...
[16/173] cREXX compile and assemble abbrev ...
[17/173] cREXX compile and assemble abs ...
[18/173] cREXX compile and assemble intabs ...
[19/173] cREXX compile and assemble floatabs ...
[20/173] cREXX compile and assemble b2x ...
[21/173] cREXX compile and assemble b2d ...
[22/173] cREXX compile and assemble binary ...
[23/173] cREXX compile and assemble c2x ...
[24/173] cREXX compile and assemble c2d ...
[25/173] cREXX compile and assemble center ...
[26/173] cREXX compile and assemble centre ...
[27/173] cREXX compile and assemble changestr ...
[28/173] cREXX compile and assemble compare ...
[29/173] cREXX compile and assemble copies ...
[30/173] cREXX compile and assemble countstr ...
[31/173] cREXX compile and assemble d2b ...
[32/173] cREXX compile and assemble d2c ...
[33/173] cREXX compile and assemble d2x ...
[34/173] cREXX compile and assemble date ...
[35/173] cREXX compile and assemble delstr ...
[36/173] cREXX compile and assemble delword ...
[37/173] cREXX compile and assemble fileio ...
[38/173] cREXX compile and assemble filter ...
[39/173] cREXX compile and assemble format ...
[40/173] cREXX compile and assemble intformat ...
[41/173] cREXX compile and assemble floatformat ...
[42/173] cREXX compile and assemble fnv ...
[43/173] cREXX compile and assemble getenv ...
[44/173] cREXX compile and assemble insert ...
[45/173] cREXX compile and assemble length ...
[46/173] cREXX compile and assemble linesize ...
[47/173] cREXX compile and assemble loadmodule ...
[48/173] cREXX compile and assemble lower ...
[49/173] cREXX compile and assemble max ...
[50/173] cREXX compile and assemble intmax ...
[51/173] cREXX compile and assemble floatmax ...
[52/173] cREXX compile and assemble min ...
[53/173] cREXX compile and assemble intmin ...
[54/173] cREXX compile and assemble floatmin ...
[55/173] cREXX compile and assemble numeric ...
[56/173] cREXX compile and assemble overlay ...
[57/173] cREXX compile and assemble pos ...
[58/173] cREXX compile and assemble qscan ...
[59/173] cREXX compile and assemble qpos ...
[60/173] cREXX compile and assemble qsplit ...
[61/173] cREXX compile and assemble qsplitsafe ...
[62/173] cREXX compile and assemble qextractall ...
[63/173] cREXX compile and assemble qextractpair ...
[64/173] cREXX compile and assemble qstripcomment ...
[65/173] cREXX compile and assemble qremoveall ...
[66/173] cREXX compile and assemble fsayfmt ...
[67/173] cREXX compile and assemble lastpos ...
[68/173] cREXX compile and assemble left ...
[69/173] cREXX compile and assemble right ...
[70/173] cREXX compile and assemble raise ...
[71/173] cREXX compile and assemble reverse ...
[72/173] cREXX compile and assemble signal ...
[73/173] cREXX compile and assemble trace ...
[74/173] cREXX compile and assemble sign ...
[75/173] cREXX compile and assemble intsign ...
[76/173] cREXX compile and assemble floatsign ...
[77/173] cREXX compile and assemble space ...
[78/173] cREXX compile and assemble strip ...
[79/173] cREXX compile and assemble substr ...
[80/173] cREXX compile and assemble substro ...
[81/173] cREXX compile and assemble symbol ...
[82/173] cREXX compile and assemble time ...
[83/173] cREXX compile and assemble translate ...
[84/173] cREXX compile and assemble trunc ...
[85/173] cREXX compile and assemble floattrunc ...
[86/173] cREXX compile and assemble upper ...
[87/173] cREXX compile and assemble value ...
[88/173] cREXX compile and assemble verify ...
[89/173] cREXX compile and assemble version ...
[90/173] cREXX compile and assemble sourceinfo ...
[91/173] cREXX compile and assemble word ...
[92/173] cREXX compile and assemble words ...
[93/173] cREXX compile and assemble wordindex ...
[94/173] cREXX compile and assemble subword ...
[95/173] cREXX compile and assemble wordlength ...
[96/173] cREXX compile and assemble wordpos ...
[97/173] cREXX compile and assemble qword ...
[98/173] cREXX compile and assemble qwordlength ...
[99/173] cREXX compile and assemble qwords ...
[100/173] cREXX compile and assemble qwordindex ...
[101/173] cREXX compile and assemble qwordpos ...
[102/173] cREXX compile and assemble qsubword ...
[103/173] cREXX compile and assemble regex ...
[104/173] cREXX compile and assemble x2b ...
[105/173] cREXX compile and assemble x2c ...
[106/173] cREXX compile and assemble x2d ...
[107/173] cREXX compile and assemble random ...
[108/173] cREXX compile and assemble reradix ...
[109/173] cREXX compile and assemble sequence ...
[110/173] cREXX compile and assemble find ...
[111/173] cREXX compile and assemble index ...
[112/173] cREXX compile and assemble xrange ...
[113/173] cREXX compile and assemble parsecompile ...
[114/173] cREXX compile and assemble parsestring ...
[115/173] cREXX compile and assemble parse ...
[116/173] cREXX compile and assemble datatype ...
[117/173] cREXX compile and assemble arrayfind ...
[118/173] cREXX compile and assemble splice ...
[119/173] cREXX compile and assemble arrayinsert ...
[120/173] cREXX compile and assemble arraydelete ...
[121/173] cREXX compile and assemble arrayappend ...
[122/173] cREXX compile and assemble arrayprepend ...
[123/173] cREXX compile and assemble objectarrayinsert ...
[124/173] cREXX compile and assemble objectarraydelete ...
[125/173] cREXX compile and assemble objectarrayappend ...
[126/173] cREXX compile and assemble objectarrayprepend ...
[127/173] cREXX compile and assemble objectarraydrop ...
[128/173] cREXX compile and assemble objectarraymove ...
[129/173] cREXX compile and assemble arraypop ...
[130/173] cREXX compile and assemble arrayshift ...
[131/173] cREXX compile and assemble arrayget ...
[132/173] cREXX compile and assemble arrayset ...
[133/173] cREXX compile and assemble arraycontains ...
[134/173] cREXX compile and assemble arrayindexof ...
[135/173] cREXX compile and assemble arrayreverse ...
[136/173] cREXX compile and assemble arrayjoin ...
[137/173] cREXX compile and assemble arraysort ...
[138/173] cREXX compile and assemble arraycopy ...
[139/173] cREXX compile and assemble arraydrop ...
[140/173] cREXX compile and assemble arrayhi ...
[141/173] cREXX compile and assemble arraymove ...
[142/173] cREXX compile and assemble fmtmask ...
[143/173] cREXX compile and assemble compilemask ...
[144/173] cREXX compile and assemble runmask ...
[145/173] cREXX compile and assemble stem ...
[146/173] cREXX compile and assemble rxjson ...
[147/173] cREXX compile and assemble rxsocket ...
[148/173] cREXX compile and assemble rxhttp ...
[149/173] cREXX compile and assemble wordrep ...
[150/173] cREXX compile and assemble rxqueue ...
[151/173] cREXX REXX Library Archive ...
[152/173] cREXX Linked Library Image ...
[153/173] Building Query.rxbin
[154/173] Building Fsay.rxbin
[155/173] Building Add.rxbin
[156/173] Building Dump.rxbin
[157/173] Building Sort.rxbin
[158/173] Building Msay.rxbin
[159/173] Building Sortx.rxbin
[160/173] Building Execio.rxbin
[161/173] Building Queue compiler exit
[162/173] Building RexxScript.rxbin
[163/173] Building Substr.rxbin
[164/173] Building Signal.rxbin
[165/173] Building Trace.rxbin
[166/173] Building Address.rxbin
[167/173] Building Parse.rxbin
[168/173] Building rxcexits.rxbin (bundled via concatenation)
[169/173] Compiling PERF3-13 E5 POSIX doorbell control ...
[170/173] Linking C executable interpreter/persistent_worker_executor-rxbvml
[171/173] Linking C executable interpreter/persistent_worker_executor-rxtvml
[172/173] Linking C executable interpreter/persistent_worker_executor-rxvml
