[0/2] Re-checking globbed directories...
[1/355] Generating src/msg/help_re2c.cc
[2/355] Building C object interpreter/CMakeFiles/rxbvm_core_objects.dir/exitfunc.c.o
[3/355] Building C object interpreter/CMakeFiles/rxbvml.dir/rxvmlib.c.o
[4/355] Building C object interpreter/CMakeFiles/rxbvm_core_objects.dir/interrupt.c.o
[5/355] Building C object interpreter/CMakeFiles/rxbvm_core_objects.dir/rxvml/rxvm_run.c.o
[6/355] Building C object interpreter/CMakeFiles/rxbvm_core_objects.dir/rxpafuncs.c.o
[7/355] Building C object interpreter/CMakeFiles/rxbvml.dir/rxvml.c.o
[8/355] Building C object interpreter/CMakeFiles/rxvm_platform_objects.dir/rxvmsock.c.o
[9/355] Building CXX object re2c/CMakeFiles/re2c.dir/src/codegen/helpers.cc.o
[10/355] Building CXX object re2c/CMakeFiles/re2c.dir/src/options/symtab.cc.o
[11/355] Building CXX object re2c/CMakeFiles/re2c.dir/src/codegen/pass3_fixup.cc.o
[12/355] Building CXX object re2c/CMakeFiles/re2c.dir/src/codegen/output.cc.o
[13/355] Building CXX object re2c/CMakeFiles/re2c.dir/src/nfa/re_to_nfa.cc.o
[14/355] Building CXX object re2c/CMakeFiles/re2c.dir/src/codegen/pass1_analyze.cc.o
[15/355] Building CXX object re2c/CMakeFiles/re2c.dir/src/codegen/pass4_render.cc.o
[16/355] Building CXX object re2c/CMakeFiles/re2c.dir/src/debug/dump_cfg.cc.o
[17/355] Building CXX object re2c/CMakeFiles/re2c.dir/src/debug/dump_adfa.cc.o
[18/355] Building CXX object re2c/CMakeFiles/re2c.dir/src/codegen/pass2_generate.cc.o
[19/355] Building CXX object re2c/CMakeFiles/re2c.dir/src/debug/dump_interf.cc.o
[20/355] Building CXX object re2c/CMakeFiles/re2c.dir/src/debug/dump_dfa.cc.o
[21/355] Building CXX object re2c/CMakeFiles/re2c.dir/src/debug/dump_nfa.cc.o
[22/355] Building CXX object re2c/CMakeFiles/re2c.dir/src/cfg/compact.cc.o
[23/355] Building CXX object re2c/CMakeFiles/re2c.dir/src/cfg/dce.cc.o
[24/355] Building CXX object re2c/CMakeFiles/re2c.dir/src/cfg/cfg.cc.o
[25/355] Building CXX object re2c/CMakeFiles/re2c.dir/src/adfa/adfa.cc.o
[26/355] Building CXX object re2c/CMakeFiles/re2c.dir/src/debug/dump_dfa_tree.cc.o
[27/355] Building CXX object re2c/CMakeFiles/re2c.dir/src/cfg/freeze.cc.o
[28/355] Building CXX object re2c/CMakeFiles/re2c.dir/src/cfg/liveanal.cc.o
[29/355] Building CXX object re2c/CMakeFiles/re2c.dir/src/cfg/interfere.cc.o
[30/355] Building CXX object re2c/CMakeFiles/re2c.dir/src/cfg/normalize.cc.o
[31/355] Building CXX object re2c/CMakeFiles/re2c.dir/src/options/opt.cc.o
[32/355] Building CXX object re2c/CMakeFiles/re2c.dir/src/cfg/varalloc.cc.o
[33/355] Building CXX object re2c/CMakeFiles/re2c.dir/src/cfg/rename.cc.o
[34/355] Building CXX object re2c/CMakeFiles/re2c.dir/src/cfg/optimize.cc.o
[35/355] Building CXX object re2c/CMakeFiles/re2c.dir/src/dfa/tagver_table.cc.o
[36/355] Building CXX object re2c/CMakeFiles/re2c.dir/src/dfa/fallback_tags.cc.o
[37/355] Building CXX object re2c/CMakeFiles/re2c.dir/src/dfa/dead_rules.cc.o
[38/355] Building CXX object re2c/CMakeFiles/re2c.dir/src/dfa/minimization.cc.o
[39/355] Building CXX object re2c/CMakeFiles/re2c.dir/src/dfa/fillpoints.cc.o
[40/355] Building CXX object re2c/CMakeFiles/re2c.dir/src/encoding/enc.cc.o
[41/355] Building CXX object re2c/CMakeFiles/re2c.dir/src/encoding/ebcdic.cc.o
[42/355] Building CXX object re2c/CMakeFiles/re2c.dir/src/encoding/range_suffix.cc.o
[43/355] Building CXX object re2c/CMakeFiles/re2c.dir/src/dfa/tcmd.cc.o
[44/355] Building CXX object re2c/CMakeFiles/re2c.dir/src/dfa/find_state.cc.o
[45/355] Building CXX object re2c/CMakeFiles/re2c.dir/src/encoding/utf8.cc.o
[46/355] Building CXX object re2c/CMakeFiles/re2c.dir/src/encoding/utf16.cc.o
[47/355] Building CXX object re2c/CMakeFiles/re2c.dir/src/dfa/closure.cc.o
[48/355] Building CXX object re2c/CMakeFiles/re2c.dir/src/dfa/determinization.cc.o
[49/355] Building CXX object re2c/CMakeFiles/re2c.dir/src/msg/msg.cc.o
[50/355] Building CXX object re2c/CMakeFiles/re2c.dir/src/encoding/unicode_casemap.cc.o
[51/355] Building CXX object re2c/CMakeFiles/re2c.dir/src/regexp/nullable.cc.o
[52/355] Building CXX object re2c/CMakeFiles/re2c.dir/src/regexp/default_tags.cc.o
[53/355] Building CXX object re2c/CMakeFiles/re2c.dir/src/regexp/fixed_tags.cc.o
[54/355] Building CXX object re2c/CMakeFiles/re2c.dir/src/msg/warn.cc.o
[55/355] Building CXX object re2c/CMakeFiles/re2c.dir/src/regexp/regexp.cc.o
[56/355] Building CXX object re2c/CMakeFiles/re2c.dir/src/regexp/split_charset.cc.o
[57/355] Building CXX object re2c/CMakeFiles/re2c.dir/src/regexp/ast_to_re.cc.o
[58/355] Building CXX object re2c/CMakeFiles/re2c.dir/src/util/file_utils.cc.o
[59/355] Building CXX object re2c/CMakeFiles/re2c.dir/src/skeleton/maxpath.cc.o
[60/355] Building CXX object re2c/CMakeFiles/re2c.dir/src/skeleton/generate_code.cc.o
[61/355] Building CXX object re2c/CMakeFiles/re2c.dir/src/skeleton/control_flow.cc.o
[62/355] Building CXX object re2c/CMakeFiles/re2c.dir/src/msg/help_re2c.cc.o
[63/355] Linking C static library bin/rxvm_mc_decimal_manual.a
[64/355] Building CXX object re2c/CMakeFiles/re2c.dir/src/util/string_utils.cc.o
[65/355] Building CXX object re2c/CMakeFiles/re2c.dir/src/skeleton/skeleton.cc.o
[66/355] Linking C static library bin/librxpa.a
[67/355] Building CXX object re2c/CMakeFiles/re2c.dir/src/util/range.cc.o
[68/355] Linking C static library bin/librxbvml.a
[69/355] Building C object interpreter/CMakeFiles/rxtvm_core_objects.dir/rxvmworker.c.o
[70/355] Building C object interpreter/CMakeFiles/rxtvm_core_objects.dir/rxvmactive.c.o
[71/355] Building C object linker/CMakeFiles/rxlink.dir/rxlinkmain.c.o
[72/355] Building C object interpreter/CMakeFiles/rxtvm_core_objects.dir/rxvmprogram.c.o
[73/355] Linking C executable bin/rxlink
[74/355] Building CXX object re2c/CMakeFiles/re2c.dir/src/skeleton/generate_data.cc.o
[75/355] Building C object interpreter/CMakeFiles/rxtvm_core_objects.dir/interrupt.c.o
[76/355] Building CXX object re2c/CMakeFiles/re2c.dir/src/parse/ast.cc.o
[77/355] Building C object interpreter/CMakeFiles/rxtvm_core_objects.dir/exitfunc.c.o
[78/355] Building CXX object re2c/CMakeFiles/re2c.dir/src/parse/input.cc.o
[79/355] Building C object interpreter/CMakeFiles/rxvml.dir/rxvmlib.c.o
[80/355] Building C object interpreter/CMakeFiles/rxtvm_core_objects.dir/rxcrexxcmd.c.o
[81/355] Building C object interpreter/CMakeFiles/rxtvm_core_objects.dir/rxpafuncs.c.o
[82/355] Building C object interpreter/CMakeFiles/rxtvm_core_objects.dir/rxvml/rxvm_run.c.o
[83/355] Building C object interpreter/CMakeFiles/rxtvm_core_objects.dir/rxvmload.c.o
[84/355] Building C object interpreter/CMakeFiles/rxtvm_core_objects.dir/rxspawn.c.o
/home/adrian/CLionProjects/CREXX/interpreter/rxspawn.c: In function ‘shell_argv_name’:
/home/adrian/CLionProjects/CREXX/interpreter/rxspawn.c:802:11: warning: assignment discards ‘const’ qualifier from pointer target type [-Wdiscarded-qualifiers]
  802 |     slash = strrchr(shell_path, '/');
      |           ^
[85/355] Building C object interpreter/CMakeFiles/rxvml.dir/rxvml.c.o
[86/355] Building CXX object re2c/CMakeFiles/re2c.dir/src/main.cc.o
[87/355] Linking CXX executable re2c/re2c
[88/355] Create REXX ASSEMBLER Parser...
[89/355] Building C object interpreter/CMakeFiles/rxtvm_core_objects.dir/rxvmintp.c.o
[90/355] Linking C static library bin/librxvml.a
[91/355] Create REXX ASSEMBLER Lexer...
[92/355] Building C object assembler/CMakeFiles/rxaslib.dir/rxas_flow_pass.c.o
[93/355] Building C object assembler/CMakeFiles/rxaslib.dir/rxastoke.c.o
[94/355] Building C object assembler/CMakeFiles/rxaslib.dir/rxaseror.c.o
[95/355] Building C object assembler/CMakeFiles/rxaslib.dir/rxas_flow_batch.c.o
[96/355] Building C object assembler/CMakeFiles/rxaslib.dir/rxas_flow_graph.c.o
[97/355] Building C object assembler/CMakeFiles/rxaslib.dir/rxas_flow_rewrite.c.o
[98/355] Building C object assembler/CMakeFiles/rxaslib.dir/rxas_opt.c.o
[99/355] Building C object assembler/CMakeFiles/rxaslib.dir/rxasgrmr.c.o
[100/355] Building C object assembler/CMakeFiles/rxaslib.dir/rxas_flow_analysis.c.o
[101/355] Building C object assembler/CMakeFiles/rxaslib.dir/rxas_flow_use.c.o
[102/355] Building C object assembler/CMakeFiles/rxaslib.dir/rxas_flow_signal.c.o
[103/355] Building C object assembler/CMakeFiles/rxaslib.dir/rxasscan.c.o
[104/355] Building C object assembler/CMakeFiles/rxaslib.dir/rxaslib.c.o
[105/355] Building C object assembler/CMakeFiles/rxaslib.dir/__/binutils/rxopmeta.c.o
[106/355] Building C object assembler/CMakeFiles/rxaslib.dir/rxas_flow.c.o
[107/355] Building C object assembler/CMakeFiles/rxas.dir/rxasmain.c.o
[108/355] Building C object assembler/CMakeFiles/rxaslib.dir/rxas_flow_ssa.c.o
[109/355] Building C object assembler/CMakeFiles/rxaslib.dir/rxas_dsl.c.o
[110/355] Building C object assembler/CMakeFiles/rxaslib.dir/rxasassm.c.o
[111/355] Building C object assembler/CMakeFiles/rxaslib.dir/rxas_flow_proof.c.o
[112/355] Linking C static library bin/librxaslib.a
[113/355] Create Options Parser...
[114/355] Linking C executable bin/rxas
[115/355] cREXX assemble _elapsed ...
[116/355] cREXX RXAS Library Archive ...
[117/355] Create REXX C Parser...
[118/355] Create REXX B Parser...
[119/355] Create Options Lexer...
[120/355] Create REXX C Lexer...
[121/355] Create REXX B Lexer...
[122/355] Building C object compiler/CMakeFiles/rxclib.dir/rxcp_diag_fallback.c.o
[123/355] Building C object compiler/CMakeFiles/rxclib.dir/rxcp_ast_walk.c.o
[124/355] Building C object compiler/CMakeFiles/rxclib.dir/rxcp_diag.c.o
[125/355] Building C object compiler/CMakeFiles/rxclib.dir/rxcp_ast_print.c.o
[126/355] Building C object compiler/CMakeFiles/rxclib.dir/rxcpmain.c.o
[127/355] Building C object compiler/CMakeFiles/rxclib.dir/rxcp_dsl.c.o
[128/355] Building C object compiler/CMakeFiles/rxclib.dir/rxcp_source_ext.c.o
[129/355] Building C object compiler/CMakeFiles/rxclib.dir/rxcp_util.c.o
[130/355] Building C object compiler/CMakeFiles/rxclib.dir/rxcp_source_tree.c.o
[131/355] Building C object compiler/CMakeFiles/rxclib.dir/rxcp_srcmap.c.o
[132/355] Building C object compiler/CMakeFiles/rxclib.dir/rxcpopar.c.o
[133/355] Building C object compiler/CMakeFiles/rxclib.dir/rxcpopgr.c.o
[134/355] Building C object compiler/CMakeFiles/rxclib.dir/rxcpbpar.c.o
[135/355] Building C object compiler/CMakeFiles/rxclib.dir/rxcp_ast_core.c.o
[136/355] Building C object compiler/CMakeFiles/rxclib.dir/rxcp_highlight_controller.c.o
[137/355] Building C object compiler/CMakeFiles/rxclib.dir/rxcpcpar.c.o
[138/355] Building C object compiler/CMakeFiles/rxclib.dir/rxcpcsym.c.o
[139/355] Building C object compiler/CMakeFiles/rxclib.dir/rxcposcn.c.o
[140/355] Building C object compiler/CMakeFiles/rxclib.dir/rxcpcdiag.c.o
[141/355] Building C object compiler/CMakeFiles/rxclib.dir/rxcpcval.c.o
[142/355] Building C object compiler/CMakeFiles/rxclib.dir/rxcp_ast_rewrite.c.o
[143/355] Building C object compiler/CMakeFiles/rxclib.dir/rxcp_val_trans.c.o
[144/355] Building C object compiler/CMakeFiles/rxclib.dir/rxcp_val_sym.c.o
[145/355] Building C object compiler/CMakeFiles/rxclib.dir/rxcpcgmr.c.o
[146/355] Building C object compiler/CMakeFiles/rxclib.dir/rxcp_val_plugin.c.o
[147/355] Building C object compiler/CMakeFiles/rxclib.dir/rxcp_val_check.c.o
[148/355] Building C object compiler/CMakeFiles/rxclib.dir/rexcscan.c.o
[149/355] Building C object compiler/CMakeFiles/rxclib.dir/rxcp_ast_val.c.o
[150/355] Building C object compiler/CMakeFiles/rxclib.dir/rxcp_fixup.c.o
[151/355] Building C object compiler/CMakeFiles/rxclib.dir/rxcp_remap.c.o
[152/355] Building C object compiler/CMakeFiles/rxclib.dir/rxcp_val_orch.c.o
[153/355] Building C object compiler/CMakeFiles/rxclib.dir/rxcpsymb.c.o
[154/355] Building C object compiler/CMakeFiles/rxclib.dir/rxcpbgmr.c.o
[155/355] Building C object compiler/CMakeFiles/rxclib.dir/rxcp_remap_build.c.o
[156/355] Building C object compiler/CMakeFiles/rxclib.dir/rxcp_levelc_lower.c.o
[157/355] Building C object compiler/CMakeFiles/rxclib.dir/rxcp_emit_super.c.o
[158/355] Building C object compiler/CMakeFiles/rxclib.dir/rxcp_inline_rules.c.o
[159/355] Building C object compiler/CMakeFiles/rxclib.dir/rxcp_emit_core.c.o
[160/355] Building C object compiler/CMakeFiles/rxclib.dir/rxcp_val_type.c.o
[161/355] Building C object compiler/CMakeFiles/rxclib.dir/rxcpemit.c.o
[162/355] Building C object compiler/CMakeFiles/rxclib.dir/rxcp_emit_proc.c.o
[163/355] Building C object compiler/CMakeFiles/rxclib.dir/rxcp_emit_reg.c.o
[164/355] Building C object compiler/CMakeFiles/rxclib.dir/rxcp_emit_flow.c.o
[165/355] Building C object compiler/CMakeFiles/rxclib.dir/rxcp_emit_expr.c.o
[166/355] Building C object compiler/CMakeFiles/rxclib.dir/rxcp_emit_meta.c.o
[167/355] Building C object compiler/CMakeFiles/rxclib.dir/__/platform/rxinteger.c.o
[168/355] Building C object compiler/CMakeFiles/rxclib.dir/rxcp_dispatch.c.o
[169/355] Building C object compiler/CMakeFiles/rxclib.dir/__/platform/platform.c.o
[170/355] Building C object compiler/CMakeFiles/rxclib.dir/rxcp_flow.c.o
[171/355] Building C object compiler/CMakeFiles/rxclib.dir/rxcp_instr.c.o
[172/355] Building C object compiler/CMakeFiles/rxc.dir/rxc_main.c.o
[173/355] Building C object compiler/CMakeFiles/rxclib.dir/rxcp_inline.c.o
[174/355] Building C object compiler/CMakeFiles/rxclib.dir/rxcp_partial_call.c.o
[175/355] Building C object compiler/CMakeFiles/rxclib.dir/rxcp_opt.c.o
[176/355] Building C object compiler/CMakeFiles/rxclib.dir/rxcpfunc.c.o
[177/355] Building C object compiler/CMakeFiles/rxclib.dir/rxcp_exit.c.o
[178/355] Building C object compiler/CMakeFiles/rxclib.dir/rexbscan.c.o
[179/355] Linking C static library bin/librxclib.a
[180/355] Linking C executable bin/rxc
[181/355] Building token.rxbin
[182/355] Building Dummy.rxbin
[183/355] cREXX compile and assemble _address ...
[184/355] cREXX compile and assemble _rxsystem ...
[185/355] cREXX compile and assemble _jdn ...
[186/355] cREXX compile and assemble _datei ...
[187/355] cREXX compile and assemble _dateo ...
[188/355] cREXX compile and assemble _ftrunc ...
[189/355] cREXX compile and assemble _itrunc ...
[190/355] cREXX compile and assemble _typedformat ...
[191/355] cREXX compile and assemble abbrev ...
[192/355] cREXX compile and assemble abs ...
[193/355] cREXX compile and assemble intabs ...
[194/355] cREXX compile and assemble floatabs ...
[195/355] cREXX compile and assemble b2x ...
[196/355] cREXX compile and assemble b2d ...
[197/355] cREXX compile and assemble binary ...
[198/355] cREXX compile and assemble c2x ...
[199/355] cREXX compile and assemble c2d ...
[200/355] cREXX compile and assemble center ...
[201/355] cREXX compile and assemble centre ...
[202/355] cREXX compile and assemble changestr ...
[203/355] cREXX compile and assemble compare ...
[204/355] cREXX compile and assemble copies ...
[205/355] cREXX compile and assemble countstr ...
[206/355] cREXX compile and assemble d2b ...
[207/355] cREXX compile and assemble d2c ...
[208/355] cREXX compile and assemble d2x ...
[209/355] cREXX compile and assemble date ...
[210/355] cREXX compile and assemble delstr ...
[211/355] cREXX compile and assemble delword ...
[212/355] cREXX compile and assemble fileio ...
[213/355] cREXX compile and assemble filter ...
[214/355] cREXX compile and assemble format ...
[215/355] cREXX compile and assemble intformat ...
[216/355] cREXX compile and assemble floatformat ...
[217/355] cREXX compile and assemble fnv ...
[218/355] cREXX compile and assemble getenv ...
[219/355] cREXX compile and assemble insert ...
[220/355] cREXX compile and assemble length ...
[221/355] cREXX compile and assemble linesize ...
[222/355] cREXX compile and assemble loadmodule ...
[223/355] cREXX compile and assemble lower ...
[224/355] cREXX compile and assemble max ...
[225/355] cREXX compile and assemble intmax ...
[226/355] cREXX compile and assemble floatmax ...
[227/355] cREXX compile and assemble min ...
[228/355] cREXX compile and assemble intmin ...
[229/355] cREXX compile and assemble floatmin ...
[230/355] cREXX compile and assemble numeric ...
[231/355] cREXX compile and assemble overlay ...
[232/355] cREXX compile and assemble pos ...
[233/355] cREXX compile and assemble qscan ...
[234/355] cREXX compile and assemble qpos ...
[235/355] cREXX compile and assemble qsplit ...
[236/355] cREXX compile and assemble qsplitsafe ...
[237/355] cREXX compile and assemble qextractall ...
[238/355] cREXX compile and assemble qextractpair ...
[239/355] cREXX compile and assemble qstripcomment ...
[240/355] cREXX compile and assemble qremoveall ...
[241/355] cREXX compile and assemble fsayfmt ...
[242/355] cREXX compile and assemble lastpos ...
[243/355] cREXX compile and assemble left ...
[244/355] cREXX compile and assemble right ...
[245/355] cREXX compile and assemble raise ...
[246/355] cREXX compile and assemble reverse ...
[247/355] cREXX compile and assemble signal ...
[248/355] cREXX compile and assemble trace ...
[249/355] cREXX compile and assemble sign ...
[250/355] cREXX compile and assemble intsign ...
[251/355] cREXX compile and assemble floatsign ...
[252/355] cREXX compile and assemble space ...
[253/355] cREXX compile and assemble strip ...
[254/355] cREXX compile and assemble substr ...
[255/355] cREXX compile and assemble substro ...
[256/355] cREXX compile and assemble symbol ...
[257/355] cREXX compile and assemble time ...
[258/355] cREXX compile and assemble translate ...
[259/355] cREXX compile and assemble trunc ...
[260/355] cREXX compile and assemble floattrunc ...
[261/355] cREXX compile and assemble upper ...
[262/355] cREXX compile and assemble value ...
[263/355] cREXX compile and assemble verify ...
[264/355] cREXX compile and assemble version ...
[265/355] cREXX compile and assemble sourceinfo ...
[266/355] cREXX compile and assemble word ...
[267/355] cREXX compile and assemble words ...
[268/355] cREXX compile and assemble wordindex ...
[269/355] cREXX compile and assemble subword ...
[270/355] cREXX compile and assemble wordlength ...
[271/355] cREXX compile and assemble wordpos ...
[272/355] cREXX compile and assemble qword ...
[273/355] cREXX compile and assemble qwordlength ...
[274/355] cREXX compile and assemble qwords ...
[275/355] cREXX compile and assemble qwordindex ...
[276/355] cREXX compile and assemble qwordpos ...
[277/355] cREXX compile and assemble qsubword ...
[278/355] cREXX compile and assemble regex ...
[279/355] cREXX compile and assemble x2b ...
[280/355] cREXX compile and assemble x2c ...
[281/355] cREXX compile and assemble x2d ...
[282/355] cREXX compile and assemble random ...
[283/355] cREXX compile and assemble reradix ...
[284/355] cREXX compile and assemble sequence ...
[285/355] cREXX compile and assemble find ...
[286/355] cREXX compile and assemble index ...
[287/355] cREXX compile and assemble xrange ...
[288/355] cREXX compile and assemble parsecompile ...
[289/355] cREXX compile and assemble parsestring ...
[290/355] cREXX compile and assemble parse ...
[291/355] cREXX compile and assemble datatype ...
[292/355] cREXX compile and assemble arrayfind ...
[293/355] cREXX compile and assemble splice ...
[294/355] cREXX compile and assemble arrayinsert ...
[295/355] cREXX compile and assemble arraydelete ...
[296/355] cREXX compile and assemble arrayappend ...
[297/355] cREXX compile and assemble arrayprepend ...
[298/355] cREXX compile and assemble objectarrayinsert ...
[299/355] cREXX compile and assemble objectarraydelete ...
[300/355] cREXX compile and assemble objectarrayappend ...
[301/355] cREXX compile and assemble objectarrayprepend ...
[302/355] cREXX compile and assemble objectarraydrop ...
[303/355] cREXX compile and assemble objectarraymove ...
[304/355] cREXX compile and assemble arraypop ...
[305/355] cREXX compile and assemble arrayshift ...
[306/355] cREXX compile and assemble arrayget ...
[307/355] cREXX compile and assemble arrayset ...
[308/355] cREXX compile and assemble arraycontains ...
[309/355] cREXX compile and assemble arrayindexof ...
[310/355] cREXX compile and assemble arrayreverse ...
[311/355] cREXX compile and assemble arrayjoin ...
[312/355] cREXX compile and assemble arraysort ...
[313/355] cREXX compile and assemble arraycopy ...
[314/355] cREXX compile and assemble arraydrop ...
[315/355] cREXX compile and assemble arrayhi ...
[316/355] cREXX compile and assemble arraymove ...
[317/355] cREXX compile and assemble fmtmask ...
[318/355] cREXX compile and assemble compilemask ...
[319/355] cREXX compile and assemble runmask ...
[320/355] cREXX compile and assemble stem ...
[321/355] cREXX compile and assemble rxjson ...
[322/355] cREXX compile and assemble rxsocket ...
[323/355] cREXX compile and assemble rxhttp ...
[324/355] cREXX compile and assemble wordrep ...
[325/355] cREXX compile and assemble rxqueue ...
[326/355] cREXX REXX Library Archive ...
[327/355] cREXX Linked Library Image ...
[328/355] Building Query.rxbin
[329/355] Building Dump.rxbin
[330/355] Building Fsay.rxbin
[331/355] Building Add.rxbin
[332/355] Building Msay.rxbin
[333/355] Building Sort.rxbin
[334/355] Building Sortx.rxbin
[335/355] Building Execio.rxbin
[336/355] Building Queue compiler exit
[337/355] Building RexxScript.rxbin
[338/355] Building Substr.rxbin
[339/355] Building Signal.rxbin
[340/355] Building Trace.rxbin
[341/355] Building Address.rxbin
[342/355] Building Parse.rxbin
[343/355] Building rxcexits.rxbin (bundled via concatenation)
[344/355] Compiling PERF3-13 E5 POSIX doorbell control ...
[345/355] Building C object interpreter/CMakeFiles/persistent_worker_executor-rxtvml.dir/tests/test_persistent_worker_executor.c.o
[346/355] Building C object interpreter/CMakeFiles/persistent_worker_executor-rxbvml.dir/tests/test_persistent_worker_executor.c.o
[347/355] Building C object interpreter/CMakeFiles/persistent_worker_executor-rxvml.dir/tests/test_persistent_worker_executor.c.o
[348/355] Building C object interpreter/CMakeFiles/persistent_worker_executor-rxvml.dir/rxvmexecutor.c.o
[349/355] Building C object interpreter/CMakeFiles/persistent_worker_executor-rxbvml.dir/rxvmexecutor.c.o
[350/355] Building C object interpreter/CMakeFiles/persistent_worker_executor-rxtvml.dir/rxvmexecutor.c.o
[351/355] Linking C executable interpreter/persistent_worker_executor-rxbvml
[352/355] Linking C executable interpreter/persistent_worker_executor-rxvml
[353/355] Building C object interpreter/CMakeFiles/persistent_worker_executor-rxtvml.dir/rxvml.c.o
[354/355] Linking C executable interpreter/persistent_worker_executor-rxtvml
