-- The C compiler identification is GNU 15.2.0
-- The CXX compiler identification is GNU 15.2.0
-- Detecting C compiler ABI info
-- Detecting C compiler ABI info - done
-- Check for working C compiler: /usr/bin/cc - skipped
-- Detecting C compile features
-- Detecting C compile features - done
-- Detecting CXX compiler ABI info
-- Detecting CXX compiler ABI info - done
-- Check for working CXX compiler: /usr/bin/c++ - skipped
-- Detecting CXX compile features
-- Detecting CXX compile features - done
-- CMake Version: 4.2.3
-- CREXX Version: crexx-1.0.0-beta.3+local.gb6edf2556f24.dirty
-- CREXX Build Channel: local
-- CREXX Build Timestamp: 20260812T111920Z
-- CREXX Build Commit: b6edf2556f24
-- CMake Generator: Ninja
-- Using local DSL-Syntax-Highlighter at /home/adrian/CLionProjects/CREXX/../DSL-Syntax-Highlighter
-- Performing Test cxxflag__W
-- Performing Test cxxflag__W - Success
-- Performing Test cxxflag__Wall
-- Performing Test cxxflag__Wall - Success
-- Performing Test cxxflag__Wextra
-- Performing Test cxxflag__Wextra - Success
-- Performing Test cxxflag__Weffc__
-- Performing Test cxxflag__Weffc__ - Success
-- Performing Test cxxflag__pedantic
-- Performing Test cxxflag__pedantic - Success
-- Performing Test cxxflag__Wformat_2
-- Performing Test cxxflag__Wformat_2 - Success
-- Performing Test cxxflag__Wredundant_decls
-- Performing Test cxxflag__Wredundant_decls - Success
-- Performing Test cxxflag__Wsuggest_attribute_format
-- Performing Test cxxflag__Wsuggest_attribute_format - Success
-- Performing Test cxxflag__Wconversion
-- Performing Test cxxflag__Wconversion - Success
-- Performing Test cxxflag__Wsign_conversion
-- Performing Test cxxflag__Wsign_conversion - Success
-- Performing Test cxxflag__Werror_return_type
-- Performing Test cxxflag__Werror_return_type - Success
-- Performing Test cxxflag__Weverything
-- Performing Test cxxflag__Weverything - Failed
-- Performing Test cxxflag__fdiagnostics_color_always
-- Performing Test cxxflag__fdiagnostics_color_always - Success
-- C compiler flags: 
-- C++ compiler flags:  -W -Wall -Wextra -Weffc++ -pedantic -Wformat=2 -Wredundant-decls -Wsuggest-attribute=format -Wconversion -Wsign-conversion -Werror=return-type -fdiagnostics-color=always 
-- Linker flags for executables: 
-- Linker flags for shared libs: 
-- Debug C compiler flags: -g
-- Debug C++ compiler flags: -g
-- Debug linker flags for executables: 
-- Debug linker flags for shared libs: 
-- Looking for sys/types.h
-- Looking for sys/types.h - found
-- Looking for sys/stat.h
-- Looking for sys/stat.h - found
-- Looking for fcntl.h
-- Looking for fcntl.h - found
-- Looking for unistd.h
-- Looking for unistd.h - found
-- Looking for io.h
-- Looking for io.h - not found
-- Writing config.h
-- Performing Test CMAKE_HAVE_LIBC_PTHREAD
-- Performing Test CMAKE_HAVE_LIBC_PTHREAD - Success
-- Found Threads: TRUE
-- Fetching SQLite amalgamation 3530200 for native ADDRESS demo
-- cREXX VM handler panel: profile-20
-- Found OpenSSL: /usr/lib/x86_64-linux-gnu/libcrypto.so (found version "3.5.5")
-- cREXX VM core socket TLS backend: OPENSSL
-- cREXX product VM: rxvm -> rxtvm (GNU)
-- Legacy OpenSSL socket plugin is disabled; use VM core sockets/rxsocket instead.
-- GTK Gui support is disabled, skipping subdirectory.
-- ODBC support is disabled; building the mock-driver qualification target only.
-- Configuring done (7.9s)
-- Generating done (1.3s)
-- Build files have been written to: /tmp/crexx-mthread-linux-debug
