[0/2] Re-checking globbed directories...
[1/175] Building C object interpreter/CMakeFiles/rxtvm_core_objects.dir/interrupt.c.o
[2/175] Building C object interpreter/CMakeFiles/rxbvm_core_objects.dir/interrupt.c.o
[3/175] Linking C static library bin/librxvml.a
[4/175] Linking C static library bin/librxbvml.a
[5/175] Linking C executable bin/rxtvm
[6/175] Linking C executable bin/rxbvm
[7/175] Linking C executable bin/rxc
[8/175] Building token.rxbin
[9/175] Building Dummy.rxbin
[10/175] cREXX compile and assemble _address ...
[11/175] cREXX compile and assemble _rxsystem ...
[12/175] cREXX compile and assemble _jdn ...
[13/175] cREXX compile and assemble _datei ...
[14/175] cREXX compile and assemble _dateo ...
[15/175] cREXX compile and assemble _ftrunc ...
[16/175] cREXX compile and assemble _itrunc ...
[17/175] cREXX compile and assemble _typedformat ...
[18/175] cREXX compile and assemble abbrev ...
[19/175] cREXX compile and assemble abs ...
[20/175] cREXX compile and assemble intabs ...
[21/175] cREXX compile and assemble floatabs ...
[22/175] cREXX compile and assemble b2x ...
[23/175] cREXX compile and assemble b2d ...
[24/175] cREXX compile and assemble binary ...
[25/175] cREXX compile and assemble c2x ...
[26/175] cREXX compile and assemble c2d ...
[27/175] cREXX compile and assemble center ...
[28/175] cREXX compile and assemble centre ...
[29/175] cREXX compile and assemble changestr ...
[30/175] cREXX compile and assemble compare ...
[31/175] cREXX compile and assemble copies ...
[32/175] cREXX compile and assemble countstr ...
[33/175] cREXX compile and assemble d2b ...
[34/175] cREXX compile and assemble d2c ...
[35/175] cREXX compile and assemble d2x ...
[36/175] cREXX compile and assemble date ...
[37/175] cREXX compile and assemble delstr ...
[38/175] cREXX compile and assemble delword ...
[39/175] cREXX compile and assemble fileio ...
[40/175] cREXX compile and assemble filter ...
[41/175] cREXX compile and assemble format ...
[42/175] cREXX compile and assemble intformat ...
[43/175] cREXX compile and assemble floatformat ...
[44/175] cREXX compile and assemble fnv ...
[45/175] cREXX compile and assemble getenv ...
[46/175] cREXX compile and assemble insert ...
[47/175] cREXX compile and assemble length ...
[48/175] cREXX compile and assemble linesize ...
[49/175] cREXX compile and assemble loadmodule ...
[50/175] cREXX compile and assemble lower ...
[51/175] cREXX compile and assemble max ...
[52/175] cREXX compile and assemble intmax ...
[53/175] cREXX compile and assemble floatmax ...
[54/175] cREXX compile and assemble min ...
[55/175] cREXX compile and assemble intmin ...
[56/175] cREXX compile and assemble floatmin ...
[57/175] cREXX compile and assemble numeric ...
[58/175] cREXX compile and assemble overlay ...
[59/175] cREXX compile and assemble pos ...
[60/175] cREXX compile and assemble qscan ...
[61/175] cREXX compile and assemble qpos ...
[62/175] cREXX compile and assemble qsplit ...
[63/175] cREXX compile and assemble qsplitsafe ...
[64/175] cREXX compile and assemble qextractall ...
[65/175] cREXX compile and assemble qextractpair ...
[66/175] cREXX compile and assemble qstripcomment ...
[67/175] cREXX compile and assemble qremoveall ...
[68/175] cREXX compile and assemble fsayfmt ...
[69/175] cREXX compile and assemble lastpos ...
[70/175] cREXX compile and assemble left ...
[71/175] cREXX compile and assemble right ...
[72/175] cREXX compile and assemble raise ...
[73/175] cREXX compile and assemble reverse ...
[74/175] cREXX compile and assemble signal ...
[75/175] cREXX compile and assemble trace ...
[76/175] cREXX compile and assemble sign ...
[77/175] cREXX compile and assemble intsign ...
[78/175] cREXX compile and assemble floatsign ...
[79/175] cREXX compile and assemble space ...
[80/175] cREXX compile and assemble strip ...
[81/175] cREXX compile and assemble substr ...
[82/175] cREXX compile and assemble substro ...
[83/175] cREXX compile and assemble symbol ...
[84/175] cREXX compile and assemble time ...
[85/175] cREXX compile and assemble translate ...
[86/175] cREXX compile and assemble trunc ...
[87/175] cREXX compile and assemble floattrunc ...
[88/175] cREXX compile and assemble upper ...
[89/175] cREXX compile and assemble value ...
[90/175] cREXX compile and assemble verify ...
[91/175] cREXX compile and assemble version ...
[92/175] cREXX compile and assemble sourceinfo ...
[93/175] cREXX compile and assemble word ...
[94/175] cREXX compile and assemble words ...
[95/175] cREXX compile and assemble wordindex ...
[96/175] cREXX compile and assemble subword ...
[97/175] cREXX compile and assemble wordlength ...
[98/175] cREXX compile and assemble wordpos ...
[99/175] cREXX compile and assemble qword ...
[100/175] cREXX compile and assemble qwordlength ...
[101/175] cREXX compile and assemble qwords ...
[102/175] cREXX compile and assemble qwordindex ...
[103/175] cREXX compile and assemble qwordpos ...
[104/175] cREXX compile and assemble qsubword ...
[105/175] cREXX compile and assemble regex ...
[106/175] cREXX compile and assemble x2b ...
[107/175] cREXX compile and assemble x2c ...
[108/175] cREXX compile and assemble x2d ...
[109/175] cREXX compile and assemble random ...
[110/175] cREXX compile and assemble reradix ...
[111/175] cREXX compile and assemble sequence ...
[112/175] cREXX compile and assemble find ...
[113/175] cREXX compile and assemble index ...
[114/175] cREXX compile and assemble xrange ...
[115/175] cREXX compile and assemble parsecompile ...
[116/175] cREXX compile and assemble parsestring ...
[117/175] cREXX compile and assemble parse ...
[118/175] cREXX compile and assemble datatype ...
[119/175] cREXX compile and assemble arrayfind ...
[120/175] cREXX compile and assemble splice ...
[121/175] cREXX compile and assemble arrayinsert ...
[122/175] cREXX compile and assemble arraydelete ...
[123/175] cREXX compile and assemble arrayappend ...
[124/175] cREXX compile and assemble arrayprepend ...
[125/175] cREXX compile and assemble objectarrayinsert ...
[126/175] cREXX compile and assemble objectarraydelete ...
[127/175] cREXX compile and assemble objectarrayappend ...
[128/175] cREXX compile and assemble objectarrayprepend ...
[129/175] cREXX compile and assemble objectarraydrop ...
[130/175] cREXX compile and assemble objectarraymove ...
[131/175] cREXX compile and assemble arraypop ...
[132/175] cREXX compile and assemble arrayshift ...
[133/175] cREXX compile and assemble arrayget ...
[134/175] cREXX compile and assemble arrayset ...
[135/175] cREXX compile and assemble arraycontains ...
[136/175] cREXX compile and assemble arrayindexof ...
[137/175] cREXX compile and assemble arrayreverse ...
[138/175] cREXX compile and assemble arrayjoin ...
[139/175] cREXX compile and assemble arraysort ...
[140/175] cREXX compile and assemble arraycopy ...
[141/175] cREXX compile and assemble arraydrop ...
[142/175] cREXX compile and assemble arrayhi ...
[143/175] cREXX compile and assemble arraymove ...
[144/175] cREXX compile and assemble fmtmask ...
[145/175] cREXX compile and assemble compilemask ...
[146/175] cREXX compile and assemble runmask ...
[147/175] cREXX compile and assemble stem ...
[148/175] cREXX compile and assemble rxjson ...
[149/175] cREXX compile and assemble rxsocket ...
[150/175] cREXX compile and assemble rxhttp ...
[151/175] cREXX compile and assemble wordrep ...
[152/175] cREXX compile and assemble rxqueue ...
[153/175] cREXX REXX Library Archive ...
[154/175] cREXX Linked Library Image ...
[155/175] Building Dump.rxbin
[156/175] Building Fsay.rxbin
[157/175] Building Query.rxbin
[158/175] Building Add.rxbin
[159/175] Building Sort.rxbin
[160/175] Building Sortx.rxbin
[161/175] Building Execio.rxbin
[162/175] Building Msay.rxbin
[163/175] Building Queue compiler exit
[164/175] Building RexxScript.rxbin
[165/175] Building Substr.rxbin
[166/175] Building Signal.rxbin
[167/175] Building Address.rxbin
[168/175] Building Trace.rxbin
[169/175] Building Parse.rxbin
[170/175] Building rxcexits.rxbin (bundled via concatenation)
[171/175] Compiling PERF3-13 E5 POSIX doorbell control ...
[172/175] Linking C executable interpreter/persistent_worker_executor-rxtvml
[173/175] Linking C executable interpreter/persistent_worker_executor-rxvml
[174/175] Linking C executable interpreter/persistent_worker_executor-rxbvml
