[0/2] Re-checking globbed directories...
[1/430] Copying bootstrap src/parse/conf_lexer.cc, reconfigure with RE2C_REBUILD_LEXERS to regenerate
[2/430] Copying bootstrap syntax file, reconfigure with RE2C_REBUILD_PARSERS to regenerate
[3/430] Copying bootstrap src/options/parse_opts.cc, reconfigure with RE2C_REBUILD_LEXERS to regenerate
[4/430] Copying bootstrap syntax file, reconfigure with RE2C_REBUILD_PARSERS to regenerate
[5/430] Copying bootstrap syntax file, reconfigure with RE2C_REBUILD_PARSERS to regenerate
[6/430] Copying bootstrap syntax file, reconfigure with RE2C_REBUILD_PARSERS to regenerate
[7/430] Copying bootstrap syntax file, reconfigure with RE2C_REBUILD_PARSERS to regenerate
[8/430] Copying bootstrap syntax file, reconfigure with RE2C_REBUILD_PARSERS to regenerate
[9/430] Copying bootstrap syntax file, reconfigure with RE2C_REBUILD_PARSERS to regenerate
[10/430] Copying bootstrap src/parse/lexer.cc and src/parse/lexer.h, reconfigure with RE2C_REBUILD_LEXERS to regenerate
[11/430] Copying bootstrap parser, reconfigure with RE2C_REBUILD_PARSERS to regenerate
[12/430] Copying bootstrap parser, reconfigure with RE2C_REBUILD_PARSERS to regenerate
[13/430] Copying bootstrap syntax file, reconfigure with RE2C_REBUILD_PARSERS to regenerate
[14/430] Copying bootstrap syntax file, reconfigure with RE2C_REBUILD_PARSERS to regenerate
[15/430] Generating doc/re2c.1
[16/430] Copying bootstrap syntax file, reconfigure with RE2C_REBUILD_PARSERS to regenerate
[17/430] Copying bootstrap src/msg/ver_to_vernum.cc, reconfigure with RE2C_REBUILD_LEXERS to regenerate
[18/430] Copying bootstrap syntax file, reconfigure with RE2C_REBUILD_PARSERS to regenerate
[19/430] Copying bootstrap syntax file, reconfigure with RE2C_REBUILD_PARSERS to regenerate
[20/430] Building C object dslsyntax-codebuffer/CMakeFiles/dslsyntax_parser.dir/dslsyntax_log.c.o
[21/430] Building CXX object re2c/CMakeFiles/re2c_objects_autogen_ver_to_vernum.dir/src/msg/ver_to_vernum.cc.o
[22/430] Building C object dslsyntax-codebuffer/CMakeFiles/dslsyntax_parser.dir/diff.c.o
[23/430] Building C object dslsyntax-codebuffer/CMakeFiles/dslsyntax_parser.dir/serialization.c.o
[24/430] Building C object dslsyntax-codebuffer/CMakeFiles/dslsyntax_parser.dir/comms.c.o
[25/430] Building CXX object re2c/CMakeFiles/re2c_objects_autogen.dir/src/parse/parser.cc.o
[26/430] Building C object dslsyntax-codebuffer/CMakeFiles/dslsyntax_parser.dir/dslsyntax_common.c.o
[27/430] Building C object dslsyntax-codebuffer/CMakeFiles/dslsyntax_parser.dir/code_buffer.c.o
[28/430] Building C object dslsyntax-codebuffer/CMakeFiles/dslsyntax_parser.dir/thread_utils.c.o
[29/430] Building CXX object re2c/CMakeFiles/re2c_objects_autogen.dir/src/options/parse_opts.cc.o
[30/430] Building C object platform/CMakeFiles/platform.dir/rxinteger.c.o
[31/430] Building C object platform/CMakeFiles/platform.dir/platform.c.o
[32/430] Building C object dslsyntax-codebuffer/CMakeFiles/dslsyntax_parser.dir/dslsyntax_parser.c.o
[33/430] Building CXX object re2c/CMakeFiles/re2c_objects_autogen.dir/src/parse/conf_parser.cc.o
[34/430] Building C object avl_tree/CMakeFiles/avl_tree.dir/avl_tree.c.o
[35/430] Building C object binutils/CMakeFiles/rxbin.dir/rxbin.c.o
[36/430] Building C object binutils/CMakeFiles/rxbin.dir/rxsignature.c.o
[37/430] Linking C static library bin/libplatform.a
[38/430] Linking C static library bin/libavl_tree.a
[39/430] Building C object interpreter/CMakeFiles/rxvmref.dir/rxvmref.c.o
[40/430] Building C object interpreter/CMakeFiles/rxvmref.dir/rxpacompat.c.o
[41/430] Building C object dslsyntax-codebuffer/CMakeFiles/dslsyntax_parser.dir/emergency_parse.c.o
[42/430] Linking C static library dslsyntax-codebuffer/libdslsyntax_parser.a
[43/430] Building C object interpreter/CMakeFiles/rxvmmemory.dir/rxvmmemory.c.o
[44/430] Linking C static library bin/librxvmmemory.a
[45/430] Linking C static library bin/librxvmref.a
[46/430] Building C object interpreter/rxvmplugin/rxvmplugins/mc_decimal/CMakeFiles/decnumber.dir/decnumber/decContext.c.o
[47/430] Building C object interpreter/rxvmplugin/rxvmplugins/mc_decimal/CMakeFiles/mc_decimal_manual.dir/mc_decimal.c.o
[48/430] Building C object rxpa/CMakeFiles/rxpa.dir/rxpa.c.o
[49/430] Building C object interpreter/rxvmplugin/CMakeFiles/rxvmplugin.dir/rxvmplugin_framework.c.o
[50/430] Linking C static library bin/librxvmplugin.a
[51/430] Building C object binutils/CMakeFiles/rxbin.dir/rxbin007.c.o
[52/430] Building C object interpreter/CMakeFiles/rxbvm_core_objects.dir/rxvmworker.c.o
[53/430] Building CXX object re2c/CMakeFiles/re2c_objects_autogen.dir/src/parse/lexer.cc.o
[54/430] Building C object interpreter/CMakeFiles/rxbvm_core_objects.dir/rxvmactive.c.o
[55/430] Building C object interpreter/CMakeFiles/rxbvm_core_objects.dir/rxvmprogram.c.o
[56/430] Building C object interpreter/CMakeFiles/rxbvm_core_objects.dir/interrupt.c.o
[57/430] Building C object binutils/CMakeFiles/rxbin.dir/rxgraph.c.o
[58/430] Linking C static library bin/librxbin.a
[59/430] Building C object interpreter/CMakeFiles/rxbvm_core_objects.dir/exitfunc.c.o
[60/430] Building C object interpreter/CMakeFiles/rxbvm_core_objects.dir/rxvmload.c.o
[61/430] Building C object lemon/CMakeFiles/lemon.dir/lemon.c.o
[62/430] Linking C executable lemon/lemon
[63/430] Building CXX object re2c/CMakeFiles/re2c_objects_autogen.dir/src/parse/conf_lexer.cc.o
[64/430] Generating src/msg/help_re2c.cc
[65/430] Building C object interpreter/CMakeFiles/rxbvm_core_objects.dir/rxvml/rxvm_run.c.o
[66/430] Building C object interpreter/CMakeFiles/rxbvm_core_objects.dir/rxpafuncs.c.o
[67/430] Building C object interpreter/CMakeFiles/rxbvm_core_objects.dir/rxcrexxcmd.c.o
[68/430] Building C object interpreter/rxvmplugin/rxvmplugins/mc_decimal/CMakeFiles/decnumber.dir/decnumber/decNumber.c.o
[69/430] Building C object interpreter/CMakeFiles/rxbvm_core_objects.dir/rxspawn.c.o
/home/adrian/CLionProjects/CREXX/interpreter/rxspawn.c: In function ‘shell_argv_name’:
/home/adrian/CLionProjects/CREXX/interpreter/rxspawn.c:802:11: warning: assignment discards ‘const’ qualifier from pointer target type [-Wdiscarded-qualifiers]
  802 |     slash = strrchr(shell_path, '/');
      |           ^
[70/430] Building CXX object re2c/CMakeFiles/re2c.dir/src/codegen/helpers.cc.o
[71/430] Building C object interpreter/CMakeFiles/rxvm_platform_objects.dir/rxvmsock.c.o
[72/430] Building CXX object re2c/CMakeFiles/re2c.dir/src/codegen/pass3_fixup.cc.o
[73/430] Building CXX object re2c/CMakeFiles/re2c.dir/src/options/symtab.cc.o
[74/430] Building CXX object re2c/CMakeFiles/re2c.dir/src/codegen/output.cc.o
[75/430] Building CXX object re2c/CMakeFiles/re2c.dir/src/debug/dump_adfa.cc.o
[76/430] Building CXX object re2c/CMakeFiles/re2c.dir/src/debug/dump_cfg.cc.o
[77/430] Building CXX object re2c/CMakeFiles/re2c.dir/src/debug/dump_dfa.cc.o
[78/430] Building CXX object re2c/CMakeFiles/re2c.dir/src/debug/dump_dfa_tree.cc.o
[79/430] Building CXX object re2c/CMakeFiles/re2c.dir/src/debug/dump_interf.cc.o
[80/430] Building CXX object re2c/CMakeFiles/re2c.dir/src/debug/dump_nfa.cc.o
[81/430] Building CXX object re2c/CMakeFiles/re2c.dir/src/codegen/pass1_analyze.cc.o
[82/430] Building CXX object re2c/CMakeFiles/re2c.dir/src/nfa/re_to_nfa.cc.o
[83/430] Building CXX object re2c/CMakeFiles/re2c.dir/src/cfg/dce.cc.o
[84/430] Building CXX object re2c/CMakeFiles/re2c.dir/src/cfg/cfg.cc.o
[85/430] Building CXX object re2c/CMakeFiles/re2c.dir/src/cfg/compact.cc.o
[86/430] Building CXX object re2c/CMakeFiles/re2c.dir/src/codegen/pass4_render.cc.o
[87/430] Building CXX object re2c/CMakeFiles/re2c.dir/src/cfg/freeze.cc.o
[88/430] Building CXX object re2c/CMakeFiles/re2c.dir/src/adfa/adfa.cc.o
[89/430] Building CXX object re2c/CMakeFiles/re2c.dir/src/cfg/interfere.cc.o
[90/430] Building CXX object re2c/CMakeFiles/re2c.dir/src/cfg/liveanal.cc.o
[91/430] Building CXX object re2c/CMakeFiles/re2c.dir/src/cfg/normalize.cc.o
[92/430] Building CXX object re2c/CMakeFiles/re2c.dir/src/cfg/rename.cc.o
[93/430] Building CXX object re2c/CMakeFiles/re2c.dir/src/cfg/optimize.cc.o
[94/430] Building CXX object re2c/CMakeFiles/re2c.dir/src/cfg/varalloc.cc.o
[95/430] Building CXX object re2c/CMakeFiles/re2c.dir/src/codegen/pass2_generate.cc.o
[96/430] Building CXX object re2c/CMakeFiles/re2c.dir/src/dfa/fallback_tags.cc.o
[97/430] Building CXX object re2c/CMakeFiles/re2c.dir/src/dfa/dead_rules.cc.o
[98/430] Building CXX object re2c/CMakeFiles/re2c.dir/src/dfa/fillpoints.cc.o
[99/430] Building CXX object re2c/CMakeFiles/re2c.dir/src/dfa/tagver_table.cc.o
[100/430] Building CXX object re2c/CMakeFiles/re2c.dir/src/dfa/determinization.cc.o
[101/430] Building CXX object re2c/CMakeFiles/re2c.dir/src/encoding/ebcdic.cc.o
[102/430] Building CXX object re2c/CMakeFiles/re2c.dir/src/dfa/minimization.cc.o
[103/430] Building CXX object re2c/CMakeFiles/re2c.dir/src/encoding/enc.cc.o
[104/430] Building CXX object re2c/CMakeFiles/re2c.dir/src/encoding/range_suffix.cc.o
[105/430] Building CXX object re2c/CMakeFiles/re2c.dir/src/dfa/tcmd.cc.o
[106/430] Building CXX object re2c/CMakeFiles/re2c.dir/src/encoding/utf16.cc.o
[107/430] Building CXX object re2c/CMakeFiles/re2c.dir/src/dfa/find_state.cc.o
[108/430] Building CXX object re2c/CMakeFiles/re2c.dir/src/encoding/utf8.cc.o
[109/430] Building CXX object re2c/CMakeFiles/re2c.dir/src/dfa/closure.cc.o
[110/430] Building CXX object re2c/CMakeFiles/re2c.dir/src/msg/msg.cc.o
[111/430] Building CXX object re2c/CMakeFiles/re2c.dir/src/encoding/unicode_casemap.cc.o
[112/430] Building CXX object re2c/CMakeFiles/re2c.dir/src/regexp/default_tags.cc.o
[113/430] Building CXX object re2c/CMakeFiles/re2c.dir/src/regexp/nullable.cc.o
[114/430] Building CXX object re2c/CMakeFiles/re2c.dir/src/regexp/fixed_tags.cc.o
[115/430] Building CXX object re2c/CMakeFiles/re2c.dir/src/regexp/regexp.cc.o
[116/430] Building CXX object re2c/CMakeFiles/re2c.dir/src/msg/warn.cc.o
[117/430] Building CXX object re2c/CMakeFiles/re2c.dir/src/regexp/split_charset.cc.o
[118/430] Building CXX object re2c/CMakeFiles/re2c.dir/src/regexp/ast_to_re.cc.o
[119/430] Building CXX object re2c/CMakeFiles/re2c.dir/src/skeleton/maxpath.cc.o
[120/430] Building CXX object re2c/CMakeFiles/re2c.dir/src/skeleton/control_flow.cc.o
[121/430] Building CXX object re2c/CMakeFiles/re2c.dir/src/util/file_utils.cc.o
[122/430] Building CXX object re2c/CMakeFiles/re2c.dir/src/skeleton/skeleton.cc.o
[123/430] Building CXX object re2c/CMakeFiles/re2c.dir/src/util/string_utils.cc.o
[124/430] Building CXX object re2c/CMakeFiles/re2c.dir/src/parse/input.cc.o
[125/430] Building CXX object re2c/CMakeFiles/re2c.dir/src/msg/help_re2c.cc.o
[126/430] Linking C static library bin/libdecnumber.a
[127/430] Building C object interpreter/CMakeFiles/rxbvml.dir/rxvmlib.c.o
[128/430] Building CXX object re2c/CMakeFiles/re2c.dir/src/util/range.cc.o
[129/430] Linking C static library bin/rxvm_mc_decimal_manual.a
[130/430] Linking C static library bin/librxpa.a
[131/430] Building CXX object re2c/CMakeFiles/re2c.dir/src/options/opt.cc.o
[132/430] Building CXX object re2c/CMakeFiles/re2c.dir/src/skeleton/generate_code.cc.o
[133/430] Building C object interpreter/CMakeFiles/rxtvm_core_objects.dir/rxvmworker.c.o
[134/430] Building C object interpreter/CMakeFiles/rxtvm_core_objects.dir/rxvmprogram.c.o
[135/430] Building C object interpreter/CMakeFiles/rxtvm_core_objects.dir/rxvmactive.c.o
[136/430] Building CXX object re2c/CMakeFiles/re2c.dir/src/skeleton/generate_data.cc.o
[137/430] Building C object interpreter/CMakeFiles/rxtvm_core_objects.dir/interrupt.c.o
[138/430] Building CXX object re2c/CMakeFiles/re2c.dir/src/parse/ast.cc.o
[139/430] Building C object linker/CMakeFiles/rxlink.dir/rxlinkmain.c.o
[140/430] Linking C executable bin/rxlink
[141/430] Building CXX object re2c/CMakeFiles/re2c.dir/src/main.cc.o
[142/430] Building C object interpreter/CMakeFiles/rxtvm_core_objects.dir/exitfunc.c.o
[143/430] Linking CXX executable re2c/re2c
[144/430] Create REXX ASSEMBLER Parser...
[145/430] Building C object interpreter/CMakeFiles/rxtvm_core_objects.dir/rxpafuncs.c.o
[146/430] Building C object interpreter/CMakeFiles/rxtvm_core_objects.dir/rxvmload.c.o
[147/430] Building C object interpreter/CMakeFiles/rxbvml.dir/rxvml.c.o
[148/430] Building C object interpreter/CMakeFiles/rxvml.dir/rxvmlib.c.o
[149/430] Building C object interpreter/CMakeFiles/rxpashim.dir/rxpashim.c.o
[150/430] Building C object interpreter/CMakeFiles/rxtvm_core_objects.dir/rxvml/rxvm_run.c.o
[151/430] Building C object interpreter/CMakeFiles/rxbvm.dir/rxvmmain.c.o
[152/430] Linking C static library bin/librxpashim.a
[153/430] Building C object interpreter/CMakeFiles/rxtvm.dir/rxvmmain.c.o
[154/430] Building C object interpreter/CMakeFiles/rxtvm_core_objects.dir/rxcrexxcmd.c.o
[155/430] Building C object interpreter/CMakeFiles/rxtvm_core_objects.dir/rxspawn.c.o
/home/adrian/CLionProjects/CREXX/interpreter/rxspawn.c: In function ‘shell_argv_name’:
/home/adrian/CLionProjects/CREXX/interpreter/rxspawn.c:802:11: warning: assignment discards ‘const’ qualifier from pointer target type [-Wdiscarded-qualifiers]
  802 |     slash = strrchr(shell_path, '/');
      |           ^
[156/430] Create REXX ASSEMBLER Lexer...
[157/430] Building C object assembler/CMakeFiles/rxaslib.dir/rxastoke.c.o
[158/430] Building C object assembler/CMakeFiles/rxaslib.dir/rxaseror.c.o
[159/430] Building C object assembler/CMakeFiles/rxaslib.dir/rxas_flow_batch.c.o
[160/430] Building C object assembler/CMakeFiles/rxaslib.dir/rxas_flow_pass.c.o
[161/430] Building C object assembler/CMakeFiles/rxaslib.dir/rxas_opt.c.o
[162/430] Building C object interpreter/CMakeFiles/rxvml.dir/rxvml.c.o
[163/430] Building C object assembler/CMakeFiles/rxaslib.dir/rxasscan.c.o
[164/430] Building C object assembler/CMakeFiles/rxaslib.dir/rxas_flow_graph.c.o
[165/430] Building C object assembler/CMakeFiles/rxaslib.dir/rxas_flow_rewrite.c.o
[166/430] Building C object assembler/CMakeFiles/rxaslib.dir/rxas_flow_analysis.c.o
In function ‘flow_analysis_calloc’,
    inlined from ‘flow_analysis_build_rpo’ at /home/adrian/CLionProjects/CREXX/assembler/rxas_flow_analysis.c:309:21,
    inlined from ‘flow_structural_build’ at /home/adrian/CLionProjects/CREXX/assembler/rxas_flow_analysis.c:1179:10,
    inlined from ‘rxas_flow_require_structural_analysis’ at /home/adrian/CLionProjects/CREXX/assembler/rxas_flow_analysis.c:1215:27:
/home/adrian/CLionProjects/CREXX/assembler/rxas_flow_analysis.c:86:14: warning: product ‘2305843009213693951 * 8’ of arguments 1 and 2 exceeds maximum object size 9223372036854775807 [-Walloc-size-larger-than=]
   86 |     memory = calloc(count, size);
      |              ^~~~~~~~~~~~~~~~~~~
In file included from /home/adrian/CLionProjects/CREXX/assembler/../binutils/include/rxbin.h:38,
                 from /home/adrian/CLionProjects/CREXX/assembler/rxas.h:32,
                 from /home/adrian/CLionProjects/CREXX/assembler/rxas_flow_graph.h:13,
                 from /home/adrian/CLionProjects/CREXX/assembler/rxas_flow_analysis.h:13,
                 from /home/adrian/CLionProjects/CREXX/assembler/rxas_flow_analysis.c:9:
/usr/include/stdlib.h: In function ‘rxas_flow_require_structural_analysis’:
/usr/include/stdlib.h:679:14: note: in a call to allocation function ‘calloc’ declared here
  679 | extern void *calloc (size_t __nmemb, size_t __size)
      |              ^~~~~~
[167/430] Building C object assembler/CMakeFiles/rxaslib.dir/rxasgrmr.c.o
[168/430] Building C object assembler/CMakeFiles/rxaslib.dir/rxas_flow_use.c.o
[169/430] Building C object assembler/CMakeFiles/rxaslib.dir/rxas_flow_signal.c.o
[170/430] Building C object assembler/CMakeFiles/rxaslib.dir/__/binutils/rxopmeta.c.o
[171/430] Building C object assembler/CMakeFiles/rxaslib.dir/rxaslib.c.o
[172/430] Building C object assembler/CMakeFiles/rxas.dir/rxasmain.c.o
[173/430] Building C object assembler/CMakeFiles/rxaslib.dir/rxas_flow.c.o
[174/430] Building C object assembler/CMakeFiles/rxaslib.dir/rxas_dsl.c.o
[175/430] Building C object assembler/CMakeFiles/rxaslib.dir/rxasassm.c.o
[176/430] Building C object assembler/CMakeFiles/rxaslib.dir/rxas_flow_ssa.c.o
[177/430] Building C object assembler/CMakeFiles/rxaslib.dir/rxas_flow_proof.c.o
[178/430] Linking C static library bin/librxaslib.a
[179/430] Linking C executable bin/rxas
[180/430] cREXX assemble _elapsed ...
[181/430] cREXX RXAS Library Archive ...
[182/430] Building C object interpreter/CMakeFiles/rxbvm_core_objects.dir/rxvmintp.c.o
[183/430] Linking C static library bin/librxbvml.a
[184/430] Create Options Parser...
[185/430] Linking C executable bin/rxbvm
[186/430] Create REXX C Parser...
[187/430] Create Options Lexer...
[188/430] Create REXX B Parser...
[189/430] Create REXX C Lexer...
[190/430] Building C object interpreter/CMakeFiles/rxtvm_core_objects.dir/rxvmintp.c.o
[191/430] Linking C static library bin/librxvml.a
[192/430] Linking C executable bin/rxtvm
[193/430] Create REXX B Lexer...
[194/430] Building C object compiler/CMakeFiles/rxclib.dir/rxcp_ast_walk.c.o
[195/430] Building C object compiler/CMakeFiles/rxclib.dir/rxcp_diag_fallback.c.o
[196/430] Building C object compiler/CMakeFiles/rxclib.dir/rxcp_ast_print.c.o
[197/430] Building C object compiler/CMakeFiles/rxclib.dir/rxcpmain.c.o
[198/430] Building C object compiler/CMakeFiles/rxclib.dir/rxcp_dsl.c.o
[199/430] Building C object compiler/CMakeFiles/rxclib.dir/rxcp_source_ext.c.o
[200/430] Building C object compiler/CMakeFiles/rxclib.dir/rxcp_util.c.o
[201/430] Building C object compiler/CMakeFiles/rxclib.dir/rxcp_diag.c.o
[202/430] Building C object compiler/CMakeFiles/rxclib.dir/rxcp_source_tree.c.o
[203/430] Building C object compiler/CMakeFiles/rxclib.dir/rxcpopgr.c.o
[204/430] Building C object compiler/CMakeFiles/rxclib.dir/rxcpopar.c.o
[205/430] Building C object compiler/CMakeFiles/rxclib.dir/rxcp_srcmap.c.o
[206/430] Building C object compiler/CMakeFiles/rxclib.dir/rxcpbpar.c.o
[207/430] Building C object compiler/CMakeFiles/rxclib.dir/rxcp_highlight_controller.c.o
[208/430] Building C object compiler/CMakeFiles/rxclib.dir/rxcp_ast_core.c.o
[209/430] Building C object compiler/CMakeFiles/rxclib.dir/rxcposcn.c.o
[210/430] Building C object compiler/CMakeFiles/rxclib.dir/rxcpcsym.c.o
[211/430] Building C object compiler/CMakeFiles/rxclib.dir/rxcpcval.c.o
[212/430] Building C object compiler/CMakeFiles/rxclib.dir/rxcpcgmr.c.o
[213/430] Building C object compiler/CMakeFiles/rxclib.dir/rxcpcpar.c.o
[214/430] Building C object compiler/CMakeFiles/rxclib.dir/rxcpbgmr.c.o
[215/430] Building C object compiler/CMakeFiles/rxclib.dir/rxcp_ast_rewrite.c.o
[216/430] Building C object compiler/CMakeFiles/rxclib.dir/rxcpcdiag.c.o
[217/430] Building C object compiler/CMakeFiles/rxclib.dir/rxcp_val_plugin.c.o
[218/430] Building C object compiler/CMakeFiles/rxclib.dir/rxcp_val_sym.c.o
[219/430] Building C object compiler/CMakeFiles/rxclib.dir/rxcp_fixup.c.o
[220/430] Building C object compiler/CMakeFiles/rxclib.dir/rxcp_val_trans.c.o
[221/430] Building C object compiler/CMakeFiles/rxclib.dir/rxcp_ast_val.c.o
[222/430] Building C object compiler/CMakeFiles/rxclib.dir/rexcscan.c.o
[223/430] Building C object compiler/CMakeFiles/rxclib.dir/rxcp_remap.c.o
[224/430] Building C object compiler/CMakeFiles/rxclib.dir/rxcp_val_check.c.o
[225/430] Building C object compiler/CMakeFiles/rxclib.dir/rxcp_inline_rules.c.o
[226/430] Building C object compiler/CMakeFiles/rxclib.dir/rxcp_val_type.c.o
[227/430] Building C object compiler/CMakeFiles/rxclib.dir/rxcp_remap_build.c.o
[228/430] Building C object compiler/CMakeFiles/rxclib.dir/rxcp_val_orch.c.o
[229/430] Building C object compiler/CMakeFiles/rxclib.dir/rxcp_levelc_lower.c.o
[230/430] Building C object compiler/CMakeFiles/rxclib.dir/rxcpemit.c.o
[231/430] Building C object compiler/CMakeFiles/rxclib.dir/rxcpsymb.c.o
[232/430] Building C object compiler/CMakeFiles/rxclib.dir/rxcp_emit_core.c.o
[233/430] Building C object compiler/CMakeFiles/rxclib.dir/rxcp_emit_super.c.o
[234/430] Building C object compiler/CMakeFiles/rxclib.dir/rxcp_emit_proc.c.o
[235/430] Building C object compiler/CMakeFiles/rxclib.dir/rxcp_emit_flow.c.o
[236/430] Building C object compiler/CMakeFiles/rxclib.dir/rxcp_emit_reg.c.o
[237/430] Building C object compiler/CMakeFiles/rxclib.dir/rxcp_emit_meta.c.o
[238/430] Building C object compiler/CMakeFiles/rxclib.dir/rxcp_emit_expr.c.o
[239/430] Building C object compiler/CMakeFiles/rxclib.dir/__/platform/rxinteger.c.o
[240/430] Building C object compiler/CMakeFiles/rxclib.dir/__/platform/platform.c.o
[241/430] Building C object compiler/CMakeFiles/rxclib.dir/rxcp_dispatch.c.o
[242/430] Building C object compiler/CMakeFiles/rxclib.dir/rxcp_instr.c.o
[243/430] Building C object compiler/CMakeFiles/rxc.dir/rxc_main.c.o
[244/430] Building C object compiler/CMakeFiles/rxclib.dir/rxcp_partial_call.c.o
[245/430] Building C object compiler/CMakeFiles/rxclib.dir/rxcp_flow.c.o
[246/430] Building C object compiler/CMakeFiles/rxclib.dir/rxcp_opt.c.o
[247/430] Building C object compiler/CMakeFiles/rxclib.dir/rxcp_exit.c.o
[248/430] Building C object compiler/CMakeFiles/rxclib.dir/rxcpfunc.c.o
[249/430] Building C object compiler/CMakeFiles/rxclib.dir/rxcp_inline.c.o
[250/430] Building C object compiler/CMakeFiles/rxclib.dir/rexbscan.c.o
[251/430] Linking C static library bin/librxclib.a
[252/430] Linking C executable bin/rxc
[253/430] Building token.rxbin
[254/430] Building Dummy.rxbin
[255/430] cREXX compile and assemble _address ...
[256/430] cREXX compile and assemble _rxsystem ...
[257/430] cREXX compile and assemble _jdn ...
[258/430] cREXX compile and assemble _datei ...
[259/430] cREXX compile and assemble _dateo ...
[260/430] cREXX compile and assemble _ftrunc ...
[261/430] cREXX compile and assemble _itrunc ...
[262/430] cREXX compile and assemble _typedformat ...
[263/430] cREXX compile and assemble abbrev ...
[264/430] cREXX compile and assemble abs ...
[265/430] cREXX compile and assemble intabs ...
[266/430] cREXX compile and assemble floatabs ...
[267/430] cREXX compile and assemble b2x ...
[268/430] cREXX compile and assemble b2d ...
[269/430] cREXX compile and assemble binary ...
[270/430] cREXX compile and assemble c2x ...
[271/430] cREXX compile and assemble c2d ...
[272/430] cREXX compile and assemble center ...
[273/430] cREXX compile and assemble centre ...
[274/430] cREXX compile and assemble changestr ...
[275/430] cREXX compile and assemble compare ...
[276/430] cREXX compile and assemble copies ...
[277/430] cREXX compile and assemble countstr ...
[278/430] cREXX compile and assemble d2b ...
[279/430] cREXX compile and assemble d2c ...
[280/430] cREXX compile and assemble d2x ...
[281/430] cREXX compile and assemble date ...
[282/430] cREXX compile and assemble delstr ...
[283/430] cREXX compile and assemble delword ...
[284/430] cREXX compile and assemble fileio ...
[285/430] cREXX compile and assemble filter ...
[286/430] cREXX compile and assemble format ...
[287/430] cREXX compile and assemble intformat ...
[288/430] cREXX compile and assemble floatformat ...
[289/430] cREXX compile and assemble fnv ...
[290/430] cREXX compile and assemble getenv ...
[291/430] cREXX compile and assemble insert ...
[292/430] cREXX compile and assemble length ...
[293/430] cREXX compile and assemble linesize ...
[294/430] cREXX compile and assemble loadmodule ...
[295/430] cREXX compile and assemble lower ...
[296/430] cREXX compile and assemble max ...
[297/430] cREXX compile and assemble intmax ...
[298/430] cREXX compile and assemble floatmax ...
[299/430] cREXX compile and assemble min ...
[300/430] cREXX compile and assemble intmin ...
[301/430] cREXX compile and assemble floatmin ...
[302/430] cREXX compile and assemble numeric ...
[303/430] cREXX compile and assemble overlay ...
[304/430] cREXX compile and assemble pos ...
[305/430] cREXX compile and assemble qscan ...
[306/430] cREXX compile and assemble qpos ...
[307/430] cREXX compile and assemble qsplit ...
[308/430] cREXX compile and assemble qsplitsafe ...
[309/430] cREXX compile and assemble qextractall ...
[310/430] cREXX compile and assemble qextractpair ...
[311/430] cREXX compile and assemble qstripcomment ...
[312/430] cREXX compile and assemble qremoveall ...
[313/430] cREXX compile and assemble fsayfmt ...
[314/430] cREXX compile and assemble lastpos ...
[315/430] cREXX compile and assemble left ...
[316/430] cREXX compile and assemble right ...
[317/430] cREXX compile and assemble raise ...
[318/430] cREXX compile and assemble reverse ...
[319/430] cREXX compile and assemble signal ...
[320/430] cREXX compile and assemble trace ...
[321/430] cREXX compile and assemble sign ...
[322/430] cREXX compile and assemble intsign ...
[323/430] cREXX compile and assemble floatsign ...
[324/430] cREXX compile and assemble space ...
[325/430] cREXX compile and assemble strip ...
[326/430] cREXX compile and assemble substr ...
[327/430] cREXX compile and assemble substro ...
[328/430] cREXX compile and assemble symbol ...
[329/430] cREXX compile and assemble time ...
[330/430] cREXX compile and assemble translate ...
[331/430] cREXX compile and assemble trunc ...
[332/430] cREXX compile and assemble floattrunc ...
[333/430] cREXX compile and assemble upper ...
[334/430] cREXX compile and assemble value ...
[335/430] cREXX compile and assemble verify ...
[336/430] cREXX compile and assemble version ...
[337/430] cREXX compile and assemble sourceinfo ...
[338/430] cREXX compile and assemble word ...
[339/430] cREXX compile and assemble words ...
[340/430] cREXX compile and assemble wordindex ...
[341/430] cREXX compile and assemble subword ...
[342/430] cREXX compile and assemble wordlength ...
[343/430] cREXX compile and assemble wordpos ...
[344/430] cREXX compile and assemble qword ...
[345/430] cREXX compile and assemble qwordlength ...
[346/430] cREXX compile and assemble qwords ...
[347/430] cREXX compile and assemble qwordindex ...
[348/430] cREXX compile and assemble qwordpos ...
[349/430] cREXX compile and assemble qsubword ...
[350/430] cREXX compile and assemble regex ...
[351/430] cREXX compile and assemble x2b ...
[352/430] cREXX compile and assemble x2c ...
[353/430] cREXX compile and assemble x2d ...
[354/430] cREXX compile and assemble random ...
[355/430] cREXX compile and assemble reradix ...
[356/430] cREXX compile and assemble sequence ...
[357/430] cREXX compile and assemble find ...
[358/430] cREXX compile and assemble index ...
[359/430] cREXX compile and assemble xrange ...
[360/430] cREXX compile and assemble parsecompile ...
[361/430] cREXX compile and assemble parsestring ...
[362/430] cREXX compile and assemble parse ...
[363/430] cREXX compile and assemble datatype ...
[364/430] cREXX compile and assemble arrayfind ...
[365/430] cREXX compile and assemble splice ...
[366/430] cREXX compile and assemble arrayinsert ...
[367/430] cREXX compile and assemble arraydelete ...
[368/430] cREXX compile and assemble arrayappend ...
[369/430] cREXX compile and assemble arrayprepend ...
[370/430] cREXX compile and assemble objectarrayinsert ...
[371/430] cREXX compile and assemble objectarraydelete ...
[372/430] cREXX compile and assemble objectarrayappend ...
[373/430] cREXX compile and assemble objectarrayprepend ...
[374/430] cREXX compile and assemble objectarraydrop ...
[375/430] cREXX compile and assemble objectarraymove ...
[376/430] cREXX compile and assemble arraypop ...
[377/430] cREXX compile and assemble arrayshift ...
[378/430] cREXX compile and assemble arrayget ...
[379/430] cREXX compile and assemble arrayset ...
[380/430] cREXX compile and assemble arraycontains ...
[381/430] cREXX compile and assemble arrayindexof ...
[382/430] cREXX compile and assemble arrayreverse ...
[383/430] cREXX compile and assemble arrayjoin ...
[384/430] cREXX compile and assemble arraysort ...
[385/430] cREXX compile and assemble arraycopy ...
[386/430] cREXX compile and assemble arraydrop ...
[387/430] cREXX compile and assemble arrayhi ...
[388/430] cREXX compile and assemble arraymove ...
[389/430] cREXX compile and assemble fmtmask ...
[390/430] cREXX compile and assemble compilemask ...
[391/430] cREXX compile and assemble runmask ...
[392/430] cREXX compile and assemble stem ...
[393/430] cREXX compile and assemble rxjson ...
[394/430] cREXX compile and assemble rxsocket ...
[395/430] cREXX compile and assemble rxhttp ...
[396/430] cREXX compile and assemble wordrep ...
[397/430] cREXX compile and assemble rxqueue ...
[398/430] cREXX REXX Library Archive ...
[399/430] cREXX Linked Library Image ...
[400/430] Building Query.rxbin
[401/430] Building Fsay.rxbin
[402/430] Building Add.rxbin
[403/430] Building Dump.rxbin
[404/430] Building Msay.rxbin
[405/430] Building Sort.rxbin
[406/430] Building Sortx.rxbin
[407/430] Building Execio.rxbin
[408/430] Building Queue compiler exit
[409/430] Building RexxScript.rxbin
[410/430] Building Substr.rxbin
[411/430] Building Signal.rxbin
[412/430] Building Trace.rxbin
[413/430] Building Address.rxbin
[414/430] Building Parse.rxbin
[415/430] Building rxcexits.rxbin (bundled via concatenation)
[416/430] Generating benchmark_awfy_sieve_opt.rxbin
[417/430] Compiling PERF3-13 E5 POSIX doorbell control ...
[418/430] Generating benchmark_awfy_permute_opt.rxbin
[419/430] Building C object interpreter/CMakeFiles/persistent_worker_executor-rxvml.dir/tests/test_persistent_worker_executor.c.o
[420/430] Building C object interpreter/CMakeFiles/persistent_worker_executor-rxbvml.dir/tests/test_persistent_worker_executor.c.o
[421/430] Building C object interpreter/CMakeFiles/persistent_worker_executor-rxtvml.dir/tests/test_persistent_worker_executor.c.o
[422/430] Building C object interpreter/CMakeFiles/persistent_worker_executor-rxtvml.dir/rxvmexecutor.c.o
[423/430] Building C object interpreter/CMakeFiles/persistent_worker_executor-rxvml.dir/rxvmexecutor.c.o
[424/430] Building C object interpreter/CMakeFiles/persistent_worker_executor-rxbvml.dir/rxvmexecutor.c.o
[425/430] Linking C executable interpreter/persistent_worker_executor-rxbvml
[426/430] Linking C executable interpreter/persistent_worker_executor-rxvml
[427/430] Building C object interpreter/CMakeFiles/persistent_worker_executor-rxtvml.dir/rxvml.c.o
[428/430] Generating benchmark_rexxcps_levelb_opt.rxbin
[429/430] Linking C executable interpreter/persistent_worker_executor-rxtvml
