./ATTRIBUTION.md: OK
./CANDIDATE-PANEL.md: OK
./CORRECTNESS.md: OK
./PROVENANCE.md: OK
./README.md: OK
./WORKTREES.md: OK
./freeze/linked/base64-noopt.rxbin: OK
./freeze/linked/base64-opt.rxbin: OK
./freeze/linked/bounce-noopt.rxbin: OK
./freeze/linked/bounce-opt.rxbin: OK
./freeze/linked/permute-noopt.rxbin: OK
./freeze/linked/permute-opt.rxbin: OK
./freeze/linked/rexxcps-noopt.rxbin: OK
./freeze/linked/rexxcps-opt.rxbin: OK
./freeze/linked/richards-noopt.rxbin: OK
./freeze/linked/richards-opt.rxbin: OK
./freeze/linked/sieve-noopt.rxbin: OK
./freeze/linked/sieve-opt.rxbin: OK
./freeze/rxas-rxbin/benchmark_awfy_bounce_noopt.rxas: OK
./freeze/rxas-rxbin/benchmark_awfy_bounce_noopt.rxbin: OK
./freeze/rxas-rxbin/benchmark_awfy_bounce_opt.rxas: OK
./freeze/rxas-rxbin/benchmark_awfy_bounce_opt.rxbin: OK
./freeze/rxas-rxbin/benchmark_awfy_permute_noopt.rxas: OK
./freeze/rxas-rxbin/benchmark_awfy_permute_noopt.rxbin: OK
./freeze/rxas-rxbin/benchmark_awfy_permute_opt.rxas: OK
./freeze/rxas-rxbin/benchmark_awfy_permute_opt.rxbin: OK
./freeze/rxas-rxbin/benchmark_awfy_richards_noopt.rxas: OK
./freeze/rxas-rxbin/benchmark_awfy_richards_noopt.rxbin: OK
./freeze/rxas-rxbin/benchmark_awfy_richards_opt.rxas: OK
./freeze/rxas-rxbin/benchmark_awfy_richards_opt.rxbin: OK
./freeze/rxas-rxbin/benchmark_awfy_sieve_noopt.rxas: OK
./freeze/rxas-rxbin/benchmark_awfy_sieve_noopt.rxbin: OK
./freeze/rxas-rxbin/benchmark_awfy_sieve_opt.rxas: OK
./freeze/rxas-rxbin/benchmark_awfy_sieve_opt.rxbin: OK
./freeze/rxas-rxbin/benchmark_base64_roundtrip_noopt.rxas: OK
./freeze/rxas-rxbin/benchmark_base64_roundtrip_noopt.rxbin: OK
./freeze/rxas-rxbin/benchmark_base64_roundtrip_opt.rxas: OK
./freeze/rxas-rxbin/benchmark_base64_roundtrip_opt.rxbin: OK
./freeze/rxas-rxbin/benchmark_rexxcps_levelb_noopt.rxas: OK
./freeze/rxas-rxbin/benchmark_rexxcps_levelb_noopt.rxbin: OK
./freeze/rxas-rxbin/benchmark_rexxcps_levelb_opt.rxas: OK
./freeze/rxas-rxbin/benchmark_rexxcps_levelb_opt.rxbin: OK
./freeze/sources/awfy_bounce.crexx: OK
./freeze/sources/awfy_permute.crexx: OK
./freeze/sources/awfy_richards.crexx: OK
./freeze/sources/awfy_sieve.crexx: OK
./freeze/sources/base64_roundtrip.crexx: OK
./freeze/sources/rexxcps_levelb.crexx: OK
./raw/checksum-audits/2026-07-23-perf2-01-current-baseline.log: OK
./raw/checksum-audits/2026-07-23-perf2-02-quickening-poc.log: OK
./raw/checksum-audits/2026-07-24-perf2-02-first-release-verdict.log: OK
./raw/checksum-audits/2026-07-26-perf2-05-r1a-first-release-verdict.log: OK
./raw/checksum-audits/2026-07-26-perf2-05-r2a-first-release-verdict.log: OK
./raw/checksum-audits/2026-07-26-perf2-05-semantic-assist-panel.log: OK
./raw/checksum-audits/2026-07-26-perf2-06-vm-audit.log: OK
./raw/checksum-audits/2026-07-26-perf2-06-vm-c1b-first-release-verdict.log: OK
./raw/checksum-audits/2026-07-27-perf2-06-vm-c2-reset-poc-root.log: OK
./raw/checksum-audits/2026-07-27-perf2-06-vm-c2-reset-poc.log: OK
./raw/checksum-audits/2026-07-27-perf2-06-vm-c3-tactical-rejection.log: OK
./raw/correctness/baseline/rexxcps_levelb-empty-init.crexx: OK
./raw/correctness/baseline/rxbvm-noopt-trace-2.2.log: OK
./raw/correctness/baseline/rxbvm-noopt.stderr: OK
./raw/correctness/baseline/rxbvm-noopt.stdout: OK
./raw/correctness/baseline/rxbvm-opt-trace-2.2.log: OK
./raw/correctness/baseline/rxbvm-opt.stderr: OK
./raw/correctness/baseline/rxbvm-opt.stdout: OK
./raw/correctness/baseline/rxvm-noopt-trace-2.2.log: OK
./raw/correctness/baseline/rxvm-noopt.stderr: OK
./raw/correctness/baseline/rxvm-noopt.stdout: OK
./raw/correctness/baseline/rxvm-opt-trace-2.2.log: OK
./raw/correctness/baseline/rxvm-opt.stderr: OK
./raw/correctness/baseline/rxvm-opt.stdout: OK
./raw/correctness/baseline/v3-noopt.rxas: OK
./raw/correctness/baseline/v3-noopt.rxbin: OK
./raw/correctness/baseline/v3-opt.rxas: OK
./raw/correctness/baseline/v3-opt.rxbin: OK
./raw/correctness/final-focused-tests.log: OK
./raw/correctness/fixed/perf2_07_v3_representation.cmake: OK
./raw/correctness/fixed/perf2_07_v3_representation.crexx: OK
./raw/correctness/fixed/rxbvm-noopt-trace-2.2.log: OK
./raw/correctness/fixed/rxbvm-noopt.log: OK
./raw/correctness/fixed/rxbvm-noopt.stderr: OK
./raw/correctness/fixed/rxbvm-opt-trace-2.2.log: OK
./raw/correctness/fixed/rxbvm-opt.log: OK
./raw/correctness/fixed/rxbvm-opt.stderr: OK
./raw/correctness/fixed/rxvm-noopt-trace-2.2.log: OK
./raw/correctness/fixed/rxvm-noopt.log: OK
./raw/correctness/fixed/rxvm-noopt.stderr: OK
./raw/correctness/fixed/rxvm-opt-trace-2.2.log: OK
./raw/correctness/fixed/rxvm-opt.log: OK
./raw/correctness/fixed/rxvm-opt.stderr: OK
./raw/correctness/related-tests.log: OK
./raw/heap/final-heap-full/rxbvm-rexxcps.highwater.stderr: OK
./raw/heap/final-heap-full/rxbvm-rexxcps.highwater.txt: OK
./raw/heap/final-heap-full/rxbvm-rexxcps.history.rc: OK
./raw/heap/final-heap-full/rxbvm-rexxcps.run.rc: OK
./raw/heap/final-heap-full/rxbvm-rexxcps.stderr: OK
./raw/heap/final-heap-full/rxbvm-rexxcps.stdout: OK
./raw/heap/final-heap-full/rxbvm-richards.highwater.stderr: OK
./raw/heap/final-heap-full/rxbvm-richards.highwater.txt: OK
./raw/heap/final-heap-full/rxbvm-richards.history.rc: OK
./raw/heap/final-heap-full/rxbvm-richards.run.rc: OK
./raw/heap/final-heap-full/rxbvm-richards.stderr: OK
./raw/heap/final-heap-full/rxbvm-richards.stdout: OK
./raw/heap/final-heap-full/rxvm-rexxcps.highwater.stderr: OK
./raw/heap/final-heap-full/rxvm-rexxcps.highwater.txt: OK
./raw/heap/final-heap-full/rxvm-rexxcps.history.rc: OK
./raw/heap/final-heap-full/rxvm-rexxcps.run.rc: OK
./raw/heap/final-heap-full/rxvm-rexxcps.stderr: OK
./raw/heap/final-heap-full/rxvm-rexxcps.stdout: OK
./raw/heap/final-heap-full/rxvm-richards.highwater.stderr: OK
./raw/heap/final-heap-full/rxvm-richards.highwater.txt: OK
./raw/heap/final-heap-full/rxvm-richards.history.rc: OK
./raw/heap/final-heap-full/rxvm-richards.run.rc: OK
./raw/heap/final-heap-full/rxvm-richards.stderr: OK
./raw/heap/final-heap-full/rxvm-richards.stdout: OK
./raw/lifecycle/crexx/lifecycle_probe.rxas: OK
./raw/lifecycle/crexx/lifecycle_probe.rxbin: OK
./raw/lifecycle/samples.csv: OK
./raw/lifecycle/summary.csv: OK
./raw/native/rxbvm-base64.run.rc: OK
./raw/native/rxbvm-base64.sample.rc: OK
./raw/native/rxbvm-base64.sample.stderr: OK
./raw/native/rxbvm-base64.sample.stdout: OK
./raw/native/rxbvm-base64.sample.txt: OK
./raw/native/rxbvm-base64.stderr: OK
./raw/native/rxbvm-base64.stdout: OK
./raw/native/rxbvm-bounce.run.rc: OK
./raw/native/rxbvm-bounce.sample.rc: OK
./raw/native/rxbvm-bounce.sample.stderr: OK
./raw/native/rxbvm-bounce.sample.stdout: OK
./raw/native/rxbvm-bounce.sample.txt: OK
./raw/native/rxbvm-bounce.stderr: OK
./raw/native/rxbvm-bounce.stdout: OK
./raw/native/rxbvm-rexxcps.run.rc: OK
./raw/native/rxbvm-rexxcps.sample.rc: OK
./raw/native/rxbvm-rexxcps.sample.stderr: OK
./raw/native/rxbvm-rexxcps.sample.stdout: OK
./raw/native/rxbvm-rexxcps.sample.txt: OK
./raw/native/rxbvm-rexxcps.stderr: OK
./raw/native/rxbvm-rexxcps.stdout: OK
./raw/native/rxbvm-richards.run.rc: OK
./raw/native/rxbvm-richards.sample.rc: OK
./raw/native/rxbvm-richards.sample.stderr: OK
./raw/native/rxbvm-richards.sample.stdout: OK
./raw/native/rxbvm-richards.sample.txt: OK
./raw/native/rxbvm-richards.stderr: OK
./raw/native/rxbvm-richards.stdout: OK
./raw/native/rxvm-base64.run.rc: OK
./raw/native/rxvm-base64.sample.rc: OK
./raw/native/rxvm-base64.sample.stderr: OK
./raw/native/rxvm-base64.sample.stdout: OK
./raw/native/rxvm-base64.sample.txt: OK
./raw/native/rxvm-base64.stderr: OK
./raw/native/rxvm-base64.stdout: OK
./raw/native/rxvm-bounce.run.rc: OK
./raw/native/rxvm-bounce.sample.rc: OK
./raw/native/rxvm-bounce.sample.stderr: OK
./raw/native/rxvm-bounce.sample.stdout: OK
./raw/native/rxvm-bounce.sample.txt: OK
./raw/native/rxvm-bounce.stderr: OK
./raw/native/rxvm-bounce.stdout: OK
./raw/native/rxvm-rexxcps.run.rc: OK
./raw/native/rxvm-rexxcps.sample.rc: OK
./raw/native/rxvm-rexxcps.sample.stderr: OK
./raw/native/rxvm-rexxcps.sample.stdout: OK
./raw/native/rxvm-rexxcps.sample.txt: OK
./raw/native/rxvm-rexxcps.stderr: OK
./raw/native/rxvm-rexxcps.stdout: OK
./raw/native/rxvm-richards.run.rc: OK
./raw/native/rxvm-richards.sample.rc: OK
./raw/native/rxvm-richards.sample.stderr: OK
./raw/native/rxvm-richards.sample.stdout: OK
./raw/native/rxvm-richards.sample.txt: OK
./raw/native/rxvm-richards.stderr: OK
./raw/native/rxvm-richards.stdout: OK
./raw/profiles/current-linked-attribution-manifest.txt: OK
./raw/profiles/current-linked-profile-summary-inputs.txt: OK
./raw/profiles/current-linked-profile-summary/mechanism-summary.csv: OK
./raw/profiles/current-linked-profile-summary/profile-domain-audit.csv: OK
./raw/profiles/current-linked-profile-summary/top-opcodes.csv: OK
./raw/profiles/current-linked-profile-summary/top-procedures.csv: OK
./raw/profiles/current-linked-profile-summary/top-transitions.csv: OK
./raw/profiles/final-linked-profile-summary-inputs.txt: OK
./raw/rss/rxbvm-base64-noopt.rc: OK
./raw/rss/rxbvm-base64-noopt.stderr: OK
./raw/rss/rxbvm-base64-noopt.stdout: OK
./raw/rss/rxbvm-base64-noopt.time: OK
./raw/rss/rxbvm-base64-opt.rc: OK
./raw/rss/rxbvm-base64-opt.stderr: OK
./raw/rss/rxbvm-base64-opt.stdout: OK
./raw/rss/rxbvm-base64-opt.time: OK
./raw/rss/rxbvm-bounce-noopt.rc: OK
./raw/rss/rxbvm-bounce-noopt.stderr: OK
./raw/rss/rxbvm-bounce-noopt.stdout: OK
./raw/rss/rxbvm-bounce-noopt.time: OK
./raw/rss/rxbvm-bounce-opt.rc: OK
./raw/rss/rxbvm-bounce-opt.stderr: OK
./raw/rss/rxbvm-bounce-opt.stdout: OK
./raw/rss/rxbvm-bounce-opt.time: OK
./raw/rss/rxbvm-permute-noopt.rc: OK
./raw/rss/rxbvm-permute-noopt.stderr: OK
./raw/rss/rxbvm-permute-noopt.stdout: OK
./raw/rss/rxbvm-permute-noopt.time: OK
./raw/rss/rxbvm-permute-opt.rc: OK
./raw/rss/rxbvm-permute-opt.stderr: OK
./raw/rss/rxbvm-permute-opt.stdout: OK
./raw/rss/rxbvm-permute-opt.time: OK
./raw/rss/rxbvm-rexxcps-noopt.rc: OK
./raw/rss/rxbvm-rexxcps-noopt.stderr: OK
./raw/rss/rxbvm-rexxcps-noopt.stdout: OK
./raw/rss/rxbvm-rexxcps-noopt.time: OK
./raw/rss/rxbvm-rexxcps-opt.rc: OK
./raw/rss/rxbvm-rexxcps-opt.stderr: OK
./raw/rss/rxbvm-rexxcps-opt.stdout: OK
./raw/rss/rxbvm-rexxcps-opt.time: OK
./raw/rss/rxbvm-richards-noopt.rc: OK
./raw/rss/rxbvm-richards-noopt.stderr: OK
./raw/rss/rxbvm-richards-noopt.stdout: OK
./raw/rss/rxbvm-richards-noopt.time: OK
./raw/rss/rxbvm-richards-opt.rc: OK
./raw/rss/rxbvm-richards-opt.stderr: OK
./raw/rss/rxbvm-richards-opt.stdout: OK
./raw/rss/rxbvm-richards-opt.time: OK
./raw/rss/rxbvm-sieve-noopt.rc: OK
./raw/rss/rxbvm-sieve-noopt.stderr: OK
./raw/rss/rxbvm-sieve-noopt.stdout: OK
./raw/rss/rxbvm-sieve-noopt.time: OK
./raw/rss/rxbvm-sieve-opt.rc: OK
./raw/rss/rxbvm-sieve-opt.stderr: OK
./raw/rss/rxbvm-sieve-opt.stdout: OK
./raw/rss/rxbvm-sieve-opt.time: OK
./raw/rss/rxvm-base64-noopt.rc: OK
./raw/rss/rxvm-base64-noopt.stderr: OK
./raw/rss/rxvm-base64-noopt.stdout: OK
./raw/rss/rxvm-base64-noopt.time: OK
./raw/rss/rxvm-base64-opt.rc: OK
./raw/rss/rxvm-base64-opt.stderr: OK
./raw/rss/rxvm-base64-opt.stdout: OK
./raw/rss/rxvm-base64-opt.time: OK
./raw/rss/rxvm-bounce-noopt.rc: OK
./raw/rss/rxvm-bounce-noopt.stderr: OK
./raw/rss/rxvm-bounce-noopt.stdout: OK
./raw/rss/rxvm-bounce-noopt.time: OK
./raw/rss/rxvm-bounce-opt.rc: OK
./raw/rss/rxvm-bounce-opt.stderr: OK
./raw/rss/rxvm-bounce-opt.stdout: OK
./raw/rss/rxvm-bounce-opt.time: OK
./raw/rss/rxvm-permute-noopt.rc: OK
./raw/rss/rxvm-permute-noopt.stderr: OK
./raw/rss/rxvm-permute-noopt.stdout: OK
./raw/rss/rxvm-permute-noopt.time: OK
./raw/rss/rxvm-permute-opt.rc: OK
./raw/rss/rxvm-permute-opt.stderr: OK
./raw/rss/rxvm-permute-opt.stdout: OK
./raw/rss/rxvm-permute-opt.time: OK
./raw/rss/rxvm-rexxcps-noopt.rc: OK
./raw/rss/rxvm-rexxcps-noopt.stderr: OK
./raw/rss/rxvm-rexxcps-noopt.stdout: OK
./raw/rss/rxvm-rexxcps-noopt.time: OK
./raw/rss/rxvm-rexxcps-opt.rc: OK
./raw/rss/rxvm-rexxcps-opt.stderr: OK
./raw/rss/rxvm-rexxcps-opt.stdout: OK
./raw/rss/rxvm-rexxcps-opt.time: OK
./raw/rss/rxvm-richards-noopt.rc: OK
./raw/rss/rxvm-richards-noopt.stderr: OK
./raw/rss/rxvm-richards-noopt.stdout: OK
./raw/rss/rxvm-richards-noopt.time: OK
./raw/rss/rxvm-richards-opt.rc: OK
./raw/rss/rxvm-richards-opt.stderr: OK
./raw/rss/rxvm-richards-opt.stdout: OK
./raw/rss/rxvm-richards-opt.time: OK
./raw/rss/rxvm-sieve-noopt.rc: OK
./raw/rss/rxvm-sieve-noopt.stderr: OK
./raw/rss/rxvm-sieve-noopt.stdout: OK
./raw/rss/rxvm-sieve-noopt.time: OK
./raw/rss/rxvm-sieve-opt.rc: OK
./raw/rss/rxvm-sieve-opt.stderr: OK
./raw/rss/rxvm-sieve-opt.stdout: OK
./raw/rss/rxvm-sieve-opt.time: OK
./raw/timing/current-linked-steady-manifest.txt: OK
./raw/timing/final-linked-steady-rxbvm/bundle-manifest.json: OK
./raw/timing/final-linked-steady-rxbvm/checksums.sha256: OK
./raw/timing/final-linked-steady-rxbvm/entries/base64-noopt/manifest.json: OK
./raw/timing/final-linked-steady-rxbvm/entries/base64-noopt/profile/profile.csv: OK
./raw/timing/final-linked-steady-rxbvm/entries/base64-noopt/profile/stderr.txt: OK
./raw/timing/final-linked-steady-rxbvm/entries/base64-noopt/profile/stdout.txt: OK
./raw/timing/final-linked-steady-rxbvm/entries/base64-noopt/rxseq/n2-analyse.stderr.txt: OK
./raw/timing/final-linked-steady-rxbvm/entries/base64-noopt/rxseq/n2-analyse.stdout.txt: OK
./raw/timing/final-linked-steady-rxbvm/entries/base64-noopt/rxseq/n2-candidates.csv: OK
./raw/timing/final-linked-steady-rxbvm/entries/base64-noopt/rxseq/n2.rxseq: OK
./raw/timing/final-linked-steady-rxbvm/entries/base64-noopt/rxseq/n2.stderr.txt: OK
./raw/timing/final-linked-steady-rxbvm/entries/base64-noopt/rxseq/n2.stdout.txt: OK
./raw/timing/final-linked-steady-rxbvm/entries/base64-noopt/rxseq/n3-analyse.stderr.txt: OK
./raw/timing/final-linked-steady-rxbvm/entries/base64-noopt/rxseq/n3-analyse.stdout.txt: OK
./raw/timing/final-linked-steady-rxbvm/entries/base64-noopt/rxseq/n3-candidates.csv: OK
./raw/timing/final-linked-steady-rxbvm/entries/base64-noopt/rxseq/n3.rxseq: OK
./raw/timing/final-linked-steady-rxbvm/entries/base64-noopt/rxseq/n3.stderr.txt: OK
./raw/timing/final-linked-steady-rxbvm/entries/base64-noopt/rxseq/n3.stdout.txt: OK
./raw/timing/final-linked-steady-rxbvm/entries/base64-noopt/rxseq/n4-analyse.stderr.txt: OK
./raw/timing/final-linked-steady-rxbvm/entries/base64-noopt/rxseq/n4-analyse.stdout.txt: OK
./raw/timing/final-linked-steady-rxbvm/entries/base64-noopt/rxseq/n4-candidates.csv: OK
./raw/timing/final-linked-steady-rxbvm/entries/base64-noopt/rxseq/n4.rxseq: OK
./raw/timing/final-linked-steady-rxbvm/entries/base64-noopt/rxseq/n4.stderr.txt: OK
./raw/timing/final-linked-steady-rxbvm/entries/base64-noopt/rxseq/n4.stdout.txt: OK
./raw/timing/final-linked-steady-rxbvm/entries/base64-noopt/timing/raw/recorded-1.stderr.txt: OK
./raw/timing/final-linked-steady-rxbvm/entries/base64-noopt/timing/raw/recorded-1.stdout.txt: OK
./raw/timing/final-linked-steady-rxbvm/entries/base64-noopt/timing/raw/recorded-2.stderr.txt: OK
./raw/timing/final-linked-steady-rxbvm/entries/base64-noopt/timing/raw/recorded-2.stdout.txt: OK
./raw/timing/final-linked-steady-rxbvm/entries/base64-noopt/timing/raw/recorded-3.stderr.txt: OK
./raw/timing/final-linked-steady-rxbvm/entries/base64-noopt/timing/raw/recorded-3.stdout.txt: OK
./raw/timing/final-linked-steady-rxbvm/entries/base64-noopt/timing/raw/warmup-1.stderr.txt: OK
./raw/timing/final-linked-steady-rxbvm/entries/base64-noopt/timing/raw/warmup-1.stdout.txt: OK
./raw/timing/final-linked-steady-rxbvm/entries/base64-opt/manifest.json: OK
./raw/timing/final-linked-steady-rxbvm/entries/base64-opt/profile/profile.csv: OK
./raw/timing/final-linked-steady-rxbvm/entries/base64-opt/profile/stderr.txt: OK
./raw/timing/final-linked-steady-rxbvm/entries/base64-opt/profile/stdout.txt: OK
./raw/timing/final-linked-steady-rxbvm/entries/base64-opt/rxseq/n2-analyse.stderr.txt: OK
./raw/timing/final-linked-steady-rxbvm/entries/base64-opt/rxseq/n2-analyse.stdout.txt: OK
./raw/timing/final-linked-steady-rxbvm/entries/base64-opt/rxseq/n2-candidates.csv: OK
./raw/timing/final-linked-steady-rxbvm/entries/base64-opt/rxseq/n2.rxseq: OK
./raw/timing/final-linked-steady-rxbvm/entries/base64-opt/rxseq/n2.stderr.txt: OK
./raw/timing/final-linked-steady-rxbvm/entries/base64-opt/rxseq/n2.stdout.txt: OK
./raw/timing/final-linked-steady-rxbvm/entries/base64-opt/rxseq/n3-analyse.stderr.txt: OK
./raw/timing/final-linked-steady-rxbvm/entries/base64-opt/rxseq/n3-analyse.stdout.txt: OK
./raw/timing/final-linked-steady-rxbvm/entries/base64-opt/rxseq/n3-candidates.csv: OK
./raw/timing/final-linked-steady-rxbvm/entries/base64-opt/rxseq/n3.rxseq: OK
./raw/timing/final-linked-steady-rxbvm/entries/base64-opt/rxseq/n3.stderr.txt: OK
./raw/timing/final-linked-steady-rxbvm/entries/base64-opt/rxseq/n3.stdout.txt: OK
./raw/timing/final-linked-steady-rxbvm/entries/base64-opt/rxseq/n4-analyse.stderr.txt: OK
./raw/timing/final-linked-steady-rxbvm/entries/base64-opt/rxseq/n4-analyse.stdout.txt: OK
./raw/timing/final-linked-steady-rxbvm/entries/base64-opt/rxseq/n4-candidates.csv: OK
./raw/timing/final-linked-steady-rxbvm/entries/base64-opt/rxseq/n4.rxseq: OK
./raw/timing/final-linked-steady-rxbvm/entries/base64-opt/rxseq/n4.stderr.txt: OK
./raw/timing/final-linked-steady-rxbvm/entries/base64-opt/rxseq/n4.stdout.txt: OK
./raw/timing/final-linked-steady-rxbvm/entries/base64-opt/timing/raw/recorded-1.stderr.txt: OK
./raw/timing/final-linked-steady-rxbvm/entries/base64-opt/timing/raw/recorded-1.stdout.txt: OK
./raw/timing/final-linked-steady-rxbvm/entries/base64-opt/timing/raw/recorded-2.stderr.txt: OK
./raw/timing/final-linked-steady-rxbvm/entries/base64-opt/timing/raw/recorded-2.stdout.txt: OK
./raw/timing/final-linked-steady-rxbvm/entries/base64-opt/timing/raw/recorded-3.stderr.txt: OK
./raw/timing/final-linked-steady-rxbvm/entries/base64-opt/timing/raw/recorded-3.stdout.txt: OK
./raw/timing/final-linked-steady-rxbvm/entries/base64-opt/timing/raw/warmup-1.stderr.txt: OK
./raw/timing/final-linked-steady-rxbvm/entries/base64-opt/timing/raw/warmup-1.stdout.txt: OK
./raw/timing/final-linked-steady-rxbvm/entries/bounce-noopt/manifest.json: OK
./raw/timing/final-linked-steady-rxbvm/entries/bounce-noopt/profile/profile.csv: OK
./raw/timing/final-linked-steady-rxbvm/entries/bounce-noopt/profile/stderr.txt: OK
./raw/timing/final-linked-steady-rxbvm/entries/bounce-noopt/profile/stdout.txt: OK
./raw/timing/final-linked-steady-rxbvm/entries/bounce-noopt/rxseq/n2-analyse.stderr.txt: OK
./raw/timing/final-linked-steady-rxbvm/entries/bounce-noopt/rxseq/n2-analyse.stdout.txt: OK
./raw/timing/final-linked-steady-rxbvm/entries/bounce-noopt/rxseq/n2-candidates.csv: OK
./raw/timing/final-linked-steady-rxbvm/entries/bounce-noopt/rxseq/n2.rxseq: OK
./raw/timing/final-linked-steady-rxbvm/entries/bounce-noopt/rxseq/n2.stderr.txt: OK
./raw/timing/final-linked-steady-rxbvm/entries/bounce-noopt/rxseq/n2.stdout.txt: OK
./raw/timing/final-linked-steady-rxbvm/entries/bounce-noopt/rxseq/n3-analyse.stderr.txt: OK
./raw/timing/final-linked-steady-rxbvm/entries/bounce-noopt/rxseq/n3-analyse.stdout.txt: OK
./raw/timing/final-linked-steady-rxbvm/entries/bounce-noopt/rxseq/n3-candidates.csv: OK
./raw/timing/final-linked-steady-rxbvm/entries/bounce-noopt/rxseq/n3.rxseq: OK
./raw/timing/final-linked-steady-rxbvm/entries/bounce-noopt/rxseq/n3.stderr.txt: OK
./raw/timing/final-linked-steady-rxbvm/entries/bounce-noopt/rxseq/n3.stdout.txt: OK
./raw/timing/final-linked-steady-rxbvm/entries/bounce-noopt/rxseq/n4-analyse.stderr.txt: OK
./raw/timing/final-linked-steady-rxbvm/entries/bounce-noopt/rxseq/n4-analyse.stdout.txt: OK
./raw/timing/final-linked-steady-rxbvm/entries/bounce-noopt/rxseq/n4-candidates.csv: OK
./raw/timing/final-linked-steady-rxbvm/entries/bounce-noopt/rxseq/n4.rxseq: OK
./raw/timing/final-linked-steady-rxbvm/entries/bounce-noopt/rxseq/n4.stderr.txt: OK
./raw/timing/final-linked-steady-rxbvm/entries/bounce-noopt/rxseq/n4.stdout.txt: OK
./raw/timing/final-linked-steady-rxbvm/entries/bounce-noopt/timing/raw/recorded-1.stderr.txt: OK
./raw/timing/final-linked-steady-rxbvm/entries/bounce-noopt/timing/raw/recorded-1.stdout.txt: OK
./raw/timing/final-linked-steady-rxbvm/entries/bounce-noopt/timing/raw/recorded-2.stderr.txt: OK
./raw/timing/final-linked-steady-rxbvm/entries/bounce-noopt/timing/raw/recorded-2.stdout.txt: OK
./raw/timing/final-linked-steady-rxbvm/entries/bounce-noopt/timing/raw/recorded-3.stderr.txt: OK
./raw/timing/final-linked-steady-rxbvm/entries/bounce-noopt/timing/raw/recorded-3.stdout.txt: OK
./raw/timing/final-linked-steady-rxbvm/entries/bounce-noopt/timing/raw/warmup-1.stderr.txt: OK
./raw/timing/final-linked-steady-rxbvm/entries/bounce-noopt/timing/raw/warmup-1.stdout.txt: OK
./raw/timing/final-linked-steady-rxbvm/entries/bounce-opt/manifest.json: OK
./raw/timing/final-linked-steady-rxbvm/entries/bounce-opt/profile/profile.csv: OK
./raw/timing/final-linked-steady-rxbvm/entries/bounce-opt/profile/stderr.txt: OK
./raw/timing/final-linked-steady-rxbvm/entries/bounce-opt/profile/stdout.txt: OK
./raw/timing/final-linked-steady-rxbvm/entries/bounce-opt/rxseq/n2-analyse.stderr.txt: OK
./raw/timing/final-linked-steady-rxbvm/entries/bounce-opt/rxseq/n2-analyse.stdout.txt: OK
./raw/timing/final-linked-steady-rxbvm/entries/bounce-opt/rxseq/n2-candidates.csv: OK
./raw/timing/final-linked-steady-rxbvm/entries/bounce-opt/rxseq/n2.rxseq: OK
./raw/timing/final-linked-steady-rxbvm/entries/bounce-opt/rxseq/n2.stderr.txt: OK
./raw/timing/final-linked-steady-rxbvm/entries/bounce-opt/rxseq/n2.stdout.txt: OK
./raw/timing/final-linked-steady-rxbvm/entries/bounce-opt/rxseq/n3-analyse.stderr.txt: OK
./raw/timing/final-linked-steady-rxbvm/entries/bounce-opt/rxseq/n3-analyse.stdout.txt: OK
./raw/timing/final-linked-steady-rxbvm/entries/bounce-opt/rxseq/n3-candidates.csv: OK
./raw/timing/final-linked-steady-rxbvm/entries/bounce-opt/rxseq/n3.rxseq: OK
./raw/timing/final-linked-steady-rxbvm/entries/bounce-opt/rxseq/n3.stderr.txt: OK
./raw/timing/final-linked-steady-rxbvm/entries/bounce-opt/rxseq/n3.stdout.txt: OK
./raw/timing/final-linked-steady-rxbvm/entries/bounce-opt/rxseq/n4-analyse.stderr.txt: OK
./raw/timing/final-linked-steady-rxbvm/entries/bounce-opt/rxseq/n4-analyse.stdout.txt: OK
./raw/timing/final-linked-steady-rxbvm/entries/bounce-opt/rxseq/n4-candidates.csv: OK
./raw/timing/final-linked-steady-rxbvm/entries/bounce-opt/rxseq/n4.rxseq: OK
./raw/timing/final-linked-steady-rxbvm/entries/bounce-opt/rxseq/n4.stderr.txt: OK
./raw/timing/final-linked-steady-rxbvm/entries/bounce-opt/rxseq/n4.stdout.txt: OK
./raw/timing/final-linked-steady-rxbvm/entries/bounce-opt/timing/raw/recorded-1.stderr.txt: OK
./raw/timing/final-linked-steady-rxbvm/entries/bounce-opt/timing/raw/recorded-1.stdout.txt: OK
./raw/timing/final-linked-steady-rxbvm/entries/bounce-opt/timing/raw/recorded-2.stderr.txt: OK
./raw/timing/final-linked-steady-rxbvm/entries/bounce-opt/timing/raw/recorded-2.stdout.txt: OK
./raw/timing/final-linked-steady-rxbvm/entries/bounce-opt/timing/raw/recorded-3.stderr.txt: OK
./raw/timing/final-linked-steady-rxbvm/entries/bounce-opt/timing/raw/recorded-3.stdout.txt: OK
./raw/timing/final-linked-steady-rxbvm/entries/bounce-opt/timing/raw/warmup-1.stderr.txt: OK
./raw/timing/final-linked-steady-rxbvm/entries/bounce-opt/timing/raw/warmup-1.stdout.txt: OK
./raw/timing/final-linked-steady-rxbvm/entries/permute-noopt/manifest.json: OK
./raw/timing/final-linked-steady-rxbvm/entries/permute-noopt/profile/profile.csv: OK
./raw/timing/final-linked-steady-rxbvm/entries/permute-noopt/profile/stderr.txt: OK
./raw/timing/final-linked-steady-rxbvm/entries/permute-noopt/profile/stdout.txt: OK
./raw/timing/final-linked-steady-rxbvm/entries/permute-noopt/rxseq/n2-analyse.stderr.txt: OK
./raw/timing/final-linked-steady-rxbvm/entries/permute-noopt/rxseq/n2-analyse.stdout.txt: OK
./raw/timing/final-linked-steady-rxbvm/entries/permute-noopt/rxseq/n2-candidates.csv: OK
./raw/timing/final-linked-steady-rxbvm/entries/permute-noopt/rxseq/n2.rxseq: OK
./raw/timing/final-linked-steady-rxbvm/entries/permute-noopt/rxseq/n2.stderr.txt: OK
./raw/timing/final-linked-steady-rxbvm/entries/permute-noopt/rxseq/n2.stdout.txt: OK
./raw/timing/final-linked-steady-rxbvm/entries/permute-noopt/rxseq/n3-analyse.stderr.txt: OK
./raw/timing/final-linked-steady-rxbvm/entries/permute-noopt/rxseq/n3-analyse.stdout.txt: OK
./raw/timing/final-linked-steady-rxbvm/entries/permute-noopt/rxseq/n3-candidates.csv: OK
./raw/timing/final-linked-steady-rxbvm/entries/permute-noopt/rxseq/n3.rxseq: OK
./raw/timing/final-linked-steady-rxbvm/entries/permute-noopt/rxseq/n3.stderr.txt: OK
./raw/timing/final-linked-steady-rxbvm/entries/permute-noopt/rxseq/n3.stdout.txt: OK
./raw/timing/final-linked-steady-rxbvm/entries/permute-noopt/rxseq/n4-analyse.stderr.txt: OK
./raw/timing/final-linked-steady-rxbvm/entries/permute-noopt/rxseq/n4-analyse.stdout.txt: OK
./raw/timing/final-linked-steady-rxbvm/entries/permute-noopt/rxseq/n4-candidates.csv: OK
./raw/timing/final-linked-steady-rxbvm/entries/permute-noopt/rxseq/n4.rxseq: OK
./raw/timing/final-linked-steady-rxbvm/entries/permute-noopt/rxseq/n4.stderr.txt: OK
./raw/timing/final-linked-steady-rxbvm/entries/permute-noopt/rxseq/n4.stdout.txt: OK
./raw/timing/final-linked-steady-rxbvm/entries/permute-noopt/timing/raw/recorded-1.stderr.txt: OK
./raw/timing/final-linked-steady-rxbvm/entries/permute-noopt/timing/raw/recorded-1.stdout.txt: OK
./raw/timing/final-linked-steady-rxbvm/entries/permute-noopt/timing/raw/recorded-2.stderr.txt: OK
./raw/timing/final-linked-steady-rxbvm/entries/permute-noopt/timing/raw/recorded-2.stdout.txt: OK
./raw/timing/final-linked-steady-rxbvm/entries/permute-noopt/timing/raw/recorded-3.stderr.txt: OK
./raw/timing/final-linked-steady-rxbvm/entries/permute-noopt/timing/raw/recorded-3.stdout.txt: OK
./raw/timing/final-linked-steady-rxbvm/entries/permute-noopt/timing/raw/warmup-1.stderr.txt: OK
./raw/timing/final-linked-steady-rxbvm/entries/permute-noopt/timing/raw/warmup-1.stdout.txt: OK
./raw/timing/final-linked-steady-rxbvm/entries/permute-opt/manifest.json: OK
./raw/timing/final-linked-steady-rxbvm/entries/permute-opt/profile/profile.csv: OK
./raw/timing/final-linked-steady-rxbvm/entries/permute-opt/profile/stderr.txt: OK
./raw/timing/final-linked-steady-rxbvm/entries/permute-opt/profile/stdout.txt: OK
./raw/timing/final-linked-steady-rxbvm/entries/permute-opt/rxseq/n2-analyse.stderr.txt: OK
./raw/timing/final-linked-steady-rxbvm/entries/permute-opt/rxseq/n2-analyse.stdout.txt: OK
./raw/timing/final-linked-steady-rxbvm/entries/permute-opt/rxseq/n2-candidates.csv: OK
./raw/timing/final-linked-steady-rxbvm/entries/permute-opt/rxseq/n2.rxseq: OK
./raw/timing/final-linked-steady-rxbvm/entries/permute-opt/rxseq/n2.stderr.txt: OK
./raw/timing/final-linked-steady-rxbvm/entries/permute-opt/rxseq/n2.stdout.txt: OK
./raw/timing/final-linked-steady-rxbvm/entries/permute-opt/rxseq/n3-analyse.stderr.txt: OK
./raw/timing/final-linked-steady-rxbvm/entries/permute-opt/rxseq/n3-analyse.stdout.txt: OK
./raw/timing/final-linked-steady-rxbvm/entries/permute-opt/rxseq/n3-candidates.csv: OK
./raw/timing/final-linked-steady-rxbvm/entries/permute-opt/rxseq/n3.rxseq: OK
./raw/timing/final-linked-steady-rxbvm/entries/permute-opt/rxseq/n3.stderr.txt: OK
./raw/timing/final-linked-steady-rxbvm/entries/permute-opt/rxseq/n3.stdout.txt: OK
./raw/timing/final-linked-steady-rxbvm/entries/permute-opt/rxseq/n4-analyse.stderr.txt: OK
./raw/timing/final-linked-steady-rxbvm/entries/permute-opt/rxseq/n4-analyse.stdout.txt: OK
./raw/timing/final-linked-steady-rxbvm/entries/permute-opt/rxseq/n4-candidates.csv: OK
./raw/timing/final-linked-steady-rxbvm/entries/permute-opt/rxseq/n4.rxseq: OK
./raw/timing/final-linked-steady-rxbvm/entries/permute-opt/rxseq/n4.stderr.txt: OK
./raw/timing/final-linked-steady-rxbvm/entries/permute-opt/rxseq/n4.stdout.txt: OK
./raw/timing/final-linked-steady-rxbvm/entries/permute-opt/timing/raw/recorded-1.stderr.txt: OK
./raw/timing/final-linked-steady-rxbvm/entries/permute-opt/timing/raw/recorded-1.stdout.txt: OK
./raw/timing/final-linked-steady-rxbvm/entries/permute-opt/timing/raw/recorded-2.stderr.txt: OK
./raw/timing/final-linked-steady-rxbvm/entries/permute-opt/timing/raw/recorded-2.stdout.txt: OK
./raw/timing/final-linked-steady-rxbvm/entries/permute-opt/timing/raw/recorded-3.stderr.txt: OK
./raw/timing/final-linked-steady-rxbvm/entries/permute-opt/timing/raw/recorded-3.stdout.txt: OK
./raw/timing/final-linked-steady-rxbvm/entries/permute-opt/timing/raw/warmup-1.stderr.txt: OK
./raw/timing/final-linked-steady-rxbvm/entries/permute-opt/timing/raw/warmup-1.stdout.txt: OK
./raw/timing/final-linked-steady-rxbvm/entries/rexxcps-noopt/manifest.json: OK
./raw/timing/final-linked-steady-rxbvm/entries/rexxcps-noopt/profile/profile.csv: OK
./raw/timing/final-linked-steady-rxbvm/entries/rexxcps-noopt/profile/stderr.txt: OK
./raw/timing/final-linked-steady-rxbvm/entries/rexxcps-noopt/profile/stdout.txt: OK
./raw/timing/final-linked-steady-rxbvm/entries/rexxcps-noopt/rxseq/n2-analyse.stderr.txt: OK
./raw/timing/final-linked-steady-rxbvm/entries/rexxcps-noopt/rxseq/n2-analyse.stdout.txt: OK
./raw/timing/final-linked-steady-rxbvm/entries/rexxcps-noopt/rxseq/n2-candidates.csv: OK
./raw/timing/final-linked-steady-rxbvm/entries/rexxcps-noopt/rxseq/n2.rxseq: OK
./raw/timing/final-linked-steady-rxbvm/entries/rexxcps-noopt/rxseq/n2.stderr.txt: OK
./raw/timing/final-linked-steady-rxbvm/entries/rexxcps-noopt/rxseq/n2.stdout.txt: OK
./raw/timing/final-linked-steady-rxbvm/entries/rexxcps-noopt/rxseq/n3-analyse.stderr.txt: OK
./raw/timing/final-linked-steady-rxbvm/entries/rexxcps-noopt/rxseq/n3-analyse.stdout.txt: OK
./raw/timing/final-linked-steady-rxbvm/entries/rexxcps-noopt/rxseq/n3-candidates.csv: OK
./raw/timing/final-linked-steady-rxbvm/entries/rexxcps-noopt/rxseq/n3.rxseq: OK
./raw/timing/final-linked-steady-rxbvm/entries/rexxcps-noopt/rxseq/n3.stderr.txt: OK
./raw/timing/final-linked-steady-rxbvm/entries/rexxcps-noopt/rxseq/n3.stdout.txt: OK
./raw/timing/final-linked-steady-rxbvm/entries/rexxcps-noopt/rxseq/n4-analyse.stderr.txt: OK
./raw/timing/final-linked-steady-rxbvm/entries/rexxcps-noopt/rxseq/n4-analyse.stdout.txt: OK
./raw/timing/final-linked-steady-rxbvm/entries/rexxcps-noopt/rxseq/n4-candidates.csv: OK
./raw/timing/final-linked-steady-rxbvm/entries/rexxcps-noopt/rxseq/n4.rxseq: OK
./raw/timing/final-linked-steady-rxbvm/entries/rexxcps-noopt/rxseq/n4.stderr.txt: OK
./raw/timing/final-linked-steady-rxbvm/entries/rexxcps-noopt/rxseq/n4.stdout.txt: OK
./raw/timing/final-linked-steady-rxbvm/entries/rexxcps-noopt/timing/raw/recorded-1.stderr.txt: OK
./raw/timing/final-linked-steady-rxbvm/entries/rexxcps-noopt/timing/raw/recorded-1.stdout.txt: OK
./raw/timing/final-linked-steady-rxbvm/entries/rexxcps-noopt/timing/raw/recorded-2.stderr.txt: OK
./raw/timing/final-linked-steady-rxbvm/entries/rexxcps-noopt/timing/raw/recorded-2.stdout.txt: OK
./raw/timing/final-linked-steady-rxbvm/entries/rexxcps-noopt/timing/raw/recorded-3.stderr.txt: OK
./raw/timing/final-linked-steady-rxbvm/entries/rexxcps-noopt/timing/raw/recorded-3.stdout.txt: OK
./raw/timing/final-linked-steady-rxbvm/entries/rexxcps-noopt/timing/raw/warmup-1.stderr.txt: OK
./raw/timing/final-linked-steady-rxbvm/entries/rexxcps-noopt/timing/raw/warmup-1.stdout.txt: OK
./raw/timing/final-linked-steady-rxbvm/entries/rexxcps-opt/manifest.json: OK
./raw/timing/final-linked-steady-rxbvm/entries/rexxcps-opt/profile/profile.csv: OK
./raw/timing/final-linked-steady-rxbvm/entries/rexxcps-opt/profile/stderr.txt: OK
./raw/timing/final-linked-steady-rxbvm/entries/rexxcps-opt/profile/stdout.txt: OK
./raw/timing/final-linked-steady-rxbvm/entries/rexxcps-opt/rxseq/n2-analyse.stderr.txt: OK
./raw/timing/final-linked-steady-rxbvm/entries/rexxcps-opt/rxseq/n2-analyse.stdout.txt: OK
./raw/timing/final-linked-steady-rxbvm/entries/rexxcps-opt/rxseq/n2-candidates.csv: OK
./raw/timing/final-linked-steady-rxbvm/entries/rexxcps-opt/rxseq/n2.rxseq: OK
./raw/timing/final-linked-steady-rxbvm/entries/rexxcps-opt/rxseq/n2.stderr.txt: OK
./raw/timing/final-linked-steady-rxbvm/entries/rexxcps-opt/rxseq/n2.stdout.txt: OK
./raw/timing/final-linked-steady-rxbvm/entries/rexxcps-opt/rxseq/n3-analyse.stderr.txt: OK
./raw/timing/final-linked-steady-rxbvm/entries/rexxcps-opt/rxseq/n3-analyse.stdout.txt: OK
./raw/timing/final-linked-steady-rxbvm/entries/rexxcps-opt/rxseq/n3-candidates.csv: OK
./raw/timing/final-linked-steady-rxbvm/entries/rexxcps-opt/rxseq/n3.rxseq: OK
./raw/timing/final-linked-steady-rxbvm/entries/rexxcps-opt/rxseq/n3.stderr.txt: OK
./raw/timing/final-linked-steady-rxbvm/entries/rexxcps-opt/rxseq/n3.stdout.txt: OK
./raw/timing/final-linked-steady-rxbvm/entries/rexxcps-opt/rxseq/n4-analyse.stderr.txt: OK
./raw/timing/final-linked-steady-rxbvm/entries/rexxcps-opt/rxseq/n4-analyse.stdout.txt: OK
./raw/timing/final-linked-steady-rxbvm/entries/rexxcps-opt/rxseq/n4-candidates.csv: OK
./raw/timing/final-linked-steady-rxbvm/entries/rexxcps-opt/rxseq/n4.rxseq: OK
./raw/timing/final-linked-steady-rxbvm/entries/rexxcps-opt/rxseq/n4.stderr.txt: OK
./raw/timing/final-linked-steady-rxbvm/entries/rexxcps-opt/rxseq/n4.stdout.txt: OK
./raw/timing/final-linked-steady-rxbvm/entries/rexxcps-opt/timing/raw/recorded-1.stderr.txt: OK
./raw/timing/final-linked-steady-rxbvm/entries/rexxcps-opt/timing/raw/recorded-1.stdout.txt: OK
./raw/timing/final-linked-steady-rxbvm/entries/rexxcps-opt/timing/raw/recorded-2.stderr.txt: OK
./raw/timing/final-linked-steady-rxbvm/entries/rexxcps-opt/timing/raw/recorded-2.stdout.txt: OK
./raw/timing/final-linked-steady-rxbvm/entries/rexxcps-opt/timing/raw/recorded-3.stderr.txt: OK
./raw/timing/final-linked-steady-rxbvm/entries/rexxcps-opt/timing/raw/recorded-3.stdout.txt: OK
./raw/timing/final-linked-steady-rxbvm/entries/rexxcps-opt/timing/raw/warmup-1.stderr.txt: OK
./raw/timing/final-linked-steady-rxbvm/entries/rexxcps-opt/timing/raw/warmup-1.stdout.txt: OK
./raw/timing/final-linked-steady-rxbvm/entries/richards-noopt/manifest.json: OK
./raw/timing/final-linked-steady-rxbvm/entries/richards-noopt/profile/profile.csv: OK
./raw/timing/final-linked-steady-rxbvm/entries/richards-noopt/profile/stderr.txt: OK
./raw/timing/final-linked-steady-rxbvm/entries/richards-noopt/profile/stdout.txt: OK
./raw/timing/final-linked-steady-rxbvm/entries/richards-noopt/rxseq/n2-analyse.stderr.txt: OK
./raw/timing/final-linked-steady-rxbvm/entries/richards-noopt/rxseq/n2-analyse.stdout.txt: OK
./raw/timing/final-linked-steady-rxbvm/entries/richards-noopt/rxseq/n2-candidates.csv: OK
./raw/timing/final-linked-steady-rxbvm/entries/richards-noopt/rxseq/n2.rxseq: OK
./raw/timing/final-linked-steady-rxbvm/entries/richards-noopt/rxseq/n2.stderr.txt: OK
./raw/timing/final-linked-steady-rxbvm/entries/richards-noopt/rxseq/n2.stdout.txt: OK
./raw/timing/final-linked-steady-rxbvm/entries/richards-noopt/rxseq/n3-analyse.stderr.txt: OK
./raw/timing/final-linked-steady-rxbvm/entries/richards-noopt/rxseq/n3-analyse.stdout.txt: OK
./raw/timing/final-linked-steady-rxbvm/entries/richards-noopt/rxseq/n3-candidates.csv: OK
./raw/timing/final-linked-steady-rxbvm/entries/richards-noopt/rxseq/n3.rxseq: OK
./raw/timing/final-linked-steady-rxbvm/entries/richards-noopt/rxseq/n3.stderr.txt: OK
./raw/timing/final-linked-steady-rxbvm/entries/richards-noopt/rxseq/n3.stdout.txt: OK
./raw/timing/final-linked-steady-rxbvm/entries/richards-noopt/rxseq/n4-analyse.stderr.txt: OK
./raw/timing/final-linked-steady-rxbvm/entries/richards-noopt/rxseq/n4-analyse.stdout.txt: OK
./raw/timing/final-linked-steady-rxbvm/entries/richards-noopt/rxseq/n4-candidates.csv: OK
./raw/timing/final-linked-steady-rxbvm/entries/richards-noopt/rxseq/n4.rxseq: OK
./raw/timing/final-linked-steady-rxbvm/entries/richards-noopt/rxseq/n4.stderr.txt: OK
./raw/timing/final-linked-steady-rxbvm/entries/richards-noopt/rxseq/n4.stdout.txt: OK
./raw/timing/final-linked-steady-rxbvm/entries/richards-noopt/timing/raw/recorded-1.stderr.txt: OK
./raw/timing/final-linked-steady-rxbvm/entries/richards-noopt/timing/raw/recorded-1.stdout.txt: OK
./raw/timing/final-linked-steady-rxbvm/entries/richards-noopt/timing/raw/recorded-2.stderr.txt: OK
./raw/timing/final-linked-steady-rxbvm/entries/richards-noopt/timing/raw/recorded-2.stdout.txt: OK
./raw/timing/final-linked-steady-rxbvm/entries/richards-noopt/timing/raw/recorded-3.stderr.txt: OK
./raw/timing/final-linked-steady-rxbvm/entries/richards-noopt/timing/raw/recorded-3.stdout.txt: OK
./raw/timing/final-linked-steady-rxbvm/entries/richards-noopt/timing/raw/warmup-1.stderr.txt: OK
./raw/timing/final-linked-steady-rxbvm/entries/richards-noopt/timing/raw/warmup-1.stdout.txt: OK
./raw/timing/final-linked-steady-rxbvm/entries/richards-opt/manifest.json: OK
./raw/timing/final-linked-steady-rxbvm/entries/richards-opt/profile/profile.csv: OK
./raw/timing/final-linked-steady-rxbvm/entries/richards-opt/profile/stderr.txt: OK
./raw/timing/final-linked-steady-rxbvm/entries/richards-opt/profile/stdout.txt: OK
./raw/timing/final-linked-steady-rxbvm/entries/richards-opt/rxseq/n2-analyse.stderr.txt: OK
./raw/timing/final-linked-steady-rxbvm/entries/richards-opt/rxseq/n2-analyse.stdout.txt: OK
./raw/timing/final-linked-steady-rxbvm/entries/richards-opt/rxseq/n2-candidates.csv: OK
./raw/timing/final-linked-steady-rxbvm/entries/richards-opt/rxseq/n2.rxseq: OK
./raw/timing/final-linked-steady-rxbvm/entries/richards-opt/rxseq/n2.stderr.txt: OK
./raw/timing/final-linked-steady-rxbvm/entries/richards-opt/rxseq/n2.stdout.txt: OK
./raw/timing/final-linked-steady-rxbvm/entries/richards-opt/rxseq/n3-analyse.stderr.txt: OK
./raw/timing/final-linked-steady-rxbvm/entries/richards-opt/rxseq/n3-analyse.stdout.txt: OK
./raw/timing/final-linked-steady-rxbvm/entries/richards-opt/rxseq/n3-candidates.csv: OK
./raw/timing/final-linked-steady-rxbvm/entries/richards-opt/rxseq/n3.rxseq: OK
./raw/timing/final-linked-steady-rxbvm/entries/richards-opt/rxseq/n3.stderr.txt: OK
./raw/timing/final-linked-steady-rxbvm/entries/richards-opt/rxseq/n3.stdout.txt: OK
./raw/timing/final-linked-steady-rxbvm/entries/richards-opt/rxseq/n4-analyse.stderr.txt: OK
./raw/timing/final-linked-steady-rxbvm/entries/richards-opt/rxseq/n4-analyse.stdout.txt: OK
./raw/timing/final-linked-steady-rxbvm/entries/richards-opt/rxseq/n4-candidates.csv: OK
./raw/timing/final-linked-steady-rxbvm/entries/richards-opt/rxseq/n4.rxseq: OK
./raw/timing/final-linked-steady-rxbvm/entries/richards-opt/rxseq/n4.stderr.txt: OK
./raw/timing/final-linked-steady-rxbvm/entries/richards-opt/rxseq/n4.stdout.txt: OK
./raw/timing/final-linked-steady-rxbvm/entries/richards-opt/timing/raw/recorded-1.stderr.txt: OK
./raw/timing/final-linked-steady-rxbvm/entries/richards-opt/timing/raw/recorded-1.stdout.txt: OK
./raw/timing/final-linked-steady-rxbvm/entries/richards-opt/timing/raw/recorded-2.stderr.txt: OK
./raw/timing/final-linked-steady-rxbvm/entries/richards-opt/timing/raw/recorded-2.stdout.txt: OK
./raw/timing/final-linked-steady-rxbvm/entries/richards-opt/timing/raw/recorded-3.stderr.txt: OK
./raw/timing/final-linked-steady-rxbvm/entries/richards-opt/timing/raw/recorded-3.stdout.txt: OK
./raw/timing/final-linked-steady-rxbvm/entries/richards-opt/timing/raw/warmup-1.stderr.txt: OK
./raw/timing/final-linked-steady-rxbvm/entries/richards-opt/timing/raw/warmup-1.stdout.txt: OK
./raw/timing/final-linked-steady-rxbvm/entries/sieve-noopt/manifest.json: OK
./raw/timing/final-linked-steady-rxbvm/entries/sieve-noopt/profile/profile.csv: OK
./raw/timing/final-linked-steady-rxbvm/entries/sieve-noopt/profile/stderr.txt: OK
./raw/timing/final-linked-steady-rxbvm/entries/sieve-noopt/profile/stdout.txt: OK
./raw/timing/final-linked-steady-rxbvm/entries/sieve-noopt/rxseq/n2-analyse.stderr.txt: OK
./raw/timing/final-linked-steady-rxbvm/entries/sieve-noopt/rxseq/n2-analyse.stdout.txt: OK
./raw/timing/final-linked-steady-rxbvm/entries/sieve-noopt/rxseq/n2-candidates.csv: OK
./raw/timing/final-linked-steady-rxbvm/entries/sieve-noopt/rxseq/n2.rxseq: OK
./raw/timing/final-linked-steady-rxbvm/entries/sieve-noopt/rxseq/n2.stderr.txt: OK
./raw/timing/final-linked-steady-rxbvm/entries/sieve-noopt/rxseq/n2.stdout.txt: OK
./raw/timing/final-linked-steady-rxbvm/entries/sieve-noopt/rxseq/n3-analyse.stderr.txt: OK
./raw/timing/final-linked-steady-rxbvm/entries/sieve-noopt/rxseq/n3-analyse.stdout.txt: OK
./raw/timing/final-linked-steady-rxbvm/entries/sieve-noopt/rxseq/n3-candidates.csv: OK
./raw/timing/final-linked-steady-rxbvm/entries/sieve-noopt/rxseq/n3.rxseq: OK
./raw/timing/final-linked-steady-rxbvm/entries/sieve-noopt/rxseq/n3.stderr.txt: OK
./raw/timing/final-linked-steady-rxbvm/entries/sieve-noopt/rxseq/n3.stdout.txt: OK
./raw/timing/final-linked-steady-rxbvm/entries/sieve-noopt/rxseq/n4-analyse.stderr.txt: OK
./raw/timing/final-linked-steady-rxbvm/entries/sieve-noopt/rxseq/n4-analyse.stdout.txt: OK
./raw/timing/final-linked-steady-rxbvm/entries/sieve-noopt/rxseq/n4-candidates.csv: OK
./raw/timing/final-linked-steady-rxbvm/entries/sieve-noopt/rxseq/n4.rxseq: OK
./raw/timing/final-linked-steady-rxbvm/entries/sieve-noopt/rxseq/n4.stderr.txt: OK
./raw/timing/final-linked-steady-rxbvm/entries/sieve-noopt/rxseq/n4.stdout.txt: OK
./raw/timing/final-linked-steady-rxbvm/entries/sieve-noopt/timing/raw/recorded-1.stderr.txt: OK
./raw/timing/final-linked-steady-rxbvm/entries/sieve-noopt/timing/raw/recorded-1.stdout.txt: OK
./raw/timing/final-linked-steady-rxbvm/entries/sieve-noopt/timing/raw/recorded-2.stderr.txt: OK
./raw/timing/final-linked-steady-rxbvm/entries/sieve-noopt/timing/raw/recorded-2.stdout.txt: OK
./raw/timing/final-linked-steady-rxbvm/entries/sieve-noopt/timing/raw/recorded-3.stderr.txt: OK
./raw/timing/final-linked-steady-rxbvm/entries/sieve-noopt/timing/raw/recorded-3.stdout.txt: OK
./raw/timing/final-linked-steady-rxbvm/entries/sieve-noopt/timing/raw/warmup-1.stderr.txt: OK
./raw/timing/final-linked-steady-rxbvm/entries/sieve-noopt/timing/raw/warmup-1.stdout.txt: OK
./raw/timing/final-linked-steady-rxbvm/entries/sieve-opt/manifest.json: OK
./raw/timing/final-linked-steady-rxbvm/entries/sieve-opt/profile/profile.csv: OK
./raw/timing/final-linked-steady-rxbvm/entries/sieve-opt/profile/stderr.txt: OK
./raw/timing/final-linked-steady-rxbvm/entries/sieve-opt/profile/stdout.txt: OK
./raw/timing/final-linked-steady-rxbvm/entries/sieve-opt/rxseq/n2-analyse.stderr.txt: OK
./raw/timing/final-linked-steady-rxbvm/entries/sieve-opt/rxseq/n2-analyse.stdout.txt: OK
./raw/timing/final-linked-steady-rxbvm/entries/sieve-opt/rxseq/n2-candidates.csv: OK
./raw/timing/final-linked-steady-rxbvm/entries/sieve-opt/rxseq/n2.rxseq: OK
./raw/timing/final-linked-steady-rxbvm/entries/sieve-opt/rxseq/n2.stderr.txt: OK
./raw/timing/final-linked-steady-rxbvm/entries/sieve-opt/rxseq/n2.stdout.txt: OK
./raw/timing/final-linked-steady-rxbvm/entries/sieve-opt/rxseq/n3-analyse.stderr.txt: OK
./raw/timing/final-linked-steady-rxbvm/entries/sieve-opt/rxseq/n3-analyse.stdout.txt: OK
./raw/timing/final-linked-steady-rxbvm/entries/sieve-opt/rxseq/n3-candidates.csv: OK
./raw/timing/final-linked-steady-rxbvm/entries/sieve-opt/rxseq/n3.rxseq: OK
./raw/timing/final-linked-steady-rxbvm/entries/sieve-opt/rxseq/n3.stderr.txt: OK
./raw/timing/final-linked-steady-rxbvm/entries/sieve-opt/rxseq/n3.stdout.txt: OK
./raw/timing/final-linked-steady-rxbvm/entries/sieve-opt/rxseq/n4-analyse.stderr.txt: OK
./raw/timing/final-linked-steady-rxbvm/entries/sieve-opt/rxseq/n4-analyse.stdout.txt: OK
./raw/timing/final-linked-steady-rxbvm/entries/sieve-opt/rxseq/n4-candidates.csv: OK
./raw/timing/final-linked-steady-rxbvm/entries/sieve-opt/rxseq/n4.rxseq: OK
./raw/timing/final-linked-steady-rxbvm/entries/sieve-opt/rxseq/n4.stderr.txt: OK
./raw/timing/final-linked-steady-rxbvm/entries/sieve-opt/rxseq/n4.stdout.txt: OK
./raw/timing/final-linked-steady-rxbvm/entries/sieve-opt/timing/raw/recorded-1.stderr.txt: OK
./raw/timing/final-linked-steady-rxbvm/entries/sieve-opt/timing/raw/recorded-1.stdout.txt: OK
./raw/timing/final-linked-steady-rxbvm/entries/sieve-opt/timing/raw/recorded-2.stderr.txt: OK
./raw/timing/final-linked-steady-rxbvm/entries/sieve-opt/timing/raw/recorded-2.stdout.txt: OK
./raw/timing/final-linked-steady-rxbvm/entries/sieve-opt/timing/raw/recorded-3.stderr.txt: OK
./raw/timing/final-linked-steady-rxbvm/entries/sieve-opt/timing/raw/recorded-3.stdout.txt: OK
./raw/timing/final-linked-steady-rxbvm/entries/sieve-opt/timing/raw/warmup-1.stderr.txt: OK
./raw/timing/final-linked-steady-rxbvm/entries/sieve-opt/timing/raw/warmup-1.stdout.txt: OK
./raw/timing/final-linked-steady-rxbvm/input-manifest.txt: OK
./raw/timing/final-linked-steady-rxbvm/summary/allocation-report.csv: OK
./raw/timing/final-linked-steady-rxbvm/summary/call-census.csv: OK
./raw/timing/final-linked-steady-rxbvm/summary/call-census.md: OK
./raw/timing/final-linked-steady-rxbvm/summary/instruction-ranking.csv: OK
./raw/timing/final-linked-steady-rxbvm/summary/paired-deltas.csv: OK
./raw/timing/final-linked-steady-rxbvm/summary/procedure-report.csv: OK
./raw/timing/final-linked-steady-rxbvm/summary/profile-status.csv: OK
./raw/timing/final-linked-steady-rxbvm/summary/sequence-ranking.csv: OK
./raw/timing/final-linked-steady-rxbvm/summary/summary.md: OK
./raw/timing/final-linked-steady-rxbvm/summary/timing-samples.csv: OK
./raw/timing/final-linked-steady-rxbvm/verification.txt: OK
./raw/timing/final-linked-steady-rxvm/bundle-manifest.json: OK
./raw/timing/final-linked-steady-rxvm/checksums.sha256: OK
./raw/timing/final-linked-steady-rxvm/entries/base64-noopt/manifest.json: OK
./raw/timing/final-linked-steady-rxvm/entries/base64-noopt/profile/profile.csv: OK
./raw/timing/final-linked-steady-rxvm/entries/base64-noopt/profile/stderr.txt: OK
./raw/timing/final-linked-steady-rxvm/entries/base64-noopt/profile/stdout.txt: OK
./raw/timing/final-linked-steady-rxvm/entries/base64-noopt/rxseq/n2-analyse.stderr.txt: OK
./raw/timing/final-linked-steady-rxvm/entries/base64-noopt/rxseq/n2-analyse.stdout.txt: OK
./raw/timing/final-linked-steady-rxvm/entries/base64-noopt/rxseq/n2-candidates.csv: OK
./raw/timing/final-linked-steady-rxvm/entries/base64-noopt/rxseq/n2.rxseq: OK
./raw/timing/final-linked-steady-rxvm/entries/base64-noopt/rxseq/n2.stderr.txt: OK
./raw/timing/final-linked-steady-rxvm/entries/base64-noopt/rxseq/n2.stdout.txt: OK
./raw/timing/final-linked-steady-rxvm/entries/base64-noopt/rxseq/n3-analyse.stderr.txt: OK
./raw/timing/final-linked-steady-rxvm/entries/base64-noopt/rxseq/n3-analyse.stdout.txt: OK
./raw/timing/final-linked-steady-rxvm/entries/base64-noopt/rxseq/n3-candidates.csv: OK
./raw/timing/final-linked-steady-rxvm/entries/base64-noopt/rxseq/n3.rxseq: OK
./raw/timing/final-linked-steady-rxvm/entries/base64-noopt/rxseq/n3.stderr.txt: OK
./raw/timing/final-linked-steady-rxvm/entries/base64-noopt/rxseq/n3.stdout.txt: OK
./raw/timing/final-linked-steady-rxvm/entries/base64-noopt/rxseq/n4-analyse.stderr.txt: OK
./raw/timing/final-linked-steady-rxvm/entries/base64-noopt/rxseq/n4-analyse.stdout.txt: OK
./raw/timing/final-linked-steady-rxvm/entries/base64-noopt/rxseq/n4-candidates.csv: OK
./raw/timing/final-linked-steady-rxvm/entries/base64-noopt/rxseq/n4.rxseq: OK
./raw/timing/final-linked-steady-rxvm/entries/base64-noopt/rxseq/n4.stderr.txt: OK
./raw/timing/final-linked-steady-rxvm/entries/base64-noopt/rxseq/n4.stdout.txt: OK
./raw/timing/final-linked-steady-rxvm/entries/base64-noopt/timing/raw/recorded-1.stderr.txt: OK
./raw/timing/final-linked-steady-rxvm/entries/base64-noopt/timing/raw/recorded-1.stdout.txt: OK
./raw/timing/final-linked-steady-rxvm/entries/base64-noopt/timing/raw/recorded-2.stderr.txt: OK
./raw/timing/final-linked-steady-rxvm/entries/base64-noopt/timing/raw/recorded-2.stdout.txt: OK
./raw/timing/final-linked-steady-rxvm/entries/base64-noopt/timing/raw/recorded-3.stderr.txt: OK
./raw/timing/final-linked-steady-rxvm/entries/base64-noopt/timing/raw/recorded-3.stdout.txt: OK
./raw/timing/final-linked-steady-rxvm/entries/base64-noopt/timing/raw/warmup-1.stderr.txt: OK
./raw/timing/final-linked-steady-rxvm/entries/base64-noopt/timing/raw/warmup-1.stdout.txt: OK
./raw/timing/final-linked-steady-rxvm/entries/base64-opt/manifest.json: OK
./raw/timing/final-linked-steady-rxvm/entries/base64-opt/profile/profile.csv: OK
./raw/timing/final-linked-steady-rxvm/entries/base64-opt/profile/stderr.txt: OK
./raw/timing/final-linked-steady-rxvm/entries/base64-opt/profile/stdout.txt: OK
./raw/timing/final-linked-steady-rxvm/entries/base64-opt/rxseq/n2-analyse.stderr.txt: OK
./raw/timing/final-linked-steady-rxvm/entries/base64-opt/rxseq/n2-analyse.stdout.txt: OK
./raw/timing/final-linked-steady-rxvm/entries/base64-opt/rxseq/n2-candidates.csv: OK
./raw/timing/final-linked-steady-rxvm/entries/base64-opt/rxseq/n2.rxseq: OK
./raw/timing/final-linked-steady-rxvm/entries/base64-opt/rxseq/n2.stderr.txt: OK
./raw/timing/final-linked-steady-rxvm/entries/base64-opt/rxseq/n2.stdout.txt: OK
./raw/timing/final-linked-steady-rxvm/entries/base64-opt/rxseq/n3-analyse.stderr.txt: OK
./raw/timing/final-linked-steady-rxvm/entries/base64-opt/rxseq/n3-analyse.stdout.txt: OK
./raw/timing/final-linked-steady-rxvm/entries/base64-opt/rxseq/n3-candidates.csv: OK
./raw/timing/final-linked-steady-rxvm/entries/base64-opt/rxseq/n3.rxseq: OK
./raw/timing/final-linked-steady-rxvm/entries/base64-opt/rxseq/n3.stderr.txt: OK
./raw/timing/final-linked-steady-rxvm/entries/base64-opt/rxseq/n3.stdout.txt: OK
./raw/timing/final-linked-steady-rxvm/entries/base64-opt/rxseq/n4-analyse.stderr.txt: OK
./raw/timing/final-linked-steady-rxvm/entries/base64-opt/rxseq/n4-analyse.stdout.txt: OK
./raw/timing/final-linked-steady-rxvm/entries/base64-opt/rxseq/n4-candidates.csv: OK
./raw/timing/final-linked-steady-rxvm/entries/base64-opt/rxseq/n4.rxseq: OK
./raw/timing/final-linked-steady-rxvm/entries/base64-opt/rxseq/n4.stderr.txt: OK
./raw/timing/final-linked-steady-rxvm/entries/base64-opt/rxseq/n4.stdout.txt: OK
./raw/timing/final-linked-steady-rxvm/entries/base64-opt/timing/raw/recorded-1.stderr.txt: OK
./raw/timing/final-linked-steady-rxvm/entries/base64-opt/timing/raw/recorded-1.stdout.txt: OK
./raw/timing/final-linked-steady-rxvm/entries/base64-opt/timing/raw/recorded-2.stderr.txt: OK
./raw/timing/final-linked-steady-rxvm/entries/base64-opt/timing/raw/recorded-2.stdout.txt: OK
./raw/timing/final-linked-steady-rxvm/entries/base64-opt/timing/raw/recorded-3.stderr.txt: OK
./raw/timing/final-linked-steady-rxvm/entries/base64-opt/timing/raw/recorded-3.stdout.txt: OK
./raw/timing/final-linked-steady-rxvm/entries/base64-opt/timing/raw/warmup-1.stderr.txt: OK
./raw/timing/final-linked-steady-rxvm/entries/base64-opt/timing/raw/warmup-1.stdout.txt: OK
./raw/timing/final-linked-steady-rxvm/entries/bounce-noopt/manifest.json: OK
./raw/timing/final-linked-steady-rxvm/entries/bounce-noopt/profile/profile.csv: OK
./raw/timing/final-linked-steady-rxvm/entries/bounce-noopt/profile/stderr.txt: OK
./raw/timing/final-linked-steady-rxvm/entries/bounce-noopt/profile/stdout.txt: OK
./raw/timing/final-linked-steady-rxvm/entries/bounce-noopt/rxseq/n2-analyse.stderr.txt: OK
./raw/timing/final-linked-steady-rxvm/entries/bounce-noopt/rxseq/n2-analyse.stdout.txt: OK
./raw/timing/final-linked-steady-rxvm/entries/bounce-noopt/rxseq/n2-candidates.csv: OK
./raw/timing/final-linked-steady-rxvm/entries/bounce-noopt/rxseq/n2.rxseq: OK
./raw/timing/final-linked-steady-rxvm/entries/bounce-noopt/rxseq/n2.stderr.txt: OK
./raw/timing/final-linked-steady-rxvm/entries/bounce-noopt/rxseq/n2.stdout.txt: OK
./raw/timing/final-linked-steady-rxvm/entries/bounce-noopt/rxseq/n3-analyse.stderr.txt: OK
./raw/timing/final-linked-steady-rxvm/entries/bounce-noopt/rxseq/n3-analyse.stdout.txt: OK
./raw/timing/final-linked-steady-rxvm/entries/bounce-noopt/rxseq/n3-candidates.csv: OK
./raw/timing/final-linked-steady-rxvm/entries/bounce-noopt/rxseq/n3.rxseq: OK
./raw/timing/final-linked-steady-rxvm/entries/bounce-noopt/rxseq/n3.stderr.txt: OK
./raw/timing/final-linked-steady-rxvm/entries/bounce-noopt/rxseq/n3.stdout.txt: OK
./raw/timing/final-linked-steady-rxvm/entries/bounce-noopt/rxseq/n4-analyse.stderr.txt: OK
./raw/timing/final-linked-steady-rxvm/entries/bounce-noopt/rxseq/n4-analyse.stdout.txt: OK
./raw/timing/final-linked-steady-rxvm/entries/bounce-noopt/rxseq/n4-candidates.csv: OK
./raw/timing/final-linked-steady-rxvm/entries/bounce-noopt/rxseq/n4.rxseq: OK
./raw/timing/final-linked-steady-rxvm/entries/bounce-noopt/rxseq/n4.stderr.txt: OK
./raw/timing/final-linked-steady-rxvm/entries/bounce-noopt/rxseq/n4.stdout.txt: OK
./raw/timing/final-linked-steady-rxvm/entries/bounce-noopt/timing/raw/recorded-1.stderr.txt: OK
./raw/timing/final-linked-steady-rxvm/entries/bounce-noopt/timing/raw/recorded-1.stdout.txt: OK
./raw/timing/final-linked-steady-rxvm/entries/bounce-noopt/timing/raw/recorded-2.stderr.txt: OK
./raw/timing/final-linked-steady-rxvm/entries/bounce-noopt/timing/raw/recorded-2.stdout.txt: OK
./raw/timing/final-linked-steady-rxvm/entries/bounce-noopt/timing/raw/recorded-3.stderr.txt: OK
./raw/timing/final-linked-steady-rxvm/entries/bounce-noopt/timing/raw/recorded-3.stdout.txt: OK
./raw/timing/final-linked-steady-rxvm/entries/bounce-noopt/timing/raw/warmup-1.stderr.txt: OK
./raw/timing/final-linked-steady-rxvm/entries/bounce-noopt/timing/raw/warmup-1.stdout.txt: OK
./raw/timing/final-linked-steady-rxvm/entries/bounce-opt/manifest.json: OK
./raw/timing/final-linked-steady-rxvm/entries/bounce-opt/profile/profile.csv: OK
./raw/timing/final-linked-steady-rxvm/entries/bounce-opt/profile/stderr.txt: OK
./raw/timing/final-linked-steady-rxvm/entries/bounce-opt/profile/stdout.txt: OK
./raw/timing/final-linked-steady-rxvm/entries/bounce-opt/rxseq/n2-analyse.stderr.txt: OK
./raw/timing/final-linked-steady-rxvm/entries/bounce-opt/rxseq/n2-analyse.stdout.txt: OK
./raw/timing/final-linked-steady-rxvm/entries/bounce-opt/rxseq/n2-candidates.csv: OK
./raw/timing/final-linked-steady-rxvm/entries/bounce-opt/rxseq/n2.rxseq: OK
./raw/timing/final-linked-steady-rxvm/entries/bounce-opt/rxseq/n2.stderr.txt: OK
./raw/timing/final-linked-steady-rxvm/entries/bounce-opt/rxseq/n2.stdout.txt: OK
./raw/timing/final-linked-steady-rxvm/entries/bounce-opt/rxseq/n3-analyse.stderr.txt: OK
./raw/timing/final-linked-steady-rxvm/entries/bounce-opt/rxseq/n3-analyse.stdout.txt: OK
./raw/timing/final-linked-steady-rxvm/entries/bounce-opt/rxseq/n3-candidates.csv: OK
./raw/timing/final-linked-steady-rxvm/entries/bounce-opt/rxseq/n3.rxseq: OK
./raw/timing/final-linked-steady-rxvm/entries/bounce-opt/rxseq/n3.stderr.txt: OK
./raw/timing/final-linked-steady-rxvm/entries/bounce-opt/rxseq/n3.stdout.txt: OK
./raw/timing/final-linked-steady-rxvm/entries/bounce-opt/rxseq/n4-analyse.stderr.txt: OK
./raw/timing/final-linked-steady-rxvm/entries/bounce-opt/rxseq/n4-analyse.stdout.txt: OK
./raw/timing/final-linked-steady-rxvm/entries/bounce-opt/rxseq/n4-candidates.csv: OK
./raw/timing/final-linked-steady-rxvm/entries/bounce-opt/rxseq/n4.rxseq: OK
./raw/timing/final-linked-steady-rxvm/entries/bounce-opt/rxseq/n4.stderr.txt: OK
./raw/timing/final-linked-steady-rxvm/entries/bounce-opt/rxseq/n4.stdout.txt: OK
./raw/timing/final-linked-steady-rxvm/entries/bounce-opt/timing/raw/recorded-1.stderr.txt: OK
./raw/timing/final-linked-steady-rxvm/entries/bounce-opt/timing/raw/recorded-1.stdout.txt: OK
./raw/timing/final-linked-steady-rxvm/entries/bounce-opt/timing/raw/recorded-2.stderr.txt: OK
./raw/timing/final-linked-steady-rxvm/entries/bounce-opt/timing/raw/recorded-2.stdout.txt: OK
./raw/timing/final-linked-steady-rxvm/entries/bounce-opt/timing/raw/recorded-3.stderr.txt: OK
./raw/timing/final-linked-steady-rxvm/entries/bounce-opt/timing/raw/recorded-3.stdout.txt: OK
./raw/timing/final-linked-steady-rxvm/entries/bounce-opt/timing/raw/warmup-1.stderr.txt: OK
./raw/timing/final-linked-steady-rxvm/entries/bounce-opt/timing/raw/warmup-1.stdout.txt: OK
./raw/timing/final-linked-steady-rxvm/entries/permute-noopt/manifest.json: OK
./raw/timing/final-linked-steady-rxvm/entries/permute-noopt/profile/profile.csv: OK
./raw/timing/final-linked-steady-rxvm/entries/permute-noopt/profile/stderr.txt: OK
./raw/timing/final-linked-steady-rxvm/entries/permute-noopt/profile/stdout.txt: OK
./raw/timing/final-linked-steady-rxvm/entries/permute-noopt/rxseq/n2-analyse.stderr.txt: OK
./raw/timing/final-linked-steady-rxvm/entries/permute-noopt/rxseq/n2-analyse.stdout.txt: OK
./raw/timing/final-linked-steady-rxvm/entries/permute-noopt/rxseq/n2-candidates.csv: OK
./raw/timing/final-linked-steady-rxvm/entries/permute-noopt/rxseq/n2.rxseq: OK
./raw/timing/final-linked-steady-rxvm/entries/permute-noopt/rxseq/n2.stderr.txt: OK
./raw/timing/final-linked-steady-rxvm/entries/permute-noopt/rxseq/n2.stdout.txt: OK
./raw/timing/final-linked-steady-rxvm/entries/permute-noopt/rxseq/n3-analyse.stderr.txt: OK
./raw/timing/final-linked-steady-rxvm/entries/permute-noopt/rxseq/n3-analyse.stdout.txt: OK
./raw/timing/final-linked-steady-rxvm/entries/permute-noopt/rxseq/n3-candidates.csv: OK
./raw/timing/final-linked-steady-rxvm/entries/permute-noopt/rxseq/n3.rxseq: OK
./raw/timing/final-linked-steady-rxvm/entries/permute-noopt/rxseq/n3.stderr.txt: OK
./raw/timing/final-linked-steady-rxvm/entries/permute-noopt/rxseq/n3.stdout.txt: OK
./raw/timing/final-linked-steady-rxvm/entries/permute-noopt/rxseq/n4-analyse.stderr.txt: OK
./raw/timing/final-linked-steady-rxvm/entries/permute-noopt/rxseq/n4-analyse.stdout.txt: OK
./raw/timing/final-linked-steady-rxvm/entries/permute-noopt/rxseq/n4-candidates.csv: OK
./raw/timing/final-linked-steady-rxvm/entries/permute-noopt/rxseq/n4.rxseq: OK
./raw/timing/final-linked-steady-rxvm/entries/permute-noopt/rxseq/n4.stderr.txt: OK
./raw/timing/final-linked-steady-rxvm/entries/permute-noopt/rxseq/n4.stdout.txt: OK
./raw/timing/final-linked-steady-rxvm/entries/permute-noopt/timing/raw/recorded-1.stderr.txt: OK
./raw/timing/final-linked-steady-rxvm/entries/permute-noopt/timing/raw/recorded-1.stdout.txt: OK
./raw/timing/final-linked-steady-rxvm/entries/permute-noopt/timing/raw/recorded-2.stderr.txt: OK
./raw/timing/final-linked-steady-rxvm/entries/permute-noopt/timing/raw/recorded-2.stdout.txt: OK
./raw/timing/final-linked-steady-rxvm/entries/permute-noopt/timing/raw/recorded-3.stderr.txt: OK
./raw/timing/final-linked-steady-rxvm/entries/permute-noopt/timing/raw/recorded-3.stdout.txt: OK
./raw/timing/final-linked-steady-rxvm/entries/permute-noopt/timing/raw/warmup-1.stderr.txt: OK
./raw/timing/final-linked-steady-rxvm/entries/permute-noopt/timing/raw/warmup-1.stdout.txt: OK
./raw/timing/final-linked-steady-rxvm/entries/permute-opt/manifest.json: OK
./raw/timing/final-linked-steady-rxvm/entries/permute-opt/profile/profile.csv: OK
./raw/timing/final-linked-steady-rxvm/entries/permute-opt/profile/stderr.txt: OK
./raw/timing/final-linked-steady-rxvm/entries/permute-opt/profile/stdout.txt: OK
./raw/timing/final-linked-steady-rxvm/entries/permute-opt/rxseq/n2-analyse.stderr.txt: OK
./raw/timing/final-linked-steady-rxvm/entries/permute-opt/rxseq/n2-analyse.stdout.txt: OK
./raw/timing/final-linked-steady-rxvm/entries/permute-opt/rxseq/n2-candidates.csv: OK
./raw/timing/final-linked-steady-rxvm/entries/permute-opt/rxseq/n2.rxseq: OK
./raw/timing/final-linked-steady-rxvm/entries/permute-opt/rxseq/n2.stderr.txt: OK
./raw/timing/final-linked-steady-rxvm/entries/permute-opt/rxseq/n2.stdout.txt: OK
./raw/timing/final-linked-steady-rxvm/entries/permute-opt/rxseq/n3-analyse.stderr.txt: OK
./raw/timing/final-linked-steady-rxvm/entries/permute-opt/rxseq/n3-analyse.stdout.txt: OK
./raw/timing/final-linked-steady-rxvm/entries/permute-opt/rxseq/n3-candidates.csv: OK
./raw/timing/final-linked-steady-rxvm/entries/permute-opt/rxseq/n3.rxseq: OK
./raw/timing/final-linked-steady-rxvm/entries/permute-opt/rxseq/n3.stderr.txt: OK
./raw/timing/final-linked-steady-rxvm/entries/permute-opt/rxseq/n3.stdout.txt: OK
./raw/timing/final-linked-steady-rxvm/entries/permute-opt/rxseq/n4-analyse.stderr.txt: OK
./raw/timing/final-linked-steady-rxvm/entries/permute-opt/rxseq/n4-analyse.stdout.txt: OK
./raw/timing/final-linked-steady-rxvm/entries/permute-opt/rxseq/n4-candidates.csv: OK
./raw/timing/final-linked-steady-rxvm/entries/permute-opt/rxseq/n4.rxseq: OK
./raw/timing/final-linked-steady-rxvm/entries/permute-opt/rxseq/n4.stderr.txt: OK
./raw/timing/final-linked-steady-rxvm/entries/permute-opt/rxseq/n4.stdout.txt: OK
./raw/timing/final-linked-steady-rxvm/entries/permute-opt/timing/raw/recorded-1.stderr.txt: OK
./raw/timing/final-linked-steady-rxvm/entries/permute-opt/timing/raw/recorded-1.stdout.txt: OK
./raw/timing/final-linked-steady-rxvm/entries/permute-opt/timing/raw/recorded-2.stderr.txt: OK
./raw/timing/final-linked-steady-rxvm/entries/permute-opt/timing/raw/recorded-2.stdout.txt: OK
./raw/timing/final-linked-steady-rxvm/entries/permute-opt/timing/raw/recorded-3.stderr.txt: OK
./raw/timing/final-linked-steady-rxvm/entries/permute-opt/timing/raw/recorded-3.stdout.txt: OK
./raw/timing/final-linked-steady-rxvm/entries/permute-opt/timing/raw/warmup-1.stderr.txt: OK
./raw/timing/final-linked-steady-rxvm/entries/permute-opt/timing/raw/warmup-1.stdout.txt: OK
./raw/timing/final-linked-steady-rxvm/entries/rexxcps-noopt/manifest.json: OK
./raw/timing/final-linked-steady-rxvm/entries/rexxcps-noopt/profile/profile.csv: OK
./raw/timing/final-linked-steady-rxvm/entries/rexxcps-noopt/profile/stderr.txt: OK
./raw/timing/final-linked-steady-rxvm/entries/rexxcps-noopt/profile/stdout.txt: OK
./raw/timing/final-linked-steady-rxvm/entries/rexxcps-noopt/rxseq/n2-analyse.stderr.txt: OK
./raw/timing/final-linked-steady-rxvm/entries/rexxcps-noopt/rxseq/n2-analyse.stdout.txt: OK
./raw/timing/final-linked-steady-rxvm/entries/rexxcps-noopt/rxseq/n2-candidates.csv: OK
./raw/timing/final-linked-steady-rxvm/entries/rexxcps-noopt/rxseq/n2.rxseq: OK
./raw/timing/final-linked-steady-rxvm/entries/rexxcps-noopt/rxseq/n2.stderr.txt: OK
./raw/timing/final-linked-steady-rxvm/entries/rexxcps-noopt/rxseq/n2.stdout.txt: OK
./raw/timing/final-linked-steady-rxvm/entries/rexxcps-noopt/rxseq/n3-analyse.stderr.txt: OK
./raw/timing/final-linked-steady-rxvm/entries/rexxcps-noopt/rxseq/n3-analyse.stdout.txt: OK
./raw/timing/final-linked-steady-rxvm/entries/rexxcps-noopt/rxseq/n3-candidates.csv: OK
./raw/timing/final-linked-steady-rxvm/entries/rexxcps-noopt/rxseq/n3.rxseq: OK
./raw/timing/final-linked-steady-rxvm/entries/rexxcps-noopt/rxseq/n3.stderr.txt: OK
./raw/timing/final-linked-steady-rxvm/entries/rexxcps-noopt/rxseq/n3.stdout.txt: OK
./raw/timing/final-linked-steady-rxvm/entries/rexxcps-noopt/rxseq/n4-analyse.stderr.txt: OK
./raw/timing/final-linked-steady-rxvm/entries/rexxcps-noopt/rxseq/n4-analyse.stdout.txt: OK
./raw/timing/final-linked-steady-rxvm/entries/rexxcps-noopt/rxseq/n4-candidates.csv: OK
./raw/timing/final-linked-steady-rxvm/entries/rexxcps-noopt/rxseq/n4.rxseq: OK
./raw/timing/final-linked-steady-rxvm/entries/rexxcps-noopt/rxseq/n4.stderr.txt: OK
./raw/timing/final-linked-steady-rxvm/entries/rexxcps-noopt/rxseq/n4.stdout.txt: OK
./raw/timing/final-linked-steady-rxvm/entries/rexxcps-noopt/timing/raw/recorded-1.stderr.txt: OK
./raw/timing/final-linked-steady-rxvm/entries/rexxcps-noopt/timing/raw/recorded-1.stdout.txt: OK
./raw/timing/final-linked-steady-rxvm/entries/rexxcps-noopt/timing/raw/recorded-2.stderr.txt: OK
./raw/timing/final-linked-steady-rxvm/entries/rexxcps-noopt/timing/raw/recorded-2.stdout.txt: OK
./raw/timing/final-linked-steady-rxvm/entries/rexxcps-noopt/timing/raw/recorded-3.stderr.txt: OK
./raw/timing/final-linked-steady-rxvm/entries/rexxcps-noopt/timing/raw/recorded-3.stdout.txt: OK
./raw/timing/final-linked-steady-rxvm/entries/rexxcps-noopt/timing/raw/warmup-1.stderr.txt: OK
./raw/timing/final-linked-steady-rxvm/entries/rexxcps-noopt/timing/raw/warmup-1.stdout.txt: OK
./raw/timing/final-linked-steady-rxvm/entries/rexxcps-opt/manifest.json: OK
./raw/timing/final-linked-steady-rxvm/entries/rexxcps-opt/profile/profile.csv: OK
./raw/timing/final-linked-steady-rxvm/entries/rexxcps-opt/profile/stderr.txt: OK
./raw/timing/final-linked-steady-rxvm/entries/rexxcps-opt/profile/stdout.txt: OK
./raw/timing/final-linked-steady-rxvm/entries/rexxcps-opt/rxseq/n2-analyse.stderr.txt: OK
./raw/timing/final-linked-steady-rxvm/entries/rexxcps-opt/rxseq/n2-analyse.stdout.txt: OK
./raw/timing/final-linked-steady-rxvm/entries/rexxcps-opt/rxseq/n2-candidates.csv: OK
./raw/timing/final-linked-steady-rxvm/entries/rexxcps-opt/rxseq/n2.rxseq: OK
./raw/timing/final-linked-steady-rxvm/entries/rexxcps-opt/rxseq/n2.stderr.txt: OK
./raw/timing/final-linked-steady-rxvm/entries/rexxcps-opt/rxseq/n2.stdout.txt: OK
./raw/timing/final-linked-steady-rxvm/entries/rexxcps-opt/rxseq/n3-analyse.stderr.txt: OK
./raw/timing/final-linked-steady-rxvm/entries/rexxcps-opt/rxseq/n3-analyse.stdout.txt: OK
./raw/timing/final-linked-steady-rxvm/entries/rexxcps-opt/rxseq/n3-candidates.csv: OK
./raw/timing/final-linked-steady-rxvm/entries/rexxcps-opt/rxseq/n3.rxseq: OK
./raw/timing/final-linked-steady-rxvm/entries/rexxcps-opt/rxseq/n3.stderr.txt: OK
./raw/timing/final-linked-steady-rxvm/entries/rexxcps-opt/rxseq/n3.stdout.txt: OK
./raw/timing/final-linked-steady-rxvm/entries/rexxcps-opt/rxseq/n4-analyse.stderr.txt: OK
./raw/timing/final-linked-steady-rxvm/entries/rexxcps-opt/rxseq/n4-analyse.stdout.txt: OK
./raw/timing/final-linked-steady-rxvm/entries/rexxcps-opt/rxseq/n4-candidates.csv: OK
./raw/timing/final-linked-steady-rxvm/entries/rexxcps-opt/rxseq/n4.rxseq: OK
./raw/timing/final-linked-steady-rxvm/entries/rexxcps-opt/rxseq/n4.stderr.txt: OK
./raw/timing/final-linked-steady-rxvm/entries/rexxcps-opt/rxseq/n4.stdout.txt: OK
./raw/timing/final-linked-steady-rxvm/entries/rexxcps-opt/timing/raw/recorded-1.stderr.txt: OK
./raw/timing/final-linked-steady-rxvm/entries/rexxcps-opt/timing/raw/recorded-1.stdout.txt: OK
./raw/timing/final-linked-steady-rxvm/entries/rexxcps-opt/timing/raw/recorded-2.stderr.txt: OK
./raw/timing/final-linked-steady-rxvm/entries/rexxcps-opt/timing/raw/recorded-2.stdout.txt: OK
./raw/timing/final-linked-steady-rxvm/entries/rexxcps-opt/timing/raw/recorded-3.stderr.txt: OK
./raw/timing/final-linked-steady-rxvm/entries/rexxcps-opt/timing/raw/recorded-3.stdout.txt: OK
./raw/timing/final-linked-steady-rxvm/entries/rexxcps-opt/timing/raw/warmup-1.stderr.txt: OK
./raw/timing/final-linked-steady-rxvm/entries/rexxcps-opt/timing/raw/warmup-1.stdout.txt: OK
./raw/timing/final-linked-steady-rxvm/entries/richards-noopt/manifest.json: OK
./raw/timing/final-linked-steady-rxvm/entries/richards-noopt/profile/profile.csv: OK
./raw/timing/final-linked-steady-rxvm/entries/richards-noopt/profile/stderr.txt: OK
./raw/timing/final-linked-steady-rxvm/entries/richards-noopt/profile/stdout.txt: OK
./raw/timing/final-linked-steady-rxvm/entries/richards-noopt/rxseq/n2-analyse.stderr.txt: OK
./raw/timing/final-linked-steady-rxvm/entries/richards-noopt/rxseq/n2-analyse.stdout.txt: OK
./raw/timing/final-linked-steady-rxvm/entries/richards-noopt/rxseq/n2-candidates.csv: OK
./raw/timing/final-linked-steady-rxvm/entries/richards-noopt/rxseq/n2.rxseq: OK
./raw/timing/final-linked-steady-rxvm/entries/richards-noopt/rxseq/n2.stderr.txt: OK
./raw/timing/final-linked-steady-rxvm/entries/richards-noopt/rxseq/n2.stdout.txt: OK
./raw/timing/final-linked-steady-rxvm/entries/richards-noopt/rxseq/n3-analyse.stderr.txt: OK
./raw/timing/final-linked-steady-rxvm/entries/richards-noopt/rxseq/n3-analyse.stdout.txt: OK
./raw/timing/final-linked-steady-rxvm/entries/richards-noopt/rxseq/n3-candidates.csv: OK
./raw/timing/final-linked-steady-rxvm/entries/richards-noopt/rxseq/n3.rxseq: OK
./raw/timing/final-linked-steady-rxvm/entries/richards-noopt/rxseq/n3.stderr.txt: OK
./raw/timing/final-linked-steady-rxvm/entries/richards-noopt/rxseq/n3.stdout.txt: OK
./raw/timing/final-linked-steady-rxvm/entries/richards-noopt/rxseq/n4-analyse.stderr.txt: OK
./raw/timing/final-linked-steady-rxvm/entries/richards-noopt/rxseq/n4-analyse.stdout.txt: OK
./raw/timing/final-linked-steady-rxvm/entries/richards-noopt/rxseq/n4-candidates.csv: OK
./raw/timing/final-linked-steady-rxvm/entries/richards-noopt/rxseq/n4.rxseq: OK
./raw/timing/final-linked-steady-rxvm/entries/richards-noopt/rxseq/n4.stderr.txt: OK
./raw/timing/final-linked-steady-rxvm/entries/richards-noopt/rxseq/n4.stdout.txt: OK
./raw/timing/final-linked-steady-rxvm/entries/richards-noopt/timing/raw/recorded-1.stderr.txt: OK
./raw/timing/final-linked-steady-rxvm/entries/richards-noopt/timing/raw/recorded-1.stdout.txt: OK
./raw/timing/final-linked-steady-rxvm/entries/richards-noopt/timing/raw/recorded-2.stderr.txt: OK
./raw/timing/final-linked-steady-rxvm/entries/richards-noopt/timing/raw/recorded-2.stdout.txt: OK
./raw/timing/final-linked-steady-rxvm/entries/richards-noopt/timing/raw/recorded-3.stderr.txt: OK
./raw/timing/final-linked-steady-rxvm/entries/richards-noopt/timing/raw/recorded-3.stdout.txt: OK
./raw/timing/final-linked-steady-rxvm/entries/richards-noopt/timing/raw/warmup-1.stderr.txt: OK
./raw/timing/final-linked-steady-rxvm/entries/richards-noopt/timing/raw/warmup-1.stdout.txt: OK
./raw/timing/final-linked-steady-rxvm/entries/richards-opt/manifest.json: OK
./raw/timing/final-linked-steady-rxvm/entries/richards-opt/profile/profile.csv: OK
./raw/timing/final-linked-steady-rxvm/entries/richards-opt/profile/stderr.txt: OK
./raw/timing/final-linked-steady-rxvm/entries/richards-opt/profile/stdout.txt: OK
./raw/timing/final-linked-steady-rxvm/entries/richards-opt/rxseq/n2-analyse.stderr.txt: OK
./raw/timing/final-linked-steady-rxvm/entries/richards-opt/rxseq/n2-analyse.stdout.txt: OK
./raw/timing/final-linked-steady-rxvm/entries/richards-opt/rxseq/n2-candidates.csv: OK
./raw/timing/final-linked-steady-rxvm/entries/richards-opt/rxseq/n2.rxseq: OK
./raw/timing/final-linked-steady-rxvm/entries/richards-opt/rxseq/n2.stderr.txt: OK
./raw/timing/final-linked-steady-rxvm/entries/richards-opt/rxseq/n2.stdout.txt: OK
./raw/timing/final-linked-steady-rxvm/entries/richards-opt/rxseq/n3-analyse.stderr.txt: OK
./raw/timing/final-linked-steady-rxvm/entries/richards-opt/rxseq/n3-analyse.stdout.txt: OK
./raw/timing/final-linked-steady-rxvm/entries/richards-opt/rxseq/n3-candidates.csv: OK
./raw/timing/final-linked-steady-rxvm/entries/richards-opt/rxseq/n3.rxseq: OK
./raw/timing/final-linked-steady-rxvm/entries/richards-opt/rxseq/n3.stderr.txt: OK
./raw/timing/final-linked-steady-rxvm/entries/richards-opt/rxseq/n3.stdout.txt: OK
./raw/timing/final-linked-steady-rxvm/entries/richards-opt/rxseq/n4-analyse.stderr.txt: OK
./raw/timing/final-linked-steady-rxvm/entries/richards-opt/rxseq/n4-analyse.stdout.txt: OK
./raw/timing/final-linked-steady-rxvm/entries/richards-opt/rxseq/n4-candidates.csv: OK
./raw/timing/final-linked-steady-rxvm/entries/richards-opt/rxseq/n4.rxseq: OK
./raw/timing/final-linked-steady-rxvm/entries/richards-opt/rxseq/n4.stderr.txt: OK
./raw/timing/final-linked-steady-rxvm/entries/richards-opt/rxseq/n4.stdout.txt: OK
./raw/timing/final-linked-steady-rxvm/entries/richards-opt/timing/raw/recorded-1.stderr.txt: OK
./raw/timing/final-linked-steady-rxvm/entries/richards-opt/timing/raw/recorded-1.stdout.txt: OK
./raw/timing/final-linked-steady-rxvm/entries/richards-opt/timing/raw/recorded-2.stderr.txt: OK
./raw/timing/final-linked-steady-rxvm/entries/richards-opt/timing/raw/recorded-2.stdout.txt: OK
./raw/timing/final-linked-steady-rxvm/entries/richards-opt/timing/raw/recorded-3.stderr.txt: OK
./raw/timing/final-linked-steady-rxvm/entries/richards-opt/timing/raw/recorded-3.stdout.txt: OK
./raw/timing/final-linked-steady-rxvm/entries/richards-opt/timing/raw/warmup-1.stderr.txt: OK
./raw/timing/final-linked-steady-rxvm/entries/richards-opt/timing/raw/warmup-1.stdout.txt: OK
./raw/timing/final-linked-steady-rxvm/entries/sieve-noopt/manifest.json: OK
./raw/timing/final-linked-steady-rxvm/entries/sieve-noopt/profile/profile.csv: OK
./raw/timing/final-linked-steady-rxvm/entries/sieve-noopt/profile/stderr.txt: OK
./raw/timing/final-linked-steady-rxvm/entries/sieve-noopt/profile/stdout.txt: OK
./raw/timing/final-linked-steady-rxvm/entries/sieve-noopt/rxseq/n2-analyse.stderr.txt: OK
./raw/timing/final-linked-steady-rxvm/entries/sieve-noopt/rxseq/n2-analyse.stdout.txt: OK
./raw/timing/final-linked-steady-rxvm/entries/sieve-noopt/rxseq/n2-candidates.csv: OK
./raw/timing/final-linked-steady-rxvm/entries/sieve-noopt/rxseq/n2.rxseq: OK
./raw/timing/final-linked-steady-rxvm/entries/sieve-noopt/rxseq/n2.stderr.txt: OK
./raw/timing/final-linked-steady-rxvm/entries/sieve-noopt/rxseq/n2.stdout.txt: OK
./raw/timing/final-linked-steady-rxvm/entries/sieve-noopt/rxseq/n3-analyse.stderr.txt: OK
./raw/timing/final-linked-steady-rxvm/entries/sieve-noopt/rxseq/n3-analyse.stdout.txt: OK
./raw/timing/final-linked-steady-rxvm/entries/sieve-noopt/rxseq/n3-candidates.csv: OK
./raw/timing/final-linked-steady-rxvm/entries/sieve-noopt/rxseq/n3.rxseq: OK
./raw/timing/final-linked-steady-rxvm/entries/sieve-noopt/rxseq/n3.stderr.txt: OK
./raw/timing/final-linked-steady-rxvm/entries/sieve-noopt/rxseq/n3.stdout.txt: OK
./raw/timing/final-linked-steady-rxvm/entries/sieve-noopt/rxseq/n4-analyse.stderr.txt: OK
./raw/timing/final-linked-steady-rxvm/entries/sieve-noopt/rxseq/n4-analyse.stdout.txt: OK
./raw/timing/final-linked-steady-rxvm/entries/sieve-noopt/rxseq/n4-candidates.csv: OK
./raw/timing/final-linked-steady-rxvm/entries/sieve-noopt/rxseq/n4.rxseq: OK
./raw/timing/final-linked-steady-rxvm/entries/sieve-noopt/rxseq/n4.stderr.txt: OK
./raw/timing/final-linked-steady-rxvm/entries/sieve-noopt/rxseq/n4.stdout.txt: OK
./raw/timing/final-linked-steady-rxvm/entries/sieve-noopt/timing/raw/recorded-1.stderr.txt: OK
./raw/timing/final-linked-steady-rxvm/entries/sieve-noopt/timing/raw/recorded-1.stdout.txt: OK
./raw/timing/final-linked-steady-rxvm/entries/sieve-noopt/timing/raw/recorded-2.stderr.txt: OK
./raw/timing/final-linked-steady-rxvm/entries/sieve-noopt/timing/raw/recorded-2.stdout.txt: OK
./raw/timing/final-linked-steady-rxvm/entries/sieve-noopt/timing/raw/recorded-3.stderr.txt: OK
./raw/timing/final-linked-steady-rxvm/entries/sieve-noopt/timing/raw/recorded-3.stdout.txt: OK
./raw/timing/final-linked-steady-rxvm/entries/sieve-noopt/timing/raw/warmup-1.stderr.txt: OK
./raw/timing/final-linked-steady-rxvm/entries/sieve-noopt/timing/raw/warmup-1.stdout.txt: OK
./raw/timing/final-linked-steady-rxvm/entries/sieve-opt/manifest.json: OK
./raw/timing/final-linked-steady-rxvm/entries/sieve-opt/profile/profile.csv: OK
./raw/timing/final-linked-steady-rxvm/entries/sieve-opt/profile/stderr.txt: OK
./raw/timing/final-linked-steady-rxvm/entries/sieve-opt/profile/stdout.txt: OK
./raw/timing/final-linked-steady-rxvm/entries/sieve-opt/rxseq/n2-analyse.stderr.txt: OK
./raw/timing/final-linked-steady-rxvm/entries/sieve-opt/rxseq/n2-analyse.stdout.txt: OK
./raw/timing/final-linked-steady-rxvm/entries/sieve-opt/rxseq/n2-candidates.csv: OK
./raw/timing/final-linked-steady-rxvm/entries/sieve-opt/rxseq/n2.rxseq: OK
./raw/timing/final-linked-steady-rxvm/entries/sieve-opt/rxseq/n2.stderr.txt: OK
./raw/timing/final-linked-steady-rxvm/entries/sieve-opt/rxseq/n2.stdout.txt: OK
./raw/timing/final-linked-steady-rxvm/entries/sieve-opt/rxseq/n3-analyse.stderr.txt: OK
./raw/timing/final-linked-steady-rxvm/entries/sieve-opt/rxseq/n3-analyse.stdout.txt: OK
./raw/timing/final-linked-steady-rxvm/entries/sieve-opt/rxseq/n3-candidates.csv: OK
./raw/timing/final-linked-steady-rxvm/entries/sieve-opt/rxseq/n3.rxseq: OK
./raw/timing/final-linked-steady-rxvm/entries/sieve-opt/rxseq/n3.stderr.txt: OK
./raw/timing/final-linked-steady-rxvm/entries/sieve-opt/rxseq/n3.stdout.txt: OK
./raw/timing/final-linked-steady-rxvm/entries/sieve-opt/rxseq/n4-analyse.stderr.txt: OK
./raw/timing/final-linked-steady-rxvm/entries/sieve-opt/rxseq/n4-analyse.stdout.txt: OK
./raw/timing/final-linked-steady-rxvm/entries/sieve-opt/rxseq/n4-candidates.csv: OK
./raw/timing/final-linked-steady-rxvm/entries/sieve-opt/rxseq/n4.rxseq: OK
./raw/timing/final-linked-steady-rxvm/entries/sieve-opt/rxseq/n4.stderr.txt: OK
./raw/timing/final-linked-steady-rxvm/entries/sieve-opt/rxseq/n4.stdout.txt: OK
./raw/timing/final-linked-steady-rxvm/entries/sieve-opt/timing/raw/recorded-1.stderr.txt: OK
./raw/timing/final-linked-steady-rxvm/entries/sieve-opt/timing/raw/recorded-1.stdout.txt: OK
./raw/timing/final-linked-steady-rxvm/entries/sieve-opt/timing/raw/recorded-2.stderr.txt: OK
./raw/timing/final-linked-steady-rxvm/entries/sieve-opt/timing/raw/recorded-2.stdout.txt: OK
./raw/timing/final-linked-steady-rxvm/entries/sieve-opt/timing/raw/recorded-3.stderr.txt: OK
./raw/timing/final-linked-steady-rxvm/entries/sieve-opt/timing/raw/recorded-3.stdout.txt: OK
./raw/timing/final-linked-steady-rxvm/entries/sieve-opt/timing/raw/warmup-1.stderr.txt: OK
./raw/timing/final-linked-steady-rxvm/entries/sieve-opt/timing/raw/warmup-1.stdout.txt: OK
./raw/timing/final-linked-steady-rxvm/input-manifest.txt: OK
./raw/timing/final-linked-steady-rxvm/summary/allocation-report.csv: OK
./raw/timing/final-linked-steady-rxvm/summary/call-census.csv: OK
./raw/timing/final-linked-steady-rxvm/summary/call-census.md: OK
./raw/timing/final-linked-steady-rxvm/summary/instruction-ranking.csv: OK
./raw/timing/final-linked-steady-rxvm/summary/paired-deltas.csv: OK
./raw/timing/final-linked-steady-rxvm/summary/procedure-report.csv: OK
./raw/timing/final-linked-steady-rxvm/summary/profile-status.csv: OK
./raw/timing/final-linked-steady-rxvm/summary/sequence-ranking.csv: OK
./raw/timing/final-linked-steady-rxvm/summary/summary.md: OK
./raw/timing/final-linked-steady-rxvm/summary/timing-samples.csv: OK
./raw/timing/final-linked-steady-rxvm/verification.txt: OK
