[0/2] Re-checking globbed directories...
[1/396] Copying bootstrap src/parse/conf_lexer.cc, reconfigure with RE2C_REBUILD_LEXERS to regenerate
[2/396] Copying bootstrap syntax file, reconfigure with RE2C_REBUILD_PARSERS to regenerate
[3/396] Copying bootstrap src/options/parse_opts.cc, reconfigure with RE2C_REBUILD_LEXERS to regenerate
[4/396] Copying bootstrap syntax file, reconfigure with RE2C_REBUILD_PARSERS to regenerate
[5/396] Copying bootstrap syntax file, reconfigure with RE2C_REBUILD_PARSERS to regenerate
[6/396] Copying bootstrap src/parse/lexer.cc and src/parse/lexer.h, reconfigure with RE2C_REBUILD_LEXERS to regenerate
[7/396] Copying bootstrap syntax file, reconfigure with RE2C_REBUILD_PARSERS to regenerate
[8/396] Copying bootstrap syntax file, reconfigure with RE2C_REBUILD_PARSERS to regenerate
[9/396] Copying bootstrap syntax file, reconfigure with RE2C_REBUILD_PARSERS to regenerate
[10/396] Copying bootstrap syntax file, reconfigure with RE2C_REBUILD_PARSERS to regenerate
[11/396] Copying bootstrap syntax file, reconfigure with RE2C_REBUILD_PARSERS to regenerate
[12/396] Generating doc/re2c.1
[13/396] Copying bootstrap syntax file, reconfigure with RE2C_REBUILD_PARSERS to regenerate
[14/396] Copying bootstrap parser, reconfigure with RE2C_REBUILD_PARSERS to regenerate
[15/396] Copying bootstrap syntax file, reconfigure with RE2C_REBUILD_PARSERS to regenerate
[16/396] Copying bootstrap syntax file, reconfigure with RE2C_REBUILD_PARSERS to regenerate
[17/396] Copying bootstrap parser, reconfigure with RE2C_REBUILD_PARSERS to regenerate
[18/396] Copying bootstrap syntax file, reconfigure with RE2C_REBUILD_PARSERS to regenerate
[19/396] Copying bootstrap src/msg/ver_to_vernum.cc, reconfigure with RE2C_REBUILD_LEXERS to regenerate
[20/396] Building C object _deps/dsl_syntax_highlighter-build/CMakeFiles/dslsyntax_parser.dir/dslsyntax_log.c.o
[21/396] Building C object _deps/dsl_syntax_highlighter-build/CMakeFiles/dslsyntax_parser.dir/thread_utils.c.o
[22/396] Building C object _deps/dsl_syntax_highlighter-build/CMakeFiles/dslsyntax_parser.dir/diff.c.o
[23/396] Building C object _deps/dsl_syntax_highlighter-build/CMakeFiles/dslsyntax_parser.dir/serialization.c.o
[24/396] Building C object _deps/dsl_syntax_highlighter-build/CMakeFiles/dslsyntax_parser.dir/dslsyntax_common.c.o
[25/396] Building C object _deps/dsl_syntax_highlighter-build/CMakeFiles/dslsyntax_parser.dir/comms.c.o
[26/396] Building C object _deps/dsl_syntax_highlighter-build/CMakeFiles/dslsyntax_parser.dir/code_buffer.c.o
[27/396] Building C object _deps/dsl_syntax_highlighter-build/CMakeFiles/dslsyntax_parser.dir/emergency_parse.c.o
[28/396] Building C object platform/CMakeFiles/platform.dir/rxinteger.c.o
[29/396] Building C object _deps/dsl_syntax_highlighter-build/CMakeFiles/dslsyntax_parser.dir/dslsyntax_parser.c.o
[30/396] Building C object platform/CMakeFiles/platform.dir/platform.c.o
[31/396] Building C object avl_tree/CMakeFiles/avl_tree.dir/avl_tree.c.o
[32/396] Building CXX object re2c/CMakeFiles/re2c_objects_autogen_ver_to_vernum.dir/src/msg/ver_to_vernum.cc.o
[33/396] Building C object binutils/CMakeFiles/rxbin.dir/rxbin.c.o
[34/396] Building C object binutils/CMakeFiles/rxbin.dir/rxsignature.c.o
[35/396] Linking C static library _deps/dsl_syntax_highlighter-build/libdslsyntax_parser.a
[36/396] Building CXX object re2c/CMakeFiles/re2c_objects_autogen.dir/src/parse/parser.cc.o
[37/396] Linking C static library bin/libplatform.a
[38/396] Linking C static library bin/libavl_tree.a
[39/396] Building C object interpreter/CMakeFiles/rxvmref.dir/rxvmref.c.o
[40/396] Building CXX object re2c/CMakeFiles/re2c_objects_autogen.dir/src/parse/conf_parser.cc.o
[41/396] Linking C static library bin/librxvmref.a
[42/396] Building C object interpreter/rxvmplugin/CMakeFiles/rxvmplugin.dir/rxvmplugin_framework.c.o
[43/396] Building C object interpreter/rxvmplugin/rxvmplugins/mc_decimal/CMakeFiles/decnumber.dir/decnumber/decContext.c.o
[44/396] Building CXX object re2c/CMakeFiles/re2c_objects_autogen.dir/src/options/parse_opts.cc.o
[45/396] Linking C static library bin/librxvmplugin.a
[46/396] Building C object binutils/CMakeFiles/rxbin.dir/rxbin007.c.o
[47/396] Building C object rxpa/CMakeFiles/rxpa.dir/rxpa.c.o
[48/396] Building C object interpreter/rxvmplugin/rxvmplugins/mc_decimal/CMakeFiles/mc_decimal_manual.dir/mc_decimal.c.o
[49/396] Building C object interpreter/CMakeFiles/rxbvm_core_objects.dir/interrupt.c.o
[50/396] Building C object interpreter/CMakeFiles/rxbvm_core_objects.dir/exitfunc.c.o
[51/396] Building C object interpreter/CMakeFiles/rxbvm_core_objects.dir/rxvmload.c.o
[52/396] Building C object interpreter/CMakeFiles/rxbvm_core_objects.dir/rxvml/rxvm_run.c.o
[53/396] Building C object interpreter/CMakeFiles/rxbvm_core_objects.dir/rxcrexxcmd.c.o
[54/396] Building C object binutils/CMakeFiles/rxbin.dir/rxgraph.c.o
[55/396] Building C object interpreter/CMakeFiles/rxbvm_core_objects.dir/rxpafuncs.c.o
[56/396] Building CXX object re2c/CMakeFiles/re2c_objects_autogen.dir/src/parse/lexer.cc.o
[57/396] Building C object interpreter/CMakeFiles/rxbvm_core_objects.dir/rxspawn.c.o
[58/396] Linking C static library bin/librxbin.a
[59/396] Building C object interpreter/CMakeFiles/rxbvml.dir/rxvmlib.c.o
[60/396] Linking C static library bin/librxpa.a
[61/396] Building C object interpreter/CMakeFiles/rxpashim.dir/rxpashim.c.o
[62/396] Building C object lemon/CMakeFiles/lemon.dir/lemon.c.o
[63/396] Linking C executable lemon/lemon
[64/396] Building C object interpreter/rxvmplugin/rxvmplugins/mc_decimal/CMakeFiles/decnumber.dir/decnumber/decNumber.c.o
[65/396] Building C object interpreter/CMakeFiles/rxvm_core_objects.dir/interrupt.c.o
[66/396] Building CXX object re2c/CMakeFiles/re2c_objects_autogen.dir/src/parse/conf_lexer.cc.o
[67/396] Generating src/msg/help_re2c.cc
[68/396] Linking C static library bin/libdecnumber.a
[69/396] Building C object interpreter/CMakeFiles/rxvm_core_objects.dir/rxvmload.c.o
[70/396] Building C object interpreter/CMakeFiles/rxvm_platform_objects.dir/rxvmsock.c.o
[71/396] Building C object interpreter/CMakeFiles/rxvm_core_objects.dir/rxcrexxcmd.c.o
[72/396] Building C object interpreter/CMakeFiles/rxvm_core_objects.dir/rxspawn.c.o
[73/396] Building C object linker/CMakeFiles/rxlink.dir/rxlinkmain.c.o
[74/396] Building C object interpreter/CMakeFiles/rxbvml.dir/rxvml.c.o
[75/396] Building CXX object re2c/CMakeFiles/re2c.dir/src/codegen/helpers.cc.o
[76/396] Building CXX object re2c/CMakeFiles/re2c.dir/src/options/symtab.cc.o
[77/396] Building CXX object re2c/CMakeFiles/re2c.dir/src/codegen/pass3_fixup.cc.o
[78/396] Building CXX object re2c/CMakeFiles/re2c.dir/src/debug/dump_adfa.cc.o
[79/396] Building CXX object re2c/CMakeFiles/re2c.dir/src/codegen/output.cc.o
[80/396] Building CXX object re2c/CMakeFiles/re2c.dir/src/debug/dump_cfg.cc.o
[81/396] Building CXX object re2c/CMakeFiles/re2c.dir/src/debug/dump_dfa.cc.o
[82/396] Building CXX object re2c/CMakeFiles/re2c.dir/src/debug/dump_dfa_tree.cc.o
[83/396] Building CXX object re2c/CMakeFiles/re2c.dir/src/debug/dump_interf.cc.o
[84/396] Building CXX object re2c/CMakeFiles/re2c.dir/src/debug/dump_nfa.cc.o
[85/396] Building CXX object re2c/CMakeFiles/re2c.dir/src/codegen/pass1_analyze.cc.o
[86/396] Building CXX object re2c/CMakeFiles/re2c.dir/src/codegen/pass4_render.cc.o
[87/396] Building CXX object re2c/CMakeFiles/re2c.dir/src/nfa/re_to_nfa.cc.o
[88/396] Building CXX object re2c/CMakeFiles/re2c.dir/src/cfg/compact.cc.o
[89/396] Building CXX object re2c/CMakeFiles/re2c.dir/src/cfg/dce.cc.o
[90/396] Building CXX object re2c/CMakeFiles/re2c.dir/src/cfg/cfg.cc.o
[91/396] Building CXX object re2c/CMakeFiles/re2c.dir/src/cfg/freeze.cc.o
[92/396] Building CXX object re2c/CMakeFiles/re2c.dir/src/adfa/adfa.cc.o
[93/396] Building CXX object re2c/CMakeFiles/re2c.dir/src/codegen/pass2_generate.cc.o
[94/396] Building CXX object re2c/CMakeFiles/re2c.dir/src/cfg/interfere.cc.o
[95/396] Building CXX object re2c/CMakeFiles/re2c.dir/src/cfg/liveanal.cc.o
[96/396] Building CXX object re2c/CMakeFiles/re2c.dir/src/cfg/normalize.cc.o
[97/396] Building CXX object re2c/CMakeFiles/re2c.dir/src/cfg/optimize.cc.o
[98/396] Building CXX object re2c/CMakeFiles/re2c.dir/src/cfg/rename.cc.o
[99/396] Building CXX object re2c/CMakeFiles/re2c.dir/src/options/opt.cc.o
[100/396] Building CXX object re2c/CMakeFiles/re2c.dir/src/cfg/varalloc.cc.o
[101/396] Building CXX object re2c/CMakeFiles/re2c.dir/src/dfa/fallback_tags.cc.o
[102/396] Building CXX object re2c/CMakeFiles/re2c.dir/src/dfa/dead_rules.cc.o
[103/396] Building CXX object re2c/CMakeFiles/re2c.dir/src/dfa/tagver_table.cc.o
[104/396] Building CXX object re2c/CMakeFiles/re2c.dir/src/dfa/fillpoints.cc.o
[105/396] Building CXX object re2c/CMakeFiles/re2c.dir/src/dfa/minimization.cc.o
[106/396] Building CXX object re2c/CMakeFiles/re2c.dir/src/dfa/determinization.cc.o
[107/396] Building CXX object re2c/CMakeFiles/re2c.dir/src/dfa/find_state.cc.o
[108/396] Building CXX object re2c/CMakeFiles/re2c.dir/src/encoding/ebcdic.cc.o
[109/396] Building CXX object re2c/CMakeFiles/re2c.dir/src/dfa/tcmd.cc.o
[110/396] Building CXX object re2c/CMakeFiles/re2c.dir/src/encoding/enc.cc.o
[111/396] Building CXX object re2c/CMakeFiles/re2c.dir/src/encoding/range_suffix.cc.o
[112/396] Building CXX object re2c/CMakeFiles/re2c.dir/src/dfa/closure.cc.o
[113/396] Building CXX object re2c/CMakeFiles/re2c.dir/src/encoding/utf8.cc.o
[114/396] Building CXX object re2c/CMakeFiles/re2c.dir/src/encoding/utf16.cc.o
[115/396] Building CXX object re2c/CMakeFiles/re2c.dir/src/msg/msg.cc.o
[116/396] Building CXX object re2c/CMakeFiles/re2c.dir/src/regexp/default_tags.cc.o
[117/396] Building CXX object re2c/CMakeFiles/re2c.dir/src/regexp/nullable.cc.o
[118/396] Building CXX object re2c/CMakeFiles/re2c.dir/src/regexp/fixed_tags.cc.o
[119/396] Building CXX object re2c/CMakeFiles/re2c.dir/src/regexp/regexp.cc.o
[120/396] Building CXX object re2c/CMakeFiles/re2c.dir/src/msg/warn.cc.o
[121/396] Building CXX object re2c/CMakeFiles/re2c.dir/src/regexp/ast_to_re.cc.o
[122/396] Building CXX object re2c/CMakeFiles/re2c.dir/src/regexp/split_charset.cc.o
[123/396] Building CXX object re2c/CMakeFiles/re2c.dir/src/skeleton/control_flow.cc.o
[124/396] Building CXX object re2c/CMakeFiles/re2c.dir/src/skeleton/maxpath.cc.o
[125/396] Building CXX object re2c/CMakeFiles/re2c.dir/src/skeleton/skeleton.cc.o
[126/396] Building CXX object re2c/CMakeFiles/re2c.dir/src/skeleton/generate_code.cc.o
[127/396] Building CXX object re2c/CMakeFiles/re2c.dir/src/util/file_utils.cc.o
[128/396] Building CXX object re2c/CMakeFiles/re2c.dir/src/encoding/unicode_casemap.cc.o
[129/396] Building CXX object re2c/CMakeFiles/re2c.dir/src/msg/help_re2c.cc.o
[130/396] Building CXX object re2c/CMakeFiles/re2c.dir/src/parse/input.cc.o
[131/396] Linking C executable bin/rxlink
[132/396] Linking C static library bin/rxvm_mc_decimal_manual.a
[133/396] Building C object interpreter/CMakeFiles/rxvm_core_objects.dir/exitfunc.c.o
[134/396] Building CXX object re2c/CMakeFiles/re2c.dir/src/util/string_utils.cc.o
[135/396] Building CXX object re2c/CMakeFiles/re2c.dir/src/util/range.cc.o
[136/396] Building CXX object re2c/CMakeFiles/re2c.dir/src/parse/ast.cc.o
[137/396] Building C object interpreter/CMakeFiles/rxvm.dir/rxvmmain.c.o
[138/396] Building C object interpreter/CMakeFiles/rxbvm.dir/rxvmmain.c.o
[139/396] Building C object interpreter/CMakeFiles/rxvm_core_objects.dir/rxvml/rxvm_run.c.o
[140/396] Building CXX object re2c/CMakeFiles/re2c.dir/src/skeleton/generate_data.cc.o
[141/396] Linking C static library bin/librxpashim.a
[142/396] Building C object interpreter/CMakeFiles/rxvm_core_objects.dir/rxpafuncs.c.o
[143/396] Building C object interpreter/CMakeFiles/rxseq.dir/rxseqfile.c.o
[144/396] Building C object interpreter/CMakeFiles/rxseq.dir/rxseqmain.c.o
[145/396] Linking C executable bin/rxseq
[146/396] Building CXX object re2c/CMakeFiles/re2c.dir/src/main.cc.o
[147/396] Linking CXX executable re2c/re2c
[148/396] Create REXX ASSEMBLER Parser...
[149/396] Create REXX ASSEMBLER Lexer...
[150/396] Building C object assembler/CMakeFiles/rxaslib.dir/__/binutils/rxopmeta.c.o
[151/396] Building C object assembler/CMakeFiles/rxaslib.dir/rxaseror.c.o
[152/396] Building C object assembler/CMakeFiles/rxaslib.dir/rxastoke.c.o
[153/396] Building C object assembler/CMakeFiles/rxaslib.dir/rxasgrmr.c.o
[154/396] Building C object assembler/CMakeFiles/rxaslib.dir/rxaslib.c.o
[155/396] Building C object assembler/CMakeFiles/rxas.dir/rxasmain.c.o
[156/396] Building C object assembler/CMakeFiles/rxaslib.dir/rxas_dsl.c.o
[157/396] Building C object assembler/CMakeFiles/rxaslib.dir/rxasscan.c.o
[158/396] Building C object assembler/CMakeFiles/rxaslib.dir/rxas_opt.c.o
[159/396] Building C object assembler/CMakeFiles/rxaslib.dir/rxas_flow.c.o
[160/396] Building C object assembler/CMakeFiles/rxaslib.dir/rxasassm.c.o
[161/396] Linking C static library bin/librxaslib.a
[162/396] Linking C executable bin/rxas
[163/396] cREXX assemble _elapsed ...
[164/396] cREXX RXAS Library Archive ...
[165/396] Building C object interpreter/CMakeFiles/rxbvm_core_objects.dir/rxvmintp.c.o
[166/396] Linking C static library bin/librxbvml.a
[167/396] Create Options Parser...
[168/396] Linking C executable bin/rxbvm
[169/396] Create REXX C Parser...
[170/396] Create Options Lexer...
[171/396] Create REXX B Parser...
[172/396] Create REXX C Lexer...
[173/396] Building C object interpreter/CMakeFiles/rxvm_core_objects.dir/rxvmintp.c.o
[174/396] Linking C executable bin/rxvm
[175/396] Create REXX B Lexer...
[176/396] Building C object compiler/CMakeFiles/rxclib.dir/rxcp_ast_walk.c.o
[177/396] Building C object compiler/CMakeFiles/rxclib.dir/rxcp_diag_fallback.c.o
[178/396] Building C object compiler/CMakeFiles/rxclib.dir/rxcp_ast_print.c.o
[179/396] Building C object compiler/CMakeFiles/rxclib.dir/rxcp_source_tree.c.o
[180/396] Building C object compiler/CMakeFiles/rxclib.dir/rxcpmain.c.o
[181/396] Building C object compiler/CMakeFiles/rxclib.dir/rxcp_diag.c.o
[182/396] Building C object compiler/CMakeFiles/rxclib.dir/rxcp_source_ext.c.o
[183/396] Building C object compiler/CMakeFiles/rxclib.dir/rxcp_dsl.c.o
[184/396] Building C object compiler/CMakeFiles/rxclib.dir/rxcp_util.c.o
[185/396] Building C object compiler/CMakeFiles/rxclib.dir/rxcpopar.c.o
[186/396] Building C object compiler/CMakeFiles/rxclib.dir/rxcpopgr.c.o
[187/396] Building C object compiler/CMakeFiles/rxclib.dir/rxcpbpar.c.o
[188/396] Building C object compiler/CMakeFiles/rxclib.dir/rxcp_srcmap.c.o
[189/396] Building C object compiler/CMakeFiles/rxclib.dir/rxcpcsym.c.o
[190/396] Building C object compiler/CMakeFiles/rxclib.dir/rxcp_ast_core.c.o
[191/396] Building C object compiler/CMakeFiles/rxclib.dir/rxcp_highlight_controller.c.o
[192/396] Building C object compiler/CMakeFiles/rxclib.dir/rxcpcval.c.o
[193/396] Building C object compiler/CMakeFiles/rxclib.dir/rxcposcn.c.o
[194/396] Building C object compiler/CMakeFiles/rxclib.dir/rxcpcpar.c.o
[195/396] Building C object compiler/CMakeFiles/rxclib.dir/rxcpcgmr.c.o
[196/396] Building C object compiler/CMakeFiles/rxclib.dir/rxcp_ast_rewrite.c.o
[197/396] Building C object compiler/CMakeFiles/rxclib.dir/rxcpbgmr.c.o
[198/396] Building C object compiler/CMakeFiles/rxclib.dir/rxcpcdiag.c.o
[199/396] Building C object compiler/CMakeFiles/rxclib.dir/rxcp_val_trans.c.o
[200/396] Building C object compiler/CMakeFiles/rxclib.dir/rxcp_val_plugin.c.o
[201/396] Building C object compiler/CMakeFiles/rxclib.dir/rxcp_fixup.c.o
[202/396] Building C object compiler/CMakeFiles/rxclib.dir/rxcp_val_sym.c.o
[203/396] Building C object compiler/CMakeFiles/rxclib.dir/rxcp_ast_val.c.o
[204/396] Building C object compiler/CMakeFiles/rxclib.dir/rxcp_remap.c.o
[205/396] Building C object compiler/CMakeFiles/rxclib.dir/rxcp_val_check.c.o
[206/396] Building C object compiler/CMakeFiles/rxclib.dir/rxcp_remap_build.c.o
[207/396] Building C object compiler/CMakeFiles/rxclib.dir/rxcp_inline_rules.c.o
[208/396] Building C object compiler/CMakeFiles/rxclib.dir/rxcp_val_orch.c.o
[209/396] Building C object compiler/CMakeFiles/rxclib.dir/rexcscan.c.o
[210/396] Building C object compiler/CMakeFiles/rxclib.dir/rxcp_val_type.c.o
[211/396] Building C object compiler/CMakeFiles/rxclib.dir/rxcpsymb.c.o
[212/396] Building C object compiler/CMakeFiles/rxclib.dir/rxcpemit.c.o
[213/396] Building C object compiler/CMakeFiles/rxclib.dir/rxcp_emit_proc.c.o
[214/396] Building C object compiler/CMakeFiles/rxclib.dir/rxcp_levelc_lower.c.o
[215/396] Building C object compiler/CMakeFiles/rxclib.dir/rxcp_emit_core.c.o
[216/396] Building C object compiler/CMakeFiles/rxclib.dir/rxcp_emit_flow.c.o
[217/396] Building C object compiler/CMakeFiles/rxclib.dir/rxcp_emit_super.c.o
[218/396] Building C object compiler/CMakeFiles/rxclib.dir/rxcp_emit_meta.c.o
[219/396] Building C object compiler/CMakeFiles/rxclib.dir/rxcp_emit_reg.c.o
[220/396] Building C object compiler/CMakeFiles/rxclib.dir/rxcp_emit_expr.c.o
[221/396] Building C object compiler/CMakeFiles/rxclib.dir/__/platform/rxinteger.c.o
[222/396] Building C object compiler/CMakeFiles/rxclib.dir/__/platform/platform.c.o
[223/396] Building C object compiler/CMakeFiles/rxclib.dir/rxcp_dispatch.c.o
[224/396] Building C object compiler/CMakeFiles/rxclib.dir/rxcp_instr.c.o
[225/396] Building C object compiler/CMakeFiles/rxc.dir/rxc_main.c.o
[226/396] Building C object compiler/CMakeFiles/rxclib.dir/rxcp_partial_call.c.o
[227/396] Building C object compiler/CMakeFiles/rxclib.dir/rxcp_opt.c.o
[228/396] Building C object compiler/CMakeFiles/rxclib.dir/rxcp_flow.c.o
[229/396] Building C object compiler/CMakeFiles/rxclib.dir/rxcp_exit.c.o
[230/396] Building C object compiler/CMakeFiles/rxclib.dir/rxcpfunc.c.o
[231/396] Building C object compiler/CMakeFiles/rxclib.dir/rxcp_inline.c.o
[232/396] Building C object compiler/CMakeFiles/rxclib.dir/rexbscan.c.o
[233/396] Linking C static library bin/librxclib.a
[234/396] Linking C executable bin/rxc
[235/396] Building token.rxbin
[236/396] Building Dummy.rxbin
[237/396] cREXX compile and assemble _address ...
[238/396] cREXX compile and assemble _rxsystem ...
[239/396] cREXX compile and assemble _jdn ...
[240/396] cREXX compile and assemble _datei ...
[241/396] cREXX compile and assemble _dateo ...
[242/396] cREXX compile and assemble _ftrunc ...
[243/396] cREXX compile and assemble _itrunc ...
[244/396] cREXX compile and assemble _typedformat ...
[245/396] cREXX compile and assemble abbrev ...
[246/396] cREXX compile and assemble abs ...
[247/396] cREXX compile and assemble intabs ...
[248/396] cREXX compile and assemble floatabs ...
[249/396] cREXX compile and assemble b2x ...
[250/396] cREXX compile and assemble b2d ...
[251/396] cREXX compile and assemble binary ...
[252/396] cREXX compile and assemble c2x ...
[253/396] cREXX compile and assemble c2d ...
[254/396] cREXX compile and assemble center ...
[255/396] cREXX compile and assemble centre ...
[256/396] cREXX compile and assemble changestr ...
[257/396] cREXX compile and assemble compare ...
[258/396] cREXX compile and assemble copies ...
[259/396] cREXX compile and assemble countstr ...
[260/396] cREXX compile and assemble d2b ...
[261/396] cREXX compile and assemble d2c ...
[262/396] cREXX compile and assemble d2x ...
[263/396] cREXX compile and assemble date ...
[264/396] cREXX compile and assemble delstr ...
[265/396] cREXX compile and assemble delword ...
[266/396] cREXX compile and assemble fileio ...
[267/396] cREXX compile and assemble filter ...
[268/396] cREXX compile and assemble format ...
[269/396] cREXX compile and assemble intformat ...
[270/396] cREXX compile and assemble floatformat ...
[271/396] cREXX compile and assemble fnv ...
[272/396] cREXX compile and assemble getenv ...
[273/396] cREXX compile and assemble insert ...
[274/396] cREXX compile and assemble length ...
[275/396] cREXX compile and assemble linesize ...
[276/396] cREXX compile and assemble loadmodule ...
[277/396] cREXX compile and assemble lower ...
[278/396] cREXX compile and assemble max ...
[279/396] cREXX compile and assemble intmax ...
[280/396] cREXX compile and assemble floatmax ...
[281/396] cREXX compile and assemble min ...
[282/396] cREXX compile and assemble intmin ...
[283/396] cREXX compile and assemble floatmin ...
[284/396] cREXX compile and assemble numeric ...
[285/396] cREXX compile and assemble overlay ...
[286/396] cREXX compile and assemble pos ...
[287/396] cREXX compile and assemble qscan ...
[288/396] cREXX compile and assemble qpos ...
[289/396] cREXX compile and assemble qsplit ...
[290/396] cREXX compile and assemble qsplitsafe ...
[291/396] cREXX compile and assemble qextractall ...
[292/396] cREXX compile and assemble qextractpair ...
[293/396] cREXX compile and assemble qstripcomment ...
[294/396] cREXX compile and assemble qremoveall ...
[295/396] cREXX compile and assemble fsayfmt ...
[296/396] cREXX compile and assemble lastpos ...
[297/396] cREXX compile and assemble left ...
[298/396] cREXX compile and assemble right ...
[299/396] cREXX compile and assemble raise ...
[300/396] cREXX compile and assemble reverse ...
[301/396] cREXX compile and assemble signal ...
[302/396] cREXX compile and assemble trace ...
[303/396] cREXX compile and assemble sign ...
[304/396] cREXX compile and assemble intsign ...
[305/396] cREXX compile and assemble floatsign ...
[306/396] cREXX compile and assemble space ...
[307/396] cREXX compile and assemble strip ...
[308/396] cREXX compile and assemble substr ...
[309/396] cREXX compile and assemble substro ...
[310/396] cREXX compile and assemble symbol ...
[311/396] cREXX compile and assemble time ...
[312/396] cREXX compile and assemble translate ...
[313/396] cREXX compile and assemble trunc ...
[314/396] cREXX compile and assemble floattrunc ...
[315/396] cREXX compile and assemble upper ...
[316/396] cREXX compile and assemble value ...
[317/396] cREXX compile and assemble verify ...
[318/396] cREXX compile and assemble version ...
[319/396] cREXX compile and assemble word ...
[320/396] cREXX compile and assemble words ...
[321/396] cREXX compile and assemble wordindex ...
[322/396] cREXX compile and assemble subword ...
[323/396] cREXX compile and assemble wordlength ...
[324/396] cREXX compile and assemble wordpos ...
[325/396] cREXX compile and assemble qword ...
[326/396] cREXX compile and assemble qwordlength ...
[327/396] cREXX compile and assemble qwords ...
[328/396] cREXX compile and assemble qwordindex ...
[329/396] cREXX compile and assemble qwordpos ...
[330/396] cREXX compile and assemble qsubword ...
[331/396] cREXX compile and assemble regex ...
[332/396] cREXX compile and assemble x2b ...
[333/396] cREXX compile and assemble x2c ...
[334/396] cREXX compile and assemble x2d ...
[335/396] cREXX compile and assemble random ...
[336/396] cREXX compile and assemble reradix ...
[337/396] cREXX compile and assemble sequence ...
[338/396] cREXX compile and assemble find ...
[339/396] cREXX compile and assemble index ...
[340/396] cREXX compile and assemble xrange ...
[341/396] cREXX compile and assemble parsecompile ...
[342/396] cREXX compile and assemble parsestring ...
[343/396] cREXX compile and assemble parse ...
[344/396] cREXX compile and assemble datatype ...
[345/396] cREXX compile and assemble arrayfind ...
[346/396] cREXX compile and assemble splice ...
[347/396] cREXX compile and assemble arrayinsert ...
[348/396] cREXX compile and assemble arraydelete ...
[349/396] cREXX compile and assemble arrayappend ...
[350/396] cREXX compile and assemble arrayprepend ...
[351/396] cREXX compile and assemble objectarrayinsert ...
[352/396] cREXX compile and assemble objectarraydelete ...
[353/396] cREXX compile and assemble objectarrayappend ...
[354/396] cREXX compile and assemble objectarrayprepend ...
[355/396] cREXX compile and assemble objectarraydrop ...
[356/396] cREXX compile and assemble objectarraymove ...
[357/396] cREXX compile and assemble arraypop ...
[358/396] cREXX compile and assemble arrayshift ...
[359/396] cREXX compile and assemble arrayget ...
[360/396] cREXX compile and assemble arrayset ...
[361/396] cREXX compile and assemble arraycontains ...
[362/396] cREXX compile and assemble arrayindexof ...
[363/396] cREXX compile and assemble arrayreverse ...
[364/396] cREXX compile and assemble arrayjoin ...
[365/396] cREXX compile and assemble arraysort ...
[366/396] cREXX compile and assemble arraycopy ...
[367/396] cREXX compile and assemble arraydrop ...
[368/396] cREXX compile and assemble arrayhi ...
[369/396] cREXX compile and assemble arraymove ...
[370/396] cREXX compile and assemble fmtmask ...
[371/396] cREXX compile and assemble compilemask ...
[372/396] cREXX compile and assemble runmask ...
[373/396] cREXX compile and assemble parseExec ...
[374/396] cREXX compile and assemble stem ...
[375/396] cREXX compile and assemble rxjson ...
[376/396] cREXX compile and assemble rxsocket ...
[377/396] cREXX compile and assemble rxhttp ...
[378/396] cREXX compile and assemble wordrep ...
[379/396] cREXX REXX Library Archive ...
[380/396] cREXX Linked Library Image ...
[381/396] Building Dump.rxbin
[382/396] Building Query.rxbin
[383/396] Building Fsay.rxbin
[384/396] Building Add.rxbin
[385/396] Building Msay.rxbin
[386/396] Building Sortx.rxbin
[387/396] Building Sort.rxbin
[388/396] Building Execio.rxbin
[389/396] Building RexxScript.rxbin
[390/396] Building Substr.rxbin
[391/396] Building Signal.rxbin
[392/396] Building Address.rxbin
[393/396] Building Trace.rxbin
[394/396] Building Parse.rxbin
[395/396] Building rxcexits.rxbin (bundled via concatenation)
