[0/2] Re-checking globbed directories...
[1/165] Building C object compiler/CMakeFiles/rxclib.dir/rxcp_inline.c.o
[2/165] Linking C static library bin/librxclib.a
[3/165] Linking C executable bin/rxc
[4/165] Building token.rxbin
[5/165] Building Dummy.rxbin
[6/165] cREXX compile and assemble _address ...
[7/165] cREXX compile and assemble _rxsystem ...
[8/165] cREXX compile and assemble _jdn ...
[9/165] cREXX compile and assemble _datei ...
[10/165] cREXX compile and assemble _dateo ...
[11/165] cREXX compile and assemble _ftrunc ...
[12/165] cREXX compile and assemble _itrunc ...
[13/165] cREXX compile and assemble _typedformat ...
[14/165] cREXX compile and assemble abbrev ...
[15/165] cREXX compile and assemble abs ...
[16/165] cREXX compile and assemble intabs ...
[17/165] cREXX compile and assemble floatabs ...
[18/165] cREXX compile and assemble b2x ...
[19/165] cREXX compile and assemble b2d ...
[20/165] cREXX compile and assemble binary ...
[21/165] cREXX compile and assemble c2x ...
[22/165] cREXX compile and assemble c2d ...
[23/165] cREXX compile and assemble center ...
[24/165] cREXX compile and assemble centre ...
[25/165] cREXX compile and assemble changestr ...
[26/165] cREXX compile and assemble compare ...
[27/165] cREXX compile and assemble copies ...
[28/165] cREXX compile and assemble countstr ...
[29/165] cREXX compile and assemble d2b ...
[30/165] cREXX compile and assemble d2c ...
[31/165] cREXX compile and assemble d2x ...
[32/165] cREXX compile and assemble date ...
[33/165] cREXX compile and assemble delstr ...
[34/165] cREXX compile and assemble delword ...
[35/165] cREXX compile and assemble fileio ...
[36/165] cREXX compile and assemble filter ...
[37/165] cREXX compile and assemble format ...
[38/165] cREXX compile and assemble intformat ...
[39/165] cREXX compile and assemble floatformat ...
[40/165] cREXX compile and assemble fnv ...
[41/165] cREXX compile and assemble getenv ...
[42/165] cREXX compile and assemble insert ...
[43/165] cREXX compile and assemble length ...
[44/165] cREXX compile and assemble linesize ...
[45/165] cREXX compile and assemble loadmodule ...
[46/165] cREXX compile and assemble lower ...
[47/165] cREXX compile and assemble max ...
[48/165] cREXX compile and assemble intmax ...
[49/165] cREXX compile and assemble floatmax ...
[50/165] cREXX compile and assemble min ...
[51/165] cREXX compile and assemble intmin ...
[52/165] cREXX compile and assemble floatmin ...
[53/165] cREXX compile and assemble numeric ...
[54/165] cREXX compile and assemble overlay ...
[55/165] cREXX compile and assemble pos ...
[56/165] cREXX compile and assemble qscan ...
[57/165] cREXX compile and assemble qpos ...
[58/165] cREXX compile and assemble qsplit ...
[59/165] cREXX compile and assemble qsplitsafe ...
[60/165] cREXX compile and assemble qextractall ...
[61/165] cREXX compile and assemble qextractpair ...
[62/165] cREXX compile and assemble qstripcomment ...
[63/165] cREXX compile and assemble qremoveall ...
[64/165] cREXX compile and assemble fsayfmt ...
[65/165] cREXX compile and assemble lastpos ...
[66/165] cREXX compile and assemble left ...
[67/165] cREXX compile and assemble right ...
[68/165] cREXX compile and assemble raise ...
[69/165] cREXX compile and assemble reverse ...
[70/165] cREXX compile and assemble signal ...
[71/165] cREXX compile and assemble trace ...
[72/165] cREXX compile and assemble sign ...
[73/165] cREXX compile and assemble intsign ...
[74/165] cREXX compile and assemble floatsign ...
[75/165] cREXX compile and assemble space ...
[76/165] cREXX compile and assemble strip ...
[77/165] cREXX compile and assemble substr ...
[78/165] cREXX compile and assemble substro ...
[79/165] cREXX compile and assemble symbol ...
[80/165] cREXX compile and assemble time ...
[81/165] cREXX compile and assemble translate ...
[82/165] cREXX compile and assemble trunc ...
[83/165] cREXX compile and assemble floattrunc ...
[84/165] cREXX compile and assemble upper ...
[85/165] cREXX compile and assemble value ...
[86/165] cREXX compile and assemble verify ...
[87/165] cREXX compile and assemble version ...
[88/165] cREXX compile and assemble word ...
[89/165] cREXX compile and assemble words ...
[90/165] cREXX compile and assemble wordindex ...
[91/165] cREXX compile and assemble subword ...
[92/165] cREXX compile and assemble wordlength ...
[93/165] cREXX compile and assemble wordpos ...
[94/165] cREXX compile and assemble qword ...
[95/165] cREXX compile and assemble qwordlength ...
[96/165] cREXX compile and assemble qwords ...
[97/165] cREXX compile and assemble qwordindex ...
[98/165] cREXX compile and assemble qwordpos ...
[99/165] cREXX compile and assemble qsubword ...
[100/165] cREXX compile and assemble regex ...
[101/165] cREXX compile and assemble x2b ...
[102/165] cREXX compile and assemble x2c ...
[103/165] cREXX compile and assemble x2d ...
[104/165] cREXX compile and assemble random ...
[105/165] cREXX compile and assemble reradix ...
[106/165] cREXX compile and assemble sequence ...
[107/165] cREXX compile and assemble find ...
[108/165] cREXX compile and assemble index ...
[109/165] cREXX compile and assemble xrange ...
[110/165] cREXX compile and assemble parsecompile ...
[111/165] cREXX compile and assemble parsestring ...
[112/165] cREXX compile and assemble parse ...
[113/165] cREXX compile and assemble datatype ...
[114/165] cREXX compile and assemble arrayfind ...
[115/165] cREXX compile and assemble splice ...
[116/165] cREXX compile and assemble arrayinsert ...
[117/165] cREXX compile and assemble arraydelete ...
[118/165] cREXX compile and assemble arrayappend ...
[119/165] cREXX compile and assemble arrayprepend ...
[120/165] cREXX compile and assemble objectarrayinsert ...
[121/165] cREXX compile and assemble objectarraydelete ...
[122/165] cREXX compile and assemble objectarrayappend ...
[123/165] cREXX compile and assemble objectarrayprepend ...
[124/165] cREXX compile and assemble objectarraydrop ...
[125/165] cREXX compile and assemble objectarraymove ...
[126/165] cREXX compile and assemble arraypop ...
[127/165] cREXX compile and assemble arrayshift ...
[128/165] cREXX compile and assemble arrayget ...
[129/165] cREXX compile and assemble arrayset ...
[130/165] cREXX compile and assemble arraycontains ...
[131/165] cREXX compile and assemble arrayindexof ...
[132/165] cREXX compile and assemble arrayreverse ...
[133/165] cREXX compile and assemble arrayjoin ...
[134/165] cREXX compile and assemble arraysort ...
[135/165] cREXX compile and assemble arraycopy ...
[136/165] cREXX compile and assemble arraydrop ...
[137/165] cREXX compile and assemble arrayhi ...
[138/165] cREXX compile and assemble arraymove ...
[139/165] cREXX compile and assemble fmtmask ...
[140/165] cREXX compile and assemble compilemask ...
[141/165] cREXX compile and assemble runmask ...
[142/165] cREXX compile and assemble parseExec ...
[143/165] cREXX compile and assemble stem ...
[144/165] cREXX compile and assemble rxjson ...
[145/165] cREXX compile and assemble rxsocket ...
[146/165] cREXX compile and assemble rxhttp ...
[147/165] cREXX compile and assemble wordrep ...
[148/165] cREXX REXX Library Archive ...
[149/165] cREXX Linked Library Image ...
[150/165] Building Query.rxbin
[151/165] Building Dump.rxbin
[152/165] Building Fsay.rxbin
[153/165] Building Add.rxbin
[154/165] Building Msay.rxbin
[155/165] Building Sortx.rxbin
[156/165] Building Sort.rxbin
[157/165] Building Execio.rxbin
[158/165] Building RexxScript.rxbin
[159/165] Building Substr.rxbin
[160/165] Building Signal.rxbin
[161/165] Building Address.rxbin
[162/165] Building Trace.rxbin
[163/165] Building Parse.rxbin
[164/165] Building rxcexits.rxbin (bundled via concatenation)
