channel phase=warmup round=0 position=1 vm=rxbvml variant=accepted
GF_CHANNEL_LATENCY_JOBS: 1024
GF_CHANNEL_LATENCY_US: 7365
GF_CHANNEL_THROUGHPUT_JOBS: 256
GF_CHANNEL_THROUGHPUT_US: 81398
PASS: Gate F F1b channel benchmark
channel phase=warmup round=0 position=2 vm=rxbvml variant=candidate
GF_CHANNEL_LATENCY_JOBS: 1024
GF_CHANNEL_LATENCY_US: 10280
GF_CHANNEL_THROUGHPUT_JOBS: 256
GF_CHANNEL_THROUGHPUT_US: 87854
PASS: Gate F F1b channel benchmark
channel phase=warmup round=0 position=3 vm=rxtvml variant=accepted
GF_CHANNEL_LATENCY_JOBS: 1024
GF_CHANNEL_LATENCY_US: 7391
GF_CHANNEL_THROUGHPUT_JOBS: 256
GF_CHANNEL_THROUGHPUT_US: 104859
PASS: Gate F F1b channel benchmark
channel phase=warmup round=0 position=4 vm=rxtvml variant=candidate
GF_CHANNEL_LATENCY_JOBS: 1024
GF_CHANNEL_LATENCY_US: 10146
GF_CHANNEL_THROUGHPUT_JOBS: 256
GF_CHANNEL_THROUGHPUT_US: 105845
PASS: Gate F F1b channel benchmark
channel phase=recorded round=1 position=5 vm=rxbvml variant=accepted
GF_CHANNEL_LATENCY_JOBS: 1024
GF_CHANNEL_LATENCY_US: 7286
GF_CHANNEL_THROUGHPUT_JOBS: 256
GF_CHANNEL_THROUGHPUT_US: 97300
PASS: Gate F F1b channel benchmark
channel phase=recorded round=1 position=6 vm=rxbvml variant=candidate
GF_CHANNEL_LATENCY_JOBS: 1024
GF_CHANNEL_LATENCY_US: 9847
GF_CHANNEL_THROUGHPUT_JOBS: 256
GF_CHANNEL_THROUGHPUT_US: 93459
PASS: Gate F F1b channel benchmark
channel phase=recorded round=1 position=7 vm=rxtvml variant=accepted
GF_CHANNEL_LATENCY_JOBS: 1024
GF_CHANNEL_LATENCY_US: 7467
GF_CHANNEL_THROUGHPUT_JOBS: 256
GF_CHANNEL_THROUGHPUT_US: 103208
PASS: Gate F F1b channel benchmark
channel phase=recorded round=1 position=8 vm=rxtvml variant=candidate
GF_CHANNEL_LATENCY_JOBS: 1024
GF_CHANNEL_LATENCY_US: 10302
GF_CHANNEL_THROUGHPUT_JOBS: 256
GF_CHANNEL_THROUGHPUT_US: 94001
PASS: Gate F F1b channel benchmark
channel phase=recorded round=2 position=9 vm=rxtvml variant=candidate
GF_CHANNEL_LATENCY_JOBS: 1024
GF_CHANNEL_LATENCY_US: 10460
GF_CHANNEL_THROUGHPUT_JOBS: 256
GF_CHANNEL_THROUGHPUT_US: 93908
PASS: Gate F F1b channel benchmark
channel phase=recorded round=2 position=10 vm=rxtvml variant=accepted
GF_CHANNEL_LATENCY_JOBS: 1024
GF_CHANNEL_LATENCY_US: 7509
GF_CHANNEL_THROUGHPUT_JOBS: 256
GF_CHANNEL_THROUGHPUT_US: 92460
PASS: Gate F F1b channel benchmark
channel phase=recorded round=2 position=11 vm=rxbvml variant=candidate
GF_CHANNEL_LATENCY_JOBS: 1024
GF_CHANNEL_LATENCY_US: 10115
GF_CHANNEL_THROUGHPUT_JOBS: 256
GF_CHANNEL_THROUGHPUT_US: 79432
PASS: Gate F F1b channel benchmark
channel phase=recorded round=2 position=12 vm=rxbvml variant=accepted
GF_CHANNEL_LATENCY_JOBS: 1024
GF_CHANNEL_LATENCY_US: 7422
GF_CHANNEL_THROUGHPUT_JOBS: 256
GF_CHANNEL_THROUGHPUT_US: 81304
PASS: Gate F F1b channel benchmark
channel phase=recorded round=3 position=13 vm=rxbvml variant=accepted
GF_CHANNEL_LATENCY_JOBS: 1024
GF_CHANNEL_LATENCY_US: 7369
GF_CHANNEL_THROUGHPUT_JOBS: 256
GF_CHANNEL_THROUGHPUT_US: 82554
PASS: Gate F F1b channel benchmark
channel phase=recorded round=3 position=14 vm=rxbvml variant=candidate
GF_CHANNEL_LATENCY_JOBS: 1024
GF_CHANNEL_LATENCY_US: 10657
GF_CHANNEL_THROUGHPUT_JOBS: 256
GF_CHANNEL_THROUGHPUT_US: 83756
PASS: Gate F F1b channel benchmark
channel phase=recorded round=3 position=15 vm=rxtvml variant=accepted
GF_CHANNEL_LATENCY_JOBS: 1024
GF_CHANNEL_LATENCY_US: 7607
GF_CHANNEL_THROUGHPUT_JOBS: 256
GF_CHANNEL_THROUGHPUT_US: 94039
PASS: Gate F F1b channel benchmark
channel phase=recorded round=3 position=16 vm=rxtvml variant=candidate
GF_CHANNEL_LATENCY_JOBS: 1024
GF_CHANNEL_LATENCY_US: 10297
GF_CHANNEL_THROUGHPUT_JOBS: 256
GF_CHANNEL_THROUGHPUT_US: 95292
PASS: Gate F F1b channel benchmark
channel phase=recorded round=4 position=17 vm=rxtvml variant=candidate
GF_CHANNEL_LATENCY_JOBS: 1024
GF_CHANNEL_LATENCY_US: 10623
GF_CHANNEL_THROUGHPUT_JOBS: 256
GF_CHANNEL_THROUGHPUT_US: 93502
PASS: Gate F F1b channel benchmark
channel phase=recorded round=4 position=18 vm=rxtvml variant=accepted
GF_CHANNEL_LATENCY_JOBS: 1024
GF_CHANNEL_LATENCY_US: 7434
GF_CHANNEL_THROUGHPUT_JOBS: 256
GF_CHANNEL_THROUGHPUT_US: 94421
PASS: Gate F F1b channel benchmark
channel phase=recorded round=4 position=19 vm=rxbvml variant=candidate
GF_CHANNEL_LATENCY_JOBS: 1024
GF_CHANNEL_LATENCY_US: 10054
GF_CHANNEL_THROUGHPUT_JOBS: 256
GF_CHANNEL_THROUGHPUT_US: 83355
PASS: Gate F F1b channel benchmark
channel phase=recorded round=4 position=20 vm=rxbvml variant=accepted
GF_CHANNEL_LATENCY_JOBS: 1024
GF_CHANNEL_LATENCY_US: 7465
GF_CHANNEL_THROUGHPUT_JOBS: 256
GF_CHANNEL_THROUGHPUT_US: 80921
PASS: Gate F F1b channel benchmark
channel phase=recorded round=5 position=21 vm=rxbvml variant=accepted
GF_CHANNEL_LATENCY_JOBS: 1024
GF_CHANNEL_LATENCY_US: 7464
GF_CHANNEL_THROUGHPUT_JOBS: 256
GF_CHANNEL_THROUGHPUT_US: 82026
PASS: Gate F F1b channel benchmark
channel phase=recorded round=5 position=22 vm=rxbvml variant=candidate
GF_CHANNEL_LATENCY_JOBS: 1024
GF_CHANNEL_LATENCY_US: 9948
GF_CHANNEL_THROUGHPUT_JOBS: 256
GF_CHANNEL_THROUGHPUT_US: 80549
PASS: Gate F F1b channel benchmark
channel phase=recorded round=5 position=23 vm=rxtvml variant=accepted
GF_CHANNEL_LATENCY_JOBS: 1024
GF_CHANNEL_LATENCY_US: 7521
GF_CHANNEL_THROUGHPUT_JOBS: 256
GF_CHANNEL_THROUGHPUT_US: 94889
PASS: Gate F F1b channel benchmark
channel phase=recorded round=5 position=24 vm=rxtvml variant=candidate
GF_CHANNEL_LATENCY_JOBS: 1024
GF_CHANNEL_LATENCY_US: 10100
GF_CHANNEL_THROUGHPUT_JOBS: 256
GF_CHANNEL_THROUGHPUT_US: 96042
PASS: Gate F F1b channel benchmark
channel phase=recorded round=6 position=25 vm=rxtvml variant=candidate
GF_CHANNEL_LATENCY_JOBS: 1024
GF_CHANNEL_LATENCY_US: 10251
GF_CHANNEL_THROUGHPUT_JOBS: 256
GF_CHANNEL_THROUGHPUT_US: 94619
PASS: Gate F F1b channel benchmark
channel phase=recorded round=6 position=26 vm=rxtvml variant=accepted
GF_CHANNEL_LATENCY_JOBS: 1024
GF_CHANNEL_LATENCY_US: 7337
GF_CHANNEL_THROUGHPUT_JOBS: 256
GF_CHANNEL_THROUGHPUT_US: 96042
PASS: Gate F F1b channel benchmark
channel phase=recorded round=6 position=27 vm=rxbvml variant=candidate
GF_CHANNEL_LATENCY_JOBS: 1024
GF_CHANNEL_LATENCY_US: 10002
GF_CHANNEL_THROUGHPUT_JOBS: 256
GF_CHANNEL_THROUGHPUT_US: 81275
PASS: Gate F F1b channel benchmark
channel phase=recorded round=6 position=28 vm=rxbvml variant=accepted
GF_CHANNEL_LATENCY_JOBS: 1024
GF_CHANNEL_LATENCY_US: 8084
GF_CHANNEL_THROUGHPUT_JOBS: 256
GF_CHANNEL_THROUGHPUT_US: 80973
PASS: Gate F F1b channel benchmark
channel phase=recorded round=7 position=29 vm=rxbvml variant=accepted
GF_CHANNEL_LATENCY_JOBS: 1024
GF_CHANNEL_LATENCY_US: 7225
GF_CHANNEL_THROUGHPUT_JOBS: 256
GF_CHANNEL_THROUGHPUT_US: 83485
PASS: Gate F F1b channel benchmark
channel phase=recorded round=7 position=30 vm=rxbvml variant=candidate
GF_CHANNEL_LATENCY_JOBS: 1024
GF_CHANNEL_LATENCY_US: 10733
GF_CHANNEL_THROUGHPUT_JOBS: 256
GF_CHANNEL_THROUGHPUT_US: 80680
PASS: Gate F F1b channel benchmark
channel phase=recorded round=7 position=31 vm=rxtvml variant=accepted
GF_CHANNEL_LATENCY_JOBS: 1024
GF_CHANNEL_LATENCY_US: 7360
GF_CHANNEL_THROUGHPUT_JOBS: 256
GF_CHANNEL_THROUGHPUT_US: 95469
PASS: Gate F F1b channel benchmark
channel phase=recorded round=7 position=32 vm=rxtvml variant=candidate
GF_CHANNEL_LATENCY_JOBS: 1024
GF_CHANNEL_LATENCY_US: 10082
GF_CHANNEL_THROUGHPUT_JOBS: 256
GF_CHANNEL_THROUGHPUT_US: 95780
PASS: Gate F F1b channel benchmark
channel phase=recorded round=8 position=33 vm=rxtvml variant=candidate
GF_CHANNEL_LATENCY_JOBS: 1024
GF_CHANNEL_LATENCY_US: 10530
GF_CHANNEL_THROUGHPUT_JOBS: 256
GF_CHANNEL_THROUGHPUT_US: 95689
PASS: Gate F F1b channel benchmark
channel phase=recorded round=8 position=34 vm=rxtvml variant=accepted
GF_CHANNEL_LATENCY_JOBS: 1024
GF_CHANNEL_LATENCY_US: 7458
GF_CHANNEL_THROUGHPUT_JOBS: 256
GF_CHANNEL_THROUGHPUT_US: 95082
PASS: Gate F F1b channel benchmark
channel phase=recorded round=8 position=35 vm=rxbvml variant=candidate
GF_CHANNEL_LATENCY_JOBS: 1024
GF_CHANNEL_LATENCY_US: 10133
GF_CHANNEL_THROUGHPUT_JOBS: 256
GF_CHANNEL_THROUGHPUT_US: 81416
PASS: Gate F F1b channel benchmark
channel phase=recorded round=8 position=36 vm=rxbvml variant=accepted
GF_CHANNEL_LATENCY_JOBS: 1024
GF_CHANNEL_LATENCY_US: 7331
GF_CHANNEL_THROUGHPUT_JOBS: 256
GF_CHANNEL_THROUGHPUT_US: 84589
PASS: Gate F F1b channel benchmark
channel phase=recorded round=9 position=37 vm=rxbvml variant=accepted
GF_CHANNEL_LATENCY_JOBS: 1024
GF_CHANNEL_LATENCY_US: 7150
GF_CHANNEL_THROUGHPUT_JOBS: 256
GF_CHANNEL_THROUGHPUT_US: 82560
PASS: Gate F F1b channel benchmark
channel phase=recorded round=9 position=38 vm=rxbvml variant=candidate
GF_CHANNEL_LATENCY_JOBS: 1024
GF_CHANNEL_LATENCY_US: 10762
GF_CHANNEL_THROUGHPUT_JOBS: 256
GF_CHANNEL_THROUGHPUT_US: 82111
PASS: Gate F F1b channel benchmark
channel phase=recorded round=9 position=39 vm=rxtvml variant=accepted
GF_CHANNEL_LATENCY_JOBS: 1024
GF_CHANNEL_LATENCY_US: 7407
GF_CHANNEL_THROUGHPUT_JOBS: 256
GF_CHANNEL_THROUGHPUT_US: 96352
PASS: Gate F F1b channel benchmark
channel phase=recorded round=9 position=40 vm=rxtvml variant=candidate
GF_CHANNEL_LATENCY_JOBS: 1024
GF_CHANNEL_LATENCY_US: 10578
GF_CHANNEL_THROUGHPUT_JOBS: 256
GF_CHANNEL_THROUGHPUT_US: 96173
PASS: Gate F F1b channel benchmark
channel phase=recorded round=10 position=41 vm=rxtvml variant=candidate
GF_CHANNEL_LATENCY_JOBS: 1024
GF_CHANNEL_LATENCY_US: 10080
GF_CHANNEL_THROUGHPUT_JOBS: 256
GF_CHANNEL_THROUGHPUT_US: 95733
PASS: Gate F F1b channel benchmark
channel phase=recorded round=10 position=42 vm=rxtvml variant=accepted
GF_CHANNEL_LATENCY_JOBS: 1024
GF_CHANNEL_LATENCY_US: 7207
GF_CHANNEL_THROUGHPUT_JOBS: 256
GF_CHANNEL_THROUGHPUT_US: 95707
PASS: Gate F F1b channel benchmark
channel phase=recorded round=10 position=43 vm=rxbvml variant=candidate
GF_CHANNEL_LATENCY_JOBS: 1024
GF_CHANNEL_LATENCY_US: 10269
GF_CHANNEL_THROUGHPUT_JOBS: 256
GF_CHANNEL_THROUGHPUT_US: 81751
PASS: Gate F F1b channel benchmark
channel phase=recorded round=10 position=44 vm=rxbvml variant=accepted
GF_CHANNEL_LATENCY_JOBS: 1024
GF_CHANNEL_LATENCY_US: 7672
GF_CHANNEL_THROUGHPUT_JOBS: 256
GF_CHANNEL_THROUGHPUT_US: 82671
PASS: Gate F F1b channel benchmark
channel phase=recorded round=11 position=45 vm=rxbvml variant=accepted
GF_CHANNEL_LATENCY_JOBS: 1024
GF_CHANNEL_LATENCY_US: 7509
GF_CHANNEL_THROUGHPUT_JOBS: 256
GF_CHANNEL_THROUGHPUT_US: 83411
PASS: Gate F F1b channel benchmark
channel phase=recorded round=11 position=46 vm=rxbvml variant=candidate
GF_CHANNEL_LATENCY_JOBS: 1024
GF_CHANNEL_LATENCY_US: 10539
GF_CHANNEL_THROUGHPUT_JOBS: 256
GF_CHANNEL_THROUGHPUT_US: 82032
PASS: Gate F F1b channel benchmark
channel phase=recorded round=11 position=47 vm=rxtvml variant=accepted
GF_CHANNEL_LATENCY_JOBS: 1024
GF_CHANNEL_LATENCY_US: 7401
GF_CHANNEL_THROUGHPUT_JOBS: 256
GF_CHANNEL_THROUGHPUT_US: 94652
PASS: Gate F F1b channel benchmark
channel phase=recorded round=11 position=48 vm=rxtvml variant=candidate
GF_CHANNEL_LATENCY_JOBS: 1024
GF_CHANNEL_LATENCY_US: 11022
GF_CHANNEL_THROUGHPUT_JOBS: 256
GF_CHANNEL_THROUGHPUT_US: 95914
PASS: Gate F F1b channel benchmark
channel phase=recorded round=12 position=49 vm=rxtvml variant=candidate
GF_CHANNEL_LATENCY_JOBS: 1024
GF_CHANNEL_LATENCY_US: 10809
GF_CHANNEL_THROUGHPUT_JOBS: 256
GF_CHANNEL_THROUGHPUT_US: 98601
PASS: Gate F F1b channel benchmark
channel phase=recorded round=12 position=50 vm=rxtvml variant=accepted
GF_CHANNEL_LATENCY_JOBS: 1024
GF_CHANNEL_LATENCY_US: 7982
GF_CHANNEL_THROUGHPUT_JOBS: 256
GF_CHANNEL_THROUGHPUT_US: 95699
PASS: Gate F F1b channel benchmark
channel phase=recorded round=12 position=51 vm=rxbvml variant=candidate
GF_CHANNEL_LATENCY_JOBS: 1024
GF_CHANNEL_LATENCY_US: 9743
GF_CHANNEL_THROUGHPUT_JOBS: 256
GF_CHANNEL_THROUGHPUT_US: 94546
PASS: Gate F F1b channel benchmark
channel phase=recorded round=12 position=52 vm=rxbvml variant=accepted
GF_CHANNEL_LATENCY_JOBS: 1024
GF_CHANNEL_LATENCY_US: 8330
GF_CHANNEL_THROUGHPUT_JOBS: 256
GF_CHANNEL_THROUGHPUT_US: 90092
PASS: Gate F F1b channel benchmark
