Test project /Users/adrian/CLionProjects/CREXX/cmake-build-debug
      Start   1: linked_opt_runtime_artifacts_build
 1/25 Test   #1: linked_opt_runtime_artifacts_build ..............   Passed  111.55 sec
      Start 359: reference_source_iterator_rxbvm_noopt
      Start 357: reference_source_iterator_rxvm_noopt
      Start 361: reference_source_dereference_live_rxvm_noopt
      Start 369: reference_source_block_lifetime_rxvm_noopt
      Start 363: reference_source_dereference_live_rxbvm_noopt
      Start 351: reference_source_explicit_rxbvm_noopt
      Start 353: reference_source_contract_rxvm_noopt
      Start 371: reference_source_block_lifetime_rxbvm_noopt
      Start 355: reference_source_contract_rxbvm_noopt
      Start 349: reference_source_explicit_rxvm_noopt
 2/25 Test #369: reference_source_block_lifetime_rxvm_noopt ......   Passed    1.17 sec
      Start 360: reference_source_iterator_rxbvm_opt
 3/25 Test #351: reference_source_explicit_rxbvm_noopt ...........   Passed    1.19 sec
      Start 365: reference_source_inline_lifetime_rxvm_noopt
 4/25 Test #363: reference_source_dereference_live_rxbvm_noopt ...   Passed    1.20 sec
      Start 358: reference_source_iterator_rxvm_opt
 5/25 Test #355: reference_source_contract_rxbvm_noopt ...........   Passed    1.21 sec
      Start 367: reference_source_inline_lifetime_rxbvm_noopt
 6/25 Test #353: reference_source_contract_rxvm_noopt ............   Passed    1.21 sec
      Start 364: reference_source_dereference_live_rxbvm_opt
 7/25 Test #349: reference_source_explicit_rxvm_noopt ............   Passed    1.21 sec
      Start 362: reference_source_dereference_live_rxvm_opt
 8/25 Test #371: reference_source_block_lifetime_rxbvm_noopt .....   Passed    1.21 sec
      Start 356: reference_source_contract_rxbvm_opt
 9/25 Test #361: reference_source_dereference_live_rxvm_noopt ....   Passed    1.22 sec
      Start 352: reference_source_explicit_rxbvm_opt
10/25 Test #357: reference_source_iterator_rxvm_noopt ............   Passed    1.22 sec
      Start 370: reference_source_block_lifetime_rxvm_opt
11/25 Test #359: reference_source_iterator_rxbvm_noopt ...........   Passed    1.23 sec
      Start 354: reference_source_contract_rxvm_opt
12/25 Test #362: reference_source_dereference_live_rxvm_opt ......   Passed    1.05 sec
      Start 372: reference_source_block_lifetime_rxbvm_opt
13/25 Test #370: reference_source_block_lifetime_rxvm_opt ........   Passed    1.06 sec
      Start 350: reference_source_explicit_rxvm_opt
14/25 Test #354: reference_source_contract_rxvm_opt ..............   Passed    1.07 sec
      Start 366: reference_source_inline_lifetime_rxvm_opt
15/25 Test #352: reference_source_explicit_rxbvm_opt .............   Passed    1.08 sec
      Start 368: reference_source_inline_lifetime_rxbvm_opt
16/25 Test #364: reference_source_dereference_live_rxbvm_opt .....   Passed    1.10 sec
17/25 Test #356: reference_source_contract_rxbvm_opt .............   Passed    1.12 sec
18/25 Test #367: reference_source_inline_lifetime_rxbvm_noopt ....   Passed    1.18 sec
19/25 Test #358: reference_source_iterator_rxvm_opt ..............   Passed    1.19 sec
20/25 Test #365: reference_source_inline_lifetime_rxvm_noopt .....   Passed    1.19 sec
21/25 Test #360: reference_source_iterator_rxbvm_opt .............   Passed    1.25 sec
22/25 Test #372: reference_source_block_lifetime_rxbvm_opt .......   Passed    0.76 sec
23/25 Test #366: reference_source_inline_lifetime_rxvm_opt .......   Passed    0.74 sec
24/25 Test #368: reference_source_inline_lifetime_rxbvm_opt ......   Passed    0.74 sec
25/25 Test #350: reference_source_explicit_rxvm_opt ..............   Passed    0.77 sec

100% tests passed, 0 tests failed out of 25

Label Time Summary:
compiler      =  26.37 sec*proc (24 tests)
linked_opt    =  11.92 sec*proc (12 tests)
reference     =  26.37 sec*proc (24 tests)
source        =  26.37 sec*proc (24 tests)

Total Test time (real) = 114.63 sec
Test project /Users/adrian/CLionProjects/CREXX/cmake-build-debug
    Start 892: dynamic_interface_load_driver
    Start 891: dynamic_interface_load_rxbvm
    Start 890: dynamic_interface_load_rxvm
    Start 889: dynamic_load
1/4 Test #891: dynamic_interface_load_rxbvm .....   Passed    0.24 sec
2/4 Test #890: dynamic_interface_load_rxvm ......   Passed    0.25 sec
3/4 Test #889: dynamic_load .....................   Passed    0.48 sec
4/4 Test #892: dynamic_interface_load_driver ....   Passed    2.28 sec

100% tests passed, 0 tests failed out of 4

Label Time Summary:
compiler      =   3.25 sec*proc (4 tests)
driver        =   2.28 sec*proc (1 test)
interfaces    =   2.77 sec*proc (3 tests)
late-load     =   2.77 sec*proc (3 tests)
smoke         =   0.48 sec*proc (1 test)
stage3        =   3.25 sec*proc (4 tests)
vm            =   0.49 sec*proc (2 tests)

Total Test time (real) =   2.31 sec
Test project /Users/adrian/CLionProjects/CREXX/cmake-build-debug
    Start    1: linked_opt_runtime_artifacts_build
1/3 Test    #1: linked_opt_runtime_artifacts_build ...   Passed    0.09 sec
    Start 1451: ts_loadmodule_noopt
    Start 1452: ts_loadmodule_opt
2/3 Test #1452: ts_loadmodule_opt ....................   Passed    0.06 sec
3/3 Test #1451: ts_loadmodule_noopt ..................   Passed    0.25 sec

100% tests passed, 0 tests failed out of 3

Label Time Summary:
linked_opt    =   0.06 sec*proc (1 test)

Total Test time (real) =   0.36 sec
