Command: ctest --test-dir cmake-build-debug --output-on-failure -R \^\(levelc_bif_integer_limits\(_linked\)\?_\(opt\|noopt\)\|classic_stream_lifecycle\|crexx_native_address_crexx_smoke\)\$ --parallel 1
ASAN_OPTIONS=detect_leaks=0

Test project /Users/adrian/CLionProjects/CREXX/cmake-build-debug
    Start 1736: levelc_bif_integer_limits_opt
1/6 Test #1736: levelc_bif_integer_limits_opt ............   Passed    2.16 sec
    Start 1737: levelc_bif_integer_limits_linked_opt
2/6 Test #1737: levelc_bif_integer_limits_linked_opt .....   Passed    3.20 sec
    Start 1738: levelc_bif_integer_limits_noopt
3/6 Test #1738: levelc_bif_integer_limits_noopt ..........   Passed    2.18 sec
    Start 1739: levelc_bif_integer_limits_linked_noopt
4/6 Test #1739: levelc_bif_integer_limits_linked_noopt ...   Passed    2.90 sec
    Start 1781: classic_stream_lifecycle
5/6 Test #1781: classic_stream_lifecycle .................   Passed    1.63 sec
    Start 3314: crexx_native_address_crexx_smoke
6/6 Test #3314: crexx_native_address_crexx_smoke .........   Passed    6.91 sec

100% tests passed, 0 tests failed out of 6

Label Time Summary:
compiler         =  12.07 sec*proc (5 tests)
comprehensive    =  18.98 sec*proc (6 tests)
levelc           =  12.07 sec*proc (5 tests)
streams          =   1.63 sec*proc (1 test)
unicode          =   1.63 sec*proc (1 test)

Total Test time (real) =  19.05 sec
