Test project /tmp/crexx-mthread-linux-debug
    Start 1187: persistent_worker_executor-rxvml
    Test #1187: persistent_worker_executor-rxvml ....   Passed    0.47 sec
    Start 1187: persistent_worker_executor-rxvml
    Test #1187: persistent_worker_executor-rxvml ....   Passed    0.47 sec
    Start 1187: persistent_worker_executor-rxvml
    Test #1187: persistent_worker_executor-rxvml ....   Passed    0.57 sec
    Start 1187: persistent_worker_executor-rxvml
    Test #1187: persistent_worker_executor-rxvml ....   Passed    0.44 sec
    Start 1187: persistent_worker_executor-rxvml
    Test #1187: persistent_worker_executor-rxvml ....   Passed    0.25 sec
    Start 1187: persistent_worker_executor-rxvml
    Test #1187: persistent_worker_executor-rxvml ....   Passed    0.35 sec
    Start 1187: persistent_worker_executor-rxvml
    Test #1187: persistent_worker_executor-rxvml ....   Passed    0.34 sec
    Start 1187: persistent_worker_executor-rxvml
    Test #1187: persistent_worker_executor-rxvml ....   Passed    0.23 sec
    Start 1187: persistent_worker_executor-rxvml
    Test #1187: persistent_worker_executor-rxvml ....   Passed    0.28 sec
    Start 1187: persistent_worker_executor-rxvml
    Test #1187: persistent_worker_executor-rxvml ....   Passed    0.32 sec
    Start 1187: persistent_worker_executor-rxvml
    Test #1187: persistent_worker_executor-rxvml ....   Passed    0.28 sec
    Start 1187: persistent_worker_executor-rxvml
    Test #1187: persistent_worker_executor-rxvml ....   Passed    0.26 sec
    Start 1187: persistent_worker_executor-rxvml
    Test #1187: persistent_worker_executor-rxvml ....   Passed    0.23 sec
    Start 1187: persistent_worker_executor-rxvml
    Test #1187: persistent_worker_executor-rxvml ....   Passed    0.44 sec
    Start 1187: persistent_worker_executor-rxvml
    Test #1187: persistent_worker_executor-rxvml ....   Passed    0.22 sec
    Start 1187: persistent_worker_executor-rxvml
    Test #1187: persistent_worker_executor-rxvml ....   Passed    0.21 sec
    Start 1187: persistent_worker_executor-rxvml
    Test #1187: persistent_worker_executor-rxvml ....   Passed    0.26 sec
    Start 1187: persistent_worker_executor-rxvml
    Test #1187: persistent_worker_executor-rxvml ....   Passed    0.35 sec
    Start 1187: persistent_worker_executor-rxvml
    Test #1187: persistent_worker_executor-rxvml ....   Passed    0.22 sec
    Start 1187: persistent_worker_executor-rxvml
1/3 Test #1187: persistent_worker_executor-rxvml ....   Passed    0.21 sec
    Start 1188: persistent_worker_executor-rxbvml
    Test #1188: persistent_worker_executor-rxbvml ...   Passed    8.89 sec
    Start 1188: persistent_worker_executor-rxbvml
    Test #1188: persistent_worker_executor-rxbvml ...   Passed    8.64 sec
    Start 1188: persistent_worker_executor-rxbvml
    Test #1188: persistent_worker_executor-rxbvml ...   Passed    8.58 sec
    Start 1188: persistent_worker_executor-rxbvml
    Test #1188: persistent_worker_executor-rxbvml ...   Passed    8.57 sec
    Start 1188: persistent_worker_executor-rxbvml
    Test #1188: persistent_worker_executor-rxbvml ...   Passed    8.89 sec
    Start 1188: persistent_worker_executor-rxbvml
    Test #1188: persistent_worker_executor-rxbvml ...   Passed    8.83 sec
    Start 1188: persistent_worker_executor-rxbvml
    Test #1188: persistent_worker_executor-rxbvml ...   Passed    8.73 sec
    Start 1188: persistent_worker_executor-rxbvml
    Test #1188: persistent_worker_executor-rxbvml ...   Passed    8.63 sec
    Start 1188: persistent_worker_executor-rxbvml
    Test #1188: persistent_worker_executor-rxbvml ...   Passed    8.72 sec
    Start 1188: persistent_worker_executor-rxbvml
    Test #1188: persistent_worker_executor-rxbvml ...   Passed    8.81 sec
    Start 1188: persistent_worker_executor-rxbvml
    Test #1188: persistent_worker_executor-rxbvml ...   Passed   10.74 sec
    Start 1188: persistent_worker_executor-rxbvml
    Test #1188: persistent_worker_executor-rxbvml ...   Passed    8.32 sec
    Start 1188: persistent_worker_executor-rxbvml
    Test #1188: persistent_worker_executor-rxbvml ...   Passed    8.50 sec
    Start 1188: persistent_worker_executor-rxbvml
    Test #1188: persistent_worker_executor-rxbvml ...   Passed    8.02 sec
    Start 1188: persistent_worker_executor-rxbvml
    Test #1188: persistent_worker_executor-rxbvml ...   Passed    8.90 sec
    Start 1188: persistent_worker_executor-rxbvml
    Test #1188: persistent_worker_executor-rxbvml ...   Passed    9.84 sec
    Start 1188: persistent_worker_executor-rxbvml
    Test #1188: persistent_worker_executor-rxbvml ...   Passed    8.92 sec
    Start 1188: persistent_worker_executor-rxbvml
    Test #1188: persistent_worker_executor-rxbvml ...   Passed    8.41 sec
    Start 1188: persistent_worker_executor-rxbvml
    Test #1188: persistent_worker_executor-rxbvml ...   Passed    8.18 sec
    Start 1188: persistent_worker_executor-rxbvml
2/3 Test #1188: persistent_worker_executor-rxbvml ...   Passed    8.62 sec
    Start 1189: persistent_worker_executor-rxtvml
    Test #1189: persistent_worker_executor-rxtvml ...   Passed    0.21 sec
    Start 1189: persistent_worker_executor-rxtvml
    Test #1189: persistent_worker_executor-rxtvml ...   Passed    0.35 sec
    Start 1189: persistent_worker_executor-rxtvml
    Test #1189: persistent_worker_executor-rxtvml ...   Passed    0.35 sec
    Start 1189: persistent_worker_executor-rxtvml
    Test #1189: persistent_worker_executor-rxtvml ...   Passed    0.22 sec
    Start 1189: persistent_worker_executor-rxtvml
    Test #1189: persistent_worker_executor-rxtvml ...   Passed    0.26 sec
    Start 1189: persistent_worker_executor-rxtvml
    Test #1189: persistent_worker_executor-rxtvml ...   Passed    0.24 sec
    Start 1189: persistent_worker_executor-rxtvml
    Test #1189: persistent_worker_executor-rxtvml ...   Passed    0.24 sec
    Start 1189: persistent_worker_executor-rxtvml
    Test #1189: persistent_worker_executor-rxtvml ...   Passed    0.25 sec
    Start 1189: persistent_worker_executor-rxtvml
    Test #1189: persistent_worker_executor-rxtvml ...   Passed    0.35 sec
    Start 1189: persistent_worker_executor-rxtvml
    Test #1189: persistent_worker_executor-rxtvml ...   Passed    0.29 sec
    Start 1189: persistent_worker_executor-rxtvml
    Test #1189: persistent_worker_executor-rxtvml ...   Passed    0.27 sec
    Start 1189: persistent_worker_executor-rxtvml
    Test #1189: persistent_worker_executor-rxtvml ...   Passed    0.24 sec
    Start 1189: persistent_worker_executor-rxtvml
    Test #1189: persistent_worker_executor-rxtvml ...   Passed    0.46 sec
    Start 1189: persistent_worker_executor-rxtvml
    Test #1189: persistent_worker_executor-rxtvml ...   Passed    0.22 sec
    Start 1189: persistent_worker_executor-rxtvml
    Test #1189: persistent_worker_executor-rxtvml ...   Passed    0.25 sec
    Start 1189: persistent_worker_executor-rxtvml
    Test #1189: persistent_worker_executor-rxtvml ...   Passed    0.32 sec
    Start 1189: persistent_worker_executor-rxtvml
    Test #1189: persistent_worker_executor-rxtvml ...   Passed    0.25 sec
    Start 1189: persistent_worker_executor-rxtvml
    Test #1189: persistent_worker_executor-rxtvml ...   Passed    0.23 sec
    Start 1189: persistent_worker_executor-rxtvml
    Test #1189: persistent_worker_executor-rxtvml ...   Passed    0.21 sec
    Start 1189: persistent_worker_executor-rxtvml
3/3 Test #1189: persistent_worker_executor-rxtvml ...   Passed    0.24 sec

100% tests passed, 0 tests failed out of 3

Label Time Summary:
e5             =   9.08 sec*proc (3 tests)
gate-e         =   9.08 sec*proc (3 tests)
interpreter    =   9.08 sec*proc (3 tests)
linux          =   9.08 sec*proc (3 tests)
perf3          =   9.08 sec*proc (3 tests)
poc            =   9.08 sec*proc (3 tests)

Total Test time (real) = 187.71 sec
