Test project /Users/adrian/CLionProjects/CREXX/cmake-build-debug
      Start    1: linked_opt_runtime_artifacts_build
 1/60 Test    #1: linked_opt_runtime_artifacts_build ...........   Passed    3.23 sec
      Start 1280: ts_address_protocol_noopt
      Start 1281: ts_address_protocol_opt
      Start 1284: ts_address_crexx_noopt
      Start 1285: ts_address_crexx_opt
      Start 1286: ts_address_capture_noopt
      Start 1287: ts_address_capture_opt
      Start 1288: ts_address_argv_noopt
      Start 1289: ts_address_argv_opt
      Start 1290: ts_address_array_lifecycle_noopt
      Start 1291: ts_address_array_lifecycle_opt
 2/60 Test #1281: ts_address_protocol_opt ......................   Passed    0.21 sec
 3/60 Test #1287: ts_address_capture_opt .......................   Passed    0.21 sec
      Start 1292: ts_address_spawn_transfer_noopt
      Start 1293: ts_address_spawn_transfer_opt
 4/60 Test #1289: ts_address_argv_opt ..........................   Passed    0.21 sec
      Start 1536: ts_address_capture_rxbvm_noopt
 5/60 Test #1291: ts_address_array_lifecycle_opt ...............   Passed    0.22 sec
      Start 1537: ts_address_capture_rxbvm_opt
 6/60 Test #1288: ts_address_argv_noopt ........................   Passed    0.24 sec
      Start 1538: ts_address_argv_rxbvm_noopt
 7/60 Test #1290: ts_address_array_lifecycle_noopt .............   Passed    0.24 sec
      Start 1539: ts_address_argv_rxbvm_opt
 8/60 Test #1280: ts_address_protocol_noopt ....................   Passed    0.24 sec
      Start 1540: ts_address_array_lifecycle_rxbvm_noopt
 9/60 Test #1286: ts_address_capture_noopt .....................   Passed    0.25 sec
      Start 1541: ts_address_array_lifecycle_rxbvm_opt
10/60 Test #1285: ts_address_crexx_opt .........................   Passed    0.29 sec
      Start 1542: ts_address_spawn_transfer_rxbvm_noopt
11/60 Test #1284: ts_address_crexx_noopt .......................   Passed    0.36 sec
      Start 1543: ts_address_spawn_transfer_rxbvm_opt
12/60 Test #1537: ts_address_capture_rxbvm_opt .................   Passed    0.26 sec
      Start 1544: ts_address_spawn_transfer_rxtvm_noopt
13/60 Test #1536: ts_address_capture_rxbvm_noopt ...............   Passed    0.27 sec
      Start 1545: ts_address_spawn_transfer_rxtvm_opt
14/60 Test #1539: ts_address_argv_rxbvm_opt ....................   Passed    0.25 sec
      Start 1646: testConcurrency_noopt
15/60 Test #1540: ts_address_array_lifecycle_rxbvm_noopt .......   Passed    0.27 sec
      Start 1647: testConcurrency_opt
16/60 Test #1541: ts_address_array_lifecycle_rxbvm_opt .........   Passed    0.27 sec
      Start  781: address_exit_extended_parse
17/60 Test #1538: ts_address_argv_rxbvm_noopt ..................   Passed    0.28 sec
      Start   54: address_expose_noopt
18/60 Test #1293: ts_address_spawn_transfer_opt ................   Passed    0.58 sec
      Start   55: address_expose_opt
19/60 Test #1292: ts_address_spawn_transfer_noopt ..............   Passed    0.62 sec
      Start  623: inline_nested_binary_block_owner_run_noopt
20/60 Test #1542: ts_address_spawn_transfer_rxbvm_noopt ........   Passed    0.62 sec
      Start  782: address_inline_then_parse
21/60 Test #1543: ts_address_spawn_transfer_rxbvm_opt ..........   Passed    0.59 sec
      Start  624: inline_nested_binary_block_owner_run_opt
22/60 Test #1545: ts_address_spawn_transfer_rxtvm_opt ..........   Passed    0.62 sec
      Start  554: inline_nested_binary_block_owner_shape_opt
23/60 Test #1544: ts_address_spawn_transfer_rxtvm_noopt ........   Passed    0.63 sec
      Start  445: address_crexx_flush_visible_run_noopt
24/60 Test #1647: testConcurrency_opt ..........................   Passed    1.00 sec
      Start  446: address_crexx_flush_visible_run_opt
25/60 Test   #54: address_expose_noopt .........................   Passed    1.33 sec
      Start  507: gate_f_levelb_contract
26/60 Test  #781: address_exit_extended_parse ..................   Passed    1.41 sec
      Start  892: address_bridge
27/60 Test   #55: address_expose_opt ...........................   Passed    1.36 sec
      Start 1155: retired_process_opcode_469_rxtvm
28/60 Test #1155: retired_process_opcode_469_rxtvm .............   Passed    0.03 sec
      Start 1063: rxvmchannel_byte_provider
29/60 Test  #782: address_inline_then_parse ....................   Passed    1.42 sec
      Start 1157: retired_process_opcode_470_rxtvm
30/60 Test #1157: retired_process_opcode_470_rxtvm .............   Passed    0.03 sec
      Start 1159: retired_process_opcode_471_rxtvm
31/60 Test  #892: address_bridge ...............................   Passed    0.45 sec
      Start 1149: retired_process_opcode_466_rxtvm
32/60 Test #1159: retired_process_opcode_471_rxtvm .............   Passed    0.02 sec
      Start 1064: rxvmactive_isolation
33/60 Test #1064: rxvmactive_isolation .........................   Passed    0.00 sec
      Start 1060: rxvmworker_lifecycle
34/60 Test #1060: rxvmworker_lifecycle .........................   Passed    0.00 sec
      Start 1153: retired_process_opcode_468_rxtvm
35/60 Test #1149: retired_process_opcode_466_rxtvm .............   Passed    0.03 sec
      Start  345: gate_f_channel_contract
36/60 Test #1153: retired_process_opcode_468_rxtvm .............   Passed    0.02 sec
      Start 1151: retired_process_opcode_467_rxtvm
37/60 Test #1151: retired_process_opcode_467_rxtvm .............   Passed    0.02 sec
      Start 1154: retired_process_opcode_469_rxbvm
38/60 Test #1063: rxvmchannel_byte_provider ....................   Passed    0.25 sec
      Start 1156: retired_process_opcode_470_rxbvm
39/60 Test  #624: inline_nested_binary_block_owner_run_opt .....   Passed    1.49 sec
      Start 1152: retired_process_opcode_468_rxbvm
40/60 Test  #345: gate_f_channel_contract ......................   Passed    0.05 sec
      Start 1158: retired_process_opcode_471_rxbvm
41/60 Test #1154: retired_process_opcode_469_rxbvm .............   Passed    0.03 sec
      Start 1148: retired_process_opcode_466_rxbvm
42/60 Test #1156: retired_process_opcode_470_rxbvm .............   Passed    0.03 sec
      Start 1061: rxvmchannel_provider_registry
43/60 Test #1152: retired_process_opcode_468_rxbvm .............   Passed    0.03 sec
      Start 1150: retired_process_opcode_467_rxbvm
44/60 Test #1158: retired_process_opcode_471_rxbvm .............   Passed    0.03 sec
      Start 1146: gate_f_channel_local_rxbvm
45/60 Test #1061: rxvmchannel_provider_registry ................   Passed    0.01 sec
      Start 1147: gate_f_channel_local_rxtvm
46/60 Test  #623: inline_nested_binary_block_owner_run_noopt ...   Passed    1.65 sec
      Start 1062: rxvmbyteendpoint_substrate
47/60 Test #1062: rxvmbyteendpoint_substrate ...................   Passed    0.01 sec
      Start 1608: gate_f_levelb_bridge_inspection
48/60 Test #1148: retired_process_opcode_466_rxbvm .............   Passed    0.03 sec
49/60 Test #1608: gate_f_levelb_bridge_inspection ..............   Passed    0.01 sec
50/60 Test #1150: retired_process_opcode_467_rxbvm .............   Passed    0.03 sec
51/60 Test  #554: inline_nested_binary_block_owner_shape_opt ...   Passed    1.40 sec
52/60 Test #1146: gate_f_channel_local_rxbvm ...................   Passed    0.03 sec
53/60 Test #1147: gate_f_channel_local_rxtvm ...................   Passed    0.03 sec
54/60 Test  #507: gate_f_levelb_contract .......................   Passed    1.15 sec
55/60 Test #1646: testConcurrency_noopt ........................   Passed    3.29 sec
56/60 Test  #445: address_crexx_flush_visible_run_noopt ........   Passed    3.68 sec
57/60 Test  #446: address_crexx_flush_visible_run_opt ..........   Passed    3.46 sec
      Start  932: test_address_direct_bin_build
58/60 Test  #932: test_address_direct_bin_build ................   Passed    0.09 sec
      Start  931: test_address_direct_opt
      Start  930: test_address_direct_noopt
59/60 Test  #930: test_address_direct_noopt ....................   Passed    0.25 sec
60/60 Test  #931: test_address_direct_opt ......................   Passed    0.25 sec

100% tests passed, 0 tests failed out of 60

Label Time Summary:
assembler             =   1.40 sec*proc (1 test)
binary                =   1.40 sec*proc (1 test)
byte-endpoint         =   0.26 sec*proc (2 tests)
channels              =   0.38 sec*proc (6 tests)
classlib              =   0.01 sec*proc (1 test)
compatibility         =   0.31 sec*proc (12 tests)
compiler              =   3.04 sec*proc (4 tests)
concurrency           =   1.15 sec*proc (1 test)
f1c                   =   0.07 sec*proc (3 tests)
f1d                   =   0.57 sec*proc (14 tests)
gate-f                =   0.70 sec*proc (19 tests)
gate_f                =   1.15 sec*proc (1 test)
inlining              =   1.40 sec*proc (1 test)
inspection            =   0.01 sec*proc (1 test)
interpreter           =   0.65 sec*proc (19 tests)
levelb                =   1.15 sec*proc (1 test)
lifecycle             =   0.07 sec*proc (3 tests)
linked_opt            =   9.65 sec*proc (14 tests)
memory                =   0.00 sec*proc (1 test)
perf3                 =   0.33 sec*proc (5 tests)
performance           =   0.05 sec*proc (1 test)
provider-reference    =   0.25 sec*proc (1 test)
provider-registry     =   0.01 sec*proc (1 test)
rxas                  =   0.36 sec*proc (13 tests)
rxbin                 =   0.05 sec*proc (1 test)
signals               =   0.00 sec*proc (1 test)
smoke                 =   0.45 sec*proc (1 test)
stage3                =   0.45 sec*proc (1 test)
worker                =   0.01 sec*proc (2 tests)

Total Test time (real) =   8.59 sec
