Test project C:/crexx-qa/windows-clang-2b793c81e-build
    Start 1253: persistent_worker_executor-rxvml-doorbell-stress
    Test #1253: persistent_worker_executor-rxvml-doorbell-stress ........   Passed    0.04 sec
    Start 1253: persistent_worker_executor-rxvml-doorbell-stress
    Test #1253: persistent_worker_executor-rxvml-doorbell-stress ........   Passed    0.04 sec
    Start 1253: persistent_worker_executor-rxvml-doorbell-stress
    Test #1253: persistent_worker_executor-rxvml-doorbell-stress ........   Passed    0.04 sec
    Start 1253: persistent_worker_executor-rxvml-doorbell-stress
    Test #1253: persistent_worker_executor-rxvml-doorbell-stress ........   Passed    0.05 sec
    Start 1253: persistent_worker_executor-rxvml-doorbell-stress
    Test #1253: persistent_worker_executor-rxvml-doorbell-stress ........   Passed    0.04 sec
    Start 1253: persistent_worker_executor-rxvml-doorbell-stress
    Test #1253: persistent_worker_executor-rxvml-doorbell-stress ........   Passed    0.05 sec
    Start 1253: persistent_worker_executor-rxvml-doorbell-stress
    Test #1253: persistent_worker_executor-rxvml-doorbell-stress ........   Passed    0.05 sec
    Start 1253: persistent_worker_executor-rxvml-doorbell-stress
    Test #1253: persistent_worker_executor-rxvml-doorbell-stress ........   Passed    0.05 sec
    Start 1253: persistent_worker_executor-rxvml-doorbell-stress
    Test #1253: persistent_worker_executor-rxvml-doorbell-stress ........   Passed    0.04 sec
    Start 1253: persistent_worker_executor-rxvml-doorbell-stress
    Test #1253: persistent_worker_executor-rxvml-doorbell-stress ........   Passed    0.04 sec
    Start 1253: persistent_worker_executor-rxvml-doorbell-stress
    Test #1253: persistent_worker_executor-rxvml-doorbell-stress ........   Passed    0.04 sec
    Start 1253: persistent_worker_executor-rxvml-doorbell-stress
    Test #1253: persistent_worker_executor-rxvml-doorbell-stress ........   Passed    0.04 sec
    Start 1253: persistent_worker_executor-rxvml-doorbell-stress
    Test #1253: persistent_worker_executor-rxvml-doorbell-stress ........   Passed    0.04 sec
    Start 1253: persistent_worker_executor-rxvml-doorbell-stress
    Test #1253: persistent_worker_executor-rxvml-doorbell-stress ........   Passed    0.04 sec
    Start 1253: persistent_worker_executor-rxvml-doorbell-stress
    Test #1253: persistent_worker_executor-rxvml-doorbell-stress ........   Passed    0.04 sec
    Start 1253: persistent_worker_executor-rxvml-doorbell-stress
    Test #1253: persistent_worker_executor-rxvml-doorbell-stress ........   Passed    0.04 sec
    Start 1253: persistent_worker_executor-rxvml-doorbell-stress
    Test #1253: persistent_worker_executor-rxvml-doorbell-stress ........   Passed    0.04 sec
    Start 1253: persistent_worker_executor-rxvml-doorbell-stress
    Test #1253: persistent_worker_executor-rxvml-doorbell-stress ........   Passed    0.04 sec
    Start 1253: persistent_worker_executor-rxvml-doorbell-stress
    Test #1253: persistent_worker_executor-rxvml-doorbell-stress ........   Passed    0.04 sec
    Start 1253: persistent_worker_executor-rxvml-doorbell-stress
1/9 Test #1253: persistent_worker_executor-rxvml-doorbell-stress ........   Passed    0.04 sec
    Start 1255: persistent_worker_executor-rxvml-sparse-owner-stress
    Test #1255: persistent_worker_executor-rxvml-sparse-owner-stress ....   Passed    0.04 sec
    Start 1255: persistent_worker_executor-rxvml-sparse-owner-stress
    Test #1255: persistent_worker_executor-rxvml-sparse-owner-stress ....   Passed    0.04 sec
    Start 1255: persistent_worker_executor-rxvml-sparse-owner-stress
    Test #1255: persistent_worker_executor-rxvml-sparse-owner-stress ....   Passed    0.04 sec
    Start 1255: persistent_worker_executor-rxvml-sparse-owner-stress
    Test #1255: persistent_worker_executor-rxvml-sparse-owner-stress ....   Passed    0.04 sec
    Start 1255: persistent_worker_executor-rxvml-sparse-owner-stress
    Test #1255: persistent_worker_executor-rxvml-sparse-owner-stress ....   Passed    0.04 sec
    Start 1255: persistent_worker_executor-rxvml-sparse-owner-stress
    Test #1255: persistent_worker_executor-rxvml-sparse-owner-stress ....   Passed    0.04 sec
    Start 1255: persistent_worker_executor-rxvml-sparse-owner-stress
    Test #1255: persistent_worker_executor-rxvml-sparse-owner-stress ....   Passed    0.04 sec
    Start 1255: persistent_worker_executor-rxvml-sparse-owner-stress
    Test #1255: persistent_worker_executor-rxvml-sparse-owner-stress ....   Passed    0.04 sec
    Start 1255: persistent_worker_executor-rxvml-sparse-owner-stress
    Test #1255: persistent_worker_executor-rxvml-sparse-owner-stress ....   Passed    0.04 sec
    Start 1255: persistent_worker_executor-rxvml-sparse-owner-stress
    Test #1255: persistent_worker_executor-rxvml-sparse-owner-stress ....   Passed    0.05 sec
    Start 1255: persistent_worker_executor-rxvml-sparse-owner-stress
    Test #1255: persistent_worker_executor-rxvml-sparse-owner-stress ....   Passed    0.05 sec
    Start 1255: persistent_worker_executor-rxvml-sparse-owner-stress
    Test #1255: persistent_worker_executor-rxvml-sparse-owner-stress ....   Passed    0.05 sec
    Start 1255: persistent_worker_executor-rxvml-sparse-owner-stress
    Test #1255: persistent_worker_executor-rxvml-sparse-owner-stress ....   Passed    0.05 sec
    Start 1255: persistent_worker_executor-rxvml-sparse-owner-stress
    Test #1255: persistent_worker_executor-rxvml-sparse-owner-stress ....   Passed    0.05 sec
    Start 1255: persistent_worker_executor-rxvml-sparse-owner-stress
    Test #1255: persistent_worker_executor-rxvml-sparse-owner-stress ....   Passed    0.04 sec
    Start 1255: persistent_worker_executor-rxvml-sparse-owner-stress
    Test #1255: persistent_worker_executor-rxvml-sparse-owner-stress ....   Passed    0.05 sec
    Start 1255: persistent_worker_executor-rxvml-sparse-owner-stress
    Test #1255: persistent_worker_executor-rxvml-sparse-owner-stress ....   Passed    0.05 sec
    Start 1255: persistent_worker_executor-rxvml-sparse-owner-stress
    Test #1255: persistent_worker_executor-rxvml-sparse-owner-stress ....   Passed    0.05 sec
    Start 1255: persistent_worker_executor-rxvml-sparse-owner-stress
    Test #1255: persistent_worker_executor-rxvml-sparse-owner-stress ....   Passed    0.04 sec
    Start 1255: persistent_worker_executor-rxvml-sparse-owner-stress
2/9 Test #1255: persistent_worker_executor-rxvml-sparse-owner-stress ....   Passed    0.04 sec
    Start 1269: persistent_worker_executor-rxvml-fallback-stress
    Test #1269: persistent_worker_executor-rxvml-fallback-stress ........   Passed    0.04 sec
    Start 1269: persistent_worker_executor-rxvml-fallback-stress
    Test #1269: persistent_worker_executor-rxvml-fallback-stress ........   Passed    0.04 sec
    Start 1269: persistent_worker_executor-rxvml-fallback-stress
    Test #1269: persistent_worker_executor-rxvml-fallback-stress ........   Passed    0.04 sec
    Start 1269: persistent_worker_executor-rxvml-fallback-stress
    Test #1269: persistent_worker_executor-rxvml-fallback-stress ........   Passed    0.04 sec
    Start 1269: persistent_worker_executor-rxvml-fallback-stress
    Test #1269: persistent_worker_executor-rxvml-fallback-stress ........   Passed    0.04 sec
    Start 1269: persistent_worker_executor-rxvml-fallback-stress
    Test #1269: persistent_worker_executor-rxvml-fallback-stress ........   Passed    0.04 sec
    Start 1269: persistent_worker_executor-rxvml-fallback-stress
    Test #1269: persistent_worker_executor-rxvml-fallback-stress ........   Passed    0.04 sec
    Start 1269: persistent_worker_executor-rxvml-fallback-stress
    Test #1269: persistent_worker_executor-rxvml-fallback-stress ........   Passed    0.04 sec
    Start 1269: persistent_worker_executor-rxvml-fallback-stress
    Test #1269: persistent_worker_executor-rxvml-fallback-stress ........   Passed    0.04 sec
    Start 1269: persistent_worker_executor-rxvml-fallback-stress
    Test #1269: persistent_worker_executor-rxvml-fallback-stress ........   Passed    0.04 sec
    Start 1269: persistent_worker_executor-rxvml-fallback-stress
    Test #1269: persistent_worker_executor-rxvml-fallback-stress ........   Passed    0.04 sec
    Start 1269: persistent_worker_executor-rxvml-fallback-stress
    Test #1269: persistent_worker_executor-rxvml-fallback-stress ........   Passed    0.04 sec
    Start 1269: persistent_worker_executor-rxvml-fallback-stress
    Test #1269: persistent_worker_executor-rxvml-fallback-stress ........   Passed    0.05 sec
    Start 1269: persistent_worker_executor-rxvml-fallback-stress
    Test #1269: persistent_worker_executor-rxvml-fallback-stress ........   Passed    0.04 sec
    Start 1269: persistent_worker_executor-rxvml-fallback-stress
    Test #1269: persistent_worker_executor-rxvml-fallback-stress ........   Passed    0.05 sec
    Start 1269: persistent_worker_executor-rxvml-fallback-stress
    Test #1269: persistent_worker_executor-rxvml-fallback-stress ........   Passed    0.05 sec
    Start 1269: persistent_worker_executor-rxvml-fallback-stress
    Test #1269: persistent_worker_executor-rxvml-fallback-stress ........   Passed    0.05 sec
    Start 1269: persistent_worker_executor-rxvml-fallback-stress
    Test #1269: persistent_worker_executor-rxvml-fallback-stress ........   Passed    0.05 sec
    Start 1269: persistent_worker_executor-rxvml-fallback-stress
    Test #1269: persistent_worker_executor-rxvml-fallback-stress ........   Passed    0.04 sec
    Start 1269: persistent_worker_executor-rxvml-fallback-stress
3/9 Test #1269: persistent_worker_executor-rxvml-fallback-stress ........   Passed    0.05 sec
    Start 1272: persistent_worker_executor-rxbvml-doorbell-stress
    Test #1272: persistent_worker_executor-rxbvml-doorbell-stress .......   Passed    0.05 sec
    Start 1272: persistent_worker_executor-rxbvml-doorbell-stress
    Test #1272: persistent_worker_executor-rxbvml-doorbell-stress .......   Passed    0.04 sec
    Start 1272: persistent_worker_executor-rxbvml-doorbell-stress
    Test #1272: persistent_worker_executor-rxbvml-doorbell-stress .......   Passed    0.04 sec
    Start 1272: persistent_worker_executor-rxbvml-doorbell-stress
    Test #1272: persistent_worker_executor-rxbvml-doorbell-stress .......   Passed    0.04 sec
    Start 1272: persistent_worker_executor-rxbvml-doorbell-stress
    Test #1272: persistent_worker_executor-rxbvml-doorbell-stress .......   Passed    0.04 sec
    Start 1272: persistent_worker_executor-rxbvml-doorbell-stress
    Test #1272: persistent_worker_executor-rxbvml-doorbell-stress .......   Passed    0.04 sec
    Start 1272: persistent_worker_executor-rxbvml-doorbell-stress
    Test #1272: persistent_worker_executor-rxbvml-doorbell-stress .......   Passed    0.04 sec
    Start 1272: persistent_worker_executor-rxbvml-doorbell-stress
    Test #1272: persistent_worker_executor-rxbvml-doorbell-stress .......   Passed    0.04 sec
    Start 1272: persistent_worker_executor-rxbvml-doorbell-stress
    Test #1272: persistent_worker_executor-rxbvml-doorbell-stress .......   Passed    0.04 sec
    Start 1272: persistent_worker_executor-rxbvml-doorbell-stress
    Test #1272: persistent_worker_executor-rxbvml-doorbell-stress .......   Passed    0.04 sec
    Start 1272: persistent_worker_executor-rxbvml-doorbell-stress
    Test #1272: persistent_worker_executor-rxbvml-doorbell-stress .......   Passed    0.04 sec
    Start 1272: persistent_worker_executor-rxbvml-doorbell-stress
    Test #1272: persistent_worker_executor-rxbvml-doorbell-stress .......   Passed    0.04 sec
    Start 1272: persistent_worker_executor-rxbvml-doorbell-stress
    Test #1272: persistent_worker_executor-rxbvml-doorbell-stress .......   Passed    0.04 sec
    Start 1272: persistent_worker_executor-rxbvml-doorbell-stress
    Test #1272: persistent_worker_executor-rxbvml-doorbell-stress .......   Passed    0.04 sec
    Start 1272: persistent_worker_executor-rxbvml-doorbell-stress
    Test #1272: persistent_worker_executor-rxbvml-doorbell-stress .......   Passed    0.04 sec
    Start 1272: persistent_worker_executor-rxbvml-doorbell-stress
    Test #1272: persistent_worker_executor-rxbvml-doorbell-stress .......   Passed    0.04 sec
    Start 1272: persistent_worker_executor-rxbvml-doorbell-stress
    Test #1272: persistent_worker_executor-rxbvml-doorbell-stress .......   Passed    0.04 sec
    Start 1272: persistent_worker_executor-rxbvml-doorbell-stress
    Test #1272: persistent_worker_executor-rxbvml-doorbell-stress .......   Passed    0.05 sec
    Start 1272: persistent_worker_executor-rxbvml-doorbell-stress
    Test #1272: persistent_worker_executor-rxbvml-doorbell-stress .......   Passed    0.04 sec
    Start 1272: persistent_worker_executor-rxbvml-doorbell-stress
4/9 Test #1272: persistent_worker_executor-rxbvml-doorbell-stress .......   Passed    0.05 sec
    Start 1274: persistent_worker_executor-rxbvml-sparse-owner-stress
    Test #1274: persistent_worker_executor-rxbvml-sparse-owner-stress ...   Passed    0.06 sec
    Start 1274: persistent_worker_executor-rxbvml-sparse-owner-stress
    Test #1274: persistent_worker_executor-rxbvml-sparse-owner-stress ...   Passed    0.06 sec
    Start 1274: persistent_worker_executor-rxbvml-sparse-owner-stress
    Test #1274: persistent_worker_executor-rxbvml-sparse-owner-stress ...   Passed    0.06 sec
    Start 1274: persistent_worker_executor-rxbvml-sparse-owner-stress
    Test #1274: persistent_worker_executor-rxbvml-sparse-owner-stress ...   Passed    0.06 sec
    Start 1274: persistent_worker_executor-rxbvml-sparse-owner-stress
    Test #1274: persistent_worker_executor-rxbvml-sparse-owner-stress ...   Passed    0.06 sec
    Start 1274: persistent_worker_executor-rxbvml-sparse-owner-stress
    Test #1274: persistent_worker_executor-rxbvml-sparse-owner-stress ...   Passed    0.06 sec
    Start 1274: persistent_worker_executor-rxbvml-sparse-owner-stress
    Test #1274: persistent_worker_executor-rxbvml-sparse-owner-stress ...   Passed    0.06 sec
    Start 1274: persistent_worker_executor-rxbvml-sparse-owner-stress
    Test #1274: persistent_worker_executor-rxbvml-sparse-owner-stress ...   Passed    0.06 sec
    Start 1274: persistent_worker_executor-rxbvml-sparse-owner-stress
    Test #1274: persistent_worker_executor-rxbvml-sparse-owner-stress ...   Passed    0.05 sec
    Start 1274: persistent_worker_executor-rxbvml-sparse-owner-stress
    Test #1274: persistent_worker_executor-rxbvml-sparse-owner-stress ...   Passed    0.04 sec
    Start 1274: persistent_worker_executor-rxbvml-sparse-owner-stress
    Test #1274: persistent_worker_executor-rxbvml-sparse-owner-stress ...   Passed    0.05 sec
    Start 1274: persistent_worker_executor-rxbvml-sparse-owner-stress
    Test #1274: persistent_worker_executor-rxbvml-sparse-owner-stress ...   Passed    0.05 sec
    Start 1274: persistent_worker_executor-rxbvml-sparse-owner-stress
    Test #1274: persistent_worker_executor-rxbvml-sparse-owner-stress ...   Passed    0.05 sec
    Start 1274: persistent_worker_executor-rxbvml-sparse-owner-stress
    Test #1274: persistent_worker_executor-rxbvml-sparse-owner-stress ...   Passed    0.05 sec
    Start 1274: persistent_worker_executor-rxbvml-sparse-owner-stress
    Test #1274: persistent_worker_executor-rxbvml-sparse-owner-stress ...   Passed    0.04 sec
    Start 1274: persistent_worker_executor-rxbvml-sparse-owner-stress
    Test #1274: persistent_worker_executor-rxbvml-sparse-owner-stress ...   Passed    0.04 sec
    Start 1274: persistent_worker_executor-rxbvml-sparse-owner-stress
    Test #1274: persistent_worker_executor-rxbvml-sparse-owner-stress ...   Passed    0.06 sec
    Start 1274: persistent_worker_executor-rxbvml-sparse-owner-stress
    Test #1274: persistent_worker_executor-rxbvml-sparse-owner-stress ...   Passed    0.04 sec
    Start 1274: persistent_worker_executor-rxbvml-sparse-owner-stress
    Test #1274: persistent_worker_executor-rxbvml-sparse-owner-stress ...   Passed    0.04 sec
    Start 1274: persistent_worker_executor-rxbvml-sparse-owner-stress
5/9 Test #1274: persistent_worker_executor-rxbvml-sparse-owner-stress ...   Passed    0.05 sec
    Start 1288: persistent_worker_executor-rxbvml-fallback-stress
    Test #1288: persistent_worker_executor-rxbvml-fallback-stress .......   Passed    0.05 sec
    Start 1288: persistent_worker_executor-rxbvml-fallback-stress
    Test #1288: persistent_worker_executor-rxbvml-fallback-stress .......   Passed    0.04 sec
    Start 1288: persistent_worker_executor-rxbvml-fallback-stress
    Test #1288: persistent_worker_executor-rxbvml-fallback-stress .......   Passed    0.04 sec
    Start 1288: persistent_worker_executor-rxbvml-fallback-stress
    Test #1288: persistent_worker_executor-rxbvml-fallback-stress .......   Passed    0.05 sec
    Start 1288: persistent_worker_executor-rxbvml-fallback-stress
    Test #1288: persistent_worker_executor-rxbvml-fallback-stress .......   Passed    0.05 sec
    Start 1288: persistent_worker_executor-rxbvml-fallback-stress
    Test #1288: persistent_worker_executor-rxbvml-fallback-stress .......   Passed    0.05 sec
    Start 1288: persistent_worker_executor-rxbvml-fallback-stress
    Test #1288: persistent_worker_executor-rxbvml-fallback-stress .......   Passed    0.04 sec
    Start 1288: persistent_worker_executor-rxbvml-fallback-stress
    Test #1288: persistent_worker_executor-rxbvml-fallback-stress .......   Passed    0.04 sec
    Start 1288: persistent_worker_executor-rxbvml-fallback-stress
    Test #1288: persistent_worker_executor-rxbvml-fallback-stress .......   Passed    0.04 sec
    Start 1288: persistent_worker_executor-rxbvml-fallback-stress
    Test #1288: persistent_worker_executor-rxbvml-fallback-stress .......   Passed    0.04 sec
    Start 1288: persistent_worker_executor-rxbvml-fallback-stress
    Test #1288: persistent_worker_executor-rxbvml-fallback-stress .......   Passed    0.04 sec
    Start 1288: persistent_worker_executor-rxbvml-fallback-stress
    Test #1288: persistent_worker_executor-rxbvml-fallback-stress .......   Passed    0.04 sec
    Start 1288: persistent_worker_executor-rxbvml-fallback-stress
    Test #1288: persistent_worker_executor-rxbvml-fallback-stress .......   Passed    0.04 sec
    Start 1288: persistent_worker_executor-rxbvml-fallback-stress
    Test #1288: persistent_worker_executor-rxbvml-fallback-stress .......   Passed    0.04 sec
    Start 1288: persistent_worker_executor-rxbvml-fallback-stress
    Test #1288: persistent_worker_executor-rxbvml-fallback-stress .......   Passed    0.04 sec
    Start 1288: persistent_worker_executor-rxbvml-fallback-stress
    Test #1288: persistent_worker_executor-rxbvml-fallback-stress .......   Passed    0.04 sec
    Start 1288: persistent_worker_executor-rxbvml-fallback-stress
    Test #1288: persistent_worker_executor-rxbvml-fallback-stress .......   Passed    0.04 sec
    Start 1288: persistent_worker_executor-rxbvml-fallback-stress
    Test #1288: persistent_worker_executor-rxbvml-fallback-stress .......   Passed    0.03 sec
    Start 1288: persistent_worker_executor-rxbvml-fallback-stress
    Test #1288: persistent_worker_executor-rxbvml-fallback-stress .......   Passed    0.04 sec
    Start 1288: persistent_worker_executor-rxbvml-fallback-stress
6/9 Test #1288: persistent_worker_executor-rxbvml-fallback-stress .......   Passed    0.04 sec
    Start 1291: persistent_worker_executor-rxtvml-doorbell-stress
    Test #1291: persistent_worker_executor-rxtvml-doorbell-stress .......   Passed    0.06 sec
    Start 1291: persistent_worker_executor-rxtvml-doorbell-stress
    Test #1291: persistent_worker_executor-rxtvml-doorbell-stress .......   Passed    0.05 sec
    Start 1291: persistent_worker_executor-rxtvml-doorbell-stress
    Test #1291: persistent_worker_executor-rxtvml-doorbell-stress .......   Passed    0.05 sec
    Start 1291: persistent_worker_executor-rxtvml-doorbell-stress
    Test #1291: persistent_worker_executor-rxtvml-doorbell-stress .......   Passed    0.05 sec
    Start 1291: persistent_worker_executor-rxtvml-doorbell-stress
    Test #1291: persistent_worker_executor-rxtvml-doorbell-stress .......   Passed    0.05 sec
    Start 1291: persistent_worker_executor-rxtvml-doorbell-stress
    Test #1291: persistent_worker_executor-rxtvml-doorbell-stress .......   Passed    0.05 sec
    Start 1291: persistent_worker_executor-rxtvml-doorbell-stress
    Test #1291: persistent_worker_executor-rxtvml-doorbell-stress .......   Passed    0.05 sec
    Start 1291: persistent_worker_executor-rxtvml-doorbell-stress
    Test #1291: persistent_worker_executor-rxtvml-doorbell-stress .......   Passed    0.05 sec
    Start 1291: persistent_worker_executor-rxtvml-doorbell-stress
    Test #1291: persistent_worker_executor-rxtvml-doorbell-stress .......   Passed    0.05 sec
    Start 1291: persistent_worker_executor-rxtvml-doorbell-stress
    Test #1291: persistent_worker_executor-rxtvml-doorbell-stress .......   Passed    0.04 sec
    Start 1291: persistent_worker_executor-rxtvml-doorbell-stress
    Test #1291: persistent_worker_executor-rxtvml-doorbell-stress .......   Passed    0.04 sec
    Start 1291: persistent_worker_executor-rxtvml-doorbell-stress
    Test #1291: persistent_worker_executor-rxtvml-doorbell-stress .......   Passed    0.04 sec
    Start 1291: persistent_worker_executor-rxtvml-doorbell-stress
    Test #1291: persistent_worker_executor-rxtvml-doorbell-stress .......   Passed    0.04 sec
    Start 1291: persistent_worker_executor-rxtvml-doorbell-stress
    Test #1291: persistent_worker_executor-rxtvml-doorbell-stress .......   Passed    0.04 sec
    Start 1291: persistent_worker_executor-rxtvml-doorbell-stress
    Test #1291: persistent_worker_executor-rxtvml-doorbell-stress .......   Passed    0.03 sec
    Start 1291: persistent_worker_executor-rxtvml-doorbell-stress
    Test #1291: persistent_worker_executor-rxtvml-doorbell-stress .......   Passed    0.03 sec
    Start 1291: persistent_worker_executor-rxtvml-doorbell-stress
    Test #1291: persistent_worker_executor-rxtvml-doorbell-stress .......   Passed    0.03 sec
    Start 1291: persistent_worker_executor-rxtvml-doorbell-stress
    Test #1291: persistent_worker_executor-rxtvml-doorbell-stress .......   Passed    0.04 sec
    Start 1291: persistent_worker_executor-rxtvml-doorbell-stress
    Test #1291: persistent_worker_executor-rxtvml-doorbell-stress .......   Passed    0.04 sec
    Start 1291: persistent_worker_executor-rxtvml-doorbell-stress
7/9 Test #1291: persistent_worker_executor-rxtvml-doorbell-stress .......   Passed    0.04 sec
    Start 1293: persistent_worker_executor-rxtvml-sparse-owner-stress
    Test #1293: persistent_worker_executor-rxtvml-sparse-owner-stress ...   Passed    0.04 sec
    Start 1293: persistent_worker_executor-rxtvml-sparse-owner-stress
    Test #1293: persistent_worker_executor-rxtvml-sparse-owner-stress ...   Passed    0.04 sec
    Start 1293: persistent_worker_executor-rxtvml-sparse-owner-stress
    Test #1293: persistent_worker_executor-rxtvml-sparse-owner-stress ...   Passed    0.03 sec
    Start 1293: persistent_worker_executor-rxtvml-sparse-owner-stress
    Test #1293: persistent_worker_executor-rxtvml-sparse-owner-stress ...   Passed    0.04 sec
    Start 1293: persistent_worker_executor-rxtvml-sparse-owner-stress
    Test #1293: persistent_worker_executor-rxtvml-sparse-owner-stress ...   Passed    0.06 sec
    Start 1293: persistent_worker_executor-rxtvml-sparse-owner-stress
    Test #1293: persistent_worker_executor-rxtvml-sparse-owner-stress ...   Passed    0.05 sec
    Start 1293: persistent_worker_executor-rxtvml-sparse-owner-stress
    Test #1293: persistent_worker_executor-rxtvml-sparse-owner-stress ...   Passed    0.06 sec
    Start 1293: persistent_worker_executor-rxtvml-sparse-owner-stress
    Test #1293: persistent_worker_executor-rxtvml-sparse-owner-stress ...   Passed    0.05 sec
    Start 1293: persistent_worker_executor-rxtvml-sparse-owner-stress
    Test #1293: persistent_worker_executor-rxtvml-sparse-owner-stress ...   Passed    0.05 sec
    Start 1293: persistent_worker_executor-rxtvml-sparse-owner-stress
    Test #1293: persistent_worker_executor-rxtvml-sparse-owner-stress ...   Passed    0.05 sec
    Start 1293: persistent_worker_executor-rxtvml-sparse-owner-stress
    Test #1293: persistent_worker_executor-rxtvml-sparse-owner-stress ...   Passed    0.05 sec
    Start 1293: persistent_worker_executor-rxtvml-sparse-owner-stress
    Test #1293: persistent_worker_executor-rxtvml-sparse-owner-stress ...   Passed    0.04 sec
    Start 1293: persistent_worker_executor-rxtvml-sparse-owner-stress
    Test #1293: persistent_worker_executor-rxtvml-sparse-owner-stress ...   Passed    0.04 sec
    Start 1293: persistent_worker_executor-rxtvml-sparse-owner-stress
    Test #1293: persistent_worker_executor-rxtvml-sparse-owner-stress ...   Passed    0.05 sec
    Start 1293: persistent_worker_executor-rxtvml-sparse-owner-stress
    Test #1293: persistent_worker_executor-rxtvml-sparse-owner-stress ...   Passed    0.05 sec
    Start 1293: persistent_worker_executor-rxtvml-sparse-owner-stress
    Test #1293: persistent_worker_executor-rxtvml-sparse-owner-stress ...   Passed    0.05 sec
    Start 1293: persistent_worker_executor-rxtvml-sparse-owner-stress
    Test #1293: persistent_worker_executor-rxtvml-sparse-owner-stress ...   Passed    0.04 sec
    Start 1293: persistent_worker_executor-rxtvml-sparse-owner-stress
    Test #1293: persistent_worker_executor-rxtvml-sparse-owner-stress ...   Passed    0.04 sec
    Start 1293: persistent_worker_executor-rxtvml-sparse-owner-stress
    Test #1293: persistent_worker_executor-rxtvml-sparse-owner-stress ...   Passed    0.04 sec
    Start 1293: persistent_worker_executor-rxtvml-sparse-owner-stress
8/9 Test #1293: persistent_worker_executor-rxtvml-sparse-owner-stress ...   Passed    0.04 sec
    Start 1307: persistent_worker_executor-rxtvml-fallback-stress
    Test #1307: persistent_worker_executor-rxtvml-fallback-stress .......   Passed    0.05 sec
    Start 1307: persistent_worker_executor-rxtvml-fallback-stress
    Test #1307: persistent_worker_executor-rxtvml-fallback-stress .......   Passed    0.04 sec
    Start 1307: persistent_worker_executor-rxtvml-fallback-stress
    Test #1307: persistent_worker_executor-rxtvml-fallback-stress .......   Passed    0.04 sec
    Start 1307: persistent_worker_executor-rxtvml-fallback-stress
    Test #1307: persistent_worker_executor-rxtvml-fallback-stress .......   Passed    0.04 sec
    Start 1307: persistent_worker_executor-rxtvml-fallback-stress
    Test #1307: persistent_worker_executor-rxtvml-fallback-stress .......   Passed    0.04 sec
    Start 1307: persistent_worker_executor-rxtvml-fallback-stress
    Test #1307: persistent_worker_executor-rxtvml-fallback-stress .......   Passed    0.05 sec
    Start 1307: persistent_worker_executor-rxtvml-fallback-stress
    Test #1307: persistent_worker_executor-rxtvml-fallback-stress .......   Passed    0.06 sec
    Start 1307: persistent_worker_executor-rxtvml-fallback-stress
    Test #1307: persistent_worker_executor-rxtvml-fallback-stress .......   Passed    0.05 sec
    Start 1307: persistent_worker_executor-rxtvml-fallback-stress
    Test #1307: persistent_worker_executor-rxtvml-fallback-stress .......   Passed    0.06 sec
    Start 1307: persistent_worker_executor-rxtvml-fallback-stress
    Test #1307: persistent_worker_executor-rxtvml-fallback-stress .......   Passed    0.06 sec
    Start 1307: persistent_worker_executor-rxtvml-fallback-stress
    Test #1307: persistent_worker_executor-rxtvml-fallback-stress .......   Passed    0.05 sec
    Start 1307: persistent_worker_executor-rxtvml-fallback-stress
    Test #1307: persistent_worker_executor-rxtvml-fallback-stress .......   Passed    0.05 sec
    Start 1307: persistent_worker_executor-rxtvml-fallback-stress
    Test #1307: persistent_worker_executor-rxtvml-fallback-stress .......   Passed    0.07 sec
    Start 1307: persistent_worker_executor-rxtvml-fallback-stress
    Test #1307: persistent_worker_executor-rxtvml-fallback-stress .......   Passed    0.04 sec
    Start 1307: persistent_worker_executor-rxtvml-fallback-stress
    Test #1307: persistent_worker_executor-rxtvml-fallback-stress .......   Passed    0.04 sec
    Start 1307: persistent_worker_executor-rxtvml-fallback-stress
    Test #1307: persistent_worker_executor-rxtvml-fallback-stress .......   Passed    0.04 sec
    Start 1307: persistent_worker_executor-rxtvml-fallback-stress
    Test #1307: persistent_worker_executor-rxtvml-fallback-stress .......   Passed    0.04 sec
    Start 1307: persistent_worker_executor-rxtvml-fallback-stress
    Test #1307: persistent_worker_executor-rxtvml-fallback-stress .......   Passed    0.03 sec
    Start 1307: persistent_worker_executor-rxtvml-fallback-stress
    Test #1307: persistent_worker_executor-rxtvml-fallback-stress .......   Passed    0.04 sec
    Start 1307: persistent_worker_executor-rxtvml-fallback-stress
9/9 Test #1307: persistent_worker_executor-rxtvml-fallback-stress .......   Passed    0.04 sec

100% tests passed, 0 tests failed out of 9

Label Time Summary:
concurrency           =   0.37 sec*proc (9 tests)
concurrency-sp01      =   0.37 sec*proc (9 tests)
concurrency-sp08      =   0.37 sec*proc (9 tests)
concurrency-stress    =   0.37 sec*proc (9 tests)
e5                    =   0.37 sec*proc (9 tests)
fallback              =   0.25 sec*proc (6 tests)
gate-e                =   0.37 sec*proc (9 tests)
industrial            =   0.37 sec*proc (9 tests)
interpreter           =   0.37 sec*proc (9 tests)
lifecycle             =   0.37 sec*proc (9 tests)
perf3                 =   0.37 sec*proc (9 tests)
private               =   0.37 sec*proc (9 tests)
race                  =   0.37 sec*proc (9 tests)
sparse                =   0.13 sec*proc (3 tests)
windows               =   0.37 sec*proc (9 tests)

Total Test time (real) =   8.01 sec
