[0/2] Re-checking globbed directories...
[1/386] Copying bootstrap src/options/parse_opts.cc, reconfigure with RE2C_REBUILD_LEXERS to regenerate
[2/386] Copying bootstrap syntax file, reconfigure with RE2C_REBUILD_PARSERS to regenerate
[3/386] Copying bootstrap syntax file, reconfigure with RE2C_REBUILD_PARSERS to regenerate
[4/386] Copying bootstrap syntax file, reconfigure with RE2C_REBUILD_PARSERS to regenerate
[5/386] Copying bootstrap syntax file, reconfigure with RE2C_REBUILD_PARSERS to regenerate
[6/386] Copying bootstrap src/parse/conf_lexer.cc, reconfigure with RE2C_REBUILD_LEXERS to regenerate
[7/386] Copying bootstrap src/parse/lexer.cc and src/parse/lexer.h, reconfigure with RE2C_REBUILD_LEXERS to regenerate
[8/386] Copying bootstrap syntax file, reconfigure with RE2C_REBUILD_PARSERS to regenerate
[9/386] Copying bootstrap parser, reconfigure with RE2C_REBUILD_PARSERS to regenerate
[10/386] Copying bootstrap syntax file, reconfigure with RE2C_REBUILD_PARSERS to regenerate
[11/386] Copying bootstrap syntax file, reconfigure with RE2C_REBUILD_PARSERS to regenerate
[12/386] Copying bootstrap syntax file, reconfigure with RE2C_REBUILD_PARSERS to regenerate
[13/386] Copying bootstrap syntax file, reconfigure with RE2C_REBUILD_PARSERS to regenerate
[14/386] Copying bootstrap syntax file, reconfigure with RE2C_REBUILD_PARSERS to regenerate
[15/386] Copying bootstrap syntax file, reconfigure with RE2C_REBUILD_PARSERS to regenerate
[16/386] Copying bootstrap syntax file, reconfigure with RE2C_REBUILD_PARSERS to regenerate
[17/386] Generating doc/re2c.1
[18/386] Copying bootstrap parser, reconfigure with RE2C_REBUILD_PARSERS to regenerate
[19/386] Copying bootstrap src/msg/ver_to_vernum.cc, reconfigure with RE2C_REBUILD_LEXERS to regenerate
[20/386] Building C object _deps/dsl_syntax_highlighter-build/CMakeFiles/dslsyntax_parser.dir/dslsyntax_log.c.o
[21/386] Building C object _deps/dsl_syntax_highlighter-build/CMakeFiles/dslsyntax_parser.dir/thread_utils.c.o
[22/386] Building C object _deps/dsl_syntax_highlighter-build/CMakeFiles/dslsyntax_parser.dir/diff.c.o
[23/386] Building C object _deps/dsl_syntax_highlighter-build/CMakeFiles/dslsyntax_parser.dir/serialization.c.o
[24/386] Building C object _deps/dsl_syntax_highlighter-build/CMakeFiles/dslsyntax_parser.dir/code_buffer.c.o
[25/386] Building C object _deps/dsl_syntax_highlighter-build/CMakeFiles/dslsyntax_parser.dir/comms.c.o
[26/386] Building C object _deps/dsl_syntax_highlighter-build/CMakeFiles/dslsyntax_parser.dir/dslsyntax_common.c.o
[27/386] Building C object _deps/dsl_syntax_highlighter-build/CMakeFiles/dslsyntax_parser.dir/emergency_parse.c.o
[28/386] Building C object platform/CMakeFiles/platform.dir/platform.c.o
[29/386] Building C object platform/CMakeFiles/platform.dir/rxinteger.c.o
[30/386] Building C object _deps/dsl_syntax_highlighter-build/CMakeFiles/dslsyntax_parser.dir/dslsyntax_parser.c.o
[31/386] Building C object avl_tree/CMakeFiles/avl_tree.dir/avl_tree.c.o
[32/386] Building CXX object re2c/CMakeFiles/re2c_objects_autogen_ver_to_vernum.dir/src/msg/ver_to_vernum.cc.o
[33/386] Building C object binutils/CMakeFiles/rxbin.dir/rxbin.c.o
[34/386] Building C object binutils/CMakeFiles/rxbin.dir/rxsignature.c.o
[35/386] Linking C static library _deps/dsl_syntax_highlighter-build/libdslsyntax_parser.a
[36/386] Linking C static library bin/libplatform.a
[37/386] Building CXX object re2c/CMakeFiles/re2c_objects_autogen.dir/src/parse/parser.cc.o
[38/386] Linking C static library bin/libavl_tree.a
[39/386] Building C object interpreter/CMakeFiles/rxvmref.dir/rxvmref.c.o
[40/386] Building C object interpreter/rxvmplugin/CMakeFiles/rxvmplugin.dir/rxvmplugin_framework.c.o
[41/386] Building CXX object re2c/CMakeFiles/re2c_objects_autogen.dir/src/parse/conf_parser.cc.o
[42/386] Building C object interpreter/rxvmplugin/rxvmplugins/mc_decimal/CMakeFiles/decnumber.dir/decnumber/decContext.c.o
[43/386] Linking C static library bin/librxvmref.a
[44/386] Building CXX object re2c/CMakeFiles/re2c_objects_autogen.dir/src/options/parse_opts.cc.o
[45/386] Building C object binutils/CMakeFiles/rxbin.dir/rxbin007.c.o
[46/386] Building C object rxpa/CMakeFiles/rxpa.dir/rxpa.c.o
[47/386] Linking C static library bin/librxvmplugin.a
[48/386] Building C object interpreter/rxvmplugin/rxvmplugins/mc_decimal/CMakeFiles/mc_decimal_manual.dir/mc_decimal.c.o
[49/386] Building C object interpreter/CMakeFiles/rxbvm_core_objects.dir/interrupt.c.o
[50/386] Building C object interpreter/CMakeFiles/rxbvm_core_objects.dir/exitfunc.c.o
[51/386] Building C object interpreter/CMakeFiles/rxbvm_core_objects.dir/rxvmload.c.o
[52/386] Building C object binutils/CMakeFiles/rxbin.dir/rxgraph.c.o
[53/386] Linking C static library bin/librxbin.a
[54/386] Building C object interpreter/CMakeFiles/rxbvm_core_objects.dir/rxvml/rxvm_run.c.o
[55/386] Building C object interpreter/CMakeFiles/rxbvm_core_objects.dir/rxcrexxcmd.c.o
[56/386] Building CXX object re2c/CMakeFiles/re2c_objects_autogen.dir/src/parse/lexer.cc.o
[57/386] Building C object interpreter/CMakeFiles/rxbvm_core_objects.dir/rxspawn.c.o
[58/386] Building C object interpreter/CMakeFiles/rxbvm_core_objects.dir/__/binutils/include/opdata.c.o
[59/386] Building C object lemon/CMakeFiles/lemon.dir/lemon.c.o
[60/386] Building C object interpreter/CMakeFiles/rxbvm_core_objects.dir/rxpafuncs.c.o
[61/386] Building C object interpreter/CMakeFiles/rxbvm_core_objects.dir/__/binutils/rxopmeta.c.o
[62/386] Building C object interpreter/CMakeFiles/rxbvm_core_objects.dir/rxseqfile.c.o
[63/386] Building C object interpreter/CMakeFiles/rxbvm_core_objects.dir/rxvmsequence.c.o
[64/386] Linking C executable lemon/lemon
[65/386] Building C object interpreter/CMakeFiles/rxbvml.dir/rxvmlib.c.o
[66/386] Building C object interpreter/CMakeFiles/rxpashim.dir/rxpashim.c.o
[67/386] Linking C static library bin/librxpa.a
[68/386] Building C object interpreter/rxvmplugin/rxvmplugins/mc_decimal/CMakeFiles/decnumber.dir/decnumber/decNumber.c.o
[69/386] Building C object interpreter/CMakeFiles/rxvm_core_objects.dir/interrupt.c.o
[70/386] Linking C static library bin/libdecnumber.a
[71/386] Linking C static library bin/rxvm_mc_decimal_manual.a
[72/386] Building CXX object re2c/CMakeFiles/re2c_objects_autogen.dir/src/parse/conf_lexer.cc.o
[73/386] Building C object interpreter/CMakeFiles/rxvm_core_objects.dir/rxvmload.c.o
[74/386] Generating src/msg/help_re2c.cc
[75/386] Building C object interpreter/CMakeFiles/rxbvm_core_objects.dir/rxvmprofile.c.o
[76/386] Building C object interpreter/CMakeFiles/rxvm_core_objects.dir/exitfunc.c.o
[77/386] Building C object interpreter/CMakeFiles/rxvm_platform_objects.dir/rxvmsock.c.o
[78/386] Building C object linker/CMakeFiles/rxlink.dir/rxlinkmain.c.o
[79/386] Building C object interpreter/CMakeFiles/rxvm_core_objects.dir/rxspawn.c.o
[80/386] Building C object interpreter/CMakeFiles/rxbvml.dir/rxvml.c.o
[81/386] Building C object interpreter/CMakeFiles/rxvm_core_objects.dir/rxcrexxcmd.c.o
[82/386] Building CXX object re2c/CMakeFiles/re2c.dir/src/codegen/helpers.cc.o
[83/386] Building CXX object re2c/CMakeFiles/re2c.dir/src/options/symtab.cc.o
[84/386] Building CXX object re2c/CMakeFiles/re2c.dir/src/codegen/pass3_fixup.cc.o
[85/386] Building CXX object re2c/CMakeFiles/re2c.dir/src/codegen/output.cc.o
[86/386] Building CXX object re2c/CMakeFiles/re2c.dir/src/debug/dump_adfa.cc.o
[87/386] Building CXX object re2c/CMakeFiles/re2c.dir/src/debug/dump_dfa.cc.o
[88/386] Building CXX object re2c/CMakeFiles/re2c.dir/src/debug/dump_cfg.cc.o
[89/386] Building CXX object re2c/CMakeFiles/re2c.dir/src/debug/dump_interf.cc.o
[90/386] Building CXX object re2c/CMakeFiles/re2c.dir/src/debug/dump_dfa_tree.cc.o
[91/386] Building CXX object re2c/CMakeFiles/re2c.dir/src/debug/dump_nfa.cc.o
[92/386] Building CXX object re2c/CMakeFiles/re2c.dir/src/codegen/pass1_analyze.cc.o
[93/386] Building CXX object re2c/CMakeFiles/re2c.dir/src/codegen/pass4_render.cc.o
[94/386] Building CXX object re2c/CMakeFiles/re2c.dir/src/nfa/re_to_nfa.cc.o
[95/386] Building CXX object re2c/CMakeFiles/re2c.dir/src/cfg/compact.cc.o
[96/386] Building CXX object re2c/CMakeFiles/re2c.dir/src/cfg/cfg.cc.o
[97/386] Building CXX object re2c/CMakeFiles/re2c.dir/src/cfg/dce.cc.o
[98/386] Building CXX object re2c/CMakeFiles/re2c.dir/src/cfg/freeze.cc.o
[99/386] Building CXX object re2c/CMakeFiles/re2c.dir/src/codegen/pass2_generate.cc.o
[100/386] Building CXX object re2c/CMakeFiles/re2c.dir/src/adfa/adfa.cc.o
[101/386] Building CXX object re2c/CMakeFiles/re2c.dir/src/cfg/interfere.cc.o
[102/386] Building CXX object re2c/CMakeFiles/re2c.dir/src/cfg/liveanal.cc.o
[103/386] Building CXX object re2c/CMakeFiles/re2c.dir/src/cfg/normalize.cc.o
[104/386] Building CXX object re2c/CMakeFiles/re2c.dir/src/cfg/rename.cc.o
[105/386] Building CXX object re2c/CMakeFiles/re2c.dir/src/cfg/optimize.cc.o
[106/386] Building CXX object re2c/CMakeFiles/re2c.dir/src/cfg/varalloc.cc.o
[107/386] Building CXX object re2c/CMakeFiles/re2c.dir/src/options/opt.cc.o
[108/386] Building CXX object re2c/CMakeFiles/re2c.dir/src/dfa/dead_rules.cc.o
[109/386] Building CXX object re2c/CMakeFiles/re2c.dir/src/dfa/fallback_tags.cc.o
[110/386] Building CXX object re2c/CMakeFiles/re2c.dir/src/dfa/minimization.cc.o
[111/386] Building CXX object re2c/CMakeFiles/re2c.dir/src/dfa/tagver_table.cc.o
[112/386] Building CXX object re2c/CMakeFiles/re2c.dir/src/dfa/fillpoints.cc.o
[113/386] Building CXX object re2c/CMakeFiles/re2c.dir/src/dfa/find_state.cc.o
[114/386] Building CXX object re2c/CMakeFiles/re2c.dir/src/encoding/ebcdic.cc.o
[115/386] Building CXX object re2c/CMakeFiles/re2c.dir/src/dfa/determinization.cc.o
[116/386] Building CXX object re2c/CMakeFiles/re2c.dir/src/dfa/tcmd.cc.o
[117/386] Building CXX object re2c/CMakeFiles/re2c.dir/src/encoding/enc.cc.o
[118/386] Building CXX object re2c/CMakeFiles/re2c.dir/src/encoding/range_suffix.cc.o
[119/386] Building CXX object re2c/CMakeFiles/re2c.dir/src/dfa/closure.cc.o
[120/386] Building CXX object re2c/CMakeFiles/re2c.dir/src/encoding/utf8.cc.o
[121/386] Building CXX object re2c/CMakeFiles/re2c.dir/src/encoding/utf16.cc.o
[122/386] Building CXX object re2c/CMakeFiles/re2c.dir/src/msg/msg.cc.o
[123/386] Building CXX object re2c/CMakeFiles/re2c.dir/src/regexp/default_tags.cc.o
[124/386] Building CXX object re2c/CMakeFiles/re2c.dir/src/regexp/fixed_tags.cc.o
[125/386] Building CXX object re2c/CMakeFiles/re2c.dir/src/regexp/nullable.cc.o
[126/386] Building CXX object re2c/CMakeFiles/re2c.dir/src/msg/warn.cc.o
[127/386] Building CXX object re2c/CMakeFiles/re2c.dir/src/regexp/regexp.cc.o
[128/386] Building CXX object re2c/CMakeFiles/re2c.dir/src/regexp/ast_to_re.cc.o
[129/386] Building CXX object re2c/CMakeFiles/re2c.dir/src/regexp/split_charset.cc.o
[130/386] Building CXX object re2c/CMakeFiles/re2c.dir/src/skeleton/maxpath.cc.o
[131/386] Building CXX object re2c/CMakeFiles/re2c.dir/src/skeleton/control_flow.cc.o
[132/386] Building CXX object re2c/CMakeFiles/re2c.dir/src/skeleton/skeleton.cc.o
[133/386] Building CXX object re2c/CMakeFiles/re2c.dir/src/skeleton/generate_code.cc.o
[134/386] Building CXX object re2c/CMakeFiles/re2c.dir/src/util/file_utils.cc.o
[135/386] Building CXX object re2c/CMakeFiles/re2c.dir/src/encoding/unicode_casemap.cc.o
[136/386] Building CXX object re2c/CMakeFiles/re2c.dir/src/msg/help_re2c.cc.o
[137/386] Linking C executable bin/rxlink
[138/386] Building CXX object re2c/CMakeFiles/re2c.dir/src/util/string_utils.cc.o
[139/386] Building C object interpreter/CMakeFiles/rxvm_core_objects.dir/rxvml/rxvm_run.c.o
[140/386] Building CXX object re2c/CMakeFiles/re2c.dir/src/parse/input.cc.o
[141/386] Building C object interpreter/CMakeFiles/rxvm_core_objects.dir/__/binutils/include/opdata.c.o
[142/386] Building CXX object re2c/CMakeFiles/re2c.dir/src/skeleton/generate_data.cc.o
[143/386] Building C object interpreter/CMakeFiles/rxvm_core_objects.dir/rxpafuncs.c.o
[144/386] Building CXX object re2c/CMakeFiles/re2c.dir/src/util/range.cc.o
[145/386] Building C object interpreter/CMakeFiles/rxvm_core_objects.dir/__/binutils/rxopmeta.c.o
[146/386] Building CXX object re2c/CMakeFiles/re2c.dir/src/parse/ast.cc.o
[147/386] Building C object interpreter/CMakeFiles/rxvm_core_objects.dir/rxseqfile.c.o
[148/386] Building C object interpreter/CMakeFiles/rxvm.dir/rxvmmain.c.o
[149/386] Building C object interpreter/CMakeFiles/rxvm_core_objects.dir/rxvmsequence.c.o
[150/386] Linking C static library bin/librxpashim.a
[151/386] Building C object interpreter/CMakeFiles/rxbvm.dir/rxvmmain.c.o
[152/386] Building C object interpreter/CMakeFiles/rxvm_core_objects.dir/rxvmprofile.c.o
[153/386] Building CXX object re2c/CMakeFiles/re2c.dir/src/main.cc.o
[154/386] Linking CXX executable re2c/re2c
[155/386] Create REXX ASSEMBLER Parser...
[156/386] Create REXX ASSEMBLER Lexer...
[157/386] Building C object assembler/CMakeFiles/rxaslib.dir/rxaseror.c.o
[158/386] Building C object assembler/CMakeFiles/rxaslib.dir/rxastoke.c.o
[159/386] Building C object assembler/CMakeFiles/rxaslib.dir/__/binutils/rxopmeta.c.o
[160/386] Building C object assembler/CMakeFiles/rxaslib.dir/rxasgrmr.c.o
[161/386] Building C object assembler/CMakeFiles/rxaslib.dir/rxaslib.c.o
[162/386] Building C object assembler/CMakeFiles/rxas.dir/rxasmain.c.o
[163/386] Building C object assembler/CMakeFiles/rxaslib.dir/rxas_dsl.c.o
[164/386] Building C object assembler/CMakeFiles/rxaslib.dir/rxasscan.c.o
[165/386] Building C object assembler/CMakeFiles/rxaslib.dir/rxas_opt.c.o
[166/386] Building C object assembler/CMakeFiles/rxaslib.dir/rxas_flow.c.o
[167/386] Building C object assembler/CMakeFiles/rxaslib.dir/rxasassm.c.o
[168/386] Linking C static library bin/librxaslib.a
[169/386] Linking C executable bin/rxas
[170/386] cREXX assemble _elapsed ...
[171/386] cREXX RXAS Library Archive ...
[172/386] Building C object interpreter/CMakeFiles/rxbvm_core_objects.dir/rxvmintp.c.o
[173/386] Linking C static library bin/librxbvml.a
[174/386] Create Options Parser...
[175/386] Linking C executable bin/rxbvm
[176/386] Create REXX C Parser...
[177/386] Create Options Lexer...
[178/386] Create REXX B Parser...
[179/386] Create REXX C Lexer...
[180/386] Create REXX B Lexer...
[181/386] Building C object compiler/CMakeFiles/rxclib.dir/rxcp_ast_walk.c.o
[182/386] Building C object compiler/CMakeFiles/rxclib.dir/rxcp_diag_fallback.c.o
[183/386] Building C object compiler/CMakeFiles/rxclib.dir/rxcp_ast_print.c.o
[184/386] Building C object compiler/CMakeFiles/rxclib.dir/rxcpmain.c.o
[185/386] Building C object compiler/CMakeFiles/rxclib.dir/rxcp_diag.c.o
[186/386] Building C object compiler/CMakeFiles/rxclib.dir/rxcp_dsl.c.o
[187/386] Building C object compiler/CMakeFiles/rxclib.dir/rxcp_source_ext.c.o
[188/386] Building C object compiler/CMakeFiles/rxclib.dir/rxcp_util.c.o
[189/386] Building C object compiler/CMakeFiles/rxclib.dir/rxcp_source_tree.c.o
[190/386] Building C object compiler/CMakeFiles/rxclib.dir/rxcpopgr.c.o
[191/386] Building C object compiler/CMakeFiles/rxclib.dir/rxcpopar.c.o
[192/386] Building C object compiler/CMakeFiles/rxclib.dir/rxcp_srcmap.c.o
[193/386] Building C object compiler/CMakeFiles/rxclib.dir/rxcpbpar.c.o
[194/386] Building C object compiler/CMakeFiles/rxclib.dir/rxcp_ast_core.c.o
[195/386] Building C object compiler/CMakeFiles/rxclib.dir/rxcp_highlight_controller.c.o
[196/386] Building C object compiler/CMakeFiles/rxclib.dir/rxcpcsym.c.o
[197/386] Building C object compiler/CMakeFiles/rxclib.dir/rxcposcn.c.o
[198/386] Building C object compiler/CMakeFiles/rxclib.dir/rxcpcval.c.o
[199/386] Building C object compiler/CMakeFiles/rxclib.dir/rxcpcpar.c.o
[200/386] Building C object compiler/CMakeFiles/rxclib.dir/rxcpcgmr.c.o
[201/386] Building C object compiler/CMakeFiles/rxclib.dir/rxcpbgmr.c.o
[202/386] Building C object compiler/CMakeFiles/rxclib.dir/rxcp_val_trans.c.o
[203/386] Building C object compiler/CMakeFiles/rxclib.dir/rxcp_ast_rewrite.c.o
[204/386] Building C object compiler/CMakeFiles/rxclib.dir/rxcpcdiag.c.o
[205/386] Building C object compiler/CMakeFiles/rxclib.dir/rxcp_val_plugin.c.o
[206/386] Building C object compiler/CMakeFiles/rxclib.dir/rxcp_val_sym.c.o
[207/386] Building C object compiler/CMakeFiles/rxclib.dir/rxcp_fixup.c.o
[208/386] Building C object compiler/CMakeFiles/rxclib.dir/rxcp_ast_val.c.o
[209/386] Building C object compiler/CMakeFiles/rxclib.dir/rxcp_val_check.c.o
[210/386] Building C object compiler/CMakeFiles/rxclib.dir/rxcp_remap.c.o
[211/386] Building C object compiler/CMakeFiles/rxclib.dir/rexcscan.c.o
[212/386] Building C object compiler/CMakeFiles/rxclib.dir/rxcp_val_type.c.o
[213/386] Building C object compiler/CMakeFiles/rxclib.dir/rxcp_inline_rules.c.o
[214/386] Building C object compiler/CMakeFiles/rxclib.dir/rxcp_remap_build.c.o
[215/386] Building C object compiler/CMakeFiles/rxclib.dir/rxcp_val_orch.c.o
[216/386] Building C object compiler/CMakeFiles/rxclib.dir/rxcpsymb.c.o
[217/386] Building C object compiler/CMakeFiles/rxclib.dir/rxcp_levelc_lower.c.o
[218/386] Building C object compiler/CMakeFiles/rxclib.dir/rxcpemit.c.o
[219/386] Building C object compiler/CMakeFiles/rxclib.dir/rxcp_emit_core.c.o
[220/386] Building C object compiler/CMakeFiles/rxclib.dir/rxcp_emit_flow.c.o
[221/386] Building C object compiler/CMakeFiles/rxclib.dir/rxcp_emit_super.c.o
[222/386] Building C object compiler/CMakeFiles/rxclib.dir/rxcp_emit_reg.c.o
[223/386] Building C object compiler/CMakeFiles/rxclib.dir/rxcp_emit_proc.c.o
[224/386] Building C object compiler/CMakeFiles/rxclib.dir/rxcp_emit_expr.c.o
[225/386] Building C object compiler/CMakeFiles/rxclib.dir/rxcp_emit_meta.c.o
[226/386] Building C object compiler/CMakeFiles/rxclib.dir/__/platform/rxinteger.c.o
[227/386] Building C object compiler/CMakeFiles/rxclib.dir/rxcp_dispatch.c.o
[228/386] Building C object compiler/CMakeFiles/rxclib.dir/__/platform/platform.c.o
[229/386] Building C object compiler/CMakeFiles/rxc.dir/rxc_main.c.o
[230/386] Building C object compiler/CMakeFiles/rxclib.dir/rxcp_instr.c.o
[231/386] Building C object compiler/CMakeFiles/rxclib.dir/rxcp_partial_call.c.o
[232/386] Building C object compiler/CMakeFiles/rxclib.dir/rxcp_opt.c.o
[233/386] Building C object compiler/CMakeFiles/rxclib.dir/rxcp_flow.c.o
[234/386] Building C object compiler/CMakeFiles/rxclib.dir/rxcp_exit.c.o
[235/386] Building C object compiler/CMakeFiles/rxclib.dir/rxcpfunc.c.o
[236/386] Building C object compiler/CMakeFiles/rxclib.dir/rxcp_inline.c.o
[237/386] Building C object compiler/CMakeFiles/rxclib.dir/rexbscan.c.o
[238/386] Linking C static library bin/librxclib.a
[239/386] Linking C executable bin/rxc
[240/386] cREXX compile and assemble _address ...
[241/386] cREXX compile and assemble _rxsystem ...
[242/386] cREXX compile and assemble _jdn ...
[243/386] cREXX compile and assemble _datei ...
[244/386] cREXX compile and assemble _dateo ...
[245/386] cREXX compile and assemble _ftrunc ...
[246/386] cREXX compile and assemble _itrunc ...
[247/386] cREXX compile and assemble _typedformat ...
[248/386] cREXX compile and assemble abbrev ...
[249/386] cREXX compile and assemble abs ...
[250/386] cREXX compile and assemble intabs ...
[251/386] cREXX compile and assemble floatabs ...
[252/386] cREXX compile and assemble b2x ...
[253/386] cREXX compile and assemble b2d ...
[254/386] cREXX compile and assemble binary ...
[255/386] cREXX compile and assemble c2x ...
[256/386] cREXX compile and assemble c2d ...
[257/386] cREXX compile and assemble center ...
[258/386] cREXX compile and assemble centre ...
[259/386] cREXX compile and assemble changestr ...
[260/386] cREXX compile and assemble compare ...
[261/386] cREXX compile and assemble copies ...
[262/386] cREXX compile and assemble countstr ...
[263/386] cREXX compile and assemble d2b ...
[264/386] cREXX compile and assemble d2c ...
[265/386] cREXX compile and assemble d2x ...
[266/386] cREXX compile and assemble date ...
[267/386] cREXX compile and assemble delstr ...
[268/386] cREXX compile and assemble delword ...
[269/386] cREXX compile and assemble fileio ...
[270/386] cREXX compile and assemble filter ...
[271/386] cREXX compile and assemble format ...
[272/386] cREXX compile and assemble intformat ...
[273/386] cREXX compile and assemble floatformat ...
[274/386] cREXX compile and assemble fnv ...
[275/386] cREXX compile and assemble getenv ...
[276/386] cREXX compile and assemble insert ...
[277/386] cREXX compile and assemble length ...
[278/386] cREXX compile and assemble linesize ...
[279/386] cREXX compile and assemble loadmodule ...
[280/386] cREXX compile and assemble lower ...
[281/386] cREXX compile and assemble max ...
[282/386] cREXX compile and assemble intmax ...
[283/386] cREXX compile and assemble floatmax ...
[284/386] cREXX compile and assemble min ...
[285/386] cREXX compile and assemble intmin ...
[286/386] cREXX compile and assemble floatmin ...
[287/386] cREXX compile and assemble numeric ...
[288/386] cREXX compile and assemble overlay ...
[289/386] cREXX compile and assemble pos ...
[290/386] cREXX compile and assemble qscan ...
[291/386] cREXX compile and assemble qpos ...
[292/386] cREXX compile and assemble qsplit ...
[293/386] cREXX compile and assemble qsplitsafe ...
[294/386] cREXX compile and assemble qextractall ...
[295/386] cREXX compile and assemble qextractpair ...
[296/386] cREXX compile and assemble qstripcomment ...
[297/386] cREXX compile and assemble qremoveall ...
[298/386] cREXX compile and assemble fsayfmt ...
[299/386] cREXX compile and assemble lastpos ...
[300/386] cREXX compile and assemble left ...
[301/386] cREXX compile and assemble right ...
[302/386] cREXX compile and assemble raise ...
[303/386] cREXX compile and assemble reverse ...
[304/386] cREXX compile and assemble signal ...
[305/386] cREXX compile and assemble trace ...
[306/386] cREXX compile and assemble sign ...
[307/386] cREXX compile and assemble intsign ...
[308/386] cREXX compile and assemble floatsign ...
[309/386] cREXX compile and assemble space ...
[310/386] cREXX compile and assemble strip ...
[311/386] cREXX compile and assemble substr ...
[312/386] cREXX compile and assemble substro ...
[313/386] cREXX compile and assemble symbol ...
[314/386] cREXX compile and assemble time ...
[315/386] cREXX compile and assemble translate ...
[316/386] cREXX compile and assemble trunc ...
[317/386] cREXX compile and assemble floattrunc ...
[318/386] cREXX compile and assemble upper ...
[319/386] cREXX compile and assemble value ...
[320/386] cREXX compile and assemble verify ...
[321/386] cREXX compile and assemble version ...
[322/386] cREXX compile and assemble word ...
[323/386] cREXX compile and assemble words ...
[324/386] cREXX compile and assemble wordindex ...
[325/386] cREXX compile and assemble subword ...
[326/386] cREXX compile and assemble wordlength ...
[327/386] cREXX compile and assemble wordpos ...
[328/386] cREXX compile and assemble qword ...
[329/386] cREXX compile and assemble qwordlength ...
[330/386] cREXX compile and assemble qwords ...
[331/386] cREXX compile and assemble qwordindex ...
[332/386] cREXX compile and assemble qwordpos ...
[333/386] cREXX compile and assemble qsubword ...
[334/386] cREXX compile and assemble regex ...
[335/386] cREXX compile and assemble x2b ...
[336/386] cREXX compile and assemble x2c ...
[337/386] cREXX compile and assemble x2d ...
[338/386] cREXX compile and assemble random ...
[339/386] cREXX compile and assemble reradix ...
[340/386] cREXX compile and assemble sequence ...
[341/386] cREXX compile and assemble find ...
[342/386] cREXX compile and assemble index ...
[343/386] cREXX compile and assemble xrange ...
[344/386] cREXX compile and assemble parsecompile ...
[345/386] cREXX compile and assemble parsestring ...
[346/386] cREXX compile and assemble parse ...
[347/386] cREXX compile and assemble datatype ...
[348/386] cREXX compile and assemble arrayfind ...
[349/386] cREXX compile and assemble splice ...
[350/386] cREXX compile and assemble arrayinsert ...
[351/386] cREXX compile and assemble arraydelete ...
[352/386] cREXX compile and assemble arrayappend ...
[353/386] cREXX compile and assemble arrayprepend ...
[354/386] cREXX compile and assemble objectarrayinsert ...
[355/386] cREXX compile and assemble objectarraydelete ...
[356/386] cREXX compile and assemble objectarrayappend ...
[357/386] cREXX compile and assemble objectarrayprepend ...
[358/386] cREXX compile and assemble objectarraydrop ...
[359/386] cREXX compile and assemble objectarraymove ...
[360/386] cREXX compile and assemble arraypop ...
[361/386] cREXX compile and assemble arrayshift ...
[362/386] cREXX compile and assemble arrayget ...
[363/386] cREXX compile and assemble arrayset ...
[364/386] cREXX compile and assemble arraycontains ...
[365/386] cREXX compile and assemble arrayindexof ...
[366/386] cREXX compile and assemble arrayreverse ...
[367/386] cREXX compile and assemble arrayjoin ...
[368/386] cREXX compile and assemble arraysort ...
[369/386] cREXX compile and assemble arraycopy ...
[370/386] cREXX compile and assemble arraydrop ...
[371/386] cREXX compile and assemble arrayhi ...
[372/386] cREXX compile and assemble arraymove ...
[373/386] cREXX compile and assemble fmtmask ...
[374/386] cREXX compile and assemble compilemask ...
[375/386] cREXX compile and assemble runmask ...
[376/386] cREXX compile and assemble parseExec ...
[377/386] cREXX compile and assemble stem ...
[378/386] cREXX compile and assemble rxjson ...
[379/386] cREXX compile and assemble rxsocket ...
[380/386] cREXX compile and assemble rxhttp ...
[381/386] cREXX compile and assemble wordrep ...
[382/386] cREXX REXX Library Archive ...
[383/386] cREXX Linked Library Image ...
[384/386] Building C object interpreter/CMakeFiles/rxvm_core_objects.dir/rxvmintp.c.o
[385/386] Linking C executable bin/rxvm
