[0/2] Re-checking globbed directories...
[1/372] Copying bootstrap src/options/parse_opts.cc, reconfigure with RE2C_REBUILD_LEXERS to regenerate
[2/372] Copying bootstrap syntax file, reconfigure with RE2C_REBUILD_PARSERS to regenerate
[3/372] Copying bootstrap syntax file, reconfigure with RE2C_REBUILD_PARSERS to regenerate
[4/372] Copying bootstrap src/parse/conf_lexer.cc, reconfigure with RE2C_REBUILD_LEXERS to regenerate
[5/372] Copying bootstrap syntax file, reconfigure with RE2C_REBUILD_PARSERS to regenerate
[6/372] Copying bootstrap syntax file, reconfigure with RE2C_REBUILD_PARSERS to regenerate
[7/372] Copying bootstrap syntax file, reconfigure with RE2C_REBUILD_PARSERS to regenerate
[8/372] Copying bootstrap src/parse/lexer.cc and src/parse/lexer.h, reconfigure with RE2C_REBUILD_LEXERS to regenerate
[9/372] Copying bootstrap syntax file, reconfigure with RE2C_REBUILD_PARSERS to regenerate
[10/372] Copying bootstrap syntax file, reconfigure with RE2C_REBUILD_PARSERS to regenerate
[11/372] Copying bootstrap syntax file, reconfigure with RE2C_REBUILD_PARSERS to regenerate
[12/372] Copying bootstrap syntax file, reconfigure with RE2C_REBUILD_PARSERS to regenerate
[13/372] Copying bootstrap syntax file, reconfigure with RE2C_REBUILD_PARSERS to regenerate
[14/372] Copying bootstrap syntax file, reconfigure with RE2C_REBUILD_PARSERS to regenerate
[15/372] Copying bootstrap parser, reconfigure with RE2C_REBUILD_PARSERS to regenerate
[16/372] Generating doc/re2c.1
[17/372] Copying bootstrap syntax file, reconfigure with RE2C_REBUILD_PARSERS to regenerate
[18/372] Copying bootstrap src/msg/ver_to_vernum.cc, reconfigure with RE2C_REBUILD_LEXERS to regenerate
[19/372] Copying bootstrap parser, reconfigure with RE2C_REBUILD_PARSERS to regenerate
[20/372] Building C object _deps/dsl_syntax_highlighter-build/CMakeFiles/dslsyntax_parser.dir/dslsyntax_log.c.o
[21/372] Building C object _deps/dsl_syntax_highlighter-build/CMakeFiles/dslsyntax_parser.dir/thread_utils.c.o
[22/372] Building C object _deps/dsl_syntax_highlighter-build/CMakeFiles/dslsyntax_parser.dir/diff.c.o
[23/372] Building C object _deps/dsl_syntax_highlighter-build/CMakeFiles/dslsyntax_parser.dir/serialization.c.o
[24/372] Building C object _deps/dsl_syntax_highlighter-build/CMakeFiles/dslsyntax_parser.dir/comms.c.o
[25/372] Building C object _deps/dsl_syntax_highlighter-build/CMakeFiles/dslsyntax_parser.dir/dslsyntax_common.c.o
[26/372] Building C object _deps/dsl_syntax_highlighter-build/CMakeFiles/dslsyntax_parser.dir/code_buffer.c.o
[27/372] Building CXX object re2c/CMakeFiles/re2c_objects_autogen_ver_to_vernum.dir/src/msg/ver_to_vernum.cc.o
[28/372] Building C object platform/CMakeFiles/platform.dir/rxinteger.c.o
[29/372] Building C object _deps/dsl_syntax_highlighter-build/CMakeFiles/dslsyntax_parser.dir/emergency_parse.c.o
[30/372] Building C object platform/CMakeFiles/platform.dir/platform.c.o
[31/372] Building C object _deps/dsl_syntax_highlighter-build/CMakeFiles/dslsyntax_parser.dir/dslsyntax_parser.c.o
[32/372] Building C object avl_tree/CMakeFiles/avl_tree.dir/avl_tree.c.o
[33/372] Building C object binutils/CMakeFiles/rxbin.dir/rxbin.c.o
[34/372] Building C object binutils/CMakeFiles/rxbin.dir/rxsignature.c.o
[35/372] Linking C static library _deps/dsl_syntax_highlighter-build/libdslsyntax_parser.a
[36/372] Linking C static library bin/libplatform.a
[37/372] Linking C static library bin/libavl_tree.a
[38/372] Building C object interpreter/CMakeFiles/rxvmref.dir/rxvmref.c.o
[39/372] Linking C static library bin/librxvmref.a
[40/372] Building C object interpreter/rxvmplugin/CMakeFiles/rxvmplugin.dir/rxvmplugin_framework.c.o
[41/372] Building CXX object re2c/CMakeFiles/re2c_objects_autogen.dir/src/parse/parser.cc.o
[42/372] Building C object binutils/CMakeFiles/rxbin.dir/rxbin007.c.o
[43/372] Building C object interpreter/rxvmplugin/rxvmplugins/mc_decimal/CMakeFiles/decnumber.dir/decnumber/decContext.c.o
[44/372] Linking C static library bin/librxvmplugin.a
[45/372] Building CXX object re2c/CMakeFiles/re2c_objects_autogen.dir/src/parse/conf_parser.cc.o
[46/372] Building C object rxpa/CMakeFiles/rxpa.dir/rxpa.c.o
[47/372] Building CXX object re2c/CMakeFiles/re2c_objects_autogen.dir/src/options/parse_opts.cc.o
[48/372] Building C object interpreter/CMakeFiles/rxbvm_core_objects.dir/interrupt.c.o
[49/372] Building C object interpreter/rxvmplugin/rxvmplugins/mc_decimal/CMakeFiles/mc_decimal_manual.dir/mc_decimal.c.o
[50/372] Building C object interpreter/CMakeFiles/rxbvm_core_objects.dir/exitfunc.c.o
[51/372] Building C object interpreter/CMakeFiles/rxbvm_core_objects.dir/rxvmload.c.o
[52/372] Building C object binutils/CMakeFiles/rxbin.dir/rxgraph.c.o
[53/372] Linking C static library bin/librxbin.a
[54/372] Building C object interpreter/CMakeFiles/rxbvm_core_objects.dir/rxpafuncs.c.o
[55/372] Building C object interpreter/CMakeFiles/rxbvm_core_objects.dir/rxvml/rxvm_run.c.o
[56/372] Building C object interpreter/CMakeFiles/rxbvm_core_objects.dir/rxspawn.c.o
[57/372] Building C object interpreter/CMakeFiles/rxbvm_core_objects.dir/rxcrexxcmd.c.o
[58/372] Linking C static library bin/librxpa.a
[59/372] Building C object interpreter/CMakeFiles/rxbvml.dir/rxvmlib.c.o
[60/372] Building C object interpreter/CMakeFiles/rxpashim.dir/rxpashim.c.o
[61/372] Building CXX object re2c/CMakeFiles/re2c_objects_autogen.dir/src/parse/lexer.cc.o
[62/372] Building C object lemon/CMakeFiles/lemon.dir/lemon.c.o
[63/372] Building C object interpreter/CMakeFiles/rxvm_core_objects.dir/interrupt.c.o
[64/372] Linking C executable lemon/lemon
[65/372] Building C object interpreter/CMakeFiles/rxvm_core_objects.dir/rxvmload.c.o
[66/372] Building C object interpreter/rxvmplugin/rxvmplugins/mc_decimal/CMakeFiles/decnumber.dir/decnumber/decNumber.c.o
[67/372] Building C object interpreter/CMakeFiles/rxvm_core_objects.dir/exitfunc.c.o
[68/372] Building CXX object re2c/CMakeFiles/re2c_objects_autogen.dir/src/parse/conf_lexer.cc.o
[69/372] Linking C static library bin/libdecnumber.a
[70/372] Generating src/msg/help_re2c.cc
[71/372] Building C object interpreter/CMakeFiles/rxvm_platform_objects.dir/rxvmsock.c.o
[72/372] Linking C static library bin/rxvm_mc_decimal_manual.a
[73/372] Building C object linker/CMakeFiles/rxlink.dir/rxlinkmain.c.o
[74/372] Building C object interpreter/CMakeFiles/rxvm_core_objects.dir/rxpafuncs.c.o
[75/372] Building C object interpreter/CMakeFiles/rxvm_core_objects.dir/rxcrexxcmd.c.o
[76/372] Building C object interpreter/CMakeFiles/rxbvml.dir/rxvml.c.o
[77/372] Building C object interpreter/CMakeFiles/rxvm_core_objects.dir/rxspawn.c.o
[78/372] Building CXX object re2c/CMakeFiles/re2c.dir/src/codegen/helpers.cc.o
[79/372] Building CXX object re2c/CMakeFiles/re2c.dir/src/options/symtab.cc.o
[80/372] Building CXX object re2c/CMakeFiles/re2c.dir/src/codegen/pass3_fixup.cc.o
[81/372] Building CXX object re2c/CMakeFiles/re2c.dir/src/codegen/output.cc.o
[82/372] Building CXX object re2c/CMakeFiles/re2c.dir/src/debug/dump_adfa.cc.o
[83/372] Building CXX object re2c/CMakeFiles/re2c.dir/src/debug/dump_cfg.cc.o
[84/372] Building CXX object re2c/CMakeFiles/re2c.dir/src/debug/dump_dfa.cc.o
[85/372] Building CXX object re2c/CMakeFiles/re2c.dir/src/debug/dump_dfa_tree.cc.o
[86/372] Building CXX object re2c/CMakeFiles/re2c.dir/src/debug/dump_interf.cc.o
[87/372] Building CXX object re2c/CMakeFiles/re2c.dir/src/debug/dump_nfa.cc.o
[88/372] Building CXX object re2c/CMakeFiles/re2c.dir/src/codegen/pass4_render.cc.o
[89/372] Building CXX object re2c/CMakeFiles/re2c.dir/src/codegen/pass1_analyze.cc.o
[90/372] Building CXX object re2c/CMakeFiles/re2c.dir/src/nfa/re_to_nfa.cc.o
[91/372] Building CXX object re2c/CMakeFiles/re2c.dir/src/cfg/compact.cc.o
[92/372] Building CXX object re2c/CMakeFiles/re2c.dir/src/cfg/cfg.cc.o
[93/372] Building CXX object re2c/CMakeFiles/re2c.dir/src/cfg/dce.cc.o
[94/372] Building CXX object re2c/CMakeFiles/re2c.dir/src/adfa/adfa.cc.o
[95/372] Building CXX object re2c/CMakeFiles/re2c.dir/src/codegen/pass2_generate.cc.o
[96/372] Building CXX object re2c/CMakeFiles/re2c.dir/src/cfg/freeze.cc.o
[97/372] Building CXX object re2c/CMakeFiles/re2c.dir/src/cfg/interfere.cc.o
[98/372] Building CXX object re2c/CMakeFiles/re2c.dir/src/cfg/liveanal.cc.o
[99/372] Building CXX object re2c/CMakeFiles/re2c.dir/src/cfg/normalize.cc.o
[100/372] Building CXX object re2c/CMakeFiles/re2c.dir/src/cfg/optimize.cc.o
[101/372] Building CXX object re2c/CMakeFiles/re2c.dir/src/cfg/varalloc.cc.o
[102/372] Building CXX object re2c/CMakeFiles/re2c.dir/src/options/opt.cc.o
[103/372] Building CXX object re2c/CMakeFiles/re2c.dir/src/cfg/rename.cc.o
[104/372] Building CXX object re2c/CMakeFiles/re2c.dir/src/dfa/dead_rules.cc.o
[105/372] Building CXX object re2c/CMakeFiles/re2c.dir/src/dfa/fallback_tags.cc.o
[106/372] Building CXX object re2c/CMakeFiles/re2c.dir/src/dfa/tagver_table.cc.o
[107/372] Building CXX object re2c/CMakeFiles/re2c.dir/src/dfa/minimization.cc.o
[108/372] Building CXX object re2c/CMakeFiles/re2c.dir/src/dfa/fillpoints.cc.o
[109/372] Building CXX object re2c/CMakeFiles/re2c.dir/src/encoding/ebcdic.cc.o
[110/372] Building CXX object re2c/CMakeFiles/re2c.dir/src/dfa/determinization.cc.o
[111/372] Building CXX object re2c/CMakeFiles/re2c.dir/src/dfa/find_state.cc.o
[112/372] Building CXX object re2c/CMakeFiles/re2c.dir/src/encoding/range_suffix.cc.o
[113/372] Building CXX object re2c/CMakeFiles/re2c.dir/src/dfa/tcmd.cc.o
[114/372] Building CXX object re2c/CMakeFiles/re2c.dir/src/encoding/enc.cc.o
[115/372] Building CXX object re2c/CMakeFiles/re2c.dir/src/dfa/closure.cc.o
[116/372] Building CXX object re2c/CMakeFiles/re2c.dir/src/encoding/utf8.cc.o
[117/372] Building CXX object re2c/CMakeFiles/re2c.dir/src/encoding/utf16.cc.o
[118/372] Building CXX object re2c/CMakeFiles/re2c.dir/src/msg/msg.cc.o
[119/372] Building CXX object re2c/CMakeFiles/re2c.dir/src/regexp/default_tags.cc.o
[120/372] Building CXX object re2c/CMakeFiles/re2c.dir/src/regexp/fixed_tags.cc.o
[121/372] Building CXX object re2c/CMakeFiles/re2c.dir/src/msg/warn.cc.o
[122/372] Building CXX object re2c/CMakeFiles/re2c.dir/src/regexp/nullable.cc.o
[123/372] Building CXX object re2c/CMakeFiles/re2c.dir/src/regexp/regexp.cc.o
[124/372] Building CXX object re2c/CMakeFiles/re2c.dir/src/regexp/ast_to_re.cc.o
[125/372] Building CXX object re2c/CMakeFiles/re2c.dir/src/regexp/split_charset.cc.o
[126/372] Building CXX object re2c/CMakeFiles/re2c.dir/src/skeleton/maxpath.cc.o
[127/372] Building CXX object re2c/CMakeFiles/re2c.dir/src/skeleton/control_flow.cc.o
[128/372] Building CXX object re2c/CMakeFiles/re2c.dir/src/skeleton/skeleton.cc.o
[129/372] Building CXX object re2c/CMakeFiles/re2c.dir/src/skeleton/generate_code.cc.o
[130/372] Building CXX object re2c/CMakeFiles/re2c.dir/src/util/file_utils.cc.o
[131/372] Building CXX object re2c/CMakeFiles/re2c.dir/src/msg/help_re2c.cc.o
[132/372] Linking C executable bin/rxlink
[133/372] Building CXX object re2c/CMakeFiles/re2c.dir/src/util/string_utils.cc.o
[134/372] Building CXX object re2c/CMakeFiles/re2c.dir/src/parse/input.cc.o
[135/372] Building CXX object re2c/CMakeFiles/re2c.dir/src/util/range.cc.o
[136/372] Building CXX object re2c/CMakeFiles/re2c.dir/src/encoding/unicode_casemap.cc.o
[137/372] Building C object interpreter/CMakeFiles/rxvm.dir/rxvmmain.c.o
[138/372] Building C object interpreter/CMakeFiles/rxvm_core_objects.dir/rxvml/rxvm_run.c.o
[139/372] Building C object interpreter/CMakeFiles/rxbvm.dir/rxvmmain.c.o
[140/372] Building CXX object re2c/CMakeFiles/re2c.dir/src/parse/ast.cc.o
[141/372] Linking C static library bin/librxpashim.a
[142/372] Building CXX object re2c/CMakeFiles/re2c.dir/src/skeleton/generate_data.cc.o
[143/372] Building CXX object re2c/CMakeFiles/re2c.dir/src/main.cc.o
[144/372] Linking CXX executable re2c/re2c
[145/372] Create REXX ASSEMBLER Parser...
[146/372] Create REXX ASSEMBLER Lexer...
[147/372] Building C object assembler/CMakeFiles/rxaslib.dir/__/binutils/rxopmeta.c.o
[148/372] Building C object assembler/CMakeFiles/rxaslib.dir/rxaseror.c.o
[149/372] Building C object assembler/CMakeFiles/rxaslib.dir/rxastoke.c.o
[150/372] Building C object assembler/CMakeFiles/rxaslib.dir/rxaslib.c.o
[151/372] Building C object assembler/CMakeFiles/rxaslib.dir/rxasgrmr.c.o
[152/372] Building C object assembler/CMakeFiles/rxas.dir/rxasmain.c.o
[153/372] Building C object assembler/CMakeFiles/rxaslib.dir/rxas_dsl.c.o
[154/372] Building C object assembler/CMakeFiles/rxaslib.dir/rxasscan.c.o
[155/372] Building C object assembler/CMakeFiles/rxaslib.dir/rxas_opt.c.o
[156/372] Building C object assembler/CMakeFiles/rxaslib.dir/rxasassm.c.o
[157/372] Linking C static library bin/librxaslib.a
[158/372] Linking C executable bin/rxas
[159/372] cREXX assemble _elapsed ...
[160/372] cREXX RXAS Library Archive ...
[161/372] Building C object interpreter/CMakeFiles/rxbvm_core_objects.dir/rxvmintp.c.o
[162/372] Linking C static library bin/librxbvml.a
[163/372] Linking C executable bin/rxbvm
[164/372] Create Options Parser...
[165/372] Create REXX C Parser...
[166/372] Create Options Lexer...
[167/372] Create REXX B Parser...
[168/372] Create REXX C Lexer...
[169/372] Building C object interpreter/CMakeFiles/rxvm_core_objects.dir/rxvmintp.c.o
[170/372] Linking C executable bin/rxvm
[171/372] Create REXX B Lexer...
[172/372] Building C object compiler/CMakeFiles/rxclib.dir/rxcp_ast_walk.c.o
[173/372] Building C object compiler/CMakeFiles/rxclib.dir/rxcp_diag_fallback.c.o
[174/372] Building C object compiler/CMakeFiles/rxclib.dir/rxcp_ast_print.c.o
[175/372] Building C object compiler/CMakeFiles/rxclib.dir/rxcp_source_tree.c.o
[176/372] Building C object compiler/CMakeFiles/rxclib.dir/rxcpmain.c.o
[177/372] Building C object compiler/CMakeFiles/rxclib.dir/rxcp_source_ext.c.o
[178/372] Building C object compiler/CMakeFiles/rxclib.dir/rxcp_dsl.c.o
[179/372] Building C object compiler/CMakeFiles/rxclib.dir/rxcp_util.c.o
[180/372] Building C object compiler/CMakeFiles/rxclib.dir/rxcp_diag.c.o
[181/372] Building C object compiler/CMakeFiles/rxclib.dir/rxcpopgr.c.o
[182/372] Building C object compiler/CMakeFiles/rxclib.dir/rxcpopar.c.o
[183/372] Building C object compiler/CMakeFiles/rxclib.dir/rxcp_srcmap.c.o
[184/372] Building C object compiler/CMakeFiles/rxclib.dir/rxcpbpar.c.o
[185/372] Building C object compiler/CMakeFiles/rxclib.dir/rxcp_ast_core.c.o
[186/372] Building C object compiler/CMakeFiles/rxclib.dir/rxcp_highlight_controller.c.o
[187/372] Building C object compiler/CMakeFiles/rxclib.dir/rxcpcsym.c.o
[188/372] Building C object compiler/CMakeFiles/rxclib.dir/rxcposcn.c.o
[189/372] Building C object compiler/CMakeFiles/rxclib.dir/rxcpcpar.c.o
[190/372] Building C object compiler/CMakeFiles/rxclib.dir/rxcpcgmr.c.o
[191/372] Building C object compiler/CMakeFiles/rxclib.dir/rxcpcval.c.o
[192/372] Building C object compiler/CMakeFiles/rxclib.dir/rxcpcdiag.c.o
[193/372] Building C object compiler/CMakeFiles/rxclib.dir/rxcp_ast_rewrite.c.o
[194/372] Building C object compiler/CMakeFiles/rxclib.dir/rxcp_val_plugin.c.o
[195/372] Building C object compiler/CMakeFiles/rxclib.dir/rxcp_val_trans.c.o
[196/372] Building C object compiler/CMakeFiles/rxclib.dir/rxcpbgmr.c.o
[197/372] Building C object compiler/CMakeFiles/rxclib.dir/rxcp_fixup.c.o
[198/372] Building C object compiler/CMakeFiles/rxclib.dir/rxcp_ast_val.c.o
[199/372] Building C object compiler/CMakeFiles/rxclib.dir/rxcp_val_sym.c.o
[200/372] Building C object compiler/CMakeFiles/rxclib.dir/rxcp_remap.c.o
[201/372] Building C object compiler/CMakeFiles/rxclib.dir/rxcp_val_check.c.o
[202/372] Building C object compiler/CMakeFiles/rxclib.dir/rxcp_inline_rules.c.o
[203/372] Building C object compiler/CMakeFiles/rxclib.dir/rexcscan.c.o
[204/372] Building C object compiler/CMakeFiles/rxclib.dir/rxcp_val_type.c.o
[205/372] Building C object compiler/CMakeFiles/rxclib.dir/rxcp_val_orch.c.o
[206/372] Building C object compiler/CMakeFiles/rxclib.dir/rxcp_remap_build.c.o
[207/372] Building C object compiler/CMakeFiles/rxclib.dir/rxcpsymb.c.o
[208/372] Building C object compiler/CMakeFiles/rxclib.dir/rxcpemit.c.o
[209/372] Building C object compiler/CMakeFiles/rxclib.dir/rxcp_emit_proc.c.o
[210/372] Building C object compiler/CMakeFiles/rxclib.dir/rxcp_emit_core.c.o
[211/372] Building C object compiler/CMakeFiles/rxclib.dir/rxcp_emit_flow.c.o
[212/372] Building C object compiler/CMakeFiles/rxclib.dir/rxcp_levelc_lower.c.o
[213/372] Building C object compiler/CMakeFiles/rxclib.dir/rxcp_emit_reg.c.o
[214/372] Building C object compiler/CMakeFiles/rxclib.dir/rxcp_emit_expr.c.o
[215/372] Building C object compiler/CMakeFiles/rxclib.dir/__/platform/rxinteger.c.o
[216/372] Building C object compiler/CMakeFiles/rxclib.dir/rxcp_emit_meta.c.o
[217/372] Building C object compiler/CMakeFiles/rxc.dir/rxc_main.c.o
[218/372] Building C object compiler/CMakeFiles/rxclib.dir/__/platform/platform.c.o
[219/372] Building C object compiler/CMakeFiles/rxclib.dir/rxcp_instr.c.o
[220/372] Building C object compiler/CMakeFiles/rxclib.dir/rxcp_dispatch.c.o
[221/372] Building C object compiler/CMakeFiles/rxclib.dir/rxcp_opt.c.o
[222/372] Building C object compiler/CMakeFiles/rxclib.dir/rxcp_exit.c.o
[223/372] Building C object compiler/CMakeFiles/rxclib.dir/rxcpfunc.c.o
[224/372] Building C object compiler/CMakeFiles/rxclib.dir/rxcp_inline.c.o
[225/372] Building C object compiler/CMakeFiles/rxclib.dir/rexbscan.c.o
[226/372] Linking C static library bin/librxclib.a
[227/372] Linking C executable bin/rxc
[228/372] cREXX compile and assemble _address ...
[229/372] cREXX compile and assemble _rxsystem ...
[230/372] cREXX compile and assemble _jdn ...
[231/372] cREXX compile and assemble _datei ...
[232/372] cREXX compile and assemble _dateo ...
[233/372] cREXX compile and assemble _ftrunc ...
[234/372] cREXX compile and assemble _itrunc ...
[235/372] cREXX compile and assemble _typedformat ...
[236/372] cREXX compile and assemble abbrev ...
[237/372] cREXX compile and assemble abs ...
[238/372] cREXX compile and assemble intabs ...
[239/372] cREXX compile and assemble floatabs ...
[240/372] cREXX compile and assemble b2x ...
[241/372] cREXX compile and assemble b2d ...
[242/372] cREXX compile and assemble binary ...
[243/372] cREXX compile and assemble c2x ...
[244/372] cREXX compile and assemble c2d ...
[245/372] cREXX compile and assemble center ...
[246/372] cREXX compile and assemble centre ...
[247/372] cREXX compile and assemble changestr ...
[248/372] cREXX compile and assemble compare ...
[249/372] cREXX compile and assemble copies ...
[250/372] cREXX compile and assemble countstr ...
[251/372] cREXX compile and assemble d2b ...
[252/372] cREXX compile and assemble d2c ...
[253/372] cREXX compile and assemble d2x ...
[254/372] cREXX compile and assemble date ...
[255/372] cREXX compile and assemble delstr ...
[256/372] cREXX compile and assemble delword ...
[257/372] cREXX compile and assemble fileio ...
[258/372] cREXX compile and assemble filter ...
[259/372] cREXX compile and assemble format ...
[260/372] cREXX compile and assemble intformat ...
[261/372] cREXX compile and assemble floatformat ...
[262/372] cREXX compile and assemble fnv ...
[263/372] cREXX compile and assemble getenv ...
[264/372] cREXX compile and assemble insert ...
[265/372] cREXX compile and assemble length ...
[266/372] cREXX compile and assemble linesize ...
[267/372] cREXX compile and assemble loadmodule ...
[268/372] cREXX compile and assemble lower ...
[269/372] cREXX compile and assemble max ...
[270/372] cREXX compile and assemble intmax ...
[271/372] cREXX compile and assemble floatmax ...
[272/372] cREXX compile and assemble min ...
[273/372] cREXX compile and assemble intmin ...
[274/372] cREXX compile and assemble floatmin ...
[275/372] cREXX compile and assemble numeric ...
[276/372] cREXX compile and assemble overlay ...
[277/372] cREXX compile and assemble pos ...
[278/372] cREXX compile and assemble qscan ...
[279/372] cREXX compile and assemble qpos ...
[280/372] cREXX compile and assemble qsplit ...
[281/372] cREXX compile and assemble qsplitsafe ...
[282/372] cREXX compile and assemble qextractall ...
[283/372] cREXX compile and assemble qextractpair ...
[284/372] cREXX compile and assemble qstripcomment ...
[285/372] cREXX compile and assemble qremoveall ...
[286/372] cREXX compile and assemble fsayfmt ...
[287/372] cREXX compile and assemble lastpos ...
[288/372] cREXX compile and assemble left ...
[289/372] cREXX compile and assemble right ...
[290/372] cREXX compile and assemble raise ...
[291/372] cREXX compile and assemble reverse ...
[292/372] cREXX compile and assemble signal ...
[293/372] cREXX compile and assemble trace ...
[294/372] cREXX compile and assemble sign ...
[295/372] cREXX compile and assemble intsign ...
[296/372] cREXX compile and assemble floatsign ...
[297/372] cREXX compile and assemble space ...
[298/372] cREXX compile and assemble strip ...
[299/372] cREXX compile and assemble substr ...
[300/372] cREXX compile and assemble substro ...
[301/372] cREXX compile and assemble symbol ...
[302/372] cREXX compile and assemble time ...
[303/372] cREXX compile and assemble translate ...
[304/372] cREXX compile and assemble trunc ...
[305/372] cREXX compile and assemble floattrunc ...
[306/372] cREXX compile and assemble upper ...
[307/372] cREXX compile and assemble value ...
[308/372] cREXX compile and assemble verify ...
[309/372] cREXX compile and assemble version ...
[310/372] cREXX compile and assemble word ...
[311/372] cREXX compile and assemble words ...
[312/372] cREXX compile and assemble wordindex ...
[313/372] cREXX compile and assemble subword ...
[314/372] cREXX compile and assemble wordlength ...
[315/372] cREXX compile and assemble wordpos ...
[316/372] cREXX compile and assemble qword ...
[317/372] cREXX compile and assemble qwordlength ...
[318/372] cREXX compile and assemble qwords ...
[319/372] cREXX compile and assemble qwordindex ...
[320/372] cREXX compile and assemble qwordpos ...
[321/372] cREXX compile and assemble qsubword ...
[322/372] cREXX compile and assemble regex ...
[323/372] cREXX compile and assemble x2b ...
[324/372] cREXX compile and assemble x2c ...
[325/372] cREXX compile and assemble x2d ...
[326/372] cREXX compile and assemble random ...
[327/372] cREXX compile and assemble reradix ...
[328/372] cREXX compile and assemble sequence ...
[329/372] cREXX compile and assemble find ...
[330/372] cREXX compile and assemble index ...
[331/372] cREXX compile and assemble xrange ...
[332/372] cREXX compile and assemble parsecompile ...
[333/372] cREXX compile and assemble parsestring ...
[334/372] cREXX compile and assemble parse ...
[335/372] cREXX compile and assemble datatype ...
[336/372] cREXX compile and assemble arrayfind ...
[337/372] cREXX compile and assemble splice ...
[338/372] cREXX compile and assemble arrayinsert ...
[339/372] cREXX compile and assemble arraydelete ...
[340/372] cREXX compile and assemble arrayappend ...
[341/372] cREXX compile and assemble arrayprepend ...
[342/372] cREXX compile and assemble objectarrayinsert ...
[343/372] cREXX compile and assemble objectarraydelete ...
[344/372] cREXX compile and assemble objectarrayappend ...
[345/372] cREXX compile and assemble objectarrayprepend ...
[346/372] cREXX compile and assemble objectarraydrop ...
[347/372] cREXX compile and assemble objectarraymove ...
[348/372] cREXX compile and assemble arraypop ...
[349/372] cREXX compile and assemble arrayshift ...
[350/372] cREXX compile and assemble arrayget ...
[351/372] cREXX compile and assemble arrayset ...
[352/372] cREXX compile and assemble arraycontains ...
[353/372] cREXX compile and assemble arrayindexof ...
[354/372] cREXX compile and assemble arrayreverse ...
[355/372] cREXX compile and assemble arrayjoin ...
[356/372] cREXX compile and assemble arraysort ...
[357/372] cREXX compile and assemble arraycopy ...
[358/372] cREXX compile and assemble arraydrop ...
[359/372] cREXX compile and assemble arrayhi ...
[360/372] cREXX compile and assemble arraymove ...
[361/372] cREXX compile and assemble fmtmask ...
[362/372] cREXX compile and assemble compilemask ...
[363/372] cREXX compile and assemble runmask ...
[364/372] cREXX compile and assemble parseExec ...
[365/372] cREXX compile and assemble stem ...
[366/372] cREXX compile and assemble rxjson ...
[367/372] cREXX compile and assemble rxsocket ...
[368/372] cREXX compile and assemble rxhttp ...
[369/372] cREXX compile and assemble wordrep ...
[370/372] cREXX REXX Library Archive ...
[371/372] cREXX Linked Library Image ...
