baseline_compile
candidate_compile
assemble_and_link
static_counts
baseline swaps=121
baseline locals_sum=181
candidate swaps=77
candidate locals_sum=180
smoke
rxvm baseline
----- REXXCPS 2.2c -- Measuring cREXX clauses/second -----
 cREXX version is: macOS 64 crexx-1.0.0-beta.3+local.g5e5e3b397be8.dirty 20260717
       System is: macOS
REXXCPS-PROVENANCE contract=canonical-default argv_count=0 initial_count=100 averaging=100
        Averaged: 100 x 100 iterations of 1000 clauses (over 8.7 s)
REXXCPS-EFFECTIVE contract=canonical-default initial_count=100 effective_count=100 averaging=100 calibrated=0

     Performance: 1154572 cREXX clauses per second

PASS: RexxCPS 2.2c cREXX port
rxvm candidate
----- REXXCPS 2.2c -- Measuring cREXX clauses/second -----
 cREXX version is: macOS 64 crexx-1.0.0-beta.3+local.g5e5e3b397be8.dirty 20260717
       System is: macOS
REXXCPS-PROVENANCE contract=canonical-default argv_count=0 initial_count=100 averaging=100
        Averaged: 100 x 100 iterations of 1000 clauses (over 8.6 s)
REXXCPS-EFFECTIVE contract=canonical-default initial_count=100 effective_count=100 averaging=100 calibrated=0

     Performance: 1165314 cREXX clauses per second

PASS: RexxCPS 2.2c cREXX port
rxbvm baseline
----- REXXCPS 2.2c -- Measuring cREXX clauses/second -----
 cREXX version is: macOS 64 crexx-1.0.0-beta.3+local.g5e5e3b397be8.dirty 20260717
       System is: macOS
REXXCPS-PROVENANCE contract=canonical-default argv_count=0 initial_count=100 averaging=100
        Averaged: 100 x 100 iterations of 1000 clauses (over 8.8 s)
REXXCPS-EFFECTIVE contract=canonical-default initial_count=100 effective_count=100 averaging=100 calibrated=0

     Performance: 1132193 cREXX clauses per second

PASS: RexxCPS 2.2c cREXX port
rxbvm candidate
----- REXXCPS 2.2c -- Measuring cREXX clauses/second -----
 cREXX version is: macOS 64 crexx-1.0.0-beta.3+local.g5e5e3b397be8.dirty 20260717
       System is: macOS
REXXCPS-PROVENANCE contract=canonical-default argv_count=0 initial_count=100 averaging=100
        Averaged: 100 x 100 iterations of 1000 clauses (over 8.9 s)
REXXCPS-EFFECTIVE contract=canonical-default initial_count=100 effective_count=100 averaging=100 calibrated=0

     Performance: 1119124 cREXX clauses per second

PASS: RexxCPS 2.2c cREXX port
