baseline tests/benchmarks/awfy_bounce.crexx
baseline tests/benchmarks/awfy_list.crexx
baseline tests/benchmarks/awfy_mandelbrot.crexx
baseline tests/benchmarks/awfy_permute.crexx
baseline tests/benchmarks/awfy_richards.crexx
baseline tests/benchmarks/awfy_sieve.crexx
baseline tests/benchmarks/awfy_storage.crexx
baseline tests/benchmarks/awfy_towers.crexx
baseline tests/benchmarks/base64_roundtrip.crexx
baseline tests/benchmarks/json_parser.crexx
baseline tests/benchmarks/rexxcps_levelb.crexx
candidate tests/benchmarks/awfy_bounce.crexx
candidate tests/benchmarks/awfy_list.crexx
candidate tests/benchmarks/awfy_mandelbrot.crexx
candidate tests/benchmarks/awfy_permute.crexx
candidate tests/benchmarks/awfy_richards.crexx
candidate tests/benchmarks/awfy_sieve.crexx
candidate tests/benchmarks/awfy_storage.crexx
candidate tests/benchmarks/awfy_towers.crexx
candidate tests/benchmarks/base64_roundtrip.crexx
candidate tests/benchmarks/json_parser.crexx
candidate tests/benchmarks/rexxcps_levelb.crexx
