-- The C compiler identification is GNU 16.1.0
-- The CXX compiler identification is GNU 16.1.0
-- Detecting C compiler ABI info
-- Detecting C compiler ABI info - done
-- Check for working C compiler: C:/msys64/ucrt64/bin/gcc.exe - skipped
-- Detecting C compile features
-- Detecting C compile features - done
-- Detecting CXX compiler ABI info
-- Detecting CXX compiler ABI info - done
-- Check for working CXX compiler: C:/msys64/ucrt64/bin/g++.exe - skipped
-- Detecting CXX compile features
-- Detecting CXX compile features - done
-- CMake Version: 4.3.3
-- CREXX Version: crexx-1.0.0-beta.3+local.g2b793c81e098
-- CREXX Build Channel: local
-- CREXX Build Timestamp: 20260817T184143Z
-- CREXX Build Commit: 2b793c81e098
-- CMake Generator: Ninja
-- Using local DSL-Syntax-Highlighter at C:/Users/adria/CLionProjects/CREXX/../DSL-Syntax-Highlighter
-- Performing Test cxxflag__W
-- Performing Test cxxflag__W - Success
-- Performing Test cxxflag__Wall
-- Performing Test cxxflag__Wall - Success
-- Performing Test cxxflag__Wextra
-- Performing Test cxxflag__Wextra - Success
-- Performing Test cxxflag__Weffc__
-- Performing Test cxxflag__Weffc__ - Success
-- Performing Test cxxflag__pedantic
-- Performing Test cxxflag__pedantic - Success
-- Performing Test cxxflag__Wformat_2
-- Performing Test cxxflag__Wformat_2 - Success
-- Performing Test cxxflag__Wredundant_decls
-- Performing Test cxxflag__Wredundant_decls - Success
-- Performing Test cxxflag__Wsuggest_attribute_format
-- Performing Test cxxflag__Wsuggest_attribute_format - Success
-- Performing Test cxxflag__Wconversion
-- Performing Test cxxflag__Wconversion - Success
-- Performing Test cxxflag__Wsign_conversion
-- Performing Test cxxflag__Wsign_conversion - Success
-- Performing Test cxxflag__Werror_return_type
-- Performing Test cxxflag__Werror_return_type - Success
-- Performing Test cxxflag__Weverything
-- Performing Test cxxflag__Weverything - Failed
-- Performing Test cxxflag__fdiagnostics_color_always
-- Performing Test cxxflag__fdiagnostics_color_always - Success
-- C compiler flags:  -D__USE_MINGW_ANSI_STDIO=1
-- C++ compiler flags:  -W -Wall -Wextra -Weffc++ -pedantic -Wformat=2 -Wredundant-decls -Wsuggest-attribute=format -Wconversion -Wsign-conversion -Werror=return-type -fdiagnostics-color=always  -D__USE_MINGW_ANSI_STDIO=1
-- Linker flags for executables: 
-- Linker flags for shared libs: 
-- MinSizeRel C compiler flags: -Os -DNDEBUG
-- MinSizeRel C++ compiler flags: -Os -DNDEBUG
-- MinSizeRel linker flags for executables: 
-- MinSizeRel linker flags for shared libs: 
-- Looking for sys/types.h
-- Looking for sys/types.h - found
-- Looking for sys/stat.h
-- Looking for sys/stat.h - found
-- Looking for fcntl.h
-- Looking for fcntl.h - found
-- Looking for unistd.h
-- Looking for unistd.h - found
-- Looking for io.h
-- Looking for io.h - found
-- Writing config.h
-- Performing Test CMAKE_HAVE_LIBC_PTHREAD
-- Performing Test CMAKE_HAVE_LIBC_PTHREAD - Success
-- Found Threads: TRUE
-- Fetching SQLite amalgamation 3530200 for native ADDRESS demo
-- cREXX VM handler panel: profile-20
-- cREXX VM core socket TLS backend: SCHANNEL
-- cREXX product VM: rxvm -> rxtvm (GNU)
-- Legacy OpenSSL socket plugin is disabled; use VM core sockets/rxsocket instead.
-- GTK Gui support is disabled, skipping subdirectory.
-- ODBC support is disabled; building the mock-driver qualification target only.
-- Skipping INT_SIGNAL native signal test on Windows
-- Smoke test 'INT' is not present in this configuration; skipping
-- Configuring done (13.4s)
-- Generating done (4.8s)
CMake Warning:
  Manually-specified variables were not used by the project:

    CREXX_FORCE_SYSTEM_OPENSSL


-- Build files have been written to: C:/crexx-qa/windows-gcc-2b793c81e-build
