Updated golden file: /Users/adrian/CLionProjects/CREXX/compiler/tests/golden/noopt/address_expose.rxas
Updated golden file: /Users/adrian/CLionProjects/CREXX/compiler/tests/golden/noopt/select_dispatch_integer.rxas
Updated golden file: /Users/adrian/CLionProjects/CREXX/compiler/tests/golden/noopt/select_dispatch_fallback.rxas
Updated golden file: /Users/adrian/CLionProjects/CREXX/compiler/tests/golden/noopt/select_dispatch_mixed.rxas
Updated golden file: /Users/adrian/CLionProjects/CREXX/compiler/tests/golden/opt/select_dispatch_mixed.rxas
Updated golden file: /Users/adrian/CLionProjects/CREXX/compiler/tests/golden/noopt/select_dispatch_general.rxas
Updated golden file: /Users/adrian/CLionProjects/CREXX/compiler/tests/golden/noopt/select_dispatch_strings.rxas
Updated golden file: /Users/adrian/CLionProjects/CREXX/compiler/tests/golden/noopt/repro_duplicate_call_argument.rxas
Updated golden file: /Users/adrian/CLionProjects/CREXX/compiler/tests/golden/noopt/12_arrays_lvlb.rxas
Updated golden file: /Users/adrian/CLionProjects/CREXX/compiler/tests/golden/opt/12_arrays_lvlb.rxas
Updated golden file: /Users/adrian/CLionProjects/CREXX/compiler/tests/golden/noopt/array_mutation_statements.rxas
Updated golden file: /Users/adrian/CLionProjects/CREXX/compiler/tests/golden/opt/array_mutation_statements.rxas
Updated golden file: /Users/adrian/CLionProjects/CREXX/compiler/tests/golden/noopt/13_stems.rxas
Updated golden file: /Users/adrian/CLionProjects/CREXX/compiler/tests/golden/opt/13_stems.rxas
Updated golden file: /Users/adrian/CLionProjects/CREXX/compiler/tests/golden/noopt/repro_multi_tail_stems.rxas
Updated golden file: /Users/adrian/CLionProjects/CREXX/compiler/tests/golden/opt/repro_multi_tail_stems.rxas
Updated golden file: /Users/adrian/CLionProjects/CREXX/compiler/tests/golden/noopt/18_array_class.rxas
Updated golden file: /Users/adrian/CLionProjects/CREXX/compiler/tests/golden/opt/18_array_class.rxas
Updated golden file: /Users/adrian/CLionProjects/CREXX/compiler/tests/golden/noopt/class_import.rxas
Updated golden file: /Users/adrian/CLionProjects/CREXX/compiler/tests/golden/opt/class_import.rxas
Updated golden file: /Users/adrian/CLionProjects/CREXX/compiler/tests/golden/noopt/repro_dotted_index.rxas
Updated golden file: /Users/adrian/CLionProjects/CREXX/compiler/tests/golden/opt/repro_dotted_index.rxas
Updated golden file: /Users/adrian/CLionProjects/CREXX/compiler/tests/golden/noopt/repro_array_arg.rxas
Updated golden file: /Users/adrian/CLionProjects/CREXX/compiler/tests/golden/opt/repro_array_arg.rxas
Updated golden file: /Users/adrian/CLionProjects/CREXX/compiler/tests/golden/noopt/repro_opt_args.rxas
Updated golden file: /Users/adrian/CLionProjects/CREXX/compiler/tests/golden/noopt/arg_semantics_scalar.rxas
Updated golden file: /Users/adrian/CLionProjects/CREXX/compiler/tests/golden/noopt/arg_semantics_array.rxas
Updated golden file: /Users/adrian/CLionProjects/CREXX/compiler/tests/golden/opt/arg_semantics_array.rxas
Updated golden file: /Users/adrian/CLionProjects/CREXX/compiler/tests/golden/noopt/arg_semantics_object.rxas
Updated golden file: /Users/adrian/CLionProjects/CREXX/compiler/tests/golden/opt/arg_semantics_object.rxas
Updated golden file: /Users/adrian/CLionProjects/CREXX/compiler/tests/golden/noopt/object_reference_regression.rxas
Updated golden file: /Users/adrian/CLionProjects/CREXX/compiler/tests/golden/opt/object_reference_regression.rxas
Updated golden file: /Users/adrian/CLionProjects/CREXX/compiler/tests/golden/noopt/basic_strings.rxas
Updated golden file: /Users/adrian/CLionProjects/CREXX/compiler/tests/golden/noopt/basic_arrays.rxas
Updated golden file: /Users/adrian/CLionProjects/CREXX/compiler/tests/golden/opt/basic_arrays.rxas
Updated golden file: /Users/adrian/CLionProjects/CREXX/compiler/tests/golden/noopt/inline_test1.rxas
Updated golden file: /Users/adrian/CLionProjects/CREXX/compiler/tests/golden/noopt/inline_test2.rxas
Updated golden file: /Users/adrian/CLionProjects/CREXX/compiler/tests/golden/noopt/inline_test_call.rxas
Updated golden file: /Users/adrian/CLionProjects/CREXX/compiler/tests/golden/noopt/inline_test_expr.rxas
Updated golden file: /Users/adrian/CLionProjects/CREXX/compiler/tests/golden/noopt/inline_test_expr_negative.rxas
Updated golden file: /Users/adrian/CLionProjects/CREXX/compiler/tests/golden/noopt/inline_test_nested_call_expr.rxas
Updated golden file: /Users/adrian/CLionProjects/CREXX/compiler/tests/golden/noopt/inline_test_concat_expr.rxas
Updated golden file: /Users/adrian/CLionProjects/CREXX/compiler/tests/golden/noopt/inline_test_say_expr.rxas
Updated golden file: /Users/adrian/CLionProjects/CREXX/compiler/tests/golden/noopt/inline_test_say_expr_negative.rxas
Updated golden file: /Users/adrian/CLionProjects/CREXX/compiler/tests/golden/noopt/inline_test_return_expr.rxas
Updated golden file: /Users/adrian/CLionProjects/CREXX/compiler/tests/golden/opt/inline_test_return_expr.rxas
Updated golden file: /Users/adrian/CLionProjects/CREXX/compiler/tests/golden/noopt/inline_test_unary_expr.rxas
Updated golden file: /Users/adrian/CLionProjects/CREXX/compiler/tests/golden/noopt/inline_test_compare_expr.rxas
Updated golden file: /Users/adrian/CLionProjects/CREXX/compiler/tests/golden/noopt/inline_test_call_arg_expr.rxas
Updated golden file: /Users/adrian/CLionProjects/CREXX/compiler/tests/golden/noopt/inline_test_call_like_arg_expr.rxas
Updated golden file: /Users/adrian/CLionProjects/CREXX/compiler/tests/golden/opt/inline_test_call_like_arg_expr.rxas
Updated golden file: /Users/adrian/CLionProjects/CREXX/compiler/tests/golden/noopt/inline_test_short_circuit_expr.rxas
Updated golden file: /Users/adrian/CLionProjects/CREXX/compiler/tests/golden/noopt/inline_test_composed_expr_contexts.rxas
Updated golden file: /Users/adrian/CLionProjects/CREXX/compiler/tests/golden/noopt/inline_test_byvalue_arg_reuse.rxas
Updated golden file: /Users/adrian/CLionProjects/CREXX/compiler/tests/golden/noopt/inline_test_condition_contexts.rxas
Updated golden file: /Users/adrian/CLionProjects/CREXX/compiler/tests/golden/noopt/inline_test_member_receiver_expr.rxas
Updated golden file: /Users/adrian/CLionProjects/CREXX/compiler/tests/golden/opt/inline_test_member_receiver_expr.rxas
Updated golden file: /Users/adrian/CLionProjects/CREXX/compiler/tests/golden/noopt/inline_test_named_factory_selector.rxas
Updated golden file: /Users/adrian/CLionProjects/CREXX/compiler/tests/golden/opt/inline_test_named_factory_selector.rxas
Updated golden file: /Users/adrian/CLionProjects/CREXX/compiler/tests/golden/noopt/inline_test_ref_opt.rxas
Updated golden file: /Users/adrian/CLionProjects/CREXX/compiler/tests/golden/noopt/inline_test_ref_indexed.rxas
Updated golden file: /Users/adrian/CLionProjects/CREXX/compiler/tests/golden/opt/inline_test_ref_indexed.rxas
Updated golden file: /Users/adrian/CLionProjects/CREXX/compiler/tests/golden/noopt/inline_test_ref_stem.rxas
Updated golden file: /Users/adrian/CLionProjects/CREXX/compiler/tests/golden/opt/inline_test_ref_stem.rxas
Updated golden file: /Users/adrian/CLionProjects/CREXX/compiler/tests/golden/noopt/inline_test_ref_computed.rxas
Updated golden file: /Users/adrian/CLionProjects/CREXX/compiler/tests/golden/opt/inline_test_ref_computed.rxas
Updated golden file: /Users/adrian/CLionProjects/CREXX/compiler/tests/golden/noopt/inline_test_ref_vararg.rxas
Updated golden file: /Users/adrian/CLionProjects/CREXX/compiler/tests/golden/noopt/inline_test_ref_vararg_runtime.rxas
Updated golden file: /Users/adrian/CLionProjects/CREXX/compiler/tests/golden/opt/inline_test_ref_vararg_runtime.rxas
Updated golden file: /Users/adrian/CLionProjects/CREXX/compiler/tests/golden/noopt/inline_test_ref_negative.rxas
Updated golden file: /Users/adrian/CLionProjects/CREXX/compiler/tests/golden/opt/inline_test_ref_negative.rxas
Updated golden file: /Users/adrian/CLionProjects/CREXX/compiler/tests/golden/noopt/inline_test_bool_expr_negative.rxas
Updated golden file: /Users/adrian/CLionProjects/CREXX/compiler/tests/golden/opt/inline_test_vararg.rxas
Updated golden file: /Users/adrian/CLionProjects/CREXX/compiler/tests/golden/noopt/inline_test_vararg_negative.rxas
Updated golden file: /Users/adrian/CLionProjects/CREXX/compiler/tests/golden/noopt/inline_test_exposed_nested_call.rxas
Updated golden file: /Users/adrian/CLionProjects/CREXX/compiler/tests/golden/noopt/inline_test_nested_scope_do.rxas
Updated golden file: /Users/adrian/CLionProjects/CREXX/compiler/tests/golden/noopt/inline_test_nested_scope_if_do.rxas
Updated golden file: /Users/adrian/CLionProjects/CREXX/compiler/tests/golden/noopt/inline_test_nested_scope_exposed_call.rxas
Updated golden file: /Users/adrian/CLionProjects/CREXX/compiler/tests/golden/noopt/inline_test_multi_return_assign.rxas
Updated golden file: /Users/adrian/CLionProjects/CREXX/compiler/tests/golden/noopt/inline_test_multi_return_expr.rxas
Updated golden file: /Users/adrian/CLionProjects/CREXX/compiler/tests/golden/noopt/inline_test_multi_return_call.rxas
Updated golden file: /Users/adrian/CLionProjects/CREXX/compiler/tests/golden/noopt/inline_test_array_return_assign.rxas
Updated golden file: /Users/adrian/CLionProjects/CREXX/compiler/tests/golden/opt/inline_test_array_return_assign.rxas
Updated golden file: /Users/adrian/CLionProjects/CREXX/compiler/tests/golden/noopt/inline_test_array_return_expr.rxas
Updated golden file: /Users/adrian/CLionProjects/CREXX/compiler/tests/golden/opt/inline_test_array_return_expr.rxas
Updated golden file: /Users/adrian/CLionProjects/CREXX/compiler/tests/golden/noopt/inline_test_array_multi_return_expr.rxas
Updated golden file: /Users/adrian/CLionProjects/CREXX/compiler/tests/golden/opt/inline_test_array_multi_return_expr.rxas
Updated golden file: /Users/adrian/CLionProjects/CREXX/compiler/tests/golden/noopt/inline_test_array_multi_return_assign.rxas
Updated golden file: /Users/adrian/CLionProjects/CREXX/compiler/tests/golden/opt/inline_test_array_multi_return_assign.rxas
Updated golden file: /Users/adrian/CLionProjects/CREXX/compiler/tests/golden/noopt/inline_test_object_return_assign.rxas
Updated golden file: /Users/adrian/CLionProjects/CREXX/compiler/tests/golden/opt/inline_test_object_return_assign.rxas
Updated golden file: /Users/adrian/CLionProjects/CREXX/compiler/tests/golden/noopt/inline_test_object_return_expr.rxas
Updated golden file: /Users/adrian/CLionProjects/CREXX/compiler/tests/golden/opt/inline_test_object_return_expr.rxas
Updated golden file: /Users/adrian/CLionProjects/CREXX/compiler/tests/golden/noopt/inline_test_object_const_arg_mutation.rxas
Updated golden file: /Users/adrian/CLionProjects/CREXX/compiler/tests/golden/opt/inline_test_object_const_arg_mutation.rxas
Updated golden file: /Users/adrian/CLionProjects/CREXX/compiler/tests/golden/noopt/inline_test_object_writable_arg.rxas
Updated golden file: /Users/adrian/CLionProjects/CREXX/compiler/tests/golden/opt/inline_test_object_writable_arg.rxas
Updated golden file: /Users/adrian/CLionProjects/CREXX/compiler/tests/golden/noopt/inline_test_array_expr_arg.rxas
Updated golden file: /Users/adrian/CLionProjects/CREXX/compiler/tests/golden/opt/inline_test_array_expr_arg.rxas
Updated golden file: /Users/adrian/CLionProjects/CREXX/compiler/tests/golden/noopt/inline_test_object_expr_arg.rxas
Updated golden file: /Users/adrian/CLionProjects/CREXX/compiler/tests/golden/opt/inline_test_object_expr_arg.rxas
Updated golden file: /Users/adrian/CLionProjects/CREXX/compiler/tests/golden/noopt/inline_test_array_return_temp.rxas
Updated golden file: /Users/adrian/CLionProjects/CREXX/compiler/tests/golden/opt/inline_test_array_return_temp.rxas
Updated golden file: /Users/adrian/CLionProjects/CREXX/compiler/tests/golden/noopt/inline_test_complex_lhs_assign.rxas
Updated golden file: /Users/adrian/CLionProjects/CREXX/compiler/tests/golden/opt/inline_test_complex_lhs_assign.rxas
Updated golden file: /Users/adrian/CLionProjects/CREXX/compiler/tests/golden/noopt/inline_test_binary_arg_return.rxas
Updated golden file: /Users/adrian/CLionProjects/CREXX/compiler/tests/golden/noopt/inline_test_block_expr_live_sibling.rxas
Updated golden file: /Users/adrian/CLionProjects/CREXX/compiler/tests/golden/opt/inline_test_block_expr_live_sibling.rxas
Updated golden file: /Users/adrian/CLionProjects/CREXX/compiler/tests/golden/noopt/inline_test_class_methods.rxas
Updated golden file: /Users/adrian/CLionProjects/CREXX/compiler/tests/golden/opt/inline_test_class_methods.rxas
