[0/2] Re-checking globbed directories...
[1/381] Building C object interpreter/CMakeFiles/rxbvm_core_objects.dir/rxvmintp.c.o
[2/381] Building C object interpreter/CMakeFiles/rxvm_core_objects.dir/rxvmintp.c.o
[3/381] Linking C static library bin/librxbvml.a
[4/381] Linking C executable tests/funcvm
[5/381] Linking C executable bin/rxbvm
[6/381] Linking C executable bin/rxvm
[7/381] Building C object compiler/CMakeFiles/rxclib.dir/rxcpemit.c.o
[8/381] Linking C static library bin/librxclib.a
[9/381] Linking C executable bin/rxc
[10/381] Building token.rxbin
[11/381] Building Dummy.rxbin
[12/381] cREXX compile and assemble _address ...
[13/381] cREXX compile and assemble _rxsystem ...
[14/381] cREXX compile and assemble _jdn ...
[15/381] cREXX compile and assemble _datei ...
[16/381] cREXX compile and assemble _dateo ...
[17/381] cREXX compile and assemble _ftrunc ...
[18/381] cREXX compile and assemble _itrunc ...
[19/381] cREXX compile and assemble _typedformat ...
[20/381] cREXX compile and assemble abbrev ...
[21/381] cREXX compile and assemble abs ...
[22/381] cREXX compile and assemble intabs ...
[23/381] cREXX compile and assemble floatabs ...
[24/381] cREXX compile and assemble b2x ...
[25/381] cREXX compile and assemble b2d ...
[26/381] cREXX compile and assemble binary ...
[27/381] cREXX compile and assemble c2x ...
[28/381] cREXX compile and assemble c2d ...
[29/381] cREXX compile and assemble center ...
[30/381] cREXX compile and assemble centre ...
[31/381] cREXX compile and assemble changestr ...
[32/381] cREXX compile and assemble compare ...
[33/381] cREXX compile and assemble copies ...
[34/381] cREXX compile and assemble countstr ...
[35/381] cREXX compile and assemble d2b ...
[36/381] cREXX compile and assemble d2c ...
[37/381] cREXX compile and assemble d2x ...
[38/381] cREXX compile and assemble date ...
[39/381] cREXX compile and assemble delstr ...
[40/381] cREXX compile and assemble delword ...
[41/381] cREXX compile and assemble fileio ...
[42/381] cREXX compile and assemble filter ...
[43/381] cREXX compile and assemble format ...
[44/381] cREXX compile and assemble intformat ...
[45/381] cREXX compile and assemble floatformat ...
[46/381] cREXX compile and assemble fnv ...
[47/381] cREXX compile and assemble getenv ...
[48/381] cREXX compile and assemble insert ...
[49/381] cREXX compile and assemble length ...
[50/381] cREXX compile and assemble linesize ...
[51/381] cREXX compile and assemble loadmodule ...
[52/381] cREXX compile and assemble lower ...
[53/381] cREXX compile and assemble max ...
[54/381] cREXX compile and assemble intmax ...
[55/381] cREXX compile and assemble floatmax ...
[56/381] cREXX compile and assemble min ...
[57/381] cREXX compile and assemble intmin ...
[58/381] cREXX compile and assemble floatmin ...
[59/381] cREXX compile and assemble numeric ...
[60/381] cREXX compile and assemble overlay ...
[61/381] cREXX compile and assemble pos ...
[62/381] cREXX compile and assemble qscan ...
[63/381] cREXX compile and assemble qpos ...
[64/381] cREXX compile and assemble qsplit ...
[65/381] cREXX compile and assemble qsplitsafe ...
[66/381] cREXX compile and assemble qextractall ...
[67/381] cREXX compile and assemble qextractpair ...
[68/381] cREXX compile and assemble qstripcomment ...
[69/381] cREXX compile and assemble qremoveall ...
[70/381] cREXX compile and assemble fsayfmt ...
[71/381] cREXX compile and assemble lastpos ...
[72/381] cREXX compile and assemble left ...
[73/381] cREXX compile and assemble right ...
[74/381] cREXX compile and assemble raise ...
[75/381] cREXX compile and assemble reverse ...
[76/381] cREXX compile and assemble signal ...
[77/381] cREXX compile and assemble trace ...
[78/381] cREXX compile and assemble sign ...
[79/381] cREXX compile and assemble intsign ...
[80/381] cREXX compile and assemble floatsign ...
[81/381] cREXX compile and assemble space ...
[82/381] cREXX compile and assemble strip ...
[83/381] cREXX compile and assemble substr ...
[84/381] cREXX compile and assemble substro ...
[85/381] cREXX compile and assemble symbol ...
[86/381] cREXX compile and assemble time ...
[87/381] cREXX compile and assemble translate ...
[88/381] cREXX compile and assemble trunc ...
[89/381] cREXX compile and assemble floattrunc ...
[90/381] cREXX compile and assemble upper ...
[91/381] cREXX compile and assemble value ...
[92/381] cREXX compile and assemble verify ...
[93/381] cREXX compile and assemble version ...
[94/381] cREXX compile and assemble word ...
[95/381] cREXX compile and assemble words ...
[96/381] cREXX compile and assemble wordindex ...
[97/381] cREXX compile and assemble subword ...
[98/381] cREXX compile and assemble wordlength ...
[99/381] cREXX compile and assemble wordpos ...
[100/381] cREXX compile and assemble qword ...
[101/381] cREXX compile and assemble qwordlength ...
[102/381] cREXX compile and assemble qwords ...
[103/381] cREXX compile and assemble qwordindex ...
[104/381] cREXX compile and assemble qwordpos ...
[105/381] cREXX compile and assemble qsubword ...
[106/381] cREXX compile and assemble regex ...
[107/381] cREXX compile and assemble x2b ...
[108/381] cREXX compile and assemble x2c ...
[109/381] cREXX compile and assemble x2d ...
[110/381] cREXX compile and assemble random ...
[111/381] cREXX compile and assemble reradix ...
[112/381] cREXX compile and assemble sequence ...
[113/381] cREXX compile and assemble find ...
[114/381] cREXX compile and assemble index ...
[115/381] cREXX compile and assemble xrange ...
[116/381] cREXX compile and assemble parsecompile ...
[117/381] cREXX compile and assemble parsestring ...
[118/381] cREXX compile and assemble parse ...
[119/381] cREXX compile and assemble datatype ...
[120/381] cREXX compile and assemble arrayfind ...
[121/381] cREXX compile and assemble splice ...
[122/381] cREXX compile and assemble arrayinsert ...
[123/381] cREXX compile and assemble arraydelete ...
[124/381] cREXX compile and assemble arrayappend ...
[125/381] cREXX compile and assemble arrayprepend ...
[126/381] cREXX compile and assemble objectarrayinsert ...
[127/381] cREXX compile and assemble objectarraydelete ...
[128/381] cREXX compile and assemble objectarrayappend ...
[129/381] cREXX compile and assemble objectarrayprepend ...
[130/381] cREXX compile and assemble objectarraydrop ...
[131/381] cREXX compile and assemble objectarraymove ...
[132/381] cREXX compile and assemble arraypop ...
[133/381] cREXX compile and assemble arrayshift ...
[134/381] cREXX compile and assemble arrayget ...
[135/381] cREXX compile and assemble arrayset ...
[136/381] cREXX compile and assemble arraycontains ...
[137/381] cREXX compile and assemble arrayindexof ...
[138/381] cREXX compile and assemble arrayreverse ...
[139/381] cREXX compile and assemble arrayjoin ...
[140/381] cREXX compile and assemble arraysort ...
[141/381] cREXX compile and assemble arraycopy ...
[142/381] cREXX compile and assemble arraydrop ...
[143/381] cREXX compile and assemble arrayhi ...
[144/381] cREXX compile and assemble arraymove ...
[145/381] cREXX compile and assemble fmtmask ...
[146/381] cREXX compile and assemble compilemask ...
[147/381] cREXX compile and assemble runmask ...
[148/381] cREXX compile and assemble parseExec ...
[149/381] cREXX compile and assemble stem ...
[150/381] cREXX compile and assemble rxjson ...
[151/381] cREXX compile and assemble rxsocket ...
[152/381] cREXX compile and assemble rxhttp ...
[153/381] cREXX compile and assemble wordrep ...
[154/381] cREXX REXX Library Archive ...
[155/381] cREXX Linked Library Image ...
[156/381] Building Query.rxbin
[157/381] Building Fsay.rxbin
[158/381] Building Add.rxbin
[159/381] Building Msay.rxbin
[160/381] Building Dump.rxbin
[161/381] Building Sort.rxbin
[162/381] Building Sortx.rxbin
[163/381] Building Execio.rxbin
[164/381] Building Parse.rxbin
[165/381] Building RexxScript.rxbin
FAILED: [code=2] compiler/exits/rexxscript/RexxScript.rxbin /Users/adrian/CLionProjects/CREXX/cmake-build-debug/compiler/exits/rexxscript/RexxScript.rxbin 
cd /Users/adrian/CLionProjects/CREXX/cmake-build-debug/compiler/exits/rexxscript && /opt/homebrew/bin/cmake -E env RXCP_DISABLE_EXIT=1 /Users/adrian/CLionProjects/CREXX/cmake-build-debug/bin/rxc -x -i "/Users/adrian/CLionProjects/CREXX/cmake-build-debug/compiler/exits" -o RexxScript /Users/adrian/CLionProjects/CREXX/compiler/exits/rexxscript/RexxScript.crexx && /Users/adrian/CLionProjects/CREXX/cmake-build-debug/bin/rxas -o RexxScript RexxScript
Warning in RexxScript.crexx @ 29:8 - #UNUSED_IMPORT: Import is recognised but not used., "rxfnsb"
1 warning(s) in source file
Error in RexxScript.crexx @ 80:23 - #FUNCTION_NOT_FOUND: Function was not found., "upper"
Error in RexxScript.crexx @ 80:29 - #FUNCTION_NOT_FOUND: Function was not found., "strip"
Error in RexxScript.crexx @ 91:23 - #FUNCTION_NOT_FOUND: Function was not found., "upper"
Error in RexxScript.crexx @ 91:29 - #FUNCTION_NOT_FOUND: Function was not found., "strip"
Error in RexxScript.crexx @ 105:31 - #FUNCTION_NOT_FOUND: Function was not found., "upper"
Error in RexxScript.crexx @ 105:37 - #FUNCTION_NOT_FOUND: Function was not found., "strip"
Error in RexxScript.crexx @ 108:28 - #FUNCTION_NOT_FOUND: Function was not found., "strip"
Error in RexxScript.crexx @ 109:61 - #FUNCTION_NOT_FOUND: Function was not found., "strip"
Error in RexxScript.crexx @ 113:28 - #FUNCTION_NOT_FOUND: Function was not found., "strip"
Error in RexxScript.crexx @ 122:16 - #FUNCTION_NOT_FOUND: Function was not found., "strip"
Error in RexxScript.crexx @ 126:31 - #FUNCTION_NOT_FOUND: Function was not found., "strip"
Error in RexxScript.crexx @ 130:31 - #FUNCTION_NOT_FOUND: Function was not found., "strip"
Error in RexxScript.crexx @ 175:16 - #FUNCTION_NOT_FOUND: Function was not found., "strip"
Error in RexxScript.crexx @ 176:23 - #FUNCTION_NOT_FOUND: Function was not found., "upper"
Error in RexxScript.crexx @ 176:29 - #FUNCTION_NOT_FOUND: Function was not found., "strip"
15 error(s) in source file
[166/381] Building Substr.rxbin
FAILED: [code=2] compiler/exits/substr/Substr.rxbin /Users/adrian/CLionProjects/CREXX/cmake-build-debug/compiler/exits/substr/Substr.rxbin 
cd /Users/adrian/CLionProjects/CREXX/cmake-build-debug/compiler/exits/substr && /opt/homebrew/bin/cmake -E env RXCP_DISABLE_EXIT=1 /Users/adrian/CLionProjects/CREXX/cmake-build-debug/bin/rxc -x -i "/Users/adrian/CLionProjects/CREXX/cmake-build-debug/compiler/exits" -o Substr /Users/adrian/CLionProjects/CREXX/compiler/exits/substr/Substr.crexx && /Users/adrian/CLionProjects/CREXX/cmake-build-debug/bin/rxas -o Substr Substr
Warning in Substr.crexx @ 52:8 - #UNUSED_IMPORT: Import is recognised but not used., "rxfnsb"
1 warning(s) in source file
Error in Substr.crexx @ 94:25 - #FUNCTION_NOT_FOUND: Function was not found., "upper"
Error in Substr.crexx @ 105:16 - #FUNCTION_NOT_FOUND: Function was not found., "strip"
Error in Substr.crexx @ 106:36 - #FUNCTION_NOT_FOUND: Function was not found., "substr"
Error in Substr.crexx @ 108:16 - #FUNCTION_NOT_FOUND: Function was not found., "substr"
Error in Substr.crexx @ 163:17 - #FUNCTION_NOT_FOUND: Function was not found., "strip"
Error in Substr.crexx @ 169:18 - #FUNCTION_NOT_FOUND: Function was not found., "strip"
Error in Substr.crexx @ 227:12 - #FUNCTION_NOT_FOUND: Function was not found., "strip"
Error in Substr.crexx @ 261:23 - #FUNCTION_NOT_FOUND: Function was not found., "strip"
Error in Substr.crexx @ 310:27 - #FUNCTION_NOT_FOUND: Function was not found., "erasefile"
Error in Substr.crexx @ 311:13 - #FUNCTION_NOT_FOUND: Function was not found., "LineOut"
Error in Substr.crexx @ 311:27 - #FUNCTION_NOT_FOUND: Function was not found., "time"
11 error(s) in source file
[167/381] Building Trace.rxbin
FAILED: [code=2] compiler/exits/trace/Trace.rxbin /Users/adrian/CLionProjects/CREXX/cmake-build-debug/compiler/exits/trace/Trace.rxbin 
cd /Users/adrian/CLionProjects/CREXX/cmake-build-debug/compiler/exits/trace && /opt/homebrew/bin/cmake -E env RXCP_DISABLE_EXIT=1 /Users/adrian/CLionProjects/CREXX/cmake-build-debug/bin/rxc -x -i "/Users/adrian/CLionProjects/CREXX/cmake-build-debug/compiler/exits" -o Trace /Users/adrian/CLionProjects/CREXX/compiler/exits/trace/Trace.crexx && /Users/adrian/CLionProjects/CREXX/cmake-build-debug/bin/rxas -o Trace Trace
Warning in Trace.crexx @ 29:8 - #UNUSED_IMPORT: Import is recognised but not used., "rxfnsb"
1 warning(s) in source file
Error in Trace.crexx @ 59:21 - #FUNCTION_NOT_FOUND: Function was not found., "upper"
Error in Trace.crexx @ 59:27 - #FUNCTION_NOT_FOUND: Function was not found., "strip"
Error in Trace.crexx @ 105:12 - #FUNCTION_NOT_FOUND: Function was not found., "upper"
Error in Trace.crexx @ 105:18 - #FUNCTION_NOT_FOUND: Function was not found., "strip"
Error in Trace.crexx @ 130:8 - #FUNCTION_NOT_FOUND: Function was not found., "upper"
Error in Trace.crexx @ 139:12 - #FUNCTION_NOT_FOUND: Function was not found., "upper"
Error in Trace.crexx @ 139:18 - #FUNCTION_NOT_FOUND: Function was not found., "strip"
Error in Trace.crexx @ 146:12 - #FUNCTION_NOT_FOUND: Function was not found., "upper"
Error in Trace.crexx @ 146:18 - #FUNCTION_NOT_FOUND: Function was not found., "strip"
Error in Trace.crexx @ 157:12 - #FUNCTION_NOT_FOUND: Function was not found., "upper"
Error in Trace.crexx @ 157:18 - #FUNCTION_NOT_FOUND: Function was not found., "strip"
Error in Trace.crexx @ 161:19 - #FUNCTION_NOT_FOUND: Function was not found., "upper"
Error in Trace.crexx @ 161:25 - #FUNCTION_NOT_FOUND: Function was not found., "strip"
Error in Trace.crexx @ 173:12 - #FUNCTION_NOT_FOUND: Function was not found., "upper"
Error in Trace.crexx @ 173:18 - #FUNCTION_NOT_FOUND: Function was not found., "strip"
Error in Trace.crexx @ 179:12 - #FUNCTION_NOT_FOUND: Function was not found., "upper"
Error in Trace.crexx @ 179:18 - #FUNCTION_NOT_FOUND: Function was not found., "strip"
Error in Trace.crexx @ 188:15 - #FUNCTION_NOT_FOUND: Function was not found., "upper"
Error in Trace.crexx @ 188:21 - #FUNCTION_NOT_FOUND: Function was not found., "strip"
Error in Trace.crexx @ 198:8 - #FUNCTION_NOT_FOUND: Function was not found., "strip"
Error in Trace.crexx @ 204:17 - #FUNCTION_NOT_FOUND: Function was not found., "length"
Error in Trace.crexx @ 205:14 - #FUNCTION_NOT_FOUND: Function was not found., "substr"
Error in Trace.crexx @ 214:12 - #FUNCTION_NOT_FOUND: Function was not found., "strip"
Error in Trace.crexx @ 220:23 - #FUNCTION_NOT_FOUND: Function was not found., "strip"
Error in Trace.crexx @ 225:24 - #FUNCTION_NOT_FOUND: Function was not found., "strip"
Error in Trace.crexx @ 232:12 - #FUNCTION_NOT_FOUND: Function was not found., "upper"
Error in Trace.crexx @ 232:18 - #FUNCTION_NOT_FOUND: Function was not found., "strip"
Error in Trace.crexx @ 233:14 - #FUNCTION_NOT_FOUND: Function was not found., "left"
Error in Trace.crexx @ 234:16 - #FUNCTION_NOT_FOUND: Function was not found., "substr"
Error in Trace.crexx @ 267:14 - #FUNCTION_NOT_FOUND: Function was not found., "upper"
Error in Trace.crexx @ 267:20 - #FUNCTION_NOT_FOUND: Function was not found., "strip"
Error in Trace.crexx @ 268:12 - #FUNCTION_NOT_FOUND: Function was not found., "upper"
Error in Trace.crexx @ 268:18 - #FUNCTION_NOT_FOUND: Function was not found., "strip"
Error in Trace.crexx @ 269:8 - #FUNCTION_NOT_FOUND: Function was not found., "length"
Error in Trace.crexx @ 270:8 - #FUNCTION_NOT_FOUND: Function was not found., "length"
Error in Trace.crexx @ 270:25 - #FUNCTION_NOT_FOUND: Function was not found., "length"
Error in Trace.crexx @ 271:8 - #FUNCTION_NOT_FOUND: Function was not found., "left"
Error in Trace.crexx @ 271:19 - #FUNCTION_NOT_FOUND: Function was not found., "length"
Error in Trace.crexx @ 276:12 - #FUNCTION_NOT_FOUND: Function was not found., "upper"
Error in Trace.crexx @ 276:18 - #FUNCTION_NOT_FOUND: Function was not found., "strip"
Error in Trace.crexx @ 288:8 - #FUNCTION_NOT_FOUND: Function was not found., "left"
Error in Trace.crexx @ 288:30 - #FUNCTION_NOT_FOUND: Function was not found., "left"
Error in Trace.crexx @ 288:62 - #FUNCTION_NOT_FOUND: Function was not found., "substr"
Error in Trace.crexx @ 290:17 - #FUNCTION_NOT_FOUND: Function was not found., "length"
Error in Trace.crexx @ 291:12 - #FUNCTION_NOT_FOUND: Function was not found., "pos"
Error in Trace.crexx @ 291:16 - #FUNCTION_NOT_FOUND: Function was not found., "substr"
Error in Trace.crexx @ 301:14 - #FUNCTION_NOT_FOUND: Function was not found., "upper"
Error in Trace.crexx @ 301:20 - #FUNCTION_NOT_FOUND: Function was not found., "strip"
48 error(s) in source file
[168/381] Building Signal.rxbin
FAILED: [code=2] compiler/exits/signal/Signal.rxbin /Users/adrian/CLionProjects/CREXX/cmake-build-debug/compiler/exits/signal/Signal.rxbin 
cd /Users/adrian/CLionProjects/CREXX/cmake-build-debug/compiler/exits/signal && /opt/homebrew/bin/cmake -E env RXCP_DISABLE_EXIT=1 /Users/adrian/CLionProjects/CREXX/cmake-build-debug/bin/rxc -x -i "/Users/adrian/CLionProjects/CREXX/cmake-build-debug/compiler/exits" -o Signal /Users/adrian/CLionProjects/CREXX/compiler/exits/signal/Signal.crexx && /Users/adrian/CLionProjects/CREXX/cmake-build-debug/bin/rxas -o Signal Signal
Warning in Signal.crexx @ 29:8 - #UNUSED_IMPORT: Import is recognised but not used., "rxfnsb"
1 warning(s) in source file
Error in Signal.crexx @ 59:12 - #FUNCTION_NOT_FOUND: Function was not found., "upper"
Error in Signal.crexx @ 60:12 - #FUNCTION_NOT_FOUND: Function was not found., "upper"
Error in Signal.crexx @ 65:13 - #FUNCTION_NOT_FOUND: Function was not found., "upper"
Error in Signal.crexx @ 65:19 - #FUNCTION_NOT_FOUND: Function was not found., "strip"
Error in Signal.crexx @ 66:19 - #FUNCTION_NOT_FOUND: Function was not found., "strip"
Error in Signal.crexx @ 69:12 - #FUNCTION_NOT_FOUND: Function was not found., "left"
Error in Signal.crexx @ 69:17 - #FUNCTION_NOT_FOUND: Function was not found., "strip"
Error in Signal.crexx @ 69:32 - #FUNCTION_NOT_FOUND: Function was not found., "length"
Error in Signal.crexx @ 70:40 - #FUNCTION_NOT_FOUND: Function was not found., "substr"
Error in Signal.crexx @ 70:47 - #FUNCTION_NOT_FOUND: Function was not found., "strip"
Error in Signal.crexx @ 70:62 - #FUNCTION_NOT_FOUND: Function was not found., "length"
Error in Signal.crexx @ 71:12 - #FUNCTION_NOT_FOUND: Function was not found., "right"
Error in Signal.crexx @ 71:51 - #FUNCTION_NOT_FOUND: Function was not found., "left"
Error in Signal.crexx @ 71:65 - #FUNCTION_NOT_FOUND: Function was not found., "length"
Error in Signal.crexx @ 86:8 - #FUNCTION_NOT_FOUND: Function was not found., "upper"
Error in Signal.crexx @ 103:16 - #FUNCTION_NOT_FOUND: Function was not found., "strip"
Error in Signal.crexx @ 120:16 - #FUNCTION_NOT_FOUND: Function was not found., "strip"
Error in Signal.crexx @ 149:31 - #FUNCTION_NOT_FOUND: Function was not found., "strip"
Error in Signal.crexx @ 186:32 - #FUNCTION_NOT_FOUND: Function was not found., "strip"
Error in Signal.crexx @ 193:46 - #FUNCTION_NOT_FOUND: Function was not found., "strip"
Error in Signal.crexx @ 218:12 - #FUNCTION_NOT_FOUND: Function was not found., "upper"
Error in Signal.crexx @ 218:18 - #FUNCTION_NOT_FOUND: Function was not found., "strip"
Error in Signal.crexx @ 221:12 - #FUNCTION_NOT_FOUND: Function was not found., "upper"
Error in Signal.crexx @ 221:18 - #FUNCTION_NOT_FOUND: Function was not found., "strip"
Error in Signal.crexx @ 227:12 - #FUNCTION_NOT_FOUND: Function was not found., "upper"
Error in Signal.crexx @ 227:18 - #FUNCTION_NOT_FOUND: Function was not found., "strip"
Error in Signal.crexx @ 229:36 - #FUNCTION_NOT_FOUND: Function was not found., "strip"
Error in Signal.crexx @ 233:36 - #FUNCTION_NOT_FOUND: Function was not found., "upper"
Error in Signal.crexx @ 233:42 - #FUNCTION_NOT_FOUND: Function was not found., "strip"
Error in Signal.crexx @ 233:92 - #FUNCTION_NOT_FOUND: Function was not found., "strip"
Error in Signal.crexx @ 241:16 - #FUNCTION_NOT_FOUND: Function was not found., "strip"
Error in Signal.crexx @ 254:16 - #FUNCTION_NOT_FOUND: Function was not found., "strip"
Error in Signal.crexx @ 270:8 - #FUNCTION_NOT_FOUND: Function was not found., "upper"
Error in Signal.crexx @ 279:12 - #FUNCTION_NOT_FOUND: Function was not found., "upper"
Error in Signal.crexx @ 279:18 - #FUNCTION_NOT_FOUND: Function was not found., "strip"
Error in Signal.crexx @ 279:49 - #FUNCTION_NOT_FOUND: Function was not found., "upper"
Error in Signal.crexx @ 300:14 - #FUNCTION_NOT_FOUND: Function was not found., "changestr"
Error in Signal.crexx @ 301:14 - #FUNCTION_NOT_FOUND: Function was not found., "changestr"
Error in Signal.crexx @ 306:9 - #FUNCTION_NOT_FOUND: Function was not found., "upper"
Error in Signal.crexx @ 306:15 - #FUNCTION_NOT_FOUND: Function was not found., "strip"
Error in Signal.crexx @ 376:8 - #FUNCTION_NOT_FOUND: Function was not found., "length"
Error in Signal.crexx @ 377:13 - #FUNCTION_NOT_FOUND: Function was not found., "left"
Error in Signal.crexx @ 378:12 - #FUNCTION_NOT_FOUND: Function was not found., "right"
Error in Signal.crexx @ 379:76 - #FUNCTION_NOT_FOUND: Function was not found., "substr"
Error in Signal.crexx @ 379:92 - #FUNCTION_NOT_FOUND: Function was not found., "length"
Error in Signal.crexx @ 391:16 - #FUNCTION_NOT_FOUND: Function was not found., "strip"
Error in Signal.crexx @ 392:23 - #FUNCTION_NOT_FOUND: Function was not found., "upper"
Error in Signal.crexx @ 392:29 - #FUNCTION_NOT_FOUND: Function was not found., "strip"
48 error(s) in source file
[169/381] Building Address.rxbin
ninja: build stopped: subcommand failed.
