[0/2] Re-checking globbed directories...
[1/261] Building C object assembler/CMakeFiles/rxaslib.dir/__/binutils/rxopmeta.c.o
[2/261] Building C object rxpa/CMakeFiles/rxpa.dir/rxpa.c.o
[3/261] Building C object assembler/CMakeFiles/rxaslib.dir/rxaslib.c.o
[4/261] Building C object assembler/CMakeFiles/rxaslib.dir/rxaseror.c.o
[5/261] Building C object assembler/CMakeFiles/rxaslib.dir/rxastoke.c.o
[6/261] Building C object assembler/CMakeFiles/rxaslib.dir/rxasgrmr.c.o
[7/261] Building C object interpreter/CMakeFiles/rxbvm_core_objects.dir/exitfunc.c.o
[8/261] Building C object interpreter/CMakeFiles/rxbvm_core_objects.dir/interrupt.c.o
[9/261] Building C object assembler/CMakeFiles/rxaslib.dir/rxas_dsl.c.o
[10/261] Building C object assembler/CMakeFiles/rxaslib.dir/rxasscan.c.o
[11/261] Building C object interpreter/CMakeFiles/rxbvm_core_objects.dir/rxvmload.c.o
[12/261] Building C object assembler/CMakeFiles/rxaslib.dir/rxas_opt.c.o
[13/261] Building C object interpreter/CMakeFiles/rxbvm_core_objects.dir/rxvml/rxvm_run.c.o
[14/261] Building C object interpreter/CMakeFiles/rxbvm_core_objects.dir/rxvmsequence.c.o
[15/261] Building C object interpreter/CMakeFiles/rxbvm_core_objects.dir/rxpafuncs.c.o
[16/261] Building C object interpreter/CMakeFiles/rxbvml.dir/rxvmlib.c.o
[17/261] Linking C static library bin/librxpa.a
[18/261] Building C object interpreter/CMakeFiles/rxpashim.dir/rxpashim.c.o
[19/261] Building C object assembler/CMakeFiles/rxas.dir/rxasmain.c.o
[20/261] Building C object interpreter/CMakeFiles/rxvm_core_objects.dir/interrupt.c.o
[21/261] Building C object interpreter/CMakeFiles/rxbvm_core_objects.dir/rxspawn.c.o
[22/261] Building C object interpreter/CMakeFiles/rxbvm_core_objects.dir/rxvmprofile.c.o
[23/261] Building C object interpreter/CMakeFiles/rxvm_core_objects.dir/exitfunc.c.o
[24/261] Building C object interpreter/CMakeFiles/rxvm_core_objects.dir/rxvmload.c.o
[25/261] Building C object assembler/CMakeFiles/rxaslib.dir/rxasassm.c.o
[26/261] Building C object interpreter/CMakeFiles/rxvm_core_objects.dir/rxvml/rxvm_run.c.o
[27/261] Building C object interpreter/CMakeFiles/rxvm_platform_objects.dir/rxvmsock.c.o
[28/261] Building C object interpreter/CMakeFiles/rxvm_core_objects.dir/rxpafuncs.c.o
[29/261] Linking C static library bin/librxaslib.a
[30/261] Building C object interpreter/CMakeFiles/rxvm_core_objects.dir/rxvmsequence.c.o
[31/261] Linking C executable bin/rxas
[32/261] Building C object interpreter/CMakeFiles/rxvm.dir/rxvmmain.c.o
[33/261] Building C object interpreter/CMakeFiles/rxbvm.dir/rxvmmain.c.o
[34/261] Linking C static library bin/librxpashim.a
[35/261] Building C object interpreter/CMakeFiles/rxvm_core_objects.dir/rxspawn.c.o
[36/261] Building C object linker/CMakeFiles/rxlink.dir/rxlinkmain.c.o
[37/261] Linking C executable bin/rxlink
[38/261] Building C object interpreter/CMakeFiles/rxbvml.dir/rxvml.c.o
[39/261] Building C object interpreter/CMakeFiles/rxvm_core_objects.dir/rxvmprofile.c.o
[40/261] cREXX assemble _elapsed ...
[41/261] cREXX RXAS Library Archive ...
[42/261] Building C object interpreter/CMakeFiles/rxbvm_core_objects.dir/rxvmintp.c.o
[43/261] Linking C static library bin/librxbvml.a
[44/261] Linking C executable bin/rxbvm
[45/261] Building C object compiler/CMakeFiles/rxclib.dir/rxcp_ast_walk.c.o
[46/261] Building C object compiler/CMakeFiles/rxclib.dir/rxcp_diag_fallback.c.o
[47/261] Building C object compiler/CMakeFiles/rxclib.dir/rxcp_ast_print.c.o
[48/261] Building C object compiler/CMakeFiles/rxclib.dir/rxcpmain.c.o
[49/261] Building C object compiler/CMakeFiles/rxclib.dir/rxcp_source_tree.c.o
[50/261] Building C object compiler/CMakeFiles/rxclib.dir/rxcp_source_ext.c.o
[51/261] Building C object compiler/CMakeFiles/rxclib.dir/rxcp_dsl.c.o
[52/261] Building C object compiler/CMakeFiles/rxclib.dir/rxcp_util.c.o
[53/261] Building C object compiler/CMakeFiles/rxclib.dir/rxcpopgr.c.o
[54/261] Building C object compiler/CMakeFiles/rxclib.dir/rxcpopar.c.o
[55/261] Building C object compiler/CMakeFiles/rxclib.dir/rxcp_srcmap.c.o
[56/261] Building C object compiler/CMakeFiles/rxclib.dir/rxcpbpar.c.o
[57/261] Building C object compiler/CMakeFiles/rxclib.dir/rxcp_ast_core.c.o
[58/261] Building C object compiler/CMakeFiles/rxclib.dir/rxcp_highlight_controller.c.o
[59/261] Building C object compiler/CMakeFiles/rxclib.dir/rxcposcn.c.o
[60/261] Building C object compiler/CMakeFiles/rxclib.dir/rxcpcsym.c.o
[61/261] Building C object compiler/CMakeFiles/rxclib.dir/rxcpcgmr.c.o
[62/261] Building C object compiler/CMakeFiles/rxclib.dir/rxcpcpar.c.o
[63/261] Building C object compiler/CMakeFiles/rxclib.dir/rxcpcval.c.o
[64/261] Building C object compiler/CMakeFiles/rxclib.dir/rxcpbgmr.c.o
[65/261] Building C object compiler/CMakeFiles/rxclib.dir/rxcpcdiag.c.o
[66/261] Building C object compiler/CMakeFiles/rxclib.dir/rxcp_ast_rewrite.c.o
[67/261] Building C object compiler/CMakeFiles/rxclib.dir/rxcp_val_trans.c.o
[68/261] Building C object compiler/CMakeFiles/rxclib.dir/rxcp_val_plugin.c.o
[69/261] Building C object compiler/CMakeFiles/rxclib.dir/rxcp_fixup.c.o
[70/261] Building C object compiler/CMakeFiles/rxclib.dir/rxcp_val_check.c.o
[71/261] Building C object compiler/CMakeFiles/rxclib.dir/rxcp_ast_val.c.o
[72/261] Building C object compiler/CMakeFiles/rxclib.dir/rxcp_val_sym.c.o
[73/261] Building C object compiler/CMakeFiles/rxclib.dir/rxcp_remap.c.o
[74/261] Building C object compiler/CMakeFiles/rxclib.dir/rxcp_inline_rules.c.o
[75/261] Building C object compiler/CMakeFiles/rxclib.dir/rexcscan.c.o
[76/261] Building C object compiler/CMakeFiles/rxclib.dir/rxcp_val_orch.c.o
[77/261] Building C object compiler/CMakeFiles/rxclib.dir/rxcp_val_type.c.o
[78/261] Building C object compiler/CMakeFiles/rxclib.dir/rxcp_remap_build.c.o
[79/261] Building C object compiler/CMakeFiles/rxclib.dir/rxcpsymb.c.o
[80/261] Building C object compiler/CMakeFiles/rxclib.dir/rxcp_emit_proc.c.o
[81/261] Building C object compiler/CMakeFiles/rxclib.dir/rxcp_levelc_lower.c.o
[82/261] Building C object compiler/CMakeFiles/rxclib.dir/rxcp_emit_flow.c.o
[83/261] Building C object compiler/CMakeFiles/rxclib.dir/rxcp_emit_core.c.o
[84/261] Building C object compiler/CMakeFiles/rxclib.dir/rxcpemit.c.o
[85/261] Building C object compiler/CMakeFiles/rxclib.dir/rxcp_emit_expr.c.o
[86/261] Building C object compiler/CMakeFiles/rxclib.dir/rxcp_emit_reg.c.o
[87/261] Building C object compiler/CMakeFiles/rxc.dir/rxc_main.c.o
[88/261] Building C object compiler/CMakeFiles/rxclib.dir/rxcp_emit_meta.c.o
[89/261] Building C object compiler/CMakeFiles/rxclib.dir/rxcp_dispatch.c.o
[90/261] Building C object compiler/CMakeFiles/rxclib.dir/rxcp_opt.c.o
[91/261] Building C object compiler/CMakeFiles/rxclib.dir/rxcp_exit.c.o
[92/261] Building C object compiler/CMakeFiles/rxclib.dir/rxcpfunc.c.o
[93/261] Building C object compiler/CMakeFiles/rxclib.dir/rxcp_inline.c.o
[94/261] Building C object interpreter/CMakeFiles/rxvm_core_objects.dir/rxvmintp.c.o
[95/261] Linking C executable bin/rxvm
[96/261] Building C object compiler/CMakeFiles/rxclib.dir/rexbscan.c.o
[97/261] Linking C static library bin/librxclib.a
[98/261] Linking C executable bin/rxc
[99/261] Building token.rxbin
[100/261] Building Dummy.rxbin
[101/261] cREXX compile and assemble _address ...
[102/261] cREXX compile and assemble _rxsystem ...
[103/261] cREXX compile and assemble _jdn ...
[104/261] cREXX compile and assemble _datei ...
[105/261] cREXX compile and assemble _dateo ...
[106/261] cREXX compile and assemble _ftrunc ...
[107/261] cREXX compile and assemble _itrunc ...
[108/261] cREXX compile and assemble _typedformat ...
[109/261] cREXX compile and assemble abbrev ...
[110/261] cREXX compile and assemble abs ...
[111/261] cREXX compile and assemble intabs ...
[112/261] cREXX compile and assemble floatabs ...
[113/261] cREXX compile and assemble b2x ...
[114/261] cREXX compile and assemble b2d ...
[115/261] cREXX compile and assemble binary ...
[116/261] cREXX compile and assemble c2x ...
[117/261] cREXX compile and assemble c2d ...
[118/261] cREXX compile and assemble center ...
[119/261] cREXX compile and assemble centre ...
[120/261] cREXX compile and assemble changestr ...
[121/261] cREXX compile and assemble compare ...
[122/261] cREXX compile and assemble copies ...
[123/261] cREXX compile and assemble countstr ...
[124/261] cREXX compile and assemble d2b ...
[125/261] cREXX compile and assemble d2c ...
[126/261] cREXX compile and assemble d2x ...
[127/261] cREXX compile and assemble date ...
[128/261] cREXX compile and assemble delstr ...
[129/261] cREXX compile and assemble delword ...
[130/261] cREXX compile and assemble fileio ...
[131/261] cREXX compile and assemble filter ...
[132/261] cREXX compile and assemble format ...
[133/261] cREXX compile and assemble intformat ...
[134/261] cREXX compile and assemble floatformat ...
[135/261] cREXX compile and assemble fnv ...
[136/261] cREXX compile and assemble getenv ...
[137/261] cREXX compile and assemble insert ...
[138/261] cREXX compile and assemble length ...
[139/261] cREXX compile and assemble linesize ...
[140/261] cREXX compile and assemble loadmodule ...
[141/261] cREXX compile and assemble lower ...
[142/261] cREXX compile and assemble max ...
[143/261] cREXX compile and assemble intmax ...
[144/261] cREXX compile and assemble floatmax ...
[145/261] cREXX compile and assemble min ...
[146/261] cREXX compile and assemble intmin ...
[147/261] cREXX compile and assemble floatmin ...
[148/261] cREXX compile and assemble numeric ...
[149/261] cREXX compile and assemble overlay ...
[150/261] cREXX compile and assemble pos ...
[151/261] cREXX compile and assemble qscan ...
[152/261] cREXX compile and assemble qpos ...
[153/261] cREXX compile and assemble qsplit ...
[154/261] cREXX compile and assemble qsplitsafe ...
[155/261] cREXX compile and assemble qextractall ...
[156/261] cREXX compile and assemble qextractpair ...
[157/261] cREXX compile and assemble qstripcomment ...
[158/261] cREXX compile and assemble qremoveall ...
[159/261] cREXX compile and assemble fsayfmt ...
[160/261] cREXX compile and assemble lastpos ...
[161/261] cREXX compile and assemble left ...
[162/261] cREXX compile and assemble right ...
[163/261] cREXX compile and assemble raise ...
[164/261] cREXX compile and assemble reverse ...
[165/261] cREXX compile and assemble signal ...
[166/261] cREXX compile and assemble trace ...
[167/261] cREXX compile and assemble sign ...
[168/261] cREXX compile and assemble intsign ...
[169/261] cREXX compile and assemble floatsign ...
[170/261] cREXX compile and assemble space ...
[171/261] cREXX compile and assemble strip ...
[172/261] cREXX compile and assemble substr ...
[173/261] cREXX compile and assemble substro ...
[174/261] cREXX compile and assemble symbol ...
[175/261] cREXX compile and assemble time ...
[176/261] cREXX compile and assemble translate ...
[177/261] cREXX compile and assemble trunc ...
[178/261] cREXX compile and assemble floattrunc ...
[179/261] cREXX compile and assemble upper ...
[180/261] cREXX compile and assemble value ...
[181/261] cREXX compile and assemble verify ...
[182/261] cREXX compile and assemble version ...
[183/261] cREXX compile and assemble word ...
[184/261] cREXX compile and assemble words ...
[185/261] cREXX compile and assemble wordindex ...
[186/261] cREXX compile and assemble subword ...
[187/261] cREXX compile and assemble wordlength ...
[188/261] cREXX compile and assemble wordpos ...
[189/261] cREXX compile and assemble qword ...
[190/261] cREXX compile and assemble qwordlength ...
[191/261] cREXX compile and assemble qwords ...
[192/261] cREXX compile and assemble qwordindex ...
[193/261] cREXX compile and assemble qwordpos ...
[194/261] cREXX compile and assemble qsubword ...
[195/261] cREXX compile and assemble regex ...
[196/261] cREXX compile and assemble x2b ...
[197/261] cREXX compile and assemble x2c ...
[198/261] cREXX compile and assemble x2d ...
[199/261] cREXX compile and assemble random ...
[200/261] cREXX compile and assemble reradix ...
[201/261] cREXX compile and assemble sequence ...
[202/261] cREXX compile and assemble find ...
[203/261] cREXX compile and assemble index ...
[204/261] cREXX compile and assemble xrange ...
[205/261] cREXX compile and assemble parsecompile ...
[206/261] cREXX compile and assemble parsestring ...
[207/261] cREXX compile and assemble parse ...
[208/261] cREXX compile and assemble datatype ...
[209/261] cREXX compile and assemble arrayfind ...
[210/261] cREXX compile and assemble splice ...
[211/261] cREXX compile and assemble arrayinsert ...
[212/261] cREXX compile and assemble arraydelete ...
[213/261] cREXX compile and assemble arrayappend ...
[214/261] cREXX compile and assemble arrayprepend ...
[215/261] cREXX compile and assemble objectarrayinsert ...
[216/261] cREXX compile and assemble objectarraydelete ...
[217/261] cREXX compile and assemble objectarrayappend ...
[218/261] cREXX compile and assemble objectarrayprepend ...
[219/261] cREXX compile and assemble objectarraydrop ...
[220/261] cREXX compile and assemble objectarraymove ...
[221/261] cREXX compile and assemble arraypop ...
[222/261] cREXX compile and assemble arrayshift ...
[223/261] cREXX compile and assemble arrayget ...
[224/261] cREXX compile and assemble arrayset ...
[225/261] cREXX compile and assemble arraycontains ...
[226/261] cREXX compile and assemble arrayindexof ...
[227/261] cREXX compile and assemble arrayreverse ...
[228/261] cREXX compile and assemble arrayjoin ...
[229/261] cREXX compile and assemble arraysort ...
[230/261] cREXX compile and assemble arraycopy ...
[231/261] cREXX compile and assemble arraydrop ...
[232/261] cREXX compile and assemble arrayhi ...
[233/261] cREXX compile and assemble arraymove ...
[234/261] cREXX compile and assemble fmtmask ...
[235/261] cREXX compile and assemble compilemask ...
[236/261] cREXX compile and assemble runmask ...
[237/261] cREXX compile and assemble parseExec ...
[238/261] cREXX compile and assemble stem ...
[239/261] cREXX compile and assemble rxjson ...
[240/261] cREXX compile and assemble rxsocket ...
[241/261] cREXX compile and assemble rxhttp ...
[242/261] cREXX compile and assemble wordrep ...
[243/261] cREXX REXX Library Archive ...
[244/261] cREXX Linked Library Image ...
[245/261] Building Query.rxbin
[246/261] Building Dump.rxbin
[247/261] Building Fsay.rxbin
[248/261] Building Msay.rxbin
[249/261] Building Add.rxbin
[250/261] Building Sort.rxbin
[251/261] Building Sortx.rxbin
[252/261] Building Execio.rxbin
[253/261] Building Substr.rxbin
[254/261] Building RexxScript.rxbin
[255/261] Building Parse.rxbin
[256/261] Building Signal.rxbin
[257/261] Building Address.rxbin
[258/261] Building Trace.rxbin
[259/261] Building rxcexits.rxbin (bundled via concatenation)
[260/261] Generating benchmark_rexxcps_levelb_opt.rxbin
