Command: cmake --build cmake-build-debug --target rxfs_test --parallel 4
ASAN_OPTIONS=detect_leaks=0

[0/2] Re-checking globbed directories...
[1/290] Building C object rxpa/CMakeFiles/rxpa.dir/rxpa.c.o
[2/290] Building C object assembler/CMakeFiles/rxaslib.dir/rxas_flow_batch.c.o
[3/290] Building C object assembler/CMakeFiles/rxaslib.dir/rxas_opt.c.o
[4/290] Building C object assembler/CMakeFiles/rxaslib.dir/rxas_flow.c.o
[5/290] Building C object assembler/CMakeFiles/rxaslib.dir/rxas_flow_rewrite.c.o
[6/290] Building C object assembler/CMakeFiles/rxaslib.dir/rxas_flow_graph.c.o
[7/290] Building C object assembler/CMakeFiles/rxaslib.dir/rxas_flow_signal.c.o
[8/290] Building C object assembler/CMakeFiles/rxaslib.dir/rxas_flow_use.c.o
[9/290] Building C object assembler/CMakeFiles/rxaslib.dir/rxas_flow_ssa.c.o
[10/290] Building C object assembler/CMakeFiles/rxaslib.dir/rxasgrmr.c.o
[11/290] Building C object assembler/CMakeFiles/rxaslib.dir/rxaslib.c.o
[12/290] Building C object assembler/CMakeFiles/rxaslib.dir/rxas_flow_proof.c.o
[13/290] Building C object assembler/CMakeFiles/rxaslib.dir/rxasassm.c.o
[14/290] Building C object assembler/CMakeFiles/rxaslib.dir/rxas_dsl.c.o
[15/290] Building C object interpreter/CMakeFiles/rxbvm_core_objects.dir/rxvmprogram.c.o
[16/290] Building C object interpreter/CMakeFiles/rxbvm_core_objects.dir/rxvmchannel.c.o
[17/290] Building C object interpreter/CMakeFiles/rxbvm_core_objects.dir/rxvmexecutor.c.o
[18/290] Building C object interpreter/CMakeFiles/rxbvm_core_objects.dir/rxvmchannel_process.c.o
[19/290] Building C object interpreter/CMakeFiles/rxbvm_core_objects.dir/rxvmactive.c.o
[20/290] Building C object interpreter/CMakeFiles/rxbvm_core_objects.dir/rxvmchannel_child.c.o
[21/290] Building C object interpreter/CMakeFiles/rxbvm_core_objects.dir/rxvmload.c.o
[22/290] Building C object interpreter/CMakeFiles/rxbvm_core_objects.dir/interrupt.c.o
[23/290] Building C object interpreter/CMakeFiles/rxbvm_core_objects.dir/exitfunc.c.o
[24/290] Building C object interpreter/CMakeFiles/rxbvm_core_objects.dir/rxspawn.c.o
[25/290] Building C object interpreter/CMakeFiles/rxbvm_core_objects.dir/rxcrexxcmd.c.o
[26/290] Building C object interpreter/CMakeFiles/rxbvm_core_objects.dir/rxpacallmethod.c.o
[27/290] Building C object interpreter/CMakeFiles/rxbvm_core_objects.dir/rxpafuncs.c.o
[28/290] Building C object interpreter/CMakeFiles/rxbvm_core_objects.dir/rxvml/rxvm_run.c.o
[29/290] Building C object interpreter/CMakeFiles/rxbvml.dir/rxvmlib.c.o
[30/290] Linking C static library bin/librxpa.a
[31/290] Building C object interpreter/CMakeFiles/rxbvml.dir/rxvml.c.o
[32/290] Linking C static library bin/librxaslib.a
[33/290] Building C object assembler/CMakeFiles/rxas.dir/rxasmain.c.o
[34/290] Building C object interpreter/CMakeFiles/rxvm_platform_objects.dir/rxvmsock.c.o
[35/290] Building C object interpreter/CMakeFiles/rxpashim.dir/rxpashim.c.o
[36/290] Linking C executable bin/rxas
[37/290] Building C object lib/plugins/fs/CMakeFiles/fs_static.dir/rxfs.c.o
[38/290] Building C object lib/plugins/fs/CMakeFiles/fs.dir/rxfs.c.o
[39/290] Building C object interpreter/CMakeFiles/rxtvm_core_objects.dir/rxvmprogram.c.o
[40/290] Building C object interpreter/CMakeFiles/rxtvm_core_objects.dir/rxvmexecutor.c.o
[41/290] Building C object interpreter/CMakeFiles/rxtvm_core_objects.dir/rxvmchannel.c.o
[42/290] Building C object interpreter/CMakeFiles/rxbvm_core_objects.dir/rxvmintp.c.o
[43/290] Linking C static library bin/librxbvml.a
[44/290] Building C object interpreter/CMakeFiles/rxtvm_core_objects.dir/rxvmchannel_process.c.o
[45/290] cREXX assemble _elapsed ...
[46/290] Building C object compiler/CMakeFiles/rxclib.dir/rxcpmain.c.o
[47/290] Building C object compiler/CMakeFiles/rxclib.dir/rxcp_ast_core.c.o
[48/290] Building C object compiler/CMakeFiles/rxclib.dir/rxcp_ast_print.c.o
[49/290] Building C object compiler/CMakeFiles/rxclib.dir/rxcp_ast_walk.c.o
[50/290] Building C object compiler/CMakeFiles/rxclib.dir/rxcp_diag_fallback.c.o
[51/290] Building C object compiler/CMakeFiles/rxclib.dir/rxcp_util.c.o
[52/290] Building C object compiler/CMakeFiles/rxclib.dir/rxcp_dsl.c.o
[53/290] Building C object compiler/CMakeFiles/rxclib.dir/rxcp_source_tree.c.o
[54/290] Building C object compiler/CMakeFiles/rxclib.dir/rxcp_highlight_controller.c.o
[55/290] Building C object compiler/CMakeFiles/rxclib.dir/rxcp_source_ext.c.o
[56/290] Building C object compiler/CMakeFiles/rxclib.dir/rxcp_srcmap.c.o
[57/290] Building C object compiler/CMakeFiles/rxclib.dir/rxcpopgr.c.o
[58/290] Building C object compiler/CMakeFiles/rxclib.dir/rxcposcn.c.o
[59/290] Building C object compiler/CMakeFiles/rxclib.dir/rxcpopar.c.o
[60/290] Building C object compiler/CMakeFiles/rxclib.dir/rxcpbpar.c.o
[61/290] Building C object compiler/CMakeFiles/rxclib.dir/rxcpbgmr.c.o
[62/290] Building C object compiler/CMakeFiles/rxclib.dir/rexcscan.c.o
[63/290] Building C object compiler/CMakeFiles/rxclib.dir/rxcpcpar.c.o
[64/290] Building C object interpreter/CMakeFiles/rxtvm_core_objects.dir/rxvmintp.c.o
[65/290] Building C object compiler/CMakeFiles/rxclib.dir/rxcpcgmr.c.o
[66/290] Building C object compiler/CMakeFiles/rxclib.dir/rxcpcdiag.c.o
[67/290] Building C object compiler/CMakeFiles/rxclib.dir/rxcpcsym.c.o
[68/290] Building C object compiler/CMakeFiles/rxclib.dir/rxcpcval.c.o
[69/290] Building C object compiler/CMakeFiles/rxclib.dir/rxcp_val_sym.c.o
[70/290] Building C object compiler/CMakeFiles/rxclib.dir/rxcp_val_trans.c.o
[71/290] Building C object compiler/CMakeFiles/rxclib.dir/rxcp_val_type.c.o
[72/290] Building C object compiler/CMakeFiles/rxclib.dir/rxcp_ast_rewrite.c.o
[73/290] Building C object compiler/CMakeFiles/rxclib.dir/rxcp_val_check.c.o
[74/290] Building C object compiler/CMakeFiles/rxclib.dir/rxcp_val_plugin.c.o
[75/290] Building C object compiler/CMakeFiles/rxclib.dir/rxcp_fixup.c.o
[76/290] Building C object compiler/CMakeFiles/rxclib.dir/rxcp_val_orch.c.o
[77/290] Building C object compiler/CMakeFiles/rxclib.dir/rxcpsymb.c.o
[78/290] Building C object compiler/CMakeFiles/rxclib.dir/rxcp_remap.c.o
[79/290] Building C object compiler/CMakeFiles/rxclib.dir/rxcp_ast_val.c.o
[80/290] Building C object compiler/CMakeFiles/rxclib.dir/rxcp_remap_build.c.o
[81/290] Building C object compiler/CMakeFiles/rxclib.dir/rxcp_task_lower.c.o
[82/290] Building C object compiler/CMakeFiles/rxclib.dir/rxcp_levelc_lower.c.o
[83/290] Building C object compiler/CMakeFiles/rxclib.dir/rxcp_inline_rules.c.o
[84/290] Building C object compiler/CMakeFiles/rxclib.dir/rexbscan.c.o
[85/290] Building C object compiler/CMakeFiles/rxclib.dir/rxcpemit.c.o
[86/290] Building C object compiler/CMakeFiles/rxclib.dir/rxcp_emit_core.c.o
[87/290] Building C object compiler/CMakeFiles/rxclib.dir/rxcp_emit_super.c.o
[88/290] Building C object compiler/CMakeFiles/rxclib.dir/rxcp_emit_reg.c.o
[89/290] Building C object compiler/CMakeFiles/rxclib.dir/rxcp_inline.c.o
[90/290] Building C object compiler/CMakeFiles/rxclib.dir/rxcp_emit_flow.c.o
[91/290] Building C object compiler/CMakeFiles/rxclib.dir/rxcp_emit_expr.c.o
[92/290] Building C object compiler/CMakeFiles/rxclib.dir/rxcp_emit_proc.c.o
[93/290] Building C object compiler/CMakeFiles/rxclib.dir/rxcp_emit_meta.c.o
[94/290] Building C object compiler/CMakeFiles/rxclib.dir/rxcp_dispatch.c.o
[95/290] Building C object compiler/CMakeFiles/rxclib.dir/rxcp_flow.c.o
[96/290] Building C object compiler/CMakeFiles/rxclib.dir/rxcp_partial_call.c.o
[97/290] Building C object compiler/CMakeFiles/rxclib.dir/rxcp_opt.c.o
[98/290] Building C object compiler/CMakeFiles/rxclib.dir/rxcp_import_report.c.o
[99/290] Building C object compiler/CMakeFiles/rxclib.dir/rxcp_project_dependencies.c.o
[100/290] cREXX RXAS Library Archive ...
[101/290] Building C object compiler/CMakeFiles/rxclib.dir/rxcp_exit.c.o
[102/290] Building C object interpreter/CMakeFiles/rxtvm_core_objects.dir/rxvmactive.c.o
[103/290] Building C object compiler/CMakeFiles/rxclib.dir/rxcpfunc.c.o
[104/290] Building C object interpreter/CMakeFiles/rxtvm_core_objects.dir/rxvmchannel_child.c.o
[105/290] Building C object interpreter/CMakeFiles/rxtvm_core_objects.dir/interrupt.c.o
[106/290] Linking C static library bin/librxclib.a
[107/290] Building C object interpreter/CMakeFiles/rxtvm_core_objects.dir/rxvmload.c.o
[108/290] Building C object interpreter/CMakeFiles/rxtvm_core_objects.dir/rxspawn.c.o
[109/290] Linking C executable bin/rxc
[110/290] Building C object interpreter/CMakeFiles/rxtvm_core_objects.dir/rxcrexxcmd.c.o
[111/290] Building C object interpreter/CMakeFiles/rxtvm_core_objects.dir/exitfunc.c.o
[112/290] Building C object interpreter/CMakeFiles/rxtvm_core_objects.dir/rxpacallmethod.c.o
[113/290] Building C object interpreter/CMakeFiles/rxtvm_core_objects.dir/rxpafuncs.c.o
[114/290] Building C object interpreter/CMakeFiles/rxtvm_core_objects.dir/rxvml/rxvm_run.c.o
[115/290] Building C object interpreter/CMakeFiles/rxbvm.dir/rxvmmain.c.o
[116/290] Building C object interpreter/CMakeFiles/rxtvm.dir/rxvmmain.c.o
[117/290] Linking C static library bin/librxpashim.a
[118/290] Linking C shared module bin/rxfs.rxplugin
[119/290] Linking C static library bin/rxfs_static.a
[120/290] Linking C executable bin/rxbvm
[121/290] Linking C executable bin/rxtvm
[122/290] Building token.rxbin
[123/290] cREXX compile and assemble _address ...
[124/290] cREXX compile and assemble _rxsystem ...
[125/290] cREXX compile and assemble _jdn ...
[126/290] cREXX compile and assemble _datei ...
[127/290] cREXX compile and assemble _dateo ...
[128/290] cREXX compile and assemble _ftrunc ...
[129/290] cREXX compile and assemble _itrunc ...
[130/290] cREXX compile and assemble _typedformat ...
[131/290] cREXX compile and assemble abbrev ...
[132/290] cREXX compile and assemble abs ...
[133/290] cREXX compile and assemble intabs ...
[134/290] cREXX compile and assemble floatabs ...
[135/290] cREXX compile and assemble b2x ...
[136/290] cREXX compile and assemble b2d ...
[137/290] cREXX compile and assemble binary ...
[138/290] cREXX compile and assemble c2x ...
[139/290] cREXX compile and assemble c2d ...
[140/290] cREXX compile and assemble center ...
[141/290] cREXX compile and assemble centre ...
[142/290] cREXX compile and assemble changestr ...
[143/290] cREXX compile and assemble compare ...
[144/290] cREXX compile and assemble copies ...
[145/290] cREXX compile and assemble countstr ...
[146/290] cREXX compile and assemble d2b ...
[147/290] cREXX compile and assemble d2c ...
[148/290] cREXX compile and assemble d2x ...
[149/290] cREXX compile and assemble date ...
[150/290] cREXX compile and assemble delstr ...
[151/290] cREXX compile and assemble delword ...
[152/290] cREXX compile and assemble fileio ...
[153/290] cREXX compile and assemble filter ...
[154/290] cREXX compile and assemble format ...
[155/290] cREXX compile and assemble intformat ...
[156/290] cREXX compile and assemble floatformat ...
[157/290] cREXX compile and assemble fnv ...
[158/290] cREXX compile and assemble getenv ...
[159/290] cREXX compile and assemble insert ...
[160/290] cREXX compile and assemble length ...
[161/290] cREXX compile and assemble linesize ...
[162/290] cREXX compile and assemble loadmodule ...
[163/290] cREXX compile and assemble lower ...
[164/290] cREXX compile and assemble max ...
[165/290] cREXX compile and assemble intmax ...
[166/290] cREXX compile and assemble floatmax ...
[167/290] cREXX compile and assemble min ...
[168/290] cREXX compile and assemble intmin ...
[169/290] cREXX compile and assemble floatmin ...
[170/290] cREXX compile and assemble numeric ...
[171/290] cREXX compile and assemble overlay ...
[172/290] cREXX compile and assemble pos ...
[173/290] cREXX compile and assemble qscan ...
[174/290] cREXX compile and assemble qpos ...
[175/290] cREXX compile and assemble qsplit ...
[176/290] cREXX compile and assemble qsplitsafe ...
[177/290] cREXX compile and assemble qextractall ...
[178/290] cREXX compile and assemble qextractpair ...
[179/290] cREXX compile and assemble qstripcomment ...
[180/290] cREXX compile and assemble qremoveall ...
[181/290] cREXX compile and assemble fsayfmt ...
[182/290] cREXX compile and assemble lastpos ...
[183/290] cREXX compile and assemble left ...
[184/290] cREXX compile and assemble right ...
[185/290] cREXX compile and assemble raise ...
[186/290] cREXX compile and assemble reverse ...
[187/290] cREXX compile and assemble signal ...
[188/290] cREXX compile and assemble trace ...
[189/290] cREXX compile and assemble sign ...
[190/290] cREXX compile and assemble intsign ...
[191/290] cREXX compile and assemble floatsign ...
[192/290] cREXX compile and assemble space ...
[193/290] cREXX compile and assemble strip ...
[194/290] cREXX compile and assemble substr ...
[195/290] cREXX compile and assemble substro ...
[196/290] cREXX compile and assemble symbol ...
[197/290] cREXX compile and assemble time ...
[198/290] cREXX compile and assemble translate ...
[199/290] cREXX compile and assemble trunc ...
[200/290] cREXX compile and assemble floattrunc ...
[201/290] cREXX compile and assemble upper ...
[202/290] cREXX compile and assemble value ...
[203/290] cREXX compile and assemble verify ...
[204/290] cREXX compile and assemble version ...
[205/290] cREXX compile and assemble sourceinfo ...
[206/290] cREXX compile and assemble word ...
[207/290] cREXX compile and assemble words ...
[208/290] cREXX compile and assemble wordindex ...
[209/290] cREXX compile and assemble subword ...
[210/290] cREXX compile and assemble wordlength ...
[211/290] cREXX compile and assemble wordpos ...
[212/290] cREXX compile and assemble qword ...
[213/290] cREXX compile and assemble qwordlength ...
[214/290] cREXX compile and assemble qwords ...
[215/290] cREXX compile and assemble qwordindex ...
[216/290] cREXX compile and assemble qwordpos ...
[217/290] cREXX compile and assemble qsubword ...
[218/290] cREXX compile and assemble regex ...
[219/290] cREXX compile and assemble x2b ...
[220/290] cREXX compile and assemble x2c ...
[221/290] cREXX compile and assemble x2d ...
[222/290] cREXX compile and assemble random ...
[223/290] cREXX compile and assemble reradix ...
[224/290] cREXX compile and assemble sequence ...
[225/290] cREXX compile and assemble find ...
[226/290] cREXX compile and assemble index ...
[227/290] cREXX compile and assemble xrange ...
[228/290] cREXX compile and assemble parsecompile ...
[229/290] cREXX compile and assemble parsestring ...
[230/290] cREXX compile and assemble parse ...
[231/290] cREXX compile and assemble datatype ...
[232/290] cREXX compile and assemble arrayfind ...
[233/290] cREXX compile and assemble splice ...
[234/290] cREXX compile and assemble arrayinsert ...
[235/290] cREXX compile and assemble arraydelete ...
[236/290] cREXX compile and assemble arrayappend ...
[237/290] cREXX compile and assemble arrayprepend ...
[238/290] cREXX compile and assemble objectarrayinsert ...
[239/290] cREXX compile and assemble objectarraydelete ...
[240/290] cREXX compile and assemble objectarrayappend ...
[241/290] cREXX compile and assemble objectarrayprepend ...
[242/290] cREXX compile and assemble objectarraydrop ...
[243/290] cREXX compile and assemble objectarraymove ...
[244/290] cREXX compile and assemble arraypop ...
[245/290] cREXX compile and assemble arrayshift ...
[246/290] cREXX compile and assemble arrayget ...
[247/290] cREXX compile and assemble arrayset ...
[248/290] cREXX compile and assemble arraycontains ...
[249/290] cREXX compile and assemble arrayindexof ...
[250/290] cREXX compile and assemble arrayreverse ...
[251/290] cREXX compile and assemble arrayjoin ...
[252/290] cREXX compile and assemble arraysort ...
[253/290] cREXX compile and assemble arraycopy ...
[254/290] cREXX compile and assemble arraydrop ...
[255/290] cREXX compile and assemble arrayhi ...
[256/290] cREXX compile and assemble arraymove ...
[257/290] cREXX compile and assemble fmtmask ...
[258/290] cREXX compile and assemble compilemask ...
[259/290] cREXX compile and assemble runmask ...
[260/290] cREXX compile and assemble stem ...
[261/290] cREXX compile and assemble rxjson ...
[262/290] cREXX compile and assemble rxsocket ...
[263/290] cREXX compile and assemble wordrep ...
[264/290] cREXX compile and assemble rxqueue ...
[265/290] cREXX compile and assemble afterword ...
[266/290] cREXX REXX Library Archive ...
[267/290] cREXX Linked Library Image ...
[268/290] Staging deterministic compiler-exit imports ...
[269/290] Building Query.rxbin
[270/290] Building Dump.rxbin
[271/290] Building Sort.rxbin
[272/290] Building Sortx.rxbin
[273/290] Building Add.rxbin
[274/290] Building Fsay.rxbin
[275/290] Building Execio.rxbin
[276/290] Building Msay.rxbin
[277/290] Building Signal.rxbin
[278/290] Building Trace.rxbin
[279/290] Building Substr.rxbin
[280/290] Building RexxScript.rxbin
[281/290] Building Dummy.rxbin
[282/290] Building Queue.rxbin
[283/290] Building Address.rxbin
[284/290] Building Parse.rxbin
[285/290] Building rxcexits.rxbin (bundled via concatenation)
[286/290] Generating rxfs_rxtvm_noopt.rxbin
[287/290] Generating rxfs_rxbvm_noopt.rxbin
[288/290] Generating rxfs_rxbvm_opt.rxbin
[289/290] Generating rxfs_rxtvm_opt.rxbin
