[0/2] Re-checking globbed directories...
[1/134] Clearing stale class library member images ...
[2/134] Building C object interpreter/CMakeFiles/rxvm_core_objects.dir/exitfunc.c.o
[3/134] Building C object interpreter/CMakeFiles/rxpashim.dir/rxpashim.c.o
[4/134] Building C object cpacker/CMakeFiles/rxcpack.dir/rxcpack.c.o
[5/134] Building C object interpreter/CMakeFiles/rxvm_core_objects.dir/interrupt.c.o
[6/134] Building C object interpreter/CMakeFiles/rxvm_core_objects.dir/rxvmload.c.o
[7/134] Building C object interpreter/CMakeFiles/rxvm_core_objects.dir/rxpafuncs.c.o
[8/134] Building C object interpreter/CMakeFiles/rxvm_core_objects.dir/rxcrexxcmd.c.o
[9/134] Building C object interpreter/CMakeFiles/rxvm_core_objects.dir/rxspawn.c.o
[10/134] cREXX compile and assemble Qfind ...
[11/134] cREXX compile and assemble ObjectComparator ...
[12/134] cREXX compile and assemble ObjectIterator ...
[13/134] cREXX compile and assemble ObjectPrintable ...
[14/134] cREXX compile and assemble StringIterator ...
[15/134] cREXX compile and assemble ObjectLinkedList ...
[16/134] cREXX compile and assemble ObjectStack ...
[17/134] cREXX compile and assemble StringLinkedList ...
[18/134] cREXX compile and assemble StringStack ...
[19/134] cREXX compile and assemble RexxComparator ...
[20/134] cREXX compile and assemble ObjectIterable ...
[21/134] cREXX compile and assemble ObjectObjectTreeMapIterator ...
[22/134] cREXX compile and assemble StringIterable ...
[23/134] cREXX compile and assemble StringTreeSetIterator ...
[24/134] cREXX compile and assemble StringHashMapIterator ...
[25/134] cREXX compile and assemble Scanlex ...
[26/134] cREXX compile and assemble StringHashSetIterator ...
[27/134] cREXX compile and assemble StringObjectHashMapIterator ...
[28/134] Linking C executable bin/rxcpack
[29/134] cREXX compile and assemble StringObjectTreeMapIterator ...
[30/134] cREXX compile and assemble ObjectArrayList ...
[31/134] Building C object interpreter/CMakeFiles/rxvm_core_objects.dir/rxvml/rxvm_run.c.o
[32/134] cREXX compile and assemble StringTreeMapIterator ...
[33/134] Building C object interpreter/CMakeFiles/rxvml.dir/rxvmlib.c.o
[34/134] Linking C static library bin/librxpashim.a
[35/134] cREXX compile and assemble StringArrayList ...
[36/134] Building C object lib/plugins/system/CMakeFiles/_system.dir/system.c.o
[37/134] cREXX compile and assemble StringTreeSet ...
[38/134] cREXX compile and assemble ObjectObjectTreeMap ...
[39/134] C Packing cREXX RXFNSB Library ...
[40/134] cREXX compile and assemble StringHashSet ...
[41/134] Building C object lib/plugins/system/CMakeFiles/_system_static.dir/system.c.o
[42/134] Building C object interpreter/CMakeFiles/rxvml.dir/rxvml.c.o
[43/134] cREXX compile and assemble ObjectArrayListIterator ...
[44/134] Building C object interpreter/CMakeFiles/rxvme.dir/rxvmmain.c.o
[45/134] cREXX compile and assemble Rexx ...
[46/134] Linking C shared module bin/rx_system.rxplugin
[47/134] Linking C static library bin/rx_system_static.a
[48/134] cREXX compile and assemble StringArrayListIterator ...
[49/134] Building C object interpreter/CMakeFiles/rxvm.dir/rxvmmain.c.o
[50/134] Building C object interpreter/CMakeFiles/rxbvm.dir/rxvmmain.c.o
[51/134] Linking C executable bin/rxbvm
[52/134] cREXX compile and assemble StringObjectHashMap ...
[53/134] cREXX compile and assemble StringHashMap ...
[54/134] cREXX compile and assemble StringOldTreeMap ...
[55/134] Building C object interpreter/CMakeFiles/rxvme.dir/library.c.o
[56/134] cREXX compile and assemble StringTreeMap ...
[57/134] cREXX compile and assemble StringObjectTreeMap ...
[58/134] cREXX Linked Class Library Image ...
[59/134] Clearing stale rxfnsc runtime member images ...
[60/134] cREXX compile and assemble rxfnsc runtime RexxClassicCharacterScan ...
[61/134] cREXX compile and assemble rxfnsc runtime RexxValue ...
[62/134] cREXX compile and assemble rxfnsc runtime RexxClassicState ...
[63/134] cREXX compile and assemble rxfnsc runtime RexxStem ...
[64/134] cREXX compile and assemble rxfnsc runtime RexxClassicConfig ...
[65/134] cREXX compile and assemble rxfnsc runtime RexxClassicEncoding ...
[66/134] cREXX compile and assemble rxfnsc runtime RexxClassicCharacterOps ...
[67/134] cREXX compile and assemble rxfnsc runtime RexxClassicDatatype ...
[68/134] cREXX compile and assemble rxfnsc runtime RexxVariablePool ...
[69/134] cREXX compile and assemble rxfnsc runtime RexxClassicBifs ...
[70/134] cREXX compile and assemble rxfnsc runtime RexxClassicBifC2x ...
[71/134] cREXX compile and assemble rxfnsc runtime RexxClassicBifD2x ...
[72/134] cREXX compile and assemble rxfnsc runtime RexxClassicBifB2x ...
[73/134] cREXX compile and assemble rxfnsc runtime RexxClassicBifAbs ...
[74/134] cREXX compile and assemble rxfnsc runtime RexxClassicBifAddress ...
[75/134] cREXX compile and assemble rxfnsc runtime RexxClassicBifAbbrev ...
[76/134] cREXX compile and assemble rxfnsc runtime RexxClassicBifX2d ...
[77/134] cREXX compile and assemble rxfnsc runtime RexxClassicBifChangestr ...
[78/134] cREXX compile and assemble rxfnsc runtime RexxClassicBifCenter ...
[79/134] cREXX compile and assemble rxfnsc runtime RexxClassicBifCompare ...
[80/134] cREXX compile and assemble rxfnsc runtime RexxClassicBifD2c ...
[81/134] cREXX compile and assemble rxfnsc runtime RexxClassicBifDatatype ...
[82/134] cREXX compile and assemble rxfnsc runtime RexxClassicBifCopies ...
[83/134] cREXX compile and assemble rxfnsc runtime RexxClassicBifCountstr ...
[84/134] cREXX compile and assemble rxfnsc runtime RexxClassicBifC2d ...
[85/134] cREXX compile and assemble rxfnsc runtime RexxClassicBifDelstr ...
[86/134] cREXX compile and assemble rxfnsc runtime RexxClassicBifDate ...
[87/134] cREXX compile and assemble rxfnsc runtime RexxClassicBifDelword ...
[88/134] cREXX compile and assemble rxfnsc runtime RexxClassicBifLastpos ...
[89/134] cREXX compile and assemble rxfnsc runtime RexxClassicBifLeft ...
[90/134] cREXX compile and assemble rxfnsc runtime RexxClassicBifLength ...
[91/134] cREXX compile and assemble rxfnsc runtime RexxClassicBifInsert ...
[92/134] cREXX compile and assemble rxfnsc runtime RexxClassicBifMax ...
[93/134] cREXX compile and assemble rxfnsc runtime RexxClassicBifMin ...
[94/134] cREXX compile and assemble rxfnsc runtime RexxClassicBifFormat ...
[95/134] cREXX compile and assemble rxfnsc runtime RexxClassicBifOverlay ...
[96/134] cREXX compile and assemble rxfnsc runtime RexxClassicBifNumeric ...
[97/134] cREXX compile and assemble rxfnsc runtime RexxClassicBifPos ...
[98/134] cREXX compile and assemble rxfnsc runtime RexxClassicBifRandom ...
[99/134] cREXX compile and assemble rxfnsc runtime RexxClassicBifRight ...
[100/134] cREXX compile and assemble rxfnsc runtime RexxClassicBifReverse ...
[101/134] cREXX compile and assemble rxfnsc runtime RexxClassicBifSpace ...
[102/134] cREXX compile and assemble rxfnsc runtime RexxClassicBifSign ...
[103/134] cREXX compile and assemble rxfnsc runtime RexxClassicBifStrip ...
[104/134] cREXX compile and assemble rxfnsc runtime RexxClassicBifSubstr ...
[105/134] cREXX compile and assemble rxfnsc runtime RexxClassicBifSubword ...
[106/134] cREXX compile and assemble rxfnsc runtime RexxClassicBifSymbol ...
[107/134] cREXX compile and assemble rxfnsc runtime RexxClassicBifTrace ...
[108/134] cREXX compile and assemble rxfnsc runtime RexxClassicBifTime ...
[109/134] cREXX compile and assemble rxfnsc runtime RexxClassicBifTranslate ...
[110/134] cREXX compile and assemble rxfnsc runtime RexxClassicBifValue ...
[111/134] cREXX compile and assemble rxfnsc runtime RexxClassicBifTrunc ...
[112/134] cREXX compile and assemble rxfnsc runtime RexxClassicBifVerify ...
[113/134] cREXX compile and assemble rxfnsc runtime RexxClassicBifWord ...
[114/134] cREXX compile and assemble rxfnsc runtime RexxClassicBifWordindex ...
[115/134] cREXX compile and assemble rxfnsc runtime RexxClassicBifWordlength ...
[116/134] cREXX compile and assemble rxfnsc runtime RexxClassicBifWords ...
[117/134] cREXX compile and assemble rxfnsc runtime RexxClassicBifX2b ...
[118/134] cREXX compile and assemble rxfnsc runtime RexxClassicBifX2c ...
[119/134] cREXX compile and assemble rxfnsc runtime RexxClassicBifXrange ...
[120/134] cREXX compile and assemble rxfnsc runtime RexxClassicBifWordpos ...
[121/134] cREXX Linked rxfnsc Runtime Library Image ...
[122/134] Clearing stale RexxScript runtime member images ...
[123/134] cREXX compile and assemble RexxScript runtime RexxScriptEvaluator ...
[124/134] cREXX compile and assemble RexxScript runtime RexxScriptRuntime ...
[125/134] cREXX compile and assemble RexxScript runtime RexxScriptEvaluateCompat ...
[126/134] cREXX Linked RexxScript Runtime Library Image ...
[127/134] Building C object interpreter/CMakeFiles/rxvm_core_objects.dir/rxvmintp.c.o
[128/134] Linking C static library bin/librxvml.a
[129/134] Linking C executable bin/rxvm
[130/134] Linking C executable bin/rxvme
[131/134] cREXX compile, assemble, link and package crexx ...
[132/134] Building C object crexx_driver/CMakeFiles/crexx.dir/crexx.c.o
[133/134] Linking C executable bin/crexx
