Node: type=71 (PARSE_TREE_FILE), pos=0, len=886, sev=48
  Node: type=38 (LEXER_COMMENT), pos=0, len=38, sev=48, text="/* Valid rxas test code with errors */"
  Node: type=47 (LEXER_STATEMENT_SEPARATOR), pos=38, len=1, sev=48, text=""
  Node: type=33 (LEXER_WHITESPACE), pos=39, len=10, sev=48, text="          "
  Node: type=37 (LEXER_PREPROCESSOR), pos=49, len=8, sev=48, text=".globals"
  Node: type=43 (LEXER_OPERATOR_ASSIGN), pos=57, len=1, sev=48, text="="
  Node: type=40 (LEXER_NUMBER_LITERAL), pos=58, len=1, sev=48, text="0"
  Node: type=47 (LEXER_STATEMENT_SEPARATOR), pos=59, len=1, sev=48, text=""
  Node: type=54 (LEXER_IDENTIFIER), pos=60, len=7, sev=48, text="words()"
  Node: type=33 (LEXER_WHITESPACE), pos=67, len=3, sev=48, text="   "
  Node: type=37 (LEXER_PREPROCESSOR), pos=70, len=7, sev=48, text=".locals"
  Node: type=43 (LEXER_OPERATOR_ASSIGN), pos=77, len=1, sev=48, text="="
  Node: type=40 (LEXER_NUMBER_LITERAL), pos=78, len=1, sev=48, text="8"
  Node: type=33 (LEXER_WHITESPACE), pos=79, len=1, sev=48, text=" "
  Node: type=37 (LEXER_PREPROCESSOR), pos=80, len=7, sev=48, text=".expose"
  Node: type=43 (LEXER_OPERATOR_ASSIGN), pos=87, len=1, sev=48, text="="
  Node: type=54 (LEXER_IDENTIFIER), pos=88, len=12, sev=48, text="rxfnsb.words"
  Node: type=47 (LEXER_STATEMENT_SEPARATOR), pos=100, len=1, sev=48, text=""
  Node: type=33 (LEXER_WHITESPACE), pos=101, len=3, sev=48, text="   "
  Node: type=37 (LEXER_PREPROCESSOR), pos=104, len=5, sev=48, text=".meta"
  Node: type=33 (LEXER_WHITESPACE), pos=109, len=1, sev=48, text=" "
  Node: type=39 (LEXER_STRING_LITERAL), pos=110, len=14, sev=48, text=""rxfnsb.words""
  Node: type=43 (LEXER_OPERATOR_ASSIGN), pos=124, len=1, sev=48, text="="
  Node: type=39 (LEXER_STRING_LITERAL), pos=125, len=3, sev=48, text=""b""
  Node: type=33 (LEXER_WHITESPACE), pos=128, len=1, sev=48, text=" "
  Node: type=39 (LEXER_STRING_LITERAL), pos=129, len=6, sev=48, text="".int""
  Node: type=33 (LEXER_WHITESPACE), pos=135, len=1, sev=48, text=" "
  Node: type=54 (LEXER_IDENTIFIER), pos=136, len=7, sev=48, text="words()"
  Node: type=33 (LEXER_WHITESPACE), pos=143, len=1, sev=48, text=" "
  Node: type=39 (LEXER_STRING_LITERAL), pos=144, len=19, sev=48, text=""string1 = .string""
  Node: type=47 (LEXER_STATEMENT_SEPARATOR), pos=163, len=1, sev=48, text=""
  Node: type=33 (LEXER_WHITESPACE), pos=164, len=4, sev=48, text="    "
  Node: type=38 (LEXER_COMMENT), pos=168, len=25, sev=48, text="/* string    = arg1    */"
  Node: type=47 (LEXER_STATEMENT_SEPARATOR), pos=193, len=1, sev=48, text=""
  Node: type=33 (LEXER_WHITESPACE), pos=194, len=3, sev=48, text="   "
  Node: type=41 (LEXER_KEYWORD), pos=197, len=4, sev=48, text="copy"
  Node: type=33 (LEXER_WHITESPACE), pos=201, len=2, sev=48, text="  "
  Node: type=57 (LEXER_CONSTANT_IDENTIFIER), pos=203, len=2, sev=48, text="r1"
  Node: type=46 (LEXER_SEPARATOR), pos=205, len=1, sev=48, text=","
  Node: type=57 (LEXER_CONSTANT_IDENTIFIER), pos=206, len=2, sev=48, text="a1"
  Node: type=47 (LEXER_STATEMENT_SEPARATOR), pos=208, len=1, sev=48, text=""
  Node: type=33 (LEXER_WHITESPACE), pos=209, len=3, sev=48, text="   "
  Node: type=41 (LEXER_KEYWORD), pos=212, len=4, sev=48, text="load"
  Node: type=33 (LEXER_WHITESPACE), pos=216, len=2, sev=48, text="  "
  Node: type=57 (LEXER_CONSTANT_IDENTIFIER), pos=218, len=2, sev=48, text="r3"
  Node: type=46 (LEXER_SEPARATOR), pos=220, len=1, sev=48, text=","
  Node: type=40 (LEXER_NUMBER_LITERAL), pos=221, len=1, sev=48, text="0"
  Node: type=33 (LEXER_WHITESPACE), pos=222, len=3, sev=48, text="   "
  Node: type=38 (LEXER_COMMENT), pos=225, len=22, sev=48, text="/* offset in string */"
  Node: type=47 (LEXER_STATEMENT_SEPARATOR), pos=247, len=1, sev=48, text=""
  Node: type=33 (LEXER_WHITESPACE), pos=248, len=3, sev=48, text="   "
  Node: type=41 (LEXER_KEYWORD), pos=251, len=6, sev=48, text="strlen"
  Node: type=33 (LEXER_WHITESPACE), pos=257, len=1, sev=48, text=" "
  Node: type=57 (LEXER_CONSTANT_IDENTIFIER), pos=258, len=2, sev=48, text="r4"
  Node: type=46 (LEXER_SEPARATOR), pos=260, len=1, sev=48, text=","
  Node: type=57 (LEXER_CONSTANT_IDENTIFIER), pos=261, len=2, sev=48, text="r1"
  Node: type=47 (LEXER_STATEMENT_SEPARATOR), pos=263, len=1, sev=48, text=""
  Node: type=33 (LEXER_WHITESPACE), pos=264, len=3, sev=48, text="   "
  Node: type=41 (LEXER_KEYWORD), pos=267, len=4, sev=48, text="load"
  Node: type=33 (LEXER_WHITESPACE), pos=271, len=2, sev=48, text="  "
  Node: type=57 (LEXER_CONSTANT_IDENTIFIER), pos=273, len=2, sev=48, text="r6"
  Node: type=46 (LEXER_SEPARATOR), pos=275, len=1, sev=48, text=","
  Node: type=40 (LEXER_NUMBER_LITERAL), pos=276, len=1, sev=48, text="0"
  Node: type=33 (LEXER_WHITESPACE), pos=277, len=3, sev=48, text="   "
  Node: type=38 (LEXER_COMMENT), pos=280, len=22, sev=48, text="/* word count       */"
  Node: type=47 (LEXER_STATEMENT_SEPARATOR), pos=302, len=1, sev=48, text=""
  Node: type=54 (LEXER_IDENTIFIER), pos=303, len=5, sev=48, text="loop:"
  Node: type=47 (LEXER_STATEMENT_SEPARATOR), pos=308, len=1, sev=48, text=""
  Node: type=33 (LEXER_WHITESPACE), pos=309, len=3, sev=48, text="   "
  Node: type=41 (LEXER_KEYWORD), pos=312, len=8, sev=48, text="fndnblnk"
  Node: type=33 (LEXER_WHITESPACE), pos=320, len=1, sev=48, text=" "
  Node: type=57 (LEXER_CONSTANT_IDENTIFIER), pos=321, len=2, sev=48, text="r3"
  Node: type=46 (LEXER_SEPARATOR), pos=323, len=1, sev=48, text=","
  Node: type=57 (LEXER_CONSTANT_IDENTIFIER), pos=324, len=2, sev=48, text="r1"
  Node: type=46 (LEXER_SEPARATOR), pos=326, len=1, sev=48, text=","
  Node: type=57 (LEXER_CONSTANT_IDENTIFIER), pos=327, len=2, sev=48, text="r3"
  Node: type=33 (LEXER_WHITESPACE), pos=329, len=3, sev=48, text="   "
  Node: type=38 (LEXER_COMMENT), pos=332, len=32, sev=48, text="/* find next non blank offset */"
  Node: type=47 (LEXER_STATEMENT_SEPARATOR), pos=364, len=1, sev=48, text=""
  Node: type=33 (LEXER_WHITESPACE), pos=365, len=3, sev=48, text="   "
  Node: type=41 (LEXER_KEYWORD), pos=368, len=3, sev=48, text="ilt"
  Node: type=33 (LEXER_WHITESPACE), pos=371, len=1, sev=48, text=" "
  Node: type=57 (LEXER_CONSTANT_IDENTIFIER), pos=372, len=2, sev=48, text="r5"
  Node: type=46 (LEXER_SEPARATOR), pos=374, len=1, sev=48, text=","
  Node: type=57 (LEXER_CONSTANT_IDENTIFIER), pos=375, len=2, sev=48, text="r3"
  Node: type=46 (LEXER_SEPARATOR), pos=377, len=1, sev=48, text=","
  Node: type=40 (LEXER_NUMBER_LITERAL), pos=378, len=1, sev=48, text="0"
  Node: type=33 (LEXER_WHITESPACE), pos=379, len=9, sev=48, text="         "
  Node: type=38 (LEXER_COMMENT), pos=388, len=38, sev=48, text="/* if <0, nothing found, end search */"
  Node: type=47 (LEXER_STATEMENT_SEPARATOR), pos=426, len=1, sev=48, text=""
  Node: type=33 (LEXER_WHITESPACE), pos=427, len=3, sev=48, text="   "
  Node: type=41 (LEXER_KEYWORD), pos=430, len=3, sev=48, text="brt"
  Node: type=33 (LEXER_WHITESPACE), pos=433, len=1, sev=48, text=" "
  Node: type=54 (LEXER_IDENTIFIER), pos=434, len=5, sev=48, text="break"
  Node: type=46 (LEXER_SEPARATOR), pos=439, len=1, sev=48, text=","
  Node: type=57 (LEXER_CONSTANT_IDENTIFIER), pos=440, len=2, sev=48, text="r5"
  Node: type=47 (LEXER_STATEMENT_SEPARATOR), pos=442, len=1, sev=48, text=""
  Node: type=33 (LEXER_WHITESPACE), pos=443, len=3, sev=48, text="   "
  Node: type=41 (LEXER_KEYWORD), pos=446, len=3, sev=48, text="inc"
  Node: type=33 (LEXER_WHITESPACE), pos=449, len=1, sev=48, text=" "
  Node: type=57 (LEXER_CONSTANT_IDENTIFIER), pos=450, len=2, sev=48, text="r6"
  Node: type=33 (LEXER_WHITESPACE), pos=452, len=14, sev=48, text="              "
  Node: type=38 (LEXER_COMMENT), pos=466, len=31, sev=48, text="/* else increase word count  */"
  Node: type=47 (LEXER_STATEMENT_SEPARATOR), pos=497, len=1, sev=48, text=""
  Node: type=33 (LEXER_WHITESPACE), pos=498, len=23, sev=48, text="                       "
  Node: type=38 (LEXER_COMMENT), pos=521, len=31, sev=48, text="/* offset of word is in R3   */"
  Node: type=47 (LEXER_STATEMENT_SEPARATOR), pos=552, len=1, sev=48, text=""
  Node: type=33 (LEXER_WHITESPACE), pos=553, len=3, sev=48, text="   "
  Node: type=41 (LEXER_KEYWORD), pos=556, len=7, sev=48, text="fndblnk"
  Node: type=33 (LEXER_WHITESPACE), pos=563, len=1, sev=48, text=" "
  Node: type=57 (LEXER_CONSTANT_IDENTIFIER), pos=564, len=2, sev=48, text="r3"
  Node: type=46 (LEXER_SEPARATOR), pos=566, len=1, sev=48, text=","
  Node: type=57 (LEXER_CONSTANT_IDENTIFIER), pos=567, len=2, sev=48, text="r1"
  Node: type=46 (LEXER_SEPARATOR), pos=569, len=1, sev=48, text=","
  Node: type=57 (LEXER_CONSTANT_IDENTIFIER), pos=570, len=2, sev=48, text="r3"
  Node: type=33 (LEXER_WHITESPACE), pos=572, len=4, sev=48, text="    "
  Node: type=38 (LEXER_COMMENT), pos=576, len=40, sev=48, text="/* from offset find next blank offset */"
  Node: type=47 (LEXER_STATEMENT_SEPARATOR), pos=616, len=1, sev=48, text=""
  Node: type=33 (LEXER_WHITESPACE), pos=617, len=3, sev=48, text="   "
  Node: type=41 (LEXER_KEYWORD), pos=620, len=3, sev=48, text="ilt"
  Node: type=33 (LEXER_WHITESPACE), pos=623, len=1, sev=48, text=" "
  Node: type=57 (LEXER_CONSTANT_IDENTIFIER), pos=624, len=2, sev=48, text="r5"
  Node: type=46 (LEXER_SEPARATOR), pos=626, len=1, sev=48, text=","
  Node: type=57 (LEXER_CONSTANT_IDENTIFIER), pos=627, len=2, sev=48, text="r3"
  Node: type=46 (LEXER_SEPARATOR), pos=629, len=1, sev=48, text=","
  Node: type=40 (LEXER_NUMBER_LITERAL), pos=630, len=1, sev=48, text="0"
  Node: type=33 (LEXER_WHITESPACE), pos=631, len=9, sev=48, text="         "
  Node: type=38 (LEXER_COMMENT), pos=640, len=40, sev=48, text="/* if <0, nothing found, end search   */"
  Node: type=47 (LEXER_STATEMENT_SEPARATOR), pos=680, len=1, sev=48, text=""
  Node: type=33 (LEXER_WHITESPACE), pos=681, len=3, sev=48, text="   "
  Node: type=41 (LEXER_KEYWORD), pos=684, len=3, sev=48, text="brt"
  Node: type=33 (LEXER_WHITESPACE), pos=687, len=1, sev=48, text=" "
  Node: type=54 (LEXER_IDENTIFIER), pos=688, len=5, sev=48, text="break"
  Node: type=46 (LEXER_SEPARATOR), pos=693, len=1, sev=48, text=","
  Node: type=57 (LEXER_CONSTANT_IDENTIFIER), pos=694, len=2, sev=48, text="r5"
  Node: type=47 (LEXER_STATEMENT_SEPARATOR), pos=696, len=1, sev=48, text=""
  Node: type=33 (LEXER_WHITESPACE), pos=697, len=3, sev=48, text="   "
  Node: type=41 (LEXER_KEYWORD), pos=700, len=3, sev=48, text="bct"
  Node: type=33 (LEXER_WHITESPACE), pos=703, len=1, sev=48, text=" "
  Node: type=54 (LEXER_IDENTIFIER), pos=704, len=4, sev=48, text="loop"
  Node: type=46 (LEXER_SEPARATOR), pos=708, len=1, sev=48, text=","
  Node: type=57 (LEXER_CONSTANT_IDENTIFIER), pos=709, len=2, sev=48, text="r4"
  Node: type=46 (LEXER_SEPARATOR), pos=711, len=1, sev=48, text=","
  Node: type=57 (LEXER_CONSTANT_IDENTIFIER), pos=712, len=2, sev=48, text="r3"
  Node: type=33 (LEXER_WHITESPACE), pos=714, len=6, sev=48, text="      "
  Node: type=38 (LEXER_COMMENT), pos=720, len=40, sev=48, text="/* then look for next non blank char  */"
  Node: type=47 (LEXER_STATEMENT_SEPARATOR), pos=760, len=1, sev=48, text=""
  Node: type=33 (LEXER_WHITESPACE), pos=761, len=3, sev=48, text="   "
  Node: type=47 (LEXER_STATEMENT_SEPARATOR), pos=764, len=1, sev=48, text=""
  Node: type=33 (LEXER_WHITESPACE), pos=765, len=3, sev=48, text="   "
  Node: type=38 (LEXER_COMMENT), pos=768, len=19, sev=48, text="/* Syntax Errors */"
  Node: type=47 (LEXER_STATEMENT_SEPARATOR), pos=787, len=1, sev=48, text=""
  Node: type=33 (LEXER_WHITESPACE), pos=788, len=3, sev=48, text="   "
  Node: type=54 (LEXER_IDENTIFIER), pos=791, len=19, sev=48, text="invalid_instruction"
  Node: type=120 (SYNTAX_ERROR), pos=791, len=19, sev=51
      Message: Error at "invalid_instruction", invalid instruction mnemonic
  Node: type=33 (LEXER_WHITESPACE), pos=810, len=1, sev=48, text=" "
  Node: type=57 (LEXER_CONSTANT_IDENTIFIER), pos=811, len=2, sev=48, text="r1"
  Node: type=46 (LEXER_SEPARATOR), pos=813, len=1, sev=48, text=","
  Node: type=57 (LEXER_CONSTANT_IDENTIFIER), pos=814, len=2, sev=48, text="r2"
  Node: type=47 (LEXER_STATEMENT_SEPARATOR), pos=816, len=1, sev=48, text=""
  Node: type=33 (LEXER_WHITESPACE), pos=817, len=3, sev=48, text="   "
  Node: type=41 (LEXER_KEYWORD), pos=820, len=4, sev=48, text="copy"
  Node: type=33 (LEXER_WHITESPACE), pos=824, len=1, sev=48, text=" "
  Node: type=57 (LEXER_CONSTANT_IDENTIFIER), pos=825, len=2, sev=48, text="r1"
  Node: type=46 (LEXER_SEPARATOR), pos=827, len=1, sev=48, text=","
  Node: type=33 (LEXER_WHITESPACE), pos=828, len=1, sev=48, text=" "
  Node: type=57 (LEXER_CONSTANT_IDENTIFIER), pos=829, len=2, sev=48, text="r2"
  Node: type=46 (LEXER_SEPARATOR), pos=831, len=1, sev=48, text=","
  Node: type=33 (LEXER_WHITESPACE), pos=832, len=1, sev=48, text=" "
  Node: type=57 (LEXER_CONSTANT_IDENTIFIER), pos=833, len=2, sev=48, text="r3"
  Node: type=46 (LEXER_SEPARATOR), pos=835, len=1, sev=48, text=","
  Node: type=120 (SYNTAX_ERROR), pos=835, len=1, sev=51
      Message: Error at ",", Expecting {newline} - max 3 operands
  Node: type=33 (LEXER_WHITESPACE), pos=836, len=1, sev=48, text=" "
  Node: type=57 (LEXER_CONSTANT_IDENTIFIER), pos=837, len=2, sev=48, text="r4"
  Node: type=46 (LEXER_SEPARATOR), pos=839, len=1, sev=48, text=","
  Node: type=33 (LEXER_WHITESPACE), pos=840, len=1, sev=48, text=" "
  Node: type=57 (LEXER_CONSTANT_IDENTIFIER), pos=841, len=2, sev=48, text="r5"
  Node: type=33 (LEXER_WHITESPACE), pos=843, len=1, sev=48, text=" "
  Node: type=38 (LEXER_COMMENT), pos=844, len=19, sev=48, text="/* too many args */"
  Node: type=47 (LEXER_STATEMENT_SEPARATOR), pos=863, len=1, sev=48, text=""
  Node: type=33 (LEXER_WHITESPACE), pos=864, len=3, sev=48, text="   "
  Node: type=47 (LEXER_STATEMENT_SEPARATOR), pos=867, len=1, sev=48, text=""
  Node: type=54 (LEXER_IDENTIFIER), pos=868, len=6, sev=48, text="break:"
  Node: type=47 (LEXER_STATEMENT_SEPARATOR), pos=874, len=1, sev=48, text=""
  Node: type=33 (LEXER_WHITESPACE), pos=875, len=3, sev=48, text="   "
  Node: type=41 (LEXER_KEYWORD), pos=878, len=3, sev=48, text="ret"
  Node: type=33 (LEXER_WHITESPACE), pos=881, len=1, sev=48, text=" "
  Node: type=57 (LEXER_CONSTANT_IDENTIFIER), pos=882, len=2, sev=48, text="r6"
  Node: type=47 (LEXER_STATEMENT_SEPARATOR), pos=884, len=1, sev=48, text=""
  Node: type=47 (LEXER_STATEMENT_SEPARATOR), pos=885, len=1, sev=48, text=""
