COMMAND: INIT "./cmake-build-debug/bin/rxas" ./assembler/parsingtests/test_01_init.rxas
COMMAND: LOG "Initial load"
COMMAND: STATUS
COMMAND: DUMP_AST
Node: type=71 (PARSE_TREE_FILE), pos=0, len=770, sev=48
  Node: type=38 (LEXER_COMMENT), pos=0, len=26, sev=48, text="/* Valid rxas test code */"
  Node: type=47 (LEXER_STATEMENT_SEPARATOR), pos=26, len=1, sev=48, text=""
  Node: type=33 (LEXER_WHITESPACE), pos=27, len=10, sev=48, text="          "
  Node: type=37 (LEXER_PREPROCESSOR), pos=37, len=8, sev=48, text=".globals"
  Node: type=43 (LEXER_OPERATOR_ASSIGN), pos=45, len=1, sev=48, text="="
  Node: type=40 (LEXER_NUMBER_LITERAL), pos=46, len=1, sev=48, text="0"
  Node: type=47 (LEXER_STATEMENT_SEPARATOR), pos=47, len=1, sev=48, text=""
  Node: type=56 (LEXER_FUNCTION_IDENTIFIER), pos=48, len=7, sev=48, text="words()"
  Node: type=33 (LEXER_WHITESPACE), pos=55, len=3, sev=48, text="   "
  Node: type=37 (LEXER_PREPROCESSOR), pos=58, len=7, sev=48, text=".locals"
  Node: type=43 (LEXER_OPERATOR_ASSIGN), pos=65, len=1, sev=48, text="="
  Node: type=40 (LEXER_NUMBER_LITERAL), pos=66, len=1, sev=48, text="8"
  Node: type=33 (LEXER_WHITESPACE), pos=67, len=1, sev=48, text=" "
  Node: type=37 (LEXER_PREPROCESSOR), pos=68, len=7, sev=48, text=".expose"
  Node: type=43 (LEXER_OPERATOR_ASSIGN), pos=75, len=1, sev=48, text="="
  Node: type=54 (LEXER_IDENTIFIER), pos=76, len=12, sev=48, text="rxfnsb.words"
  Node: type=47 (LEXER_STATEMENT_SEPARATOR), pos=88, len=1, sev=48, text=""
  Node: type=33 (LEXER_WHITESPACE), pos=89, len=3, sev=48, text="   "
  Node: type=37 (LEXER_PREPROCESSOR), pos=92, len=5, sev=48, text=".meta"
  Node: type=33 (LEXER_WHITESPACE), pos=97, len=1, sev=48, text=" "
  Node: type=39 (LEXER_STRING_LITERAL), pos=98, len=14, sev=48, text=""rxfnsb.words""
  Node: type=43 (LEXER_OPERATOR_ASSIGN), pos=112, len=1, sev=48, text="="
  Node: type=39 (LEXER_STRING_LITERAL), pos=113, len=3, sev=48, text=""b""
  Node: type=33 (LEXER_WHITESPACE), pos=116, len=1, sev=48, text=" "
  Node: type=39 (LEXER_STRING_LITERAL), pos=117, len=6, sev=48, text="".int""
  Node: type=33 (LEXER_WHITESPACE), pos=123, len=1, sev=48, text=" "
  Node: type=56 (LEXER_FUNCTION_IDENTIFIER), pos=124, len=7, sev=48, text="words()"
  Node: type=33 (LEXER_WHITESPACE), pos=131, len=1, sev=48, text=" "
  Node: type=39 (LEXER_STRING_LITERAL), pos=132, len=19, sev=48, text=""string1 = .string""
  Node: type=33 (LEXER_WHITESPACE), pos=151, len=1, sev=48, text=" "
  Node: type=39 (LEXER_STRING_LITERAL), pos=152, len=2, sev=48, text=""""
  Node: type=47 (LEXER_STATEMENT_SEPARATOR), pos=154, len=1, sev=48, text=""
  Node: type=33 (LEXER_WHITESPACE), pos=155, len=4, sev=48, text="    "
  Node: type=38 (LEXER_COMMENT), pos=159, len=25, sev=48, text="/* string    = arg1    */"
  Node: type=47 (LEXER_STATEMENT_SEPARATOR), pos=184, len=1, sev=48, text=""
  Node: type=33 (LEXER_WHITESPACE), pos=185, len=3, sev=48, text="   "
  Node: type=54 (LEXER_IDENTIFIER), pos=188, len=4, sev=48, text="copy"
  Node: type=33 (LEXER_WHITESPACE), pos=192, len=2, sev=48, text="  "
  Node: type=54 (LEXER_IDENTIFIER), pos=194, len=2, sev=48, text="r1"
  Node: type=46 (LEXER_SEPARATOR), pos=196, len=1, sev=48, text=","
  Node: type=54 (LEXER_IDENTIFIER), pos=197, len=2, sev=48, text="a1"
  Node: type=47 (LEXER_STATEMENT_SEPARATOR), pos=199, len=1, sev=48, text=""
  Node: type=33 (LEXER_WHITESPACE), pos=200, len=3, sev=48, text="   "
  Node: type=54 (LEXER_IDENTIFIER), pos=203, len=4, sev=48, text="load"
  Node: type=33 (LEXER_WHITESPACE), pos=207, len=2, sev=48, text="  "
  Node: type=54 (LEXER_IDENTIFIER), pos=209, len=2, sev=48, text="r3"
  Node: type=46 (LEXER_SEPARATOR), pos=211, len=1, sev=48, text=","
  Node: type=40 (LEXER_NUMBER_LITERAL), pos=212, len=1, sev=48, text="0"
  Node: type=33 (LEXER_WHITESPACE), pos=213, len=3, sev=48, text="   "
  Node: type=38 (LEXER_COMMENT), pos=216, len=22, sev=48, text="/* offset in string */"
  Node: type=47 (LEXER_STATEMENT_SEPARATOR), pos=238, len=1, sev=48, text=""
  Node: type=33 (LEXER_WHITESPACE), pos=239, len=3, sev=48, text="   "
  Node: type=54 (LEXER_IDENTIFIER), pos=242, len=6, sev=48, text="strlen"
  Node: type=33 (LEXER_WHITESPACE), pos=248, len=1, sev=48, text=" "
  Node: type=54 (LEXER_IDENTIFIER), pos=249, len=2, sev=48, text="r4"
  Node: type=46 (LEXER_SEPARATOR), pos=251, len=1, sev=48, text=","
  Node: type=54 (LEXER_IDENTIFIER), pos=252, len=2, sev=48, text="r1"
  Node: type=47 (LEXER_STATEMENT_SEPARATOR), pos=254, len=1, sev=48, text=""
  Node: type=33 (LEXER_WHITESPACE), pos=255, len=3, sev=48, text="   "
  Node: type=54 (LEXER_IDENTIFIER), pos=258, len=4, sev=48, text="load"
  Node: type=33 (LEXER_WHITESPACE), pos=262, len=2, sev=48, text="  "
  Node: type=54 (LEXER_IDENTIFIER), pos=264, len=2, sev=48, text="r6"
  Node: type=46 (LEXER_SEPARATOR), pos=266, len=1, sev=48, text=","
  Node: type=40 (LEXER_NUMBER_LITERAL), pos=267, len=1, sev=48, text="0"
  Node: type=33 (LEXER_WHITESPACE), pos=268, len=3, sev=48, text="   "
  Node: type=38 (LEXER_COMMENT), pos=271, len=22, sev=48, text="/* word count       */"
  Node: type=47 (LEXER_STATEMENT_SEPARATOR), pos=293, len=1, sev=48, text=""
  Node: type=56 (LEXER_FUNCTION_IDENTIFIER), pos=294, len=5, sev=48, text="loop:"
  Node: type=47 (LEXER_STATEMENT_SEPARATOR), pos=299, len=1, sev=48, text=""
  Node: type=33 (LEXER_WHITESPACE), pos=300, len=3, sev=48, text="   "
  Node: type=54 (LEXER_IDENTIFIER), pos=303, len=8, sev=48, text="fndnblnk"
  Node: type=33 (LEXER_WHITESPACE), pos=311, len=1, sev=48, text=" "
  Node: type=54 (LEXER_IDENTIFIER), pos=312, len=2, sev=48, text="r3"
  Node: type=46 (LEXER_SEPARATOR), pos=314, len=1, sev=48, text=","
  Node: type=54 (LEXER_IDENTIFIER), pos=315, len=2, sev=48, text="r1"
  Node: type=46 (LEXER_SEPARATOR), pos=317, len=1, sev=48, text=","
  Node: type=54 (LEXER_IDENTIFIER), pos=318, len=2, sev=48, text="r3"
  Node: type=33 (LEXER_WHITESPACE), pos=320, len=3, sev=48, text="   "
  Node: type=38 (LEXER_COMMENT), pos=323, len=32, sev=48, text="/* find next non blank offset */"
  Node: type=47 (LEXER_STATEMENT_SEPARATOR), pos=355, len=1, sev=48, text=""
  Node: type=33 (LEXER_WHITESPACE), pos=356, len=3, sev=48, text="   "
  Node: type=54 (LEXER_IDENTIFIER), pos=359, len=3, sev=48, text="ilt"
  Node: type=33 (LEXER_WHITESPACE), pos=362, len=1, sev=48, text=" "
  Node: type=54 (LEXER_IDENTIFIER), pos=363, len=2, sev=48, text="r5"
  Node: type=46 (LEXER_SEPARATOR), pos=365, len=1, sev=48, text=","
  Node: type=54 (LEXER_IDENTIFIER), pos=366, len=2, sev=48, text="r3"
  Node: type=46 (LEXER_SEPARATOR), pos=368, len=1, sev=48, text=","
  Node: type=40 (LEXER_NUMBER_LITERAL), pos=369, len=1, sev=48, text="0"
  Node: type=33 (LEXER_WHITESPACE), pos=370, len=9, sev=48, text="         "
  Node: type=38 (LEXER_COMMENT), pos=379, len=38, sev=48, text="/* if <0, nothing found, end search */"
  Node: type=47 (LEXER_STATEMENT_SEPARATOR), pos=417, len=1, sev=48, text=""
  Node: type=33 (LEXER_WHITESPACE), pos=418, len=3, sev=48, text="   "
  Node: type=54 (LEXER_IDENTIFIER), pos=421, len=3, sev=48, text="brt"
  Node: type=33 (LEXER_WHITESPACE), pos=424, len=1, sev=48, text=" "
  Node: type=54 (LEXER_IDENTIFIER), pos=425, len=5, sev=48, text="break"
  Node: type=46 (LEXER_SEPARATOR), pos=430, len=1, sev=48, text=","
  Node: type=54 (LEXER_IDENTIFIER), pos=431, len=2, sev=48, text="r5"
  Node: type=47 (LEXER_STATEMENT_SEPARATOR), pos=433, len=1, sev=48, text=""
  Node: type=33 (LEXER_WHITESPACE), pos=434, len=3, sev=48, text="   "
  Node: type=54 (LEXER_IDENTIFIER), pos=437, len=3, sev=48, text="inc"
  Node: type=33 (LEXER_WHITESPACE), pos=440, len=1, sev=48, text=" "
  Node: type=54 (LEXER_IDENTIFIER), pos=441, len=2, sev=48, text="r6"
  Node: type=33 (LEXER_WHITESPACE), pos=443, len=14, sev=48, text="              "
  Node: type=38 (LEXER_COMMENT), pos=457, len=31, sev=48, text="/* else increase word count  */"
  Node: type=47 (LEXER_STATEMENT_SEPARATOR), pos=488, len=1, sev=48, text=""
  Node: type=33 (LEXER_WHITESPACE), pos=489, len=23, sev=48, text="                       "
  Node: type=38 (LEXER_COMMENT), pos=512, len=31, sev=48, text="/* offset of word is in R3   */"
  Node: type=47 (LEXER_STATEMENT_SEPARATOR), pos=543, len=1, sev=48, text=""
  Node: type=33 (LEXER_WHITESPACE), pos=544, len=3, sev=48, text="   "
  Node: type=54 (LEXER_IDENTIFIER), pos=547, len=7, sev=48, text="fndblnk"
  Node: type=33 (LEXER_WHITESPACE), pos=554, len=1, sev=48, text=" "
  Node: type=54 (LEXER_IDENTIFIER), pos=555, len=2, sev=48, text="r3"
  Node: type=46 (LEXER_SEPARATOR), pos=557, len=1, sev=48, text=","
  Node: type=54 (LEXER_IDENTIFIER), pos=558, len=2, sev=48, text="r1"
  Node: type=46 (LEXER_SEPARATOR), pos=560, len=1, sev=48, text=","
  Node: type=54 (LEXER_IDENTIFIER), pos=561, len=2, sev=48, text="r3"
  Node: type=33 (LEXER_WHITESPACE), pos=563, len=4, sev=48, text="    "
  Node: type=38 (LEXER_COMMENT), pos=567, len=40, sev=48, text="/* from offset find next blank offset */"
  Node: type=47 (LEXER_STATEMENT_SEPARATOR), pos=607, len=1, sev=48, text=""
  Node: type=33 (LEXER_WHITESPACE), pos=608, len=3, sev=48, text="   "
  Node: type=54 (LEXER_IDENTIFIER), pos=611, len=3, sev=48, text="ilt"
  Node: type=33 (LEXER_WHITESPACE), pos=614, len=1, sev=48, text=" "
  Node: type=54 (LEXER_IDENTIFIER), pos=615, len=2, sev=48, text="r5"
  Node: type=46 (LEXER_SEPARATOR), pos=617, len=1, sev=48, text=","
  Node: type=54 (LEXER_IDENTIFIER), pos=618, len=2, sev=48, text="r3"
  Node: type=46 (LEXER_SEPARATOR), pos=620, len=1, sev=48, text=","
  Node: type=40 (LEXER_NUMBER_LITERAL), pos=621, len=1, sev=48, text="0"
  Node: type=33 (LEXER_WHITESPACE), pos=622, len=9, sev=48, text="         "
  Node: type=38 (LEXER_COMMENT), pos=631, len=40, sev=48, text="/* if <0, nothing found, end search   */"
  Node: type=47 (LEXER_STATEMENT_SEPARATOR), pos=671, len=1, sev=48, text=""
  Node: type=33 (LEXER_WHITESPACE), pos=672, len=3, sev=48, text="   "
  Node: type=54 (LEXER_IDENTIFIER), pos=675, len=3, sev=48, text="brt"
  Node: type=33 (LEXER_WHITESPACE), pos=678, len=1, sev=48, text=" "
  Node: type=54 (LEXER_IDENTIFIER), pos=679, len=5, sev=48, text="break"
  Node: type=46 (LEXER_SEPARATOR), pos=684, len=1, sev=48, text=","
  Node: type=54 (LEXER_IDENTIFIER), pos=685, len=2, sev=48, text="r5"
  Node: type=47 (LEXER_STATEMENT_SEPARATOR), pos=687, len=1, sev=48, text=""
  Node: type=33 (LEXER_WHITESPACE), pos=688, len=3, sev=48, text="   "
  Node: type=54 (LEXER_IDENTIFIER), pos=691, len=3, sev=48, text="bct"
  Node: type=33 (LEXER_WHITESPACE), pos=694, len=1, sev=48, text=" "
  Node: type=54 (LEXER_IDENTIFIER), pos=695, len=4, sev=48, text="loop"
  Node: type=46 (LEXER_SEPARATOR), pos=699, len=1, sev=48, text=","
  Node: type=54 (LEXER_IDENTIFIER), pos=700, len=2, sev=48, text="r4"
  Node: type=46 (LEXER_SEPARATOR), pos=702, len=1, sev=48, text=","
  Node: type=54 (LEXER_IDENTIFIER), pos=703, len=2, sev=48, text="r3"
  Node: type=33 (LEXER_WHITESPACE), pos=705, len=6, sev=48, text="      "
  Node: type=38 (LEXER_COMMENT), pos=711, len=40, sev=48, text="/* then look for next non blank char  */"
  Node: type=47 (LEXER_STATEMENT_SEPARATOR), pos=751, len=1, sev=48, text=""
  Node: type=56 (LEXER_FUNCTION_IDENTIFIER), pos=752, len=6, sev=48, text="break:"
  Node: type=47 (LEXER_STATEMENT_SEPARATOR), pos=758, len=1, sev=48, text=""
  Node: type=33 (LEXER_WHITESPACE), pos=759, len=3, sev=48, text="   "
  Node: type=54 (LEXER_IDENTIFIER), pos=762, len=3, sev=48, text="ret"
  Node: type=33 (LEXER_WHITESPACE), pos=765, len=1, sev=48, text=" "
  Node: type=54 (LEXER_IDENTIFIER), pos=766, len=2, sev=48, text="r6"
  Node: type=47 (LEXER_STATEMENT_SEPARATOR), pos=768, len=1, sev=48, text=""
  Node: type=47 (LEXER_STATEMENT_SEPARATOR), pos=769, len=1, sev=48, text=""
COMMAND: LOG "Insert async - check emergency tree"
COMMAND: INSERT_ASYNC 5 0 copy r2,a2
COMMAND: DUMP_AST
Node: type=71 (PARSE_TREE_FILE), pos=0, len=780, sev=48
  Node: type=38 (LEXER_COMMENT), pos=0, len=26, sev=48, text="/* Valid rxas test code */"
  Node: type=47 (LEXER_STATEMENT_SEPARATOR), pos=26, len=1, sev=48, text=""
  Node: type=33 (LEXER_WHITESPACE), pos=27, len=10, sev=48, text="          "
  Node: type=37 (LEXER_PREPROCESSOR), pos=37, len=8, sev=48, text=".globals"
  Node: type=43 (LEXER_OPERATOR_ASSIGN), pos=45, len=1, sev=48, text="="
  Node: type=40 (LEXER_NUMBER_LITERAL), pos=46, len=1, sev=48, text="0"
  Node: type=47 (LEXER_STATEMENT_SEPARATOR), pos=47, len=1, sev=48, text=""
  Node: type=56 (LEXER_FUNCTION_IDENTIFIER), pos=48, len=7, sev=48, text="words()"
  Node: type=33 (LEXER_WHITESPACE), pos=55, len=3, sev=48, text="   "
  Node: type=37 (LEXER_PREPROCESSOR), pos=58, len=7, sev=48, text=".locals"
  Node: type=43 (LEXER_OPERATOR_ASSIGN), pos=65, len=1, sev=48, text="="
  Node: type=40 (LEXER_NUMBER_LITERAL), pos=66, len=1, sev=48, text="8"
  Node: type=33 (LEXER_WHITESPACE), pos=67, len=1, sev=48, text=" "
  Node: type=37 (LEXER_PREPROCESSOR), pos=68, len=7, sev=48, text=".expose"
  Node: type=43 (LEXER_OPERATOR_ASSIGN), pos=75, len=1, sev=48, text="="
  Node: type=54 (LEXER_IDENTIFIER), pos=76, len=12, sev=48, text="rxfnsb.words"
  Node: type=47 (LEXER_STATEMENT_SEPARATOR), pos=88, len=1, sev=48, text=""
  Node: type=33 (LEXER_WHITESPACE), pos=89, len=3, sev=48, text="   "
  Node: type=37 (LEXER_PREPROCESSOR), pos=92, len=5, sev=48, text=".meta"
  Node: type=33 (LEXER_WHITESPACE), pos=97, len=1, sev=48, text=" "
  Node: type=39 (LEXER_STRING_LITERAL), pos=98, len=14, sev=48, text=""rxfnsb.words""
  Node: type=43 (LEXER_OPERATOR_ASSIGN), pos=112, len=1, sev=48, text="="
  Node: type=39 (LEXER_STRING_LITERAL), pos=113, len=3, sev=48, text=""b""
  Node: type=33 (LEXER_WHITESPACE), pos=116, len=1, sev=48, text=" "
  Node: type=39 (LEXER_STRING_LITERAL), pos=117, len=6, sev=48, text="".int""
  Node: type=33 (LEXER_WHITESPACE), pos=123, len=1, sev=48, text=" "
  Node: type=56 (LEXER_FUNCTION_IDENTIFIER), pos=124, len=7, sev=48, text="words()"
  Node: type=33 (LEXER_WHITESPACE), pos=131, len=1, sev=48, text=" "
  Node: type=39 (LEXER_STRING_LITERAL), pos=132, len=19, sev=48, text=""string1 = .string""
  Node: type=33 (LEXER_WHITESPACE), pos=151, len=1, sev=48, text=" "
  Node: type=39 (LEXER_STRING_LITERAL), pos=152, len=2, sev=48, text=""""
  Node: type=47 (LEXER_STATEMENT_SEPARATOR), pos=154, len=1, sev=48, text=""
  Node: type=33 (LEXER_WHITESPACE), pos=155, len=4, sev=48, text="    "
  Node: type=38 (LEXER_COMMENT), pos=159, len=25, sev=48, text="/* string    = arg1    */"
  Node: type=47 (LEXER_STATEMENT_SEPARATOR), pos=184, len=11, sev=48, text="
copy r2,a"
  Node: type=33 (LEXER_WHITESPACE), pos=195, len=3, sev=48, text="   "
  Node: type=54 (LEXER_IDENTIFIER), pos=198, len=4, sev=48, text="copy"
  Node: type=33 (LEXER_WHITESPACE), pos=202, len=2, sev=48, text="  "
  Node: type=54 (LEXER_IDENTIFIER), pos=204, len=2, sev=48, text="r1"
  Node: type=46 (LEXER_SEPARATOR), pos=206, len=1, sev=48, text=","
  Node: type=54 (LEXER_IDENTIFIER), pos=207, len=2, sev=48, text="a1"
  Node: type=47 (LEXER_STATEMENT_SEPARATOR), pos=209, len=1, sev=48, text=""
  Node: type=33 (LEXER_WHITESPACE), pos=210, len=3, sev=48, text="   "
  Node: type=54 (LEXER_IDENTIFIER), pos=213, len=4, sev=48, text="load"
  Node: type=33 (LEXER_WHITESPACE), pos=217, len=2, sev=48, text="  "
  Node: type=54 (LEXER_IDENTIFIER), pos=219, len=2, sev=48, text="r3"
  Node: type=46 (LEXER_SEPARATOR), pos=221, len=1, sev=48, text=","
  Node: type=40 (LEXER_NUMBER_LITERAL), pos=222, len=1, sev=48, text="0"
  Node: type=33 (LEXER_WHITESPACE), pos=223, len=3, sev=48, text="   "
  Node: type=38 (LEXER_COMMENT), pos=226, len=22, sev=48, text="/* offset in string */"
  Node: type=47 (LEXER_STATEMENT_SEPARATOR), pos=248, len=1, sev=48, text=""
  Node: type=33 (LEXER_WHITESPACE), pos=249, len=3, sev=48, text="   "
  Node: type=54 (LEXER_IDENTIFIER), pos=252, len=6, sev=48, text="strlen"
  Node: type=33 (LEXER_WHITESPACE), pos=258, len=1, sev=48, text=" "
  Node: type=54 (LEXER_IDENTIFIER), pos=259, len=2, sev=48, text="r4"
  Node: type=46 (LEXER_SEPARATOR), pos=261, len=1, sev=48, text=","
  Node: type=54 (LEXER_IDENTIFIER), pos=262, len=2, sev=48, text="r1"
  Node: type=47 (LEXER_STATEMENT_SEPARATOR), pos=264, len=1, sev=48, text=""
  Node: type=33 (LEXER_WHITESPACE), pos=265, len=3, sev=48, text="   "
  Node: type=54 (LEXER_IDENTIFIER), pos=268, len=4, sev=48, text="load"
  Node: type=33 (LEXER_WHITESPACE), pos=272, len=2, sev=48, text="  "
  Node: type=54 (LEXER_IDENTIFIER), pos=274, len=2, sev=48, text="r6"
  Node: type=46 (LEXER_SEPARATOR), pos=276, len=1, sev=48, text=","
  Node: type=40 (LEXER_NUMBER_LITERAL), pos=277, len=1, sev=48, text="0"
  Node: type=33 (LEXER_WHITESPACE), pos=278, len=3, sev=48, text="   "
  Node: type=38 (LEXER_COMMENT), pos=281, len=22, sev=48, text="/* word count       */"
  Node: type=47 (LEXER_STATEMENT_SEPARATOR), pos=303, len=1, sev=48, text=""
  Node: type=56 (LEXER_FUNCTION_IDENTIFIER), pos=304, len=5, sev=48, text="loop:"
  Node: type=47 (LEXER_STATEMENT_SEPARATOR), pos=309, len=1, sev=48, text=""
  Node: type=33 (LEXER_WHITESPACE), pos=310, len=3, sev=48, text="   "
  Node: type=54 (LEXER_IDENTIFIER), pos=313, len=8, sev=48, text="fndnblnk"
  Node: type=33 (LEXER_WHITESPACE), pos=321, len=1, sev=48, text=" "
  Node: type=54 (LEXER_IDENTIFIER), pos=322, len=2, sev=48, text="r3"
  Node: type=46 (LEXER_SEPARATOR), pos=324, len=1, sev=48, text=","
  Node: type=54 (LEXER_IDENTIFIER), pos=325, len=2, sev=48, text="r1"
  Node: type=46 (LEXER_SEPARATOR), pos=327, len=1, sev=48, text=","
  Node: type=54 (LEXER_IDENTIFIER), pos=328, len=2, sev=48, text="r3"
  Node: type=33 (LEXER_WHITESPACE), pos=330, len=3, sev=48, text="   "
  Node: type=38 (LEXER_COMMENT), pos=333, len=32, sev=48, text="/* find next non blank offset */"
  Node: type=47 (LEXER_STATEMENT_SEPARATOR), pos=365, len=1, sev=48, text=""
  Node: type=33 (LEXER_WHITESPACE), pos=366, len=3, sev=48, text="   "
  Node: type=54 (LEXER_IDENTIFIER), pos=369, len=3, sev=48, text="ilt"
  Node: type=33 (LEXER_WHITESPACE), pos=372, len=1, sev=48, text=" "
  Node: type=54 (LEXER_IDENTIFIER), pos=373, len=2, sev=48, text="r5"
  Node: type=46 (LEXER_SEPARATOR), pos=375, len=1, sev=48, text=","
  Node: type=54 (LEXER_IDENTIFIER), pos=376, len=2, sev=48, text="r3"
  Node: type=46 (LEXER_SEPARATOR), pos=378, len=1, sev=48, text=","
  Node: type=40 (LEXER_NUMBER_LITERAL), pos=379, len=1, sev=48, text="0"
  Node: type=33 (LEXER_WHITESPACE), pos=380, len=9, sev=48, text="         "
  Node: type=38 (LEXER_COMMENT), pos=389, len=38, sev=48, text="/* if <0, nothing found, end search */"
  Node: type=47 (LEXER_STATEMENT_SEPARATOR), pos=427, len=1, sev=48, text=""
  Node: type=33 (LEXER_WHITESPACE), pos=428, len=3, sev=48, text="   "
  Node: type=54 (LEXER_IDENTIFIER), pos=431, len=3, sev=48, text="brt"
  Node: type=33 (LEXER_WHITESPACE), pos=434, len=1, sev=48, text=" "
  Node: type=54 (LEXER_IDENTIFIER), pos=435, len=5, sev=48, text="break"
  Node: type=46 (LEXER_SEPARATOR), pos=440, len=1, sev=48, text=","
  Node: type=54 (LEXER_IDENTIFIER), pos=441, len=2, sev=48, text="r5"
  Node: type=47 (LEXER_STATEMENT_SEPARATOR), pos=443, len=1, sev=48, text=""
  Node: type=33 (LEXER_WHITESPACE), pos=444, len=3, sev=48, text="   "
  Node: type=54 (LEXER_IDENTIFIER), pos=447, len=3, sev=48, text="inc"
  Node: type=33 (LEXER_WHITESPACE), pos=450, len=1, sev=48, text=" "
  Node: type=54 (LEXER_IDENTIFIER), pos=451, len=2, sev=48, text="r6"
  Node: type=33 (LEXER_WHITESPACE), pos=453, len=14, sev=48, text="              "
  Node: type=38 (LEXER_COMMENT), pos=467, len=31, sev=48, text="/* else increase word count  */"
  Node: type=47 (LEXER_STATEMENT_SEPARATOR), pos=498, len=1, sev=48, text=""
  Node: type=33 (LEXER_WHITESPACE), pos=499, len=23, sev=48, text="                       "
  Node: type=38 (LEXER_COMMENT), pos=522, len=31, sev=48, text="/* offset of word is in R3   */"
  Node: type=47 (LEXER_STATEMENT_SEPARATOR), pos=553, len=1, sev=48, text=""
  Node: type=33 (LEXER_WHITESPACE), pos=554, len=3, sev=48, text="   "
  Node: type=54 (LEXER_IDENTIFIER), pos=557, len=7, sev=48, text="fndblnk"
  Node: type=33 (LEXER_WHITESPACE), pos=564, len=1, sev=48, text=" "
  Node: type=54 (LEXER_IDENTIFIER), pos=565, len=2, sev=48, text="r3"
  Node: type=46 (LEXER_SEPARATOR), pos=567, len=1, sev=48, text=","
  Node: type=54 (LEXER_IDENTIFIER), pos=568, len=2, sev=48, text="r1"
  Node: type=46 (LEXER_SEPARATOR), pos=570, len=1, sev=48, text=","
  Node: type=54 (LEXER_IDENTIFIER), pos=571, len=2, sev=48, text="r3"
  Node: type=33 (LEXER_WHITESPACE), pos=573, len=4, sev=48, text="    "
  Node: type=38 (LEXER_COMMENT), pos=577, len=40, sev=48, text="/* from offset find next blank offset */"
  Node: type=47 (LEXER_STATEMENT_SEPARATOR), pos=617, len=1, sev=48, text=""
  Node: type=33 (LEXER_WHITESPACE), pos=618, len=3, sev=48, text="   "
  Node: type=54 (LEXER_IDENTIFIER), pos=621, len=3, sev=48, text="ilt"
  Node: type=33 (LEXER_WHITESPACE), pos=624, len=1, sev=48, text=" "
  Node: type=54 (LEXER_IDENTIFIER), pos=625, len=2, sev=48, text="r5"
  Node: type=46 (LEXER_SEPARATOR), pos=627, len=1, sev=48, text=","
  Node: type=54 (LEXER_IDENTIFIER), pos=628, len=2, sev=48, text="r3"
  Node: type=46 (LEXER_SEPARATOR), pos=630, len=1, sev=48, text=","
  Node: type=40 (LEXER_NUMBER_LITERAL), pos=631, len=1, sev=48, text="0"
  Node: type=33 (LEXER_WHITESPACE), pos=632, len=9, sev=48, text="         "
  Node: type=38 (LEXER_COMMENT), pos=641, len=40, sev=48, text="/* if <0, nothing found, end search   */"
  Node: type=47 (LEXER_STATEMENT_SEPARATOR), pos=681, len=1, sev=48, text=""
  Node: type=33 (LEXER_WHITESPACE), pos=682, len=3, sev=48, text="   "
  Node: type=54 (LEXER_IDENTIFIER), pos=685, len=3, sev=48, text="brt"
  Node: type=33 (LEXER_WHITESPACE), pos=688, len=1, sev=48, text=" "
  Node: type=54 (LEXER_IDENTIFIER), pos=689, len=5, sev=48, text="break"
  Node: type=46 (LEXER_SEPARATOR), pos=694, len=1, sev=48, text=","
  Node: type=54 (LEXER_IDENTIFIER), pos=695, len=2, sev=48, text="r5"
  Node: type=47 (LEXER_STATEMENT_SEPARATOR), pos=697, len=1, sev=48, text=""
  Node: type=33 (LEXER_WHITESPACE), pos=698, len=3, sev=48, text="   "
  Node: type=54 (LEXER_IDENTIFIER), pos=701, len=3, sev=48, text="bct"
  Node: type=33 (LEXER_WHITESPACE), pos=704, len=1, sev=48, text=" "
  Node: type=54 (LEXER_IDENTIFIER), pos=705, len=4, sev=48, text="loop"
  Node: type=46 (LEXER_SEPARATOR), pos=709, len=1, sev=48, text=","
  Node: type=54 (LEXER_IDENTIFIER), pos=710, len=2, sev=48, text="r4"
  Node: type=46 (LEXER_SEPARATOR), pos=712, len=1, sev=48, text=","
  Node: type=54 (LEXER_IDENTIFIER), pos=713, len=2, sev=48, text="r3"
  Node: type=33 (LEXER_WHITESPACE), pos=715, len=6, sev=48, text="      "
  Node: type=38 (LEXER_COMMENT), pos=721, len=40, sev=48, text="/* then look for next non blank char  */"
  Node: type=47 (LEXER_STATEMENT_SEPARATOR), pos=761, len=1, sev=48, text=""
  Node: type=56 (LEXER_FUNCTION_IDENTIFIER), pos=762, len=6, sev=48, text="break:"
  Node: type=47 (LEXER_STATEMENT_SEPARATOR), pos=768, len=1, sev=48, text=""
  Node: type=33 (LEXER_WHITESPACE), pos=769, len=3, sev=48, text="   "
  Node: type=54 (LEXER_IDENTIFIER), pos=772, len=3, sev=48, text="ret"
  Node: type=33 (LEXER_WHITESPACE), pos=775, len=1, sev=48, text=" "
  Node: type=54 (LEXER_IDENTIFIER), pos=776, len=2, sev=48, text="r6"
  Node: type=47 (LEXER_STATEMENT_SEPARATOR), pos=778, len=1, sev=48, text=""
  Node: type=47 (LEXER_STATEMENT_SEPARATOR), pos=779, len=1, sev=48, text=""
COMMAND: LOG "Sync - check final tree"
COMMAND: SYNC
COMMAND: DUMP_AST
Node: type=71 (PARSE_TREE_FILE), pos=0, len=780, sev=48
  Node: type=38 (LEXER_COMMENT), pos=0, len=26, sev=48, text="/* Valid rxas test code */"
  Node: type=47 (LEXER_STATEMENT_SEPARATOR), pos=26, len=1, sev=48, text=""
  Node: type=33 (LEXER_WHITESPACE), pos=27, len=10, sev=48, text="          "
  Node: type=37 (LEXER_PREPROCESSOR), pos=37, len=8, sev=48, text=".globals"
  Node: type=43 (LEXER_OPERATOR_ASSIGN), pos=45, len=1, sev=48, text="="
  Node: type=40 (LEXER_NUMBER_LITERAL), pos=46, len=1, sev=48, text="0"
  Node: type=47 (LEXER_STATEMENT_SEPARATOR), pos=47, len=1, sev=48, text=""
  Node: type=56 (LEXER_FUNCTION_IDENTIFIER), pos=48, len=7, sev=48, text="words()"
  Node: type=33 (LEXER_WHITESPACE), pos=55, len=3, sev=48, text="   "
  Node: type=37 (LEXER_PREPROCESSOR), pos=58, len=7, sev=48, text=".locals"
  Node: type=43 (LEXER_OPERATOR_ASSIGN), pos=65, len=1, sev=48, text="="
  Node: type=40 (LEXER_NUMBER_LITERAL), pos=66, len=1, sev=48, text="8"
  Node: type=33 (LEXER_WHITESPACE), pos=67, len=1, sev=48, text=" "
  Node: type=37 (LEXER_PREPROCESSOR), pos=68, len=7, sev=48, text=".expose"
  Node: type=43 (LEXER_OPERATOR_ASSIGN), pos=75, len=1, sev=48, text="="
  Node: type=54 (LEXER_IDENTIFIER), pos=76, len=12, sev=48, text="rxfnsb.words"
  Node: type=47 (LEXER_STATEMENT_SEPARATOR), pos=88, len=1, sev=48, text=""
  Node: type=33 (LEXER_WHITESPACE), pos=89, len=3, sev=48, text="   "
  Node: type=37 (LEXER_PREPROCESSOR), pos=92, len=5, sev=48, text=".meta"
  Node: type=33 (LEXER_WHITESPACE), pos=97, len=1, sev=48, text=" "
  Node: type=39 (LEXER_STRING_LITERAL), pos=98, len=14, sev=48, text=""rxfnsb.words""
  Node: type=43 (LEXER_OPERATOR_ASSIGN), pos=112, len=1, sev=48, text="="
  Node: type=39 (LEXER_STRING_LITERAL), pos=113, len=3, sev=48, text=""b""
  Node: type=33 (LEXER_WHITESPACE), pos=116, len=1, sev=48, text=" "
  Node: type=39 (LEXER_STRING_LITERAL), pos=117, len=6, sev=48, text="".int""
  Node: type=33 (LEXER_WHITESPACE), pos=123, len=1, sev=48, text=" "
  Node: type=56 (LEXER_FUNCTION_IDENTIFIER), pos=124, len=7, sev=48, text="words()"
  Node: type=33 (LEXER_WHITESPACE), pos=131, len=1, sev=48, text=" "
  Node: type=39 (LEXER_STRING_LITERAL), pos=132, len=19, sev=48, text=""string1 = .string""
  Node: type=33 (LEXER_WHITESPACE), pos=151, len=1, sev=48, text=" "
  Node: type=39 (LEXER_STRING_LITERAL), pos=152, len=2, sev=48, text=""""
  Node: type=47 (LEXER_STATEMENT_SEPARATOR), pos=154, len=1, sev=48, text=""
  Node: type=33 (LEXER_WHITESPACE), pos=155, len=4, sev=48, text="    "
  Node: type=38 (LEXER_COMMENT), pos=159, len=25, sev=48, text="/* string    = arg1    */"
  Node: type=47 (LEXER_STATEMENT_SEPARATOR), pos=184, len=11, sev=48, text="
copy r2,a"
  Node: type=33 (LEXER_WHITESPACE), pos=195, len=3, sev=48, text="   "
  Node: type=54 (LEXER_IDENTIFIER), pos=198, len=4, sev=48, text="copy"
  Node: type=33 (LEXER_WHITESPACE), pos=202, len=2, sev=48, text="  "
  Node: type=54 (LEXER_IDENTIFIER), pos=204, len=2, sev=48, text="r1"
  Node: type=46 (LEXER_SEPARATOR), pos=206, len=1, sev=48, text=","
  Node: type=54 (LEXER_IDENTIFIER), pos=207, len=2, sev=48, text="a1"
  Node: type=47 (LEXER_STATEMENT_SEPARATOR), pos=209, len=1, sev=48, text=""
  Node: type=33 (LEXER_WHITESPACE), pos=210, len=3, sev=48, text="   "
  Node: type=54 (LEXER_IDENTIFIER), pos=213, len=4, sev=48, text="load"
  Node: type=33 (LEXER_WHITESPACE), pos=217, len=2, sev=48, text="  "
  Node: type=54 (LEXER_IDENTIFIER), pos=219, len=2, sev=48, text="r3"
  Node: type=46 (LEXER_SEPARATOR), pos=221, len=1, sev=48, text=","
  Node: type=40 (LEXER_NUMBER_LITERAL), pos=222, len=1, sev=48, text="0"
  Node: type=33 (LEXER_WHITESPACE), pos=223, len=3, sev=48, text="   "
  Node: type=38 (LEXER_COMMENT), pos=226, len=22, sev=48, text="/* offset in string */"
  Node: type=47 (LEXER_STATEMENT_SEPARATOR), pos=248, len=1, sev=48, text=""
  Node: type=33 (LEXER_WHITESPACE), pos=249, len=3, sev=48, text="   "
  Node: type=54 (LEXER_IDENTIFIER), pos=252, len=6, sev=48, text="strlen"
  Node: type=33 (LEXER_WHITESPACE), pos=258, len=1, sev=48, text=" "
  Node: type=54 (LEXER_IDENTIFIER), pos=259, len=2, sev=48, text="r4"
  Node: type=46 (LEXER_SEPARATOR), pos=261, len=1, sev=48, text=","
  Node: type=54 (LEXER_IDENTIFIER), pos=262, len=2, sev=48, text="r1"
  Node: type=47 (LEXER_STATEMENT_SEPARATOR), pos=264, len=1, sev=48, text=""
  Node: type=33 (LEXER_WHITESPACE), pos=265, len=3, sev=48, text="   "
  Node: type=54 (LEXER_IDENTIFIER), pos=268, len=4, sev=48, text="load"
  Node: type=33 (LEXER_WHITESPACE), pos=272, len=2, sev=48, text="  "
  Node: type=54 (LEXER_IDENTIFIER), pos=274, len=2, sev=48, text="r6"
  Node: type=46 (LEXER_SEPARATOR), pos=276, len=1, sev=48, text=","
  Node: type=40 (LEXER_NUMBER_LITERAL), pos=277, len=1, sev=48, text="0"
  Node: type=33 (LEXER_WHITESPACE), pos=278, len=3, sev=48, text="   "
  Node: type=38 (LEXER_COMMENT), pos=281, len=22, sev=48, text="/* word count       */"
  Node: type=47 (LEXER_STATEMENT_SEPARATOR), pos=303, len=1, sev=48, text=""
  Node: type=56 (LEXER_FUNCTION_IDENTIFIER), pos=304, len=5, sev=48, text="loop:"
  Node: type=47 (LEXER_STATEMENT_SEPARATOR), pos=309, len=1, sev=48, text=""
  Node: type=33 (LEXER_WHITESPACE), pos=310, len=3, sev=48, text="   "
  Node: type=54 (LEXER_IDENTIFIER), pos=313, len=8, sev=48, text="fndnblnk"
  Node: type=33 (LEXER_WHITESPACE), pos=321, len=1, sev=48, text=" "
  Node: type=54 (LEXER_IDENTIFIER), pos=322, len=2, sev=48, text="r3"
  Node: type=46 (LEXER_SEPARATOR), pos=324, len=1, sev=48, text=","
  Node: type=54 (LEXER_IDENTIFIER), pos=325, len=2, sev=48, text="r1"
  Node: type=46 (LEXER_SEPARATOR), pos=327, len=1, sev=48, text=","
  Node: type=54 (LEXER_IDENTIFIER), pos=328, len=2, sev=48, text="r3"
  Node: type=33 (LEXER_WHITESPACE), pos=330, len=3, sev=48, text="   "
  Node: type=38 (LEXER_COMMENT), pos=333, len=32, sev=48, text="/* find next non blank offset */"
  Node: type=47 (LEXER_STATEMENT_SEPARATOR), pos=365, len=1, sev=48, text=""
  Node: type=33 (LEXER_WHITESPACE), pos=366, len=3, sev=48, text="   "
  Node: type=54 (LEXER_IDENTIFIER), pos=369, len=3, sev=48, text="ilt"
  Node: type=33 (LEXER_WHITESPACE), pos=372, len=1, sev=48, text=" "
  Node: type=54 (LEXER_IDENTIFIER), pos=373, len=2, sev=48, text="r5"
  Node: type=46 (LEXER_SEPARATOR), pos=375, len=1, sev=48, text=","
  Node: type=54 (LEXER_IDENTIFIER), pos=376, len=2, sev=48, text="r3"
  Node: type=46 (LEXER_SEPARATOR), pos=378, len=1, sev=48, text=","
  Node: type=40 (LEXER_NUMBER_LITERAL), pos=379, len=1, sev=48, text="0"
  Node: type=33 (LEXER_WHITESPACE), pos=380, len=9, sev=48, text="         "
  Node: type=38 (LEXER_COMMENT), pos=389, len=38, sev=48, text="/* if <0, nothing found, end search */"
  Node: type=47 (LEXER_STATEMENT_SEPARATOR), pos=427, len=1, sev=48, text=""
  Node: type=33 (LEXER_WHITESPACE), pos=428, len=3, sev=48, text="   "
  Node: type=54 (LEXER_IDENTIFIER), pos=431, len=3, sev=48, text="brt"
  Node: type=33 (LEXER_WHITESPACE), pos=434, len=1, sev=48, text=" "
  Node: type=54 (LEXER_IDENTIFIER), pos=435, len=5, sev=48, text="break"
  Node: type=46 (LEXER_SEPARATOR), pos=440, len=1, sev=48, text=","
  Node: type=54 (LEXER_IDENTIFIER), pos=441, len=2, sev=48, text="r5"
  Node: type=47 (LEXER_STATEMENT_SEPARATOR), pos=443, len=1, sev=48, text=""
  Node: type=33 (LEXER_WHITESPACE), pos=444, len=3, sev=48, text="   "
  Node: type=54 (LEXER_IDENTIFIER), pos=447, len=3, sev=48, text="inc"
  Node: type=33 (LEXER_WHITESPACE), pos=450, len=1, sev=48, text=" "
  Node: type=54 (LEXER_IDENTIFIER), pos=451, len=2, sev=48, text="r6"
  Node: type=33 (LEXER_WHITESPACE), pos=453, len=14, sev=48, text="              "
  Node: type=38 (LEXER_COMMENT), pos=467, len=31, sev=48, text="/* else increase word count  */"
  Node: type=47 (LEXER_STATEMENT_SEPARATOR), pos=498, len=1, sev=48, text=""
  Node: type=33 (LEXER_WHITESPACE), pos=499, len=23, sev=48, text="                       "
  Node: type=38 (LEXER_COMMENT), pos=522, len=31, sev=48, text="/* offset of word is in R3   */"
  Node: type=47 (LEXER_STATEMENT_SEPARATOR), pos=553, len=1, sev=48, text=""
  Node: type=33 (LEXER_WHITESPACE), pos=554, len=3, sev=48, text="   "
  Node: type=54 (LEXER_IDENTIFIER), pos=557, len=7, sev=48, text="fndblnk"
  Node: type=33 (LEXER_WHITESPACE), pos=564, len=1, sev=48, text=" "
  Node: type=54 (LEXER_IDENTIFIER), pos=565, len=2, sev=48, text="r3"
  Node: type=46 (LEXER_SEPARATOR), pos=567, len=1, sev=48, text=","
  Node: type=54 (LEXER_IDENTIFIER), pos=568, len=2, sev=48, text="r1"
  Node: type=46 (LEXER_SEPARATOR), pos=570, len=1, sev=48, text=","
  Node: type=54 (LEXER_IDENTIFIER), pos=571, len=2, sev=48, text="r3"
  Node: type=33 (LEXER_WHITESPACE), pos=573, len=4, sev=48, text="    "
  Node: type=38 (LEXER_COMMENT), pos=577, len=40, sev=48, text="/* from offset find next blank offset */"
  Node: type=47 (LEXER_STATEMENT_SEPARATOR), pos=617, len=1, sev=48, text=""
  Node: type=33 (LEXER_WHITESPACE), pos=618, len=3, sev=48, text="   "
  Node: type=54 (LEXER_IDENTIFIER), pos=621, len=3, sev=48, text="ilt"
  Node: type=33 (LEXER_WHITESPACE), pos=624, len=1, sev=48, text=" "
  Node: type=54 (LEXER_IDENTIFIER), pos=625, len=2, sev=48, text="r5"
  Node: type=46 (LEXER_SEPARATOR), pos=627, len=1, sev=48, text=","
  Node: type=54 (LEXER_IDENTIFIER), pos=628, len=2, sev=48, text="r3"
  Node: type=46 (LEXER_SEPARATOR), pos=630, len=1, sev=48, text=","
  Node: type=40 (LEXER_NUMBER_LITERAL), pos=631, len=1, sev=48, text="0"
  Node: type=33 (LEXER_WHITESPACE), pos=632, len=9, sev=48, text="         "
  Node: type=38 (LEXER_COMMENT), pos=641, len=40, sev=48, text="/* if <0, nothing found, end search   */"
  Node: type=47 (LEXER_STATEMENT_SEPARATOR), pos=681, len=1, sev=48, text=""
  Node: type=33 (LEXER_WHITESPACE), pos=682, len=3, sev=48, text="   "
  Node: type=54 (LEXER_IDENTIFIER), pos=685, len=3, sev=48, text="brt"
  Node: type=33 (LEXER_WHITESPACE), pos=688, len=1, sev=48, text=" "
  Node: type=54 (LEXER_IDENTIFIER), pos=689, len=5, sev=48, text="break"
  Node: type=46 (LEXER_SEPARATOR), pos=694, len=1, sev=48, text=","
  Node: type=54 (LEXER_IDENTIFIER), pos=695, len=2, sev=48, text="r5"
  Node: type=47 (LEXER_STATEMENT_SEPARATOR), pos=697, len=1, sev=48, text=""
  Node: type=33 (LEXER_WHITESPACE), pos=698, len=3, sev=48, text="   "
  Node: type=54 (LEXER_IDENTIFIER), pos=701, len=3, sev=48, text="bct"
  Node: type=33 (LEXER_WHITESPACE), pos=704, len=1, sev=48, text=" "
  Node: type=54 (LEXER_IDENTIFIER), pos=705, len=4, sev=48, text="loop"
  Node: type=46 (LEXER_SEPARATOR), pos=709, len=1, sev=48, text=","
  Node: type=54 (LEXER_IDENTIFIER), pos=710, len=2, sev=48, text="r4"
  Node: type=46 (LEXER_SEPARATOR), pos=712, len=1, sev=48, text=","
  Node: type=54 (LEXER_IDENTIFIER), pos=713, len=2, sev=48, text="r3"
  Node: type=33 (LEXER_WHITESPACE), pos=715, len=6, sev=48, text="      "
  Node: type=38 (LEXER_COMMENT), pos=721, len=40, sev=48, text="/* then look for next non blank char  */"
  Node: type=47 (LEXER_STATEMENT_SEPARATOR), pos=761, len=1, sev=48, text=""
  Node: type=56 (LEXER_FUNCTION_IDENTIFIER), pos=762, len=6, sev=48, text="break:"
  Node: type=47 (LEXER_STATEMENT_SEPARATOR), pos=768, len=1, sev=48, text=""
  Node: type=33 (LEXER_WHITESPACE), pos=769, len=3, sev=48, text="   "
  Node: type=54 (LEXER_IDENTIFIER), pos=772, len=3, sev=48, text="ret"
  Node: type=33 (LEXER_WHITESPACE), pos=775, len=1, sev=48, text=" "
  Node: type=54 (LEXER_IDENTIFIER), pos=776, len=2, sev=48, text="r6"
  Node: type=47 (LEXER_STATEMENT_SEPARATOR), pos=778, len=1, sev=48, text=""
  Node: type=47 (LEXER_STATEMENT_SEPARATOR), pos=779, len=1, sev=48, text=""
COMMAND: QUIT
