Node: type=71 (PARSE_TREE_FILE), pos=0, len=767, sev=48
  Node: type=38 (LEXER_COMMENT), pos=0, len=26, sev=48, text="/* Valid rxas test code */"
  Node: type=47 (LEXER_STATEMENT_SEPARATOR), pos=26, len=1, sev=48, text=""
  Node: type=33 (LEXER_WHITESPACE), pos=27, len=10, sev=48, text="          "
  Node: type=37 (LEXER_PREPROCESSOR), pos=37, len=8, sev=48, text=".globals"
  Node: type=43 (LEXER_OPERATOR_ASSIGN), pos=45, len=1, sev=48, text="="
  Node: type=40 (LEXER_NUMBER_LITERAL), pos=46, len=1, sev=48, text="0"
  Node: type=47 (LEXER_STATEMENT_SEPARATOR), pos=47, len=1, sev=48, text=""
  Node: type=54 (LEXER_IDENTIFIER), pos=48, len=7, sev=48, text="words()"
  Node: type=33 (LEXER_WHITESPACE), pos=55, len=3, sev=48, text="   "
  Node: type=37 (LEXER_PREPROCESSOR), pos=58, len=7, sev=48, text=".locals"
  Node: type=43 (LEXER_OPERATOR_ASSIGN), pos=65, len=1, sev=48, text="="
  Node: type=40 (LEXER_NUMBER_LITERAL), pos=66, len=1, sev=48, text="8"
  Node: type=33 (LEXER_WHITESPACE), pos=67, len=1, sev=48, text=" "
  Node: type=37 (LEXER_PREPROCESSOR), pos=68, len=7, sev=48, text=".expose"
  Node: type=43 (LEXER_OPERATOR_ASSIGN), pos=75, len=1, sev=48, text="="
  Node: type=54 (LEXER_IDENTIFIER), pos=76, len=12, sev=48, text="rxfnsb.words"
  Node: type=47 (LEXER_STATEMENT_SEPARATOR), pos=88, len=1, sev=48, text=""
  Node: type=33 (LEXER_WHITESPACE), pos=89, len=3, sev=48, text="   "
  Node: type=37 (LEXER_PREPROCESSOR), pos=92, len=5, sev=48, text=".meta"
  Node: type=33 (LEXER_WHITESPACE), pos=97, len=1, sev=48, text=" "
  Node: type=39 (LEXER_STRING_LITERAL), pos=98, len=14, sev=48, text=""rxfnsb.words""
  Node: type=43 (LEXER_OPERATOR_ASSIGN), pos=112, len=1, sev=48, text="="
  Node: type=39 (LEXER_STRING_LITERAL), pos=113, len=3, sev=48, text=""b""
  Node: type=33 (LEXER_WHITESPACE), pos=116, len=1, sev=48, text=" "
  Node: type=39 (LEXER_STRING_LITERAL), pos=117, len=6, sev=48, text="".int""
  Node: type=33 (LEXER_WHITESPACE), pos=123, len=1, sev=48, text=" "
  Node: type=54 (LEXER_IDENTIFIER), pos=124, len=7, sev=48, text="words()"
  Node: type=33 (LEXER_WHITESPACE), pos=131, len=1, sev=48, text=" "
  Node: type=39 (LEXER_STRING_LITERAL), pos=132, len=19, sev=48, text=""string1 = .string""
  Node: type=47 (LEXER_STATEMENT_SEPARATOR), pos=151, len=1, sev=48, text=""
  Node: type=33 (LEXER_WHITESPACE), pos=152, len=4, sev=48, text="    "
  Node: type=38 (LEXER_COMMENT), pos=156, len=25, sev=48, text="/* string    = arg1    */"
  Node: type=47 (LEXER_STATEMENT_SEPARATOR), pos=181, len=1, sev=48, text=""
  Node: type=33 (LEXER_WHITESPACE), pos=182, len=3, sev=48, text="   "
  Node: type=41 (LEXER_KEYWORD), pos=185, len=4, sev=48, text="copy"
  Node: type=33 (LEXER_WHITESPACE), pos=189, len=2, sev=48, text="  "
  Node: type=57 (LEXER_CONSTANT_IDENTIFIER), pos=191, len=2, sev=48, text="r1"
  Node: type=46 (LEXER_SEPARATOR), pos=193, len=1, sev=48, text=","
  Node: type=57 (LEXER_CONSTANT_IDENTIFIER), pos=194, len=2, sev=48, text="a1"
  Node: type=47 (LEXER_STATEMENT_SEPARATOR), pos=196, len=1, sev=48, text=""
  Node: type=33 (LEXER_WHITESPACE), pos=197, len=3, sev=48, text="   "
  Node: type=41 (LEXER_KEYWORD), pos=200, len=4, sev=48, text="load"
  Node: type=33 (LEXER_WHITESPACE), pos=204, len=2, sev=48, text="  "
  Node: type=57 (LEXER_CONSTANT_IDENTIFIER), pos=206, len=2, sev=48, text="r3"
  Node: type=46 (LEXER_SEPARATOR), pos=208, len=1, sev=48, text=","
  Node: type=40 (LEXER_NUMBER_LITERAL), pos=209, len=1, sev=48, text="0"
  Node: type=33 (LEXER_WHITESPACE), pos=210, len=3, sev=48, text="   "
  Node: type=38 (LEXER_COMMENT), pos=213, len=22, sev=48, text="/* offset in string */"
  Node: type=47 (LEXER_STATEMENT_SEPARATOR), pos=235, len=1, sev=48, text=""
  Node: type=33 (LEXER_WHITESPACE), pos=236, len=3, sev=48, text="   "
  Node: type=41 (LEXER_KEYWORD), pos=239, len=6, sev=48, text="strlen"
  Node: type=33 (LEXER_WHITESPACE), pos=245, len=1, sev=48, text=" "
  Node: type=57 (LEXER_CONSTANT_IDENTIFIER), pos=246, len=2, sev=48, text="r4"
  Node: type=46 (LEXER_SEPARATOR), pos=248, len=1, sev=48, text=","
  Node: type=57 (LEXER_CONSTANT_IDENTIFIER), pos=249, len=2, sev=48, text="r1"
  Node: type=47 (LEXER_STATEMENT_SEPARATOR), pos=251, len=1, sev=48, text=""
  Node: type=33 (LEXER_WHITESPACE), pos=252, len=3, sev=48, text="   "
  Node: type=41 (LEXER_KEYWORD), pos=255, len=4, sev=48, text="load"
  Node: type=33 (LEXER_WHITESPACE), pos=259, len=2, sev=48, text="  "
  Node: type=57 (LEXER_CONSTANT_IDENTIFIER), pos=261, len=2, sev=48, text="r6"
  Node: type=46 (LEXER_SEPARATOR), pos=263, len=1, sev=48, text=","
  Node: type=40 (LEXER_NUMBER_LITERAL), pos=264, len=1, sev=48, text="0"
  Node: type=33 (LEXER_WHITESPACE), pos=265, len=3, sev=48, text="   "
  Node: type=38 (LEXER_COMMENT), pos=268, len=22, sev=48, text="/* word count       */"
  Node: type=47 (LEXER_STATEMENT_SEPARATOR), pos=290, len=1, sev=48, text=""
  Node: type=54 (LEXER_IDENTIFIER), pos=291, len=5, sev=48, text="loop:"
  Node: type=47 (LEXER_STATEMENT_SEPARATOR), pos=296, len=1, sev=48, text=""
  Node: type=33 (LEXER_WHITESPACE), pos=297, len=3, sev=48, text="   "
  Node: type=41 (LEXER_KEYWORD), pos=300, len=8, sev=48, text="fndnblnk"
  Node: type=33 (LEXER_WHITESPACE), pos=308, len=1, sev=48, text=" "
  Node: type=57 (LEXER_CONSTANT_IDENTIFIER), pos=309, len=2, sev=48, text="r3"
  Node: type=46 (LEXER_SEPARATOR), pos=311, len=1, sev=48, text=","
  Node: type=57 (LEXER_CONSTANT_IDENTIFIER), pos=312, len=2, sev=48, text="r1"
  Node: type=46 (LEXER_SEPARATOR), pos=314, len=1, sev=48, text=","
  Node: type=57 (LEXER_CONSTANT_IDENTIFIER), pos=315, len=2, sev=48, text="r3"
  Node: type=33 (LEXER_WHITESPACE), pos=317, len=3, sev=48, text="   "
  Node: type=38 (LEXER_COMMENT), pos=320, len=32, sev=48, text="/* find next non blank offset */"
  Node: type=47 (LEXER_STATEMENT_SEPARATOR), pos=352, len=1, sev=48, text=""
  Node: type=33 (LEXER_WHITESPACE), pos=353, len=3, sev=48, text="   "
  Node: type=41 (LEXER_KEYWORD), pos=356, len=3, sev=48, text="ilt"
  Node: type=33 (LEXER_WHITESPACE), pos=359, len=1, sev=48, text=" "
  Node: type=57 (LEXER_CONSTANT_IDENTIFIER), pos=360, len=2, sev=48, text="r5"
  Node: type=46 (LEXER_SEPARATOR), pos=362, len=1, sev=48, text=","
  Node: type=57 (LEXER_CONSTANT_IDENTIFIER), pos=363, len=2, sev=48, text="r3"
  Node: type=46 (LEXER_SEPARATOR), pos=365, len=1, sev=48, text=","
  Node: type=40 (LEXER_NUMBER_LITERAL), pos=366, len=1, sev=48, text="0"
  Node: type=33 (LEXER_WHITESPACE), pos=367, len=9, sev=48, text="         "
  Node: type=38 (LEXER_COMMENT), pos=376, len=38, sev=48, text="/* if <0, nothing found, end search */"
  Node: type=47 (LEXER_STATEMENT_SEPARATOR), pos=414, len=1, sev=48, text=""
  Node: type=33 (LEXER_WHITESPACE), pos=415, len=3, sev=48, text="   "
  Node: type=41 (LEXER_KEYWORD), pos=418, len=3, sev=48, text="brt"
  Node: type=33 (LEXER_WHITESPACE), pos=421, len=1, sev=48, text=" "
  Node: type=54 (LEXER_IDENTIFIER), pos=422, len=5, sev=48, text="break"
  Node: type=46 (LEXER_SEPARATOR), pos=427, len=1, sev=48, text=","
  Node: type=57 (LEXER_CONSTANT_IDENTIFIER), pos=428, len=2, sev=48, text="r5"
  Node: type=47 (LEXER_STATEMENT_SEPARATOR), pos=430, len=1, sev=48, text=""
  Node: type=33 (LEXER_WHITESPACE), pos=431, len=3, sev=48, text="   "
  Node: type=41 (LEXER_KEYWORD), pos=434, len=3, sev=48, text="inc"
  Node: type=33 (LEXER_WHITESPACE), pos=437, len=1, sev=48, text=" "
  Node: type=57 (LEXER_CONSTANT_IDENTIFIER), pos=438, len=2, sev=48, text="r6"
  Node: type=33 (LEXER_WHITESPACE), pos=440, len=14, sev=48, text="              "
  Node: type=38 (LEXER_COMMENT), pos=454, len=31, sev=48, text="/* else increase word count  */"
  Node: type=47 (LEXER_STATEMENT_SEPARATOR), pos=485, len=1, sev=48, text=""
  Node: type=33 (LEXER_WHITESPACE), pos=486, len=23, sev=48, text="                       "
  Node: type=38 (LEXER_COMMENT), pos=509, len=31, sev=48, text="/* offset of word is in R3   */"
  Node: type=47 (LEXER_STATEMENT_SEPARATOR), pos=540, len=1, sev=48, text=""
  Node: type=33 (LEXER_WHITESPACE), pos=541, len=3, sev=48, text="   "
  Node: type=41 (LEXER_KEYWORD), pos=544, len=7, sev=48, text="fndblnk"
  Node: type=33 (LEXER_WHITESPACE), pos=551, len=1, sev=48, text=" "
  Node: type=57 (LEXER_CONSTANT_IDENTIFIER), pos=552, len=2, sev=48, text="r3"
  Node: type=46 (LEXER_SEPARATOR), pos=554, len=1, sev=48, text=","
  Node: type=57 (LEXER_CONSTANT_IDENTIFIER), pos=555, len=2, sev=48, text="r1"
  Node: type=46 (LEXER_SEPARATOR), pos=557, len=1, sev=48, text=","
  Node: type=57 (LEXER_CONSTANT_IDENTIFIER), pos=558, len=2, sev=48, text="r3"
  Node: type=33 (LEXER_WHITESPACE), pos=560, len=4, sev=48, text="    "
  Node: type=38 (LEXER_COMMENT), pos=564, len=40, sev=48, text="/* from offset find next blank offset */"
  Node: type=47 (LEXER_STATEMENT_SEPARATOR), pos=604, len=1, sev=48, text=""
  Node: type=33 (LEXER_WHITESPACE), pos=605, len=3, sev=48, text="   "
  Node: type=41 (LEXER_KEYWORD), pos=608, len=3, sev=48, text="ilt"
  Node: type=33 (LEXER_WHITESPACE), pos=611, len=1, sev=48, text=" "
  Node: type=57 (LEXER_CONSTANT_IDENTIFIER), pos=612, len=2, sev=48, text="r5"
  Node: type=46 (LEXER_SEPARATOR), pos=614, len=1, sev=48, text=","
  Node: type=57 (LEXER_CONSTANT_IDENTIFIER), pos=615, len=2, sev=48, text="r3"
  Node: type=46 (LEXER_SEPARATOR), pos=617, len=1, sev=48, text=","
  Node: type=40 (LEXER_NUMBER_LITERAL), pos=618, len=1, sev=48, text="0"
  Node: type=33 (LEXER_WHITESPACE), pos=619, len=9, sev=48, text="         "
  Node: type=38 (LEXER_COMMENT), pos=628, len=40, sev=48, text="/* if <0, nothing found, end search   */"
  Node: type=47 (LEXER_STATEMENT_SEPARATOR), pos=668, len=1, sev=48, text=""
  Node: type=33 (LEXER_WHITESPACE), pos=669, len=3, sev=48, text="   "
  Node: type=41 (LEXER_KEYWORD), pos=672, len=3, sev=48, text="brt"
  Node: type=33 (LEXER_WHITESPACE), pos=675, len=1, sev=48, text=" "
  Node: type=54 (LEXER_IDENTIFIER), pos=676, len=5, sev=48, text="break"
  Node: type=46 (LEXER_SEPARATOR), pos=681, len=1, sev=48, text=","
  Node: type=57 (LEXER_CONSTANT_IDENTIFIER), pos=682, len=2, sev=48, text="r5"
  Node: type=47 (LEXER_STATEMENT_SEPARATOR), pos=684, len=1, sev=48, text=""
  Node: type=33 (LEXER_WHITESPACE), pos=685, len=3, sev=48, text="   "
  Node: type=41 (LEXER_KEYWORD), pos=688, len=3, sev=48, text="bct"
  Node: type=33 (LEXER_WHITESPACE), pos=691, len=1, sev=48, text=" "
  Node: type=54 (LEXER_IDENTIFIER), pos=692, len=4, sev=48, text="loop"
  Node: type=46 (LEXER_SEPARATOR), pos=696, len=1, sev=48, text=","
  Node: type=57 (LEXER_CONSTANT_IDENTIFIER), pos=697, len=2, sev=48, text="r4"
  Node: type=46 (LEXER_SEPARATOR), pos=699, len=1, sev=48, text=","
  Node: type=57 (LEXER_CONSTANT_IDENTIFIER), pos=700, len=2, sev=48, text="r3"
  Node: type=33 (LEXER_WHITESPACE), pos=702, len=6, sev=48, text="      "
  Node: type=38 (LEXER_COMMENT), pos=708, len=40, sev=48, text="/* then look for next non blank char  */"
  Node: type=47 (LEXER_STATEMENT_SEPARATOR), pos=748, len=1, sev=48, text=""
  Node: type=54 (LEXER_IDENTIFIER), pos=749, len=6, sev=48, text="break:"
  Node: type=47 (LEXER_STATEMENT_SEPARATOR), pos=755, len=1, sev=48, text=""
  Node: type=33 (LEXER_WHITESPACE), pos=756, len=3, sev=48, text="   "
  Node: type=41 (LEXER_KEYWORD), pos=759, len=3, sev=48, text="ret"
  Node: type=33 (LEXER_WHITESPACE), pos=762, len=1, sev=48, text=" "
  Node: type=57 (LEXER_CONSTANT_IDENTIFIER), pos=763, len=2, sev=48, text="r6"
  Node: type=47 (LEXER_STATEMENT_SEPARATOR), pos=765, len=1, sev=48, text=""
  Node: type=47 (LEXER_STATEMENT_SEPARATOR), pos=766, len=1, sev=48, text=""
