Node: type=71 (PARSE_TREE_FILE), pos=0, len=380, sev=48
  Node: type=38 (LEXER_COMMENT), pos=0, len=2, sev=48, text="/*"
  Node: type=33 (LEXER_WHITESPACE), pos=2, len=1, sev=48, text=""
  Node: type=33 (LEXER_WHITESPACE), pos=3, len=1, sev=48, text=" "
  Node: type=38 (LEXER_COMMENT), pos=4, len=43, sev=48, text="* cREXX COMPILER VERSION : crexx-dev-260110"
  Node: type=33 (LEXER_WHITESPACE), pos=47, len=1, sev=48, text=""
  Node: type=33 (LEXER_WHITESPACE), pos=48, len=1, sev=48, text=" "
  Node: type=38 (LEXER_COMMENT), pos=49, len=36, sev=48, text="* SOURCE                 : test.rexx"
  Node: type=33 (LEXER_WHITESPACE), pos=85, len=1, sev=48, text=""
  Node: type=33 (LEXER_WHITESPACE), pos=86, len=1, sev=48, text=" "
  Node: type=38 (LEXER_COMMENT), pos=87, len=46, sev=48, text="* BUILT                  : 2026-04-12 20:36:56"
  Node: type=33 (LEXER_WHITESPACE), pos=133, len=1, sev=48, text=""
  Node: type=33 (LEXER_WHITESPACE), pos=134, len=1, sev=48, text=" "
  Node: type=38 (LEXER_COMMENT), pos=135, len=2, sev=48, text="*/"
  Node: type=47 (LEXER_STATEMENT_SEPARATOR), pos=137, len=1, sev=48, text=""
  Node: type=47 (LEXER_STATEMENT_SEPARATOR), pos=138, len=1, sev=48, text=""
  Node: type=37 (LEXER_PREPROCESSOR), pos=139, len=8, sev=48, text=".srcfile"
  Node: type=43 (LEXER_OPERATOR_ASSIGN), pos=147, len=1, sev=48, text="="
  Node: type=39 (LEXER_STRING_LITERAL), pos=148, len=11, sev=48, text=""test.rexx""
  Node: type=47 (LEXER_STATEMENT_SEPARATOR), pos=159, len=1, sev=48, text=""
  Node: type=37 (LEXER_PREPROCESSOR), pos=160, len=8, sev=48, text=".globals"
  Node: type=43 (LEXER_OPERATOR_ASSIGN), pos=168, len=1, sev=48, text="="
  Node: type=40 (LEXER_NUMBER_LITERAL), pos=169, len=1, sev=48, text="0"
  Node: type=47 (LEXER_STATEMENT_SEPARATOR), pos=170, len=1, sev=48, text=""
  Node: type=47 (LEXER_STATEMENT_SEPARATOR), pos=171, len=1, sev=48, text=""
  Node: type=56 (LEXER_FUNCTION_IDENTIFIER), pos=172, len=6, sev=48, text="main()"
  Node: type=33 (LEXER_WHITESPACE), pos=178, len=1, sev=48, text=" "
  Node: type=37 (LEXER_PREPROCESSOR), pos=179, len=7, sev=48, text=".locals"
  Node: type=43 (LEXER_OPERATOR_ASSIGN), pos=186, len=1, sev=48, text="="
  Node: type=40 (LEXER_NUMBER_LITERAL), pos=187, len=1, sev=48, text="0"
  Node: type=47 (LEXER_STATEMENT_SEPARATOR), pos=188, len=1, sev=48, text=""
  Node: type=33 (LEXER_WHITESPACE), pos=189, len=3, sev=48, text="   "
  Node: type=37 (LEXER_PREPROCESSOR), pos=192, len=5, sev=48, text=".meta"
  Node: type=33 (LEXER_WHITESPACE), pos=197, len=1, sev=48, text=" "
  Node: type=39 (LEXER_STRING_LITERAL), pos=198, len=11, sev=48, text=""test.main""
  Node: type=43 (LEXER_OPERATOR_ASSIGN), pos=209, len=1, sev=48, text="="
  Node: type=39 (LEXER_STRING_LITERAL), pos=210, len=3, sev=48, text=""b""
  Node: type=33 (LEXER_WHITESPACE), pos=213, len=1, sev=48, text=" "
  Node: type=39 (LEXER_STRING_LITERAL), pos=214, len=7, sev=48, text="".void""
  Node: type=33 (LEXER_WHITESPACE), pos=221, len=1, sev=48, text=" "
  Node: type=56 (LEXER_FUNCTION_IDENTIFIER), pos=222, len=6, sev=48, text="main()"
  Node: type=33 (LEXER_WHITESPACE), pos=228, len=1, sev=48, text=" "
  Node: type=39 (LEXER_STRING_LITERAL), pos=229, len=2, sev=48, text=""""
  Node: type=33 (LEXER_WHITESPACE), pos=231, len=1, sev=48, text=" "
  Node: type=39 (LEXER_STRING_LITERAL), pos=232, len=2, sev=48, text=""""
  Node: type=47 (LEXER_STATEMENT_SEPARATOR), pos=234, len=1, sev=48, text=""
  Node: type=33 (LEXER_WHITESPACE), pos=235, len=3, sev=48, text="   "
  Node: type=54 (LEXER_IDENTIFIER), pos=238, len=10, sev=48, text="setnumdgts"
  Node: type=33 (LEXER_WHITESPACE), pos=248, len=1, sev=48, text=" "
  Node: type=40 (LEXER_NUMBER_LITERAL), pos=249, len=2, sev=48, text="18"
  Node: type=47 (LEXER_STATEMENT_SEPARATOR), pos=251, len=1, sev=48, text=""
  Node: type=33 (LEXER_WHITESPACE), pos=252, len=3, sev=48, text="   "
  Node: type=54 (LEXER_IDENTIFIER), pos=255, len=9, sev=48, text="setnumfuz"
  Node: type=33 (LEXER_WHITESPACE), pos=264, len=1, sev=48, text=" "
  Node: type=40 (LEXER_NUMBER_LITERAL), pos=265, len=1, sev=48, text="0"
  Node: type=47 (LEXER_STATEMENT_SEPARATOR), pos=266, len=1, sev=48, text=""
  Node: type=33 (LEXER_WHITESPACE), pos=267, len=3, sev=48, text="   "
  Node: type=54 (LEXER_IDENTIFIER), pos=270, len=9, sev=48, text="setnumfrm"
  Node: type=33 (LEXER_WHITESPACE), pos=279, len=1, sev=48, text=" "
  Node: type=40 (LEXER_NUMBER_LITERAL), pos=280, len=1, sev=48, text="1"
  Node: type=47 (LEXER_STATEMENT_SEPARATOR), pos=281, len=1, sev=48, text=""
  Node: type=33 (LEXER_WHITESPACE), pos=282, len=3, sev=48, text="   "
  Node: type=54 (LEXER_IDENTIFIER), pos=285, len=9, sev=48, text="setnumcas"
  Node: type=33 (LEXER_WHITESPACE), pos=294, len=1, sev=48, text=" "
  Node: type=40 (LEXER_NUMBER_LITERAL), pos=295, len=1, sev=48, text="1"
  Node: type=47 (LEXER_STATEMENT_SEPARATOR), pos=296, len=1, sev=48, text=""
  Node: type=33 (LEXER_WHITESPACE), pos=297, len=3, sev=48, text="   "
  Node: type=54 (LEXER_IDENTIFIER), pos=300, len=9, sev=48, text="setnumstd"
  Node: type=33 (LEXER_WHITESPACE), pos=309, len=1, sev=48, text=" "
  Node: type=40 (LEXER_NUMBER_LITERAL), pos=310, len=1, sev=48, text="1"
  Node: type=47 (LEXER_STATEMENT_SEPARATOR), pos=311, len=1, sev=48, text=""
  Node: type=33 (LEXER_WHITESPACE), pos=312, len=3, sev=48, text="   "
  Node: type=37 (LEXER_PREPROCESSOR), pos=315, len=4, sev=48, text=".src"
  Node: type=33 (LEXER_WHITESPACE), pos=319, len=1, sev=48, text=" "
  Node: type=40 (LEXER_NUMBER_LITERAL), pos=320, len=1, sev=48, text="2"
  Node: type=46 (LEXER_SEPARATOR), pos=321, len=1, sev=48, text=":"
  Node: type=40 (LEXER_NUMBER_LITERAL), pos=322, len=1, sev=48, text="1"
  Node: type=43 (LEXER_OPERATOR_ASSIGN), pos=323, len=1, sev=48, text="="
  Node: type=39 (LEXER_STRING_LITERAL), pos=324, len=15, sev=48, text=""say \"hello\"""
  Node: type=47 (LEXER_STATEMENT_SEPARATOR), pos=339, len=1, sev=48, text=""
  Node: type=33 (LEXER_WHITESPACE), pos=340, len=3, sev=48, text="   "
  Node: type=54 (LEXER_IDENTIFIER), pos=343, len=3, sev=48, text="say"
  Node: type=33 (LEXER_WHITESPACE), pos=346, len=1, sev=48, text=" "
  Node: type=39 (LEXER_STRING_LITERAL), pos=347, len=7, sev=48, text=""hello""
  Node: type=47 (LEXER_STATEMENT_SEPARATOR), pos=354, len=1, sev=48, text=""
  Node: type=33 (LEXER_WHITESPACE), pos=355, len=3, sev=48, text="   "
  Node: type=37 (LEXER_PREPROCESSOR), pos=358, len=4, sev=48, text=".src"
  Node: type=33 (LEXER_WHITESPACE), pos=362, len=1, sev=48, text=" "
  Node: type=40 (LEXER_NUMBER_LITERAL), pos=363, len=1, sev=48, text="2"
  Node: type=46 (LEXER_SEPARATOR), pos=364, len=1, sev=48, text=":"
  Node: type=40 (LEXER_NUMBER_LITERAL), pos=365, len=2, sev=48, text="12"
  Node: type=43 (LEXER_OPERATOR_ASSIGN), pos=367, len=1, sev=48, text="="
  Node: type=39 (LEXER_STRING_LITERAL), pos=368, len=2, sev=48, text=""""
  Node: type=47 (LEXER_STATEMENT_SEPARATOR), pos=370, len=1, sev=48, text=""
  Node: type=33 (LEXER_WHITESPACE), pos=371, len=3, sev=48, text="   "
  Node: type=54 (LEXER_IDENTIFIER), pos=374, len=3, sev=48, text="ret"
  Node: type=47 (LEXER_STATEMENT_SEPARATOR), pos=377, len=1, sev=48, text=""
  Node: type=47 (LEXER_STATEMENT_SEPARATOR), pos=378, len=1, sev=48, text=""
  Node: type=47 (LEXER_STATEMENT_SEPARATOR), pos=379, len=1, sev=48
