Test project /Users/adrian/CLionProjects/CREXX/cmake-build-release
    Start 3165: rxpa_external_sdk_consumer
1/1 Test #3165: rxpa_external_sdk_consumer .......   Passed   20.63 sec

100% tests passed, 0 tests failed out of 1

Label Time Summary:
crexx-rag            =  20.63 sec*proc (1 test)
external-consumer    =  20.63 sec*proc (1 test)
hash                 =  20.63 sec*proc (1 test)
install              =  20.63 sec*proc (1 test)
native               =  20.63 sec*proc (1 test)
package              =  20.63 sec*proc (1 test)
packed               =  20.63 sec*proc (1 test)
qualification        =  20.63 sec*proc (1 test)
rcc-5d               =  20.63 sec*proc (1 test)
rcc-5e               =  20.63 sec*proc (1 test)
rcc-5f               =  20.63 sec*proc (1 test)
rxpa                 =  20.63 sec*proc (1 test)
sqlite               =  20.63 sec*proc (1 test)
stats                =  20.63 sec*proc (1 test)
vector               =  20.63 sec*proc (1 test)

Total Test time (real) =  20.70 sec
