Test project /Users/adrian/CLionProjects/CREXX/cmake-build-release
    Start    1: linked_opt_runtime_artifacts_build
    Test    #1: linked_opt_runtime_artifacts_build ...   Passed    0.07 sec
    Start    1: linked_opt_runtime_artifacts_build
    Test    #1: linked_opt_runtime_artifacts_build ...   Passed    0.07 sec
    Start    1: linked_opt_runtime_artifacts_build
    Test    #1: linked_opt_runtime_artifacts_build ...   Passed    0.07 sec
    Start    1: linked_opt_runtime_artifacts_build
    Test    #1: linked_opt_runtime_artifacts_build ...   Passed    0.07 sec
    Start    1: linked_opt_runtime_artifacts_build
    Test    #1: linked_opt_runtime_artifacts_build ...   Passed    0.07 sec
    Start    1: linked_opt_runtime_artifacts_build
    Test    #1: linked_opt_runtime_artifacts_build ...   Passed    0.07 sec
    Start    1: linked_opt_runtime_artifacts_build
    Test    #1: linked_opt_runtime_artifacts_build ...   Passed    0.07 sec
    Start    1: linked_opt_runtime_artifacts_build
    Test    #1: linked_opt_runtime_artifacts_build ...   Passed    0.07 sec
    Start    1: linked_opt_runtime_artifacts_build
    Test    #1: linked_opt_runtime_artifacts_build ...   Passed    0.07 sec
    Start    1: linked_opt_runtime_artifacts_build
    Test    #1: linked_opt_runtime_artifacts_build ...   Passed    0.07 sec
    Start    1: linked_opt_runtime_artifacts_build
    Test    #1: linked_opt_runtime_artifacts_build ...   Passed    0.07 sec
    Start    1: linked_opt_runtime_artifacts_build
    Test    #1: linked_opt_runtime_artifacts_build ...   Passed    0.07 sec
    Start    1: linked_opt_runtime_artifacts_build
    Test    #1: linked_opt_runtime_artifacts_build ...   Passed    0.07 sec
    Start    1: linked_opt_runtime_artifacts_build
    Test    #1: linked_opt_runtime_artifacts_build ...   Passed    0.07 sec
    Start    1: linked_opt_runtime_artifacts_build
    Test    #1: linked_opt_runtime_artifacts_build ...   Passed    0.07 sec
    Start    1: linked_opt_runtime_artifacts_build
    Test    #1: linked_opt_runtime_artifacts_build ...   Passed    0.07 sec
    Start    1: linked_opt_runtime_artifacts_build
    Test    #1: linked_opt_runtime_artifacts_build ...   Passed    0.07 sec
    Start    1: linked_opt_runtime_artifacts_build
    Test    #1: linked_opt_runtime_artifacts_build ...   Passed    0.07 sec
    Start    1: linked_opt_runtime_artifacts_build
    Test    #1: linked_opt_runtime_artifacts_build ...   Passed    0.07 sec
    Start    1: linked_opt_runtime_artifacts_build
    Test    #1: linked_opt_runtime_artifacts_build ...   Passed    0.07 sec
    Start    1: linked_opt_runtime_artifacts_build
    Test    #1: linked_opt_runtime_artifacts_build ...   Passed    0.07 sec
    Start    1: linked_opt_runtime_artifacts_build
    Test    #1: linked_opt_runtime_artifacts_build ...   Passed    0.07 sec
    Start    1: linked_opt_runtime_artifacts_build
    Test    #1: linked_opt_runtime_artifacts_build ...   Passed    0.07 sec
    Start    1: linked_opt_runtime_artifacts_build
    Test    #1: linked_opt_runtime_artifacts_build ...   Passed    0.07 sec
    Start    1: linked_opt_runtime_artifacts_build
    Test    #1: linked_opt_runtime_artifacts_build ...   Passed    0.08 sec
    Start    1: linked_opt_runtime_artifacts_build
    Test    #1: linked_opt_runtime_artifacts_build ...   Passed    0.08 sec
    Start    1: linked_opt_runtime_artifacts_build
    Test    #1: linked_opt_runtime_artifacts_build ...   Passed    0.07 sec
    Start    1: linked_opt_runtime_artifacts_build
    Test    #1: linked_opt_runtime_artifacts_build ...   Passed    0.08 sec
    Start    1: linked_opt_runtime_artifacts_build
    Test    #1: linked_opt_runtime_artifacts_build ...   Passed    0.08 sec
    Start    1: linked_opt_runtime_artifacts_build
    Test    #1: linked_opt_runtime_artifacts_build ...   Passed    0.08 sec
    Start    1: linked_opt_runtime_artifacts_build
    Test    #1: linked_opt_runtime_artifacts_build ...   Passed    0.07 sec
    Start    1: linked_opt_runtime_artifacts_build
    Test    #1: linked_opt_runtime_artifacts_build ...   Passed    0.07 sec
    Start    1: linked_opt_runtime_artifacts_build
    Test    #1: linked_opt_runtime_artifacts_build ...   Passed    0.07 sec
    Start    1: linked_opt_runtime_artifacts_build
    Test    #1: linked_opt_runtime_artifacts_build ...   Passed    0.07 sec
    Start    1: linked_opt_runtime_artifacts_build
    Test    #1: linked_opt_runtime_artifacts_build ...   Passed    0.07 sec
    Start    1: linked_opt_runtime_artifacts_build
    Test    #1: linked_opt_runtime_artifacts_build ...   Passed    0.07 sec
    Start    1: linked_opt_runtime_artifacts_build
    Test    #1: linked_opt_runtime_artifacts_build ...   Passed    0.07 sec
    Start    1: linked_opt_runtime_artifacts_build
    Test    #1: linked_opt_runtime_artifacts_build ...   Passed    0.07 sec
    Start    1: linked_opt_runtime_artifacts_build
    Test    #1: linked_opt_runtime_artifacts_build ...   Passed    0.07 sec
    Start    1: linked_opt_runtime_artifacts_build
    Test    #1: linked_opt_runtime_artifacts_build ...   Passed    0.07 sec
    Start    1: linked_opt_runtime_artifacts_build
    Test    #1: linked_opt_runtime_artifacts_build ...   Passed    0.07 sec
    Start    1: linked_opt_runtime_artifacts_build
    Test    #1: linked_opt_runtime_artifacts_build ...   Passed    0.07 sec
    Start    1: linked_opt_runtime_artifacts_build
    Test    #1: linked_opt_runtime_artifacts_build ...   Passed    0.07 sec
    Start    1: linked_opt_runtime_artifacts_build
    Test    #1: linked_opt_runtime_artifacts_build ...   Passed    0.07 sec
    Start    1: linked_opt_runtime_artifacts_build
    Test    #1: linked_opt_runtime_artifacts_build ...   Passed    0.07 sec
    Start    1: linked_opt_runtime_artifacts_build
    Test    #1: linked_opt_runtime_artifacts_build ...   Passed    0.07 sec
    Start    1: linked_opt_runtime_artifacts_build
    Test    #1: linked_opt_runtime_artifacts_build ...   Passed    0.07 sec
    Start    1: linked_opt_runtime_artifacts_build
    Test    #1: linked_opt_runtime_artifacts_build ...   Passed    0.07 sec
    Start    1: linked_opt_runtime_artifacts_build
    Test    #1: linked_opt_runtime_artifacts_build ...   Passed    0.07 sec
    Start    1: linked_opt_runtime_artifacts_build
    Test    #1: linked_opt_runtime_artifacts_build ...   Passed    0.07 sec
    Start    1: linked_opt_runtime_artifacts_build
    Test    #1: linked_opt_runtime_artifacts_build ...   Passed    0.07 sec
    Start    1: linked_opt_runtime_artifacts_build
    Test    #1: linked_opt_runtime_artifacts_build ...   Passed    0.07 sec
    Start    1: linked_opt_runtime_artifacts_build
    Test    #1: linked_opt_runtime_artifacts_build ...   Passed    0.07 sec
    Start    1: linked_opt_runtime_artifacts_build
    Test    #1: linked_opt_runtime_artifacts_build ...   Passed    0.07 sec
    Start    1: linked_opt_runtime_artifacts_build
    Test    #1: linked_opt_runtime_artifacts_build ...   Passed    0.07 sec
    Start    1: linked_opt_runtime_artifacts_build
    Test    #1: linked_opt_runtime_artifacts_build ...   Passed    0.07 sec
    Start    1: linked_opt_runtime_artifacts_build
    Test    #1: linked_opt_runtime_artifacts_build ...   Passed    0.07 sec
    Start    1: linked_opt_runtime_artifacts_build
    Test    #1: linked_opt_runtime_artifacts_build ...   Passed    0.07 sec
    Start    1: linked_opt_runtime_artifacts_build
    Test    #1: linked_opt_runtime_artifacts_build ...   Passed    0.07 sec
    Start    1: linked_opt_runtime_artifacts_build
    Test    #1: linked_opt_runtime_artifacts_build ...   Passed    0.07 sec
    Start    1: linked_opt_runtime_artifacts_build
    Test    #1: linked_opt_runtime_artifacts_build ...   Passed    0.07 sec
    Start    1: linked_opt_runtime_artifacts_build
    Test    #1: linked_opt_runtime_artifacts_build ...   Passed    0.07 sec
    Start    1: linked_opt_runtime_artifacts_build
    Test    #1: linked_opt_runtime_artifacts_build ...   Passed    0.07 sec
    Start    1: linked_opt_runtime_artifacts_build
    Test    #1: linked_opt_runtime_artifacts_build ...   Passed    0.07 sec
    Start    1: linked_opt_runtime_artifacts_build
    Test    #1: linked_opt_runtime_artifacts_build ...   Passed    0.07 sec
    Start    1: linked_opt_runtime_artifacts_build
    Test    #1: linked_opt_runtime_artifacts_build ...   Passed    0.07 sec
    Start    1: linked_opt_runtime_artifacts_build
    Test    #1: linked_opt_runtime_artifacts_build ...   Passed    0.07 sec
    Start    1: linked_opt_runtime_artifacts_build
    Test    #1: linked_opt_runtime_artifacts_build ...   Passed    0.07 sec
    Start    1: linked_opt_runtime_artifacts_build
    Test    #1: linked_opt_runtime_artifacts_build ...   Passed    0.07 sec
    Start    1: linked_opt_runtime_artifacts_build
    Test    #1: linked_opt_runtime_artifacts_build ...   Passed    0.07 sec
    Start    1: linked_opt_runtime_artifacts_build
    Test    #1: linked_opt_runtime_artifacts_build ...   Passed    0.07 sec
    Start    1: linked_opt_runtime_artifacts_build
    Test    #1: linked_opt_runtime_artifacts_build ...   Passed    0.07 sec
    Start    1: linked_opt_runtime_artifacts_build
    Test    #1: linked_opt_runtime_artifacts_build ...   Passed    0.09 sec
    Start    1: linked_opt_runtime_artifacts_build
    Test    #1: linked_opt_runtime_artifacts_build ...   Passed    0.08 sec
    Start    1: linked_opt_runtime_artifacts_build
    Test    #1: linked_opt_runtime_artifacts_build ...   Passed    0.07 sec
    Start    1: linked_opt_runtime_artifacts_build
    Test    #1: linked_opt_runtime_artifacts_build ...   Passed    0.07 sec
    Start    1: linked_opt_runtime_artifacts_build
    Test    #1: linked_opt_runtime_artifacts_build ...   Passed    0.07 sec
    Start    1: linked_opt_runtime_artifacts_build
    Test    #1: linked_opt_runtime_artifacts_build ...   Passed    0.08 sec
    Start    1: linked_opt_runtime_artifacts_build
    Test    #1: linked_opt_runtime_artifacts_build ...   Passed    0.07 sec
    Start    1: linked_opt_runtime_artifacts_build
    Test    #1: linked_opt_runtime_artifacts_build ...   Passed    0.07 sec
    Start    1: linked_opt_runtime_artifacts_build
    Test    #1: linked_opt_runtime_artifacts_build ...   Passed    0.07 sec
    Start    1: linked_opt_runtime_artifacts_build
    Test    #1: linked_opt_runtime_artifacts_build ...   Passed    0.07 sec
    Start    1: linked_opt_runtime_artifacts_build
    Test    #1: linked_opt_runtime_artifacts_build ...   Passed    0.07 sec
    Start    1: linked_opt_runtime_artifacts_build
    Test    #1: linked_opt_runtime_artifacts_build ...   Passed    0.07 sec
    Start    1: linked_opt_runtime_artifacts_build
    Test    #1: linked_opt_runtime_artifacts_build ...   Passed    0.07 sec
    Start    1: linked_opt_runtime_artifacts_build
    Test    #1: linked_opt_runtime_artifacts_build ...   Passed    0.07 sec
    Start    1: linked_opt_runtime_artifacts_build
    Test    #1: linked_opt_runtime_artifacts_build ...   Passed    0.07 sec
    Start    1: linked_opt_runtime_artifacts_build
    Test    #1: linked_opt_runtime_artifacts_build ...   Passed    0.07 sec
    Start    1: linked_opt_runtime_artifacts_build
    Test    #1: linked_opt_runtime_artifacts_build ...   Passed    0.07 sec
    Start    1: linked_opt_runtime_artifacts_build
    Test    #1: linked_opt_runtime_artifacts_build ...   Passed    0.07 sec
    Start    1: linked_opt_runtime_artifacts_build
    Test    #1: linked_opt_runtime_artifacts_build ...   Passed    0.07 sec
    Start    1: linked_opt_runtime_artifacts_build
    Test    #1: linked_opt_runtime_artifacts_build ...   Passed    0.07 sec
    Start    1: linked_opt_runtime_artifacts_build
    Test    #1: linked_opt_runtime_artifacts_build ...   Passed    0.07 sec
    Start    1: linked_opt_runtime_artifacts_build
    Test    #1: linked_opt_runtime_artifacts_build ...   Passed    0.07 sec
    Start    1: linked_opt_runtime_artifacts_build
    Test    #1: linked_opt_runtime_artifacts_build ...   Passed    0.07 sec
    Start    1: linked_opt_runtime_artifacts_build
    Test    #1: linked_opt_runtime_artifacts_build ...   Passed    0.07 sec
    Start    1: linked_opt_runtime_artifacts_build
    Test    #1: linked_opt_runtime_artifacts_build ...   Passed    0.07 sec
    Start    1: linked_opt_runtime_artifacts_build
    Test    #1: linked_opt_runtime_artifacts_build ...   Passed    0.07 sec
    Start    1: linked_opt_runtime_artifacts_build
    Test    #1: linked_opt_runtime_artifacts_build ...   Passed    0.07 sec
    Start    1: linked_opt_runtime_artifacts_build
1/5 Test    #1: linked_opt_runtime_artifacts_build ...   Passed    0.07 sec
    Start 1701: ts_http_policy_rxbvm_noopt
    Start 1703: ts_http_policy_rxtvm_noopt
    Start 1702: ts_http_policy_rxbvm_opt
    Start 1704: ts_http_policy_rxtvm_opt
    Test #1702: ts_http_policy_rxbvm_opt .............   Passed    0.62 sec
    Start 1702: ts_http_policy_rxbvm_opt
    Test #1704: ts_http_policy_rxtvm_opt .............   Passed    0.62 sec
    Start 1704: ts_http_policy_rxtvm_opt
    Test #1703: ts_http_policy_rxtvm_noopt ...........   Passed    0.78 sec
    Start 1703: ts_http_policy_rxtvm_noopt
    Test #1701: ts_http_policy_rxbvm_noopt ...........   Passed    0.79 sec
    Start 1701: ts_http_policy_rxbvm_noopt
    Test #1702: ts_http_policy_rxbvm_opt .............   Passed    0.62 sec
    Start 1702: ts_http_policy_rxbvm_opt
    Test #1704: ts_http_policy_rxtvm_opt .............   Passed    0.63 sec
    Start 1704: ts_http_policy_rxtvm_opt
    Test #1703: ts_http_policy_rxtvm_noopt ...........   Passed    0.78 sec
    Start 1703: ts_http_policy_rxtvm_noopt
    Test #1701: ts_http_policy_rxbvm_noopt ...........   Passed    0.78 sec
    Start 1701: ts_http_policy_rxbvm_noopt
    Test #1702: ts_http_policy_rxbvm_opt .............   Passed    0.62 sec
    Start 1702: ts_http_policy_rxbvm_opt
    Test #1704: ts_http_policy_rxtvm_opt .............   Passed    0.62 sec
    Start 1704: ts_http_policy_rxtvm_opt
    Test #1701: ts_http_policy_rxbvm_noopt ...........   Passed    0.78 sec
    Start 1701: ts_http_policy_rxbvm_noopt
    Test #1703: ts_http_policy_rxtvm_noopt ...........   Passed    0.79 sec
    Start 1703: ts_http_policy_rxtvm_noopt
    Test #1702: ts_http_policy_rxbvm_opt .............   Passed    0.63 sec
    Start 1702: ts_http_policy_rxbvm_opt
    Test #1704: ts_http_policy_rxtvm_opt .............   Passed    0.63 sec
    Start 1704: ts_http_policy_rxtvm_opt
    Test #1704: ts_http_policy_rxtvm_opt .............   Passed    0.63 sec
    Start 1704: ts_http_policy_rxtvm_opt
    Test #1702: ts_http_policy_rxbvm_opt .............   Passed    0.63 sec
    Start 1702: ts_http_policy_rxbvm_opt
    Test #1701: ts_http_policy_rxbvm_noopt ...........   Passed    0.78 sec
    Start 1701: ts_http_policy_rxbvm_noopt
    Test #1703: ts_http_policy_rxtvm_noopt ...........   Passed    0.79 sec
    Start 1703: ts_http_policy_rxtvm_noopt
    Test #1704: ts_http_policy_rxtvm_opt .............   Passed    0.63 sec
    Start 1704: ts_http_policy_rxtvm_opt
    Test #1702: ts_http_policy_rxbvm_opt .............   Passed    0.63 sec
    Start 1702: ts_http_policy_rxbvm_opt
    Test #1701: ts_http_policy_rxbvm_noopt ...........   Passed    0.79 sec
    Start 1701: ts_http_policy_rxbvm_noopt
    Test #1703: ts_http_policy_rxtvm_noopt ...........   Passed    0.79 sec
    Start 1703: ts_http_policy_rxtvm_noopt
    Test #1702: ts_http_policy_rxbvm_opt .............   Passed    0.63 sec
    Start 1702: ts_http_policy_rxbvm_opt
    Test #1704: ts_http_policy_rxtvm_opt .............   Passed    0.63 sec
    Start 1704: ts_http_policy_rxtvm_opt
    Test #1701: ts_http_policy_rxbvm_noopt ...........   Passed    0.78 sec
    Start 1701: ts_http_policy_rxbvm_noopt
    Test #1703: ts_http_policy_rxtvm_noopt ...........   Passed    0.79 sec
    Start 1703: ts_http_policy_rxtvm_noopt
    Test #1702: ts_http_policy_rxbvm_opt .............   Passed    0.63 sec
    Start 1702: ts_http_policy_rxbvm_opt
    Test #1704: ts_http_policy_rxtvm_opt .............   Passed    0.63 sec
    Start 1704: ts_http_policy_rxtvm_opt
    Test #1701: ts_http_policy_rxbvm_noopt ...........   Passed    0.79 sec
    Start 1701: ts_http_policy_rxbvm_noopt
    Test #1703: ts_http_policy_rxtvm_noopt ...........   Passed    0.79 sec
    Start 1703: ts_http_policy_rxtvm_noopt
    Test #1704: ts_http_policy_rxtvm_opt .............   Passed    0.63 sec
    Start 1704: ts_http_policy_rxtvm_opt
    Test #1702: ts_http_policy_rxbvm_opt .............   Passed    0.63 sec
    Start 1702: ts_http_policy_rxbvm_opt
    Test #1702: ts_http_policy_rxbvm_opt .............   Passed    0.63 sec
    Start 1702: ts_http_policy_rxbvm_opt
    Test #1704: ts_http_policy_rxtvm_opt .............   Passed    0.63 sec
    Start 1704: ts_http_policy_rxtvm_opt
    Test #1701: ts_http_policy_rxbvm_noopt ...........   Passed    0.80 sec
    Start 1701: ts_http_policy_rxbvm_noopt
    Test #1703: ts_http_policy_rxtvm_noopt ...........   Passed    0.80 sec
    Start 1703: ts_http_policy_rxtvm_noopt
    Test #1702: ts_http_policy_rxbvm_opt .............   Passed    0.63 sec
    Start 1702: ts_http_policy_rxbvm_opt
    Test #1704: ts_http_policy_rxtvm_opt .............   Passed    0.63 sec
    Start 1704: ts_http_policy_rxtvm_opt
    Test #1701: ts_http_policy_rxbvm_noopt ...........   Passed    0.80 sec
    Start 1701: ts_http_policy_rxbvm_noopt
    Test #1703: ts_http_policy_rxtvm_noopt ...........   Passed    0.81 sec
    Start 1703: ts_http_policy_rxtvm_noopt
    Test #1704: ts_http_policy_rxtvm_opt .............   Passed    0.64 sec
    Start 1704: ts_http_policy_rxtvm_opt
    Test #1702: ts_http_policy_rxbvm_opt .............   Passed    0.65 sec
    Start 1702: ts_http_policy_rxbvm_opt
    Test #1701: ts_http_policy_rxbvm_noopt ...........   Passed    0.79 sec
    Start 1701: ts_http_policy_rxbvm_noopt
    Test #1703: ts_http_policy_rxtvm_noopt ...........   Passed    0.80 sec
    Start 1703: ts_http_policy_rxtvm_noopt
    Test #1702: ts_http_policy_rxbvm_opt .............   Passed    0.64 sec
    Start 1702: ts_http_policy_rxbvm_opt
    Test #1704: ts_http_policy_rxtvm_opt .............   Passed    0.64 sec
    Start 1704: ts_http_policy_rxtvm_opt
    Test #1701: ts_http_policy_rxbvm_noopt ...........   Passed    0.82 sec
    Start 1701: ts_http_policy_rxbvm_noopt
    Test #1703: ts_http_policy_rxtvm_noopt ...........   Passed    0.82 sec
    Start 1703: ts_http_policy_rxtvm_noopt
    Test #1702: ts_http_policy_rxbvm_opt .............   Passed    0.67 sec
    Start 1702: ts_http_policy_rxbvm_opt
    Test #1704: ts_http_policy_rxtvm_opt .............   Passed    0.67 sec
    Start 1704: ts_http_policy_rxtvm_opt
    Test #1704: ts_http_policy_rxtvm_opt .............   Passed    0.63 sec
    Start 1704: ts_http_policy_rxtvm_opt
    Test #1702: ts_http_policy_rxbvm_opt .............   Passed    0.65 sec
    Start 1702: ts_http_policy_rxbvm_opt
    Test #1701: ts_http_policy_rxbvm_noopt ...........   Passed    0.81 sec
    Start 1701: ts_http_policy_rxbvm_noopt
    Test #1703: ts_http_policy_rxtvm_noopt ...........   Passed    0.81 sec
    Start 1703: ts_http_policy_rxtvm_noopt
    Test #1704: ts_http_policy_rxtvm_opt .............   Passed    0.66 sec
    Start 1704: ts_http_policy_rxtvm_opt
    Test #1702: ts_http_policy_rxbvm_opt .............   Passed    0.66 sec
    Start 1702: ts_http_policy_rxbvm_opt
    Test #1701: ts_http_policy_rxbvm_noopt ...........   Passed    0.84 sec
    Start 1701: ts_http_policy_rxbvm_noopt
    Test #1703: ts_http_policy_rxtvm_noopt ...........   Passed    0.82 sec
    Start 1703: ts_http_policy_rxtvm_noopt
    Test #1704: ts_http_policy_rxtvm_opt .............   Passed    0.64 sec
    Start 1704: ts_http_policy_rxtvm_opt
    Test #1702: ts_http_policy_rxbvm_opt .............   Passed    0.62 sec
    Start 1702: ts_http_policy_rxbvm_opt
    Test #1701: ts_http_policy_rxbvm_noopt ...........   Passed    0.82 sec
    Start 1701: ts_http_policy_rxbvm_noopt
    Test #1703: ts_http_policy_rxtvm_noopt ...........   Passed    0.82 sec
    Start 1703: ts_http_policy_rxtvm_noopt
    Test #1702: ts_http_policy_rxbvm_opt .............   Passed    0.68 sec
    Start 1702: ts_http_policy_rxbvm_opt
    Test #1704: ts_http_policy_rxtvm_opt .............   Passed    0.69 sec
    Start 1704: ts_http_policy_rxtvm_opt
    Test #1701: ts_http_policy_rxbvm_noopt ...........   Passed    0.84 sec
    Start 1701: ts_http_policy_rxbvm_noopt
    Test #1703: ts_http_policy_rxtvm_noopt ...........   Passed    0.83 sec
    Start 1703: ts_http_policy_rxtvm_noopt
    Test #1704: ts_http_policy_rxtvm_opt .............   Passed    0.67 sec
    Start 1704: ts_http_policy_rxtvm_opt
    Test #1702: ts_http_policy_rxbvm_opt .............   Passed    0.67 sec
    Start 1702: ts_http_policy_rxbvm_opt
    Test #1702: ts_http_policy_rxbvm_opt .............   Passed    0.65 sec
    Start 1702: ts_http_policy_rxbvm_opt
    Test #1704: ts_http_policy_rxtvm_opt .............   Passed    0.65 sec
    Start 1704: ts_http_policy_rxtvm_opt
    Test #1701: ts_http_policy_rxbvm_noopt ...........   Passed    0.81 sec
    Start 1701: ts_http_policy_rxbvm_noopt
    Test #1703: ts_http_policy_rxtvm_noopt ...........   Passed    0.82 sec
    Start 1703: ts_http_policy_rxtvm_noopt
    Test #1702: ts_http_policy_rxbvm_opt .............   Passed    0.64 sec
    Start 1702: ts_http_policy_rxbvm_opt
    Test #1704: ts_http_policy_rxtvm_opt .............   Passed    0.65 sec
    Start 1704: ts_http_policy_rxtvm_opt
    Test #1701: ts_http_policy_rxbvm_noopt ...........   Passed    0.82 sec
    Start 1701: ts_http_policy_rxbvm_noopt
    Test #1703: ts_http_policy_rxtvm_noopt ...........   Passed    0.82 sec
    Start 1703: ts_http_policy_rxtvm_noopt
    Test #1704: ts_http_policy_rxtvm_opt .............   Passed    0.65 sec
    Start 1704: ts_http_policy_rxtvm_opt
    Test #1702: ts_http_policy_rxbvm_opt .............   Passed    0.65 sec
    Start 1702: ts_http_policy_rxbvm_opt
    Test #1703: ts_http_policy_rxtvm_noopt ...........   Passed    0.81 sec
    Start 1703: ts_http_policy_rxtvm_noopt
    Test #1701: ts_http_policy_rxbvm_noopt ...........   Passed    0.82 sec
    Start 1701: ts_http_policy_rxbvm_noopt
    Test #1702: ts_http_policy_rxbvm_opt .............   Passed    0.65 sec
    Start 1702: ts_http_policy_rxbvm_opt
    Test #1704: ts_http_policy_rxtvm_opt .............   Passed    0.65 sec
    Start 1704: ts_http_policy_rxtvm_opt
    Test #1703: ts_http_policy_rxtvm_noopt ...........   Passed    0.83 sec
    Start 1703: ts_http_policy_rxtvm_noopt
    Test #1701: ts_http_policy_rxbvm_noopt ...........   Passed    0.83 sec
    Start 1701: ts_http_policy_rxbvm_noopt
    Test #1704: ts_http_policy_rxtvm_opt .............   Passed    0.67 sec
    Start 1704: ts_http_policy_rxtvm_opt
    Test #1702: ts_http_policy_rxbvm_opt .............   Passed    0.68 sec
    Start 1702: ts_http_policy_rxbvm_opt
    Test #1704: ts_http_policy_rxtvm_opt .............   Passed    0.65 sec
    Start 1704: ts_http_policy_rxtvm_opt
    Test #1702: ts_http_policy_rxbvm_opt .............   Passed    0.66 sec
    Start 1702: ts_http_policy_rxbvm_opt
    Test #1703: ts_http_policy_rxtvm_noopt ...........   Passed    0.82 sec
    Start 1703: ts_http_policy_rxtvm_noopt
    Test #1701: ts_http_policy_rxbvm_noopt ...........   Passed    0.83 sec
    Start 1701: ts_http_policy_rxbvm_noopt
    Test #1702: ts_http_policy_rxbvm_opt .............   Passed    0.67 sec
    Start 1702: ts_http_policy_rxbvm_opt
    Test #1704: ts_http_policy_rxtvm_opt .............   Passed    0.68 sec
    Start 1704: ts_http_policy_rxtvm_opt
    Test #1703: ts_http_policy_rxtvm_noopt ...........   Passed    0.85 sec
    Start 1703: ts_http_policy_rxtvm_noopt
    Test #1701: ts_http_policy_rxbvm_noopt ...........   Passed    0.84 sec
    Start 1701: ts_http_policy_rxbvm_noopt
    Test #1704: ts_http_policy_rxtvm_opt .............   Passed    0.64 sec
    Start 1704: ts_http_policy_rxtvm_opt
    Test #1702: ts_http_policy_rxbvm_opt .............   Passed    0.64 sec
    Start 1702: ts_http_policy_rxbvm_opt
    Test #1703: ts_http_policy_rxtvm_noopt ...........   Passed    0.82 sec
    Start 1703: ts_http_policy_rxtvm_noopt
    Test #1701: ts_http_policy_rxbvm_noopt ...........   Passed    0.82 sec
    Start 1701: ts_http_policy_rxbvm_noopt
    Test #1702: ts_http_policy_rxbvm_opt .............   Passed    0.67 sec
    Start 1702: ts_http_policy_rxbvm_opt
    Test #1704: ts_http_policy_rxtvm_opt .............   Passed    0.67 sec
    Start 1704: ts_http_policy_rxtvm_opt
    Test #1703: ts_http_policy_rxtvm_noopt ...........   Passed    0.81 sec
    Start 1703: ts_http_policy_rxtvm_noopt
    Test #1701: ts_http_policy_rxbvm_noopt ...........   Passed    0.81 sec
    Start 1701: ts_http_policy_rxbvm_noopt
    Test #1702: ts_http_policy_rxbvm_opt .............   Passed    0.65 sec
    Start 1702: ts_http_policy_rxbvm_opt
    Test #1704: ts_http_policy_rxtvm_opt .............   Passed    0.65 sec
    Start 1704: ts_http_policy_rxtvm_opt
    Test #1704: ts_http_policy_rxtvm_opt .............   Passed    0.69 sec
    Start 1704: ts_http_policy_rxtvm_opt
    Test #1702: ts_http_policy_rxbvm_opt .............   Passed    0.69 sec
    Start 1702: ts_http_policy_rxbvm_opt
    Test #1701: ts_http_policy_rxbvm_noopt ...........   Passed    0.85 sec
    Start 1701: ts_http_policy_rxbvm_noopt
    Test #1703: ts_http_policy_rxtvm_noopt ...........   Passed    0.86 sec
    Start 1703: ts_http_policy_rxtvm_noopt
    Test #1704: ts_http_policy_rxtvm_opt .............   Passed    0.67 sec
    Start 1704: ts_http_policy_rxtvm_opt
    Test #1702: ts_http_policy_rxbvm_opt .............   Passed    0.67 sec
    Start 1702: ts_http_policy_rxbvm_opt
    Test #1701: ts_http_policy_rxbvm_noopt ...........   Passed    0.84 sec
    Start 1701: ts_http_policy_rxbvm_noopt
    Test #1703: ts_http_policy_rxtvm_noopt ...........   Passed    0.85 sec
    Start 1703: ts_http_policy_rxtvm_noopt
    Test #1702: ts_http_policy_rxbvm_opt .............   Passed    0.64 sec
    Start 1702: ts_http_policy_rxbvm_opt
    Test #1704: ts_http_policy_rxtvm_opt .............   Passed    0.64 sec
    Start 1704: ts_http_policy_rxtvm_opt
    Test #1701: ts_http_policy_rxbvm_noopt ...........   Passed    0.83 sec
    Start 1701: ts_http_policy_rxbvm_noopt
    Test #1703: ts_http_policy_rxtvm_noopt ...........   Passed    0.83 sec
    Start 1703: ts_http_policy_rxtvm_noopt
    Test #1702: ts_http_policy_rxbvm_opt .............   Passed    0.67 sec
    Start 1702: ts_http_policy_rxbvm_opt
    Test #1704: ts_http_policy_rxtvm_opt .............   Passed    0.67 sec
    Start 1704: ts_http_policy_rxtvm_opt
    Test #1701: ts_http_policy_rxbvm_noopt ...........   Passed    0.83 sec
    Start 1701: ts_http_policy_rxbvm_noopt
    Test #1703: ts_http_policy_rxtvm_noopt ...........   Passed    0.84 sec
    Start 1703: ts_http_policy_rxtvm_noopt
    Test #1702: ts_http_policy_rxbvm_opt .............   Passed    0.67 sec
    Start 1702: ts_http_policy_rxbvm_opt
    Test #1704: ts_http_policy_rxtvm_opt .............   Passed    0.68 sec
    Start 1704: ts_http_policy_rxtvm_opt
    Test #1702: ts_http_policy_rxbvm_opt .............   Passed    0.66 sec
    Start 1702: ts_http_policy_rxbvm_opt
    Test #1704: ts_http_policy_rxtvm_opt .............   Passed    0.65 sec
    Start 1704: ts_http_policy_rxtvm_opt
    Test #1701: ts_http_policy_rxbvm_noopt ...........   Passed    0.82 sec
    Start 1701: ts_http_policy_rxbvm_noopt
    Test #1703: ts_http_policy_rxtvm_noopt ...........   Passed    0.83 sec
    Start 1703: ts_http_policy_rxtvm_noopt
    Test #1704: ts_http_policy_rxtvm_opt .............   Passed    0.65 sec
    Start 1704: ts_http_policy_rxtvm_opt
    Test #1702: ts_http_policy_rxbvm_opt .............   Passed    0.66 sec
    Start 1702: ts_http_policy_rxbvm_opt
    Test #1701: ts_http_policy_rxbvm_noopt ...........   Passed    0.84 sec
    Start 1701: ts_http_policy_rxbvm_noopt
    Test #1703: ts_http_policy_rxtvm_noopt ...........   Passed    0.84 sec
    Start 1703: ts_http_policy_rxtvm_noopt
    Test #1704: ts_http_policy_rxtvm_opt .............   Passed    0.68 sec
    Start 1704: ts_http_policy_rxtvm_opt
    Test #1702: ts_http_policy_rxbvm_opt .............   Passed    0.68 sec
    Start 1702: ts_http_policy_rxbvm_opt
    Test #1701: ts_http_policy_rxbvm_noopt ...........   Passed    0.84 sec
    Start 1701: ts_http_policy_rxbvm_noopt
    Test #1703: ts_http_policy_rxtvm_noopt ...........   Passed    0.83 sec
    Start 1703: ts_http_policy_rxtvm_noopt
    Test #1704: ts_http_policy_rxtvm_opt .............   Passed    0.65 sec
    Start 1704: ts_http_policy_rxtvm_opt
    Test #1702: ts_http_policy_rxbvm_opt .............   Passed    0.66 sec
    Start 1702: ts_http_policy_rxbvm_opt
    Test #1701: ts_http_policy_rxbvm_noopt ...........   Passed    0.83 sec
    Start 1701: ts_http_policy_rxbvm_noopt
    Test #1703: ts_http_policy_rxtvm_noopt ...........   Passed    0.82 sec
    Start 1703: ts_http_policy_rxtvm_noopt
    Test #1702: ts_http_policy_rxbvm_opt .............   Passed    0.66 sec
    Start 1702: ts_http_policy_rxbvm_opt
    Test #1704: ts_http_policy_rxtvm_opt .............   Passed    0.67 sec
    Start 1704: ts_http_policy_rxtvm_opt
    Test #1702: ts_http_policy_rxbvm_opt .............   Passed    0.67 sec
    Start 1702: ts_http_policy_rxbvm_opt
    Test #1704: ts_http_policy_rxtvm_opt .............   Passed    0.67 sec
    Start 1704: ts_http_policy_rxtvm_opt
    Test #1701: ts_http_policy_rxbvm_noopt ...........   Passed    0.85 sec
    Start 1701: ts_http_policy_rxbvm_noopt
    Test #1703: ts_http_policy_rxtvm_noopt ...........   Passed    0.85 sec
    Start 1703: ts_http_policy_rxtvm_noopt
    Test #1702: ts_http_policy_rxbvm_opt .............   Passed    0.67 sec
    Start 1702: ts_http_policy_rxbvm_opt
    Test #1704: ts_http_policy_rxtvm_opt .............   Passed    0.67 sec
    Start 1704: ts_http_policy_rxtvm_opt
    Test #1701: ts_http_policy_rxbvm_noopt ...........   Passed    0.85 sec
    Start 1701: ts_http_policy_rxbvm_noopt
    Test #1703: ts_http_policy_rxtvm_noopt ...........   Passed    0.84 sec
    Start 1703: ts_http_policy_rxtvm_noopt
    Test #1704: ts_http_policy_rxtvm_opt .............   Passed    0.67 sec
    Start 1704: ts_http_policy_rxtvm_opt
    Test #1702: ts_http_policy_rxbvm_opt .............   Passed    0.67 sec
    Start 1702: ts_http_policy_rxbvm_opt
    Test #1701: ts_http_policy_rxbvm_noopt ...........   Passed    0.84 sec
    Start 1701: ts_http_policy_rxbvm_noopt
    Test #1703: ts_http_policy_rxtvm_noopt ...........   Passed    0.85 sec
    Start 1703: ts_http_policy_rxtvm_noopt
    Test #1704: ts_http_policy_rxtvm_opt .............   Passed    0.67 sec
    Start 1704: ts_http_policy_rxtvm_opt
    Test #1702: ts_http_policy_rxbvm_opt .............   Passed    0.68 sec
    Start 1702: ts_http_policy_rxbvm_opt
    Test #1701: ts_http_policy_rxbvm_noopt ...........   Passed    0.85 sec
    Start 1701: ts_http_policy_rxbvm_noopt
    Test #1704: ts_http_policy_rxtvm_opt .............   Passed    0.68 sec
    Start 1704: ts_http_policy_rxtvm_opt
    Test #1703: ts_http_policy_rxtvm_noopt ...........   Passed    0.86 sec
    Start 1703: ts_http_policy_rxtvm_noopt
    Test #1702: ts_http_policy_rxbvm_opt .............   Passed    0.68 sec
    Start 1702: ts_http_policy_rxbvm_opt
    Test #1704: ts_http_policy_rxtvm_opt .............   Passed    0.67 sec
    Start 1704: ts_http_policy_rxtvm_opt
    Test #1702: ts_http_policy_rxbvm_opt .............   Passed    0.66 sec
    Start 1702: ts_http_policy_rxbvm_opt
    Test #1701: ts_http_policy_rxbvm_noopt ...........   Passed    0.84 sec
    Start 1701: ts_http_policy_rxbvm_noopt
    Test #1703: ts_http_policy_rxtvm_noopt ...........   Passed    0.85 sec
    Start 1703: ts_http_policy_rxtvm_noopt
    Test #1702: ts_http_policy_rxbvm_opt .............   Passed    0.67 sec
    Start 1702: ts_http_policy_rxbvm_opt
    Test #1704: ts_http_policy_rxtvm_opt .............   Passed    0.68 sec
    Start 1704: ts_http_policy_rxtvm_opt
    Test #1701: ts_http_policy_rxbvm_noopt ...........   Passed    0.85 sec
    Start 1701: ts_http_policy_rxbvm_noopt
    Test #1703: ts_http_policy_rxtvm_noopt ...........   Passed    0.86 sec
    Start 1703: ts_http_policy_rxtvm_noopt
    Test #1704: ts_http_policy_rxtvm_opt .............   Passed    0.66 sec
    Start 1704: ts_http_policy_rxtvm_opt
    Test #1702: ts_http_policy_rxbvm_opt .............   Passed    0.67 sec
    Start 1702: ts_http_policy_rxbvm_opt
    Test #1701: ts_http_policy_rxbvm_noopt ...........   Passed    0.84 sec
    Start 1701: ts_http_policy_rxbvm_noopt
    Test #1703: ts_http_policy_rxtvm_noopt ...........   Passed    0.84 sec
    Start 1703: ts_http_policy_rxtvm_noopt
    Test #1704: ts_http_policy_rxtvm_opt .............   Passed    0.68 sec
    Start 1704: ts_http_policy_rxtvm_opt
    Test #1702: ts_http_policy_rxbvm_opt .............   Passed    0.68 sec
    Start 1702: ts_http_policy_rxbvm_opt
    Test #1701: ts_http_policy_rxbvm_noopt ...........   Passed    0.84 sec
    Start 1701: ts_http_policy_rxbvm_noopt
    Test #1704: ts_http_policy_rxtvm_opt .............   Passed    0.67 sec
    Start 1704: ts_http_policy_rxtvm_opt
    Test #1702: ts_http_policy_rxbvm_opt .............   Passed    0.67 sec
    Start 1702: ts_http_policy_rxbvm_opt
    Test #1703: ts_http_policy_rxtvm_noopt ...........   Passed    0.83 sec
    Start 1703: ts_http_policy_rxtvm_noopt
    Test #1702: ts_http_policy_rxbvm_opt .............   Passed    0.67 sec
    Start 1702: ts_http_policy_rxbvm_opt
    Test #1704: ts_http_policy_rxtvm_opt .............   Passed    0.68 sec
    Start 1704: ts_http_policy_rxtvm_opt
    Test #1701: ts_http_policy_rxbvm_noopt ...........   Passed    0.86 sec
    Start 1701: ts_http_policy_rxbvm_noopt
    Test #1703: ts_http_policy_rxtvm_noopt ...........   Passed    0.84 sec
    Start 1703: ts_http_policy_rxtvm_noopt
    Test #1704: ts_http_policy_rxtvm_opt .............   Passed    0.67 sec
    Start 1704: ts_http_policy_rxtvm_opt
    Test #1702: ts_http_policy_rxbvm_opt .............   Passed    0.68 sec
    Start 1702: ts_http_policy_rxbvm_opt
    Test #1701: ts_http_policy_rxbvm_noopt ...........   Passed    0.85 sec
    Start 1701: ts_http_policy_rxbvm_noopt
    Test #1703: ts_http_policy_rxtvm_noopt ...........   Passed    0.84 sec
    Start 1703: ts_http_policy_rxtvm_noopt
    Test #1704: ts_http_policy_rxtvm_opt .............   Passed    0.69 sec
    Start 1704: ts_http_policy_rxtvm_opt
    Test #1702: ts_http_policy_rxbvm_opt .............   Passed    0.69 sec
    Start 1702: ts_http_policy_rxbvm_opt
    Test #1701: ts_http_policy_rxbvm_noopt ...........   Passed    0.86 sec
    Start 1701: ts_http_policy_rxbvm_noopt
    Test #1703: ts_http_policy_rxtvm_noopt ...........   Passed    0.86 sec
    Start 1703: ts_http_policy_rxtvm_noopt
    Test #1704: ts_http_policy_rxtvm_opt .............   Passed    0.68 sec
    Start 1704: ts_http_policy_rxtvm_opt
    Test #1702: ts_http_policy_rxbvm_opt .............   Passed    0.69 sec
    Start 1702: ts_http_policy_rxbvm_opt
    Test #1704: ts_http_policy_rxtvm_opt .............   Passed    0.68 sec
    Start 1704: ts_http_policy_rxtvm_opt
    Test #1701: ts_http_policy_rxbvm_noopt ...........   Passed    0.86 sec
    Start 1701: ts_http_policy_rxbvm_noopt
    Test #1703: ts_http_policy_rxtvm_noopt ...........   Passed    0.86 sec
    Start 1703: ts_http_policy_rxtvm_noopt
    Test #1702: ts_http_policy_rxbvm_opt .............   Passed    0.68 sec
    Start 1702: ts_http_policy_rxbvm_opt
    Test #1704: ts_http_policy_rxtvm_opt .............   Passed    0.68 sec
    Start 1704: ts_http_policy_rxtvm_opt
    Test #1702: ts_http_policy_rxbvm_opt .............   Passed    0.67 sec
    Start 1702: ts_http_policy_rxbvm_opt
    Test #1703: ts_http_policy_rxtvm_noopt ...........   Passed    0.85 sec
    Start 1703: ts_http_policy_rxtvm_noopt
    Test #1701: ts_http_policy_rxbvm_noopt ...........   Passed    0.87 sec
    Start 1701: ts_http_policy_rxbvm_noopt
    Test #1704: ts_http_policy_rxtvm_opt .............   Passed    0.68 sec
    Start 1704: ts_http_policy_rxtvm_opt
    Test #1702: ts_http_policy_rxbvm_opt .............   Passed    0.68 sec
    Start 1702: ts_http_policy_rxbvm_opt
    Test #1703: ts_http_policy_rxtvm_noopt ...........   Passed    0.86 sec
    Start 1703: ts_http_policy_rxtvm_noopt
    Test #1701: ts_http_policy_rxbvm_noopt ...........   Passed    0.85 sec
    Start 1701: ts_http_policy_rxbvm_noopt
    Test #1704: ts_http_policy_rxtvm_opt .............   Passed    0.67 sec
    Start 1704: ts_http_policy_rxtvm_opt
    Test #1702: ts_http_policy_rxbvm_opt .............   Passed    0.69 sec
    Start 1702: ts_http_policy_rxbvm_opt
    Test #1703: ts_http_policy_rxtvm_noopt ...........   Passed    0.85 sec
    Start 1703: ts_http_policy_rxtvm_noopt
    Test #1701: ts_http_policy_rxbvm_noopt ...........   Passed    0.85 sec
    Start 1701: ts_http_policy_rxbvm_noopt
    Test #1704: ts_http_policy_rxtvm_opt .............   Passed    0.68 sec
    Start 1704: ts_http_policy_rxtvm_opt
    Test #1702: ts_http_policy_rxbvm_opt .............   Passed    0.67 sec
    Start 1702: ts_http_policy_rxbvm_opt
    Test #1704: ts_http_policy_rxtvm_opt .............   Passed    0.68 sec
    Start 1704: ts_http_policy_rxtvm_opt
    Test #1702: ts_http_policy_rxbvm_opt .............   Passed    0.68 sec
    Start 1702: ts_http_policy_rxbvm_opt
    Test #1701: ts_http_policy_rxbvm_noopt ...........   Passed    0.84 sec
    Start 1701: ts_http_policy_rxbvm_noopt
    Test #1703: ts_http_policy_rxtvm_noopt ...........   Passed    0.86 sec
    Start 1703: ts_http_policy_rxtvm_noopt
    Test #1704: ts_http_policy_rxtvm_opt .............   Passed    0.67 sec
    Start 1704: ts_http_policy_rxtvm_opt
    Test #1702: ts_http_policy_rxbvm_opt .............   Passed    0.66 sec
    Start 1702: ts_http_policy_rxbvm_opt
    Test #1701: ts_http_policy_rxbvm_noopt ...........   Passed    0.86 sec
    Start 1701: ts_http_policy_rxbvm_noopt
    Test #1703: ts_http_policy_rxtvm_noopt ...........   Passed    0.86 sec
    Start 1703: ts_http_policy_rxtvm_noopt
    Test #1704: ts_http_policy_rxtvm_opt .............   Passed    0.69 sec
    Start 1704: ts_http_policy_rxtvm_opt
    Test #1702: ts_http_policy_rxbvm_opt .............   Passed    0.69 sec
    Start 1702: ts_http_policy_rxbvm_opt
    Test #1701: ts_http_policy_rxbvm_noopt ...........   Passed    0.85 sec
    Start 1701: ts_http_policy_rxbvm_noopt
    Test #1703: ts_http_policy_rxtvm_noopt ...........   Passed    0.85 sec
    Start 1703: ts_http_policy_rxtvm_noopt
    Test #1702: ts_http_policy_rxbvm_opt .............   Passed    0.66 sec
    Start 1702: ts_http_policy_rxbvm_opt
    Test #1704: ts_http_policy_rxtvm_opt .............   Passed    0.67 sec
    Start 1704: ts_http_policy_rxtvm_opt
    Test #1703: ts_http_policy_rxtvm_noopt ...........   Passed    0.84 sec
    Start 1703: ts_http_policy_rxtvm_noopt
    Test #1701: ts_http_policy_rxbvm_noopt ...........   Passed    0.86 sec
    Start 1701: ts_http_policy_rxbvm_noopt
    Test #1702: ts_http_policy_rxbvm_opt .............   Passed    0.68 sec
    Start 1702: ts_http_policy_rxbvm_opt
    Test #1704: ts_http_policy_rxtvm_opt .............   Passed    0.69 sec
    Start 1704: ts_http_policy_rxtvm_opt
    Test #1702: ts_http_policy_rxbvm_opt .............   Passed    0.67 sec
    Start 1702: ts_http_policy_rxbvm_opt
    Test #1704: ts_http_policy_rxtvm_opt .............   Passed    0.67 sec
    Start 1704: ts_http_policy_rxtvm_opt
    Test #1703: ts_http_policy_rxtvm_noopt ...........   Passed    0.84 sec
    Start 1703: ts_http_policy_rxtvm_noopt
    Test #1701: ts_http_policy_rxbvm_noopt ...........   Passed    0.85 sec
    Start 1701: ts_http_policy_rxbvm_noopt
    Test #1702: ts_http_policy_rxbvm_opt .............   Passed    0.68 sec
    Start 1702: ts_http_policy_rxbvm_opt
    Test #1704: ts_http_policy_rxtvm_opt .............   Passed    0.69 sec
    Start 1704: ts_http_policy_rxtvm_opt
    Test #1703: ts_http_policy_rxtvm_noopt ...........   Passed    0.87 sec
    Start 1703: ts_http_policy_rxtvm_noopt
    Test #1701: ts_http_policy_rxbvm_noopt ...........   Passed    0.88 sec
    Start 1701: ts_http_policy_rxbvm_noopt
    Test #1702: ts_http_policy_rxbvm_opt .............   Passed    0.67 sec
    Start 1702: ts_http_policy_rxbvm_opt
    Test #1704: ts_http_policy_rxtvm_opt .............   Passed    0.67 sec
    Start 1704: ts_http_policy_rxtvm_opt
    Test #1703: ts_http_policy_rxtvm_noopt ...........   Passed    0.84 sec
    Start 1703: ts_http_policy_rxtvm_noopt
    Test #1701: ts_http_policy_rxbvm_noopt ...........   Passed    0.85 sec
    Start 1701: ts_http_policy_rxbvm_noopt
    Test #1702: ts_http_policy_rxbvm_opt .............   Passed    0.67 sec
    Start 1702: ts_http_policy_rxbvm_opt
    Test #1704: ts_http_policy_rxtvm_opt .............   Passed    0.68 sec
    Start 1704: ts_http_policy_rxtvm_opt
    Test #1703: ts_http_policy_rxtvm_noopt ...........   Passed    0.85 sec
    Start 1703: ts_http_policy_rxtvm_noopt
    Test #1701: ts_http_policy_rxbvm_noopt ...........   Passed    0.86 sec
    Start 1701: ts_http_policy_rxbvm_noopt
    Test #1702: ts_http_policy_rxbvm_opt .............   Passed    0.70 sec
    Start 1702: ts_http_policy_rxbvm_opt
    Test #1704: ts_http_policy_rxtvm_opt .............   Passed    0.69 sec
    Start 1704: ts_http_policy_rxtvm_opt
    Test #1702: ts_http_policy_rxbvm_opt .............   Passed    0.68 sec
    Start 1702: ts_http_policy_rxbvm_opt
    Test #1704: ts_http_policy_rxtvm_opt .............   Passed    0.68 sec
    Start 1704: ts_http_policy_rxtvm_opt
    Test #1703: ts_http_policy_rxtvm_noopt ...........   Passed    0.85 sec
    Start 1703: ts_http_policy_rxtvm_noopt
    Test #1701: ts_http_policy_rxbvm_noopt ...........   Passed    0.86 sec
    Start 1701: ts_http_policy_rxbvm_noopt
    Test #1702: ts_http_policy_rxbvm_opt .............   Passed    0.70 sec
    Start 1702: ts_http_policy_rxbvm_opt
    Test #1704: ts_http_policy_rxtvm_opt .............   Passed    0.70 sec
    Start 1704: ts_http_policy_rxtvm_opt
    Test #1703: ts_http_policy_rxtvm_noopt ...........   Passed    0.88 sec
    Start 1703: ts_http_policy_rxtvm_noopt
    Test #1701: ts_http_policy_rxbvm_noopt ...........   Passed    0.88 sec
    Start 1701: ts_http_policy_rxbvm_noopt
    Test #1702: ts_http_policy_rxbvm_opt .............   Passed    0.67 sec
    Start 1702: ts_http_policy_rxbvm_opt
    Test #1704: ts_http_policy_rxtvm_opt .............   Passed    0.67 sec
    Start 1704: ts_http_policy_rxtvm_opt
    Test #1703: ts_http_policy_rxtvm_noopt ...........   Passed    0.87 sec
    Start 1703: ts_http_policy_rxtvm_noopt
    Test #1701: ts_http_policy_rxbvm_noopt ...........   Passed    0.87 sec
    Start 1701: ts_http_policy_rxbvm_noopt
    Test #1702: ts_http_policy_rxbvm_opt .............   Passed    0.69 sec
    Start 1702: ts_http_policy_rxbvm_opt
    Test #1704: ts_http_policy_rxtvm_opt .............   Passed    0.69 sec
    Start 1704: ts_http_policy_rxtvm_opt
    Test #1703: ts_http_policy_rxtvm_noopt ...........   Passed    0.85 sec
    Start 1703: ts_http_policy_rxtvm_noopt
    Test #1701: ts_http_policy_rxbvm_noopt ...........   Passed    0.84 sec
    Start 1701: ts_http_policy_rxbvm_noopt
    Test #1702: ts_http_policy_rxbvm_opt .............   Passed    0.67 sec
    Start 1702: ts_http_policy_rxbvm_opt
    Test #1704: ts_http_policy_rxtvm_opt .............   Passed    0.67 sec
    Start 1704: ts_http_policy_rxtvm_opt
    Test #1702: ts_http_policy_rxbvm_opt .............   Passed    0.70 sec
    Start 1702: ts_http_policy_rxbvm_opt
    Test #1704: ts_http_policy_rxtvm_opt .............   Passed    0.68 sec
    Start 1704: ts_http_policy_rxtvm_opt
    Test #1703: ts_http_policy_rxtvm_noopt ...........   Passed    0.87 sec
    Start 1703: ts_http_policy_rxtvm_noopt
    Test #1701: ts_http_policy_rxbvm_noopt ...........   Passed    0.88 sec
    Start 1701: ts_http_policy_rxbvm_noopt
    Test #1702: ts_http_policy_rxbvm_opt .............   Passed    0.68 sec
    Start 1702: ts_http_policy_rxbvm_opt
    Test #1704: ts_http_policy_rxtvm_opt .............   Passed    0.69 sec
    Start 1704: ts_http_policy_rxtvm_opt
    Test #1703: ts_http_policy_rxtvm_noopt ...........   Passed    0.86 sec
    Start 1703: ts_http_policy_rxtvm_noopt
    Test #1701: ts_http_policy_rxbvm_noopt ...........   Passed    0.86 sec
    Start 1701: ts_http_policy_rxbvm_noopt
    Test #1702: ts_http_policy_rxbvm_opt .............   Passed    0.68 sec
    Start 1702: ts_http_policy_rxbvm_opt
    Test #1704: ts_http_policy_rxtvm_opt .............   Passed    0.69 sec
    Start 1704: ts_http_policy_rxtvm_opt
    Test #1703: ts_http_policy_rxtvm_noopt ...........   Passed    0.87 sec
    Start 1703: ts_http_policy_rxtvm_noopt
    Test #1701: ts_http_policy_rxbvm_noopt ...........   Passed    0.86 sec
    Start 1701: ts_http_policy_rxbvm_noopt
    Test #1702: ts_http_policy_rxbvm_opt .............   Passed    0.69 sec
    Start 1702: ts_http_policy_rxbvm_opt
    Test #1704: ts_http_policy_rxtvm_opt .............   Passed    0.69 sec
    Start 1704: ts_http_policy_rxtvm_opt
    Test #1703: ts_http_policy_rxtvm_noopt ...........   Passed    0.86 sec
    Start 1703: ts_http_policy_rxtvm_noopt
    Test #1701: ts_http_policy_rxbvm_noopt ...........   Passed    0.86 sec
    Start 1701: ts_http_policy_rxbvm_noopt
    Test #1702: ts_http_policy_rxbvm_opt .............   Passed    0.70 sec
    Start 1702: ts_http_policy_rxbvm_opt
    Test #1704: ts_http_policy_rxtvm_opt .............   Passed    0.69 sec
    Start 1704: ts_http_policy_rxtvm_opt
    Test #1702: ts_http_policy_rxbvm_opt .............   Passed    0.71 sec
    Start 1702: ts_http_policy_rxbvm_opt
    Test #1704: ts_http_policy_rxtvm_opt .............   Passed    0.71 sec
    Start 1704: ts_http_policy_rxtvm_opt
    Test #1703: ts_http_policy_rxtvm_noopt ...........   Passed    0.88 sec
    Start 1703: ts_http_policy_rxtvm_noopt
    Test #1701: ts_http_policy_rxbvm_noopt ...........   Passed    0.88 sec
    Start 1701: ts_http_policy_rxbvm_noopt
    Test #1702: ts_http_policy_rxbvm_opt .............   Passed    0.67 sec
    Start 1702: ts_http_policy_rxbvm_opt
    Test #1704: ts_http_policy_rxtvm_opt .............   Passed    0.68 sec
    Start 1704: ts_http_policy_rxtvm_opt
    Test #1703: ts_http_policy_rxtvm_noopt ...........   Passed    0.86 sec
    Start 1703: ts_http_policy_rxtvm_noopt
    Test #1701: ts_http_policy_rxbvm_noopt ...........   Passed    0.87 sec
    Start 1701: ts_http_policy_rxbvm_noopt
    Test #1702: ts_http_policy_rxbvm_opt .............   Passed    0.69 sec
    Start 1702: ts_http_policy_rxbvm_opt
    Test #1704: ts_http_policy_rxtvm_opt .............   Passed    0.69 sec
    Start 1704: ts_http_policy_rxtvm_opt
    Test #1703: ts_http_policy_rxtvm_noopt ...........   Passed    0.86 sec
    Start 1703: ts_http_policy_rxtvm_noopt
    Test #1701: ts_http_policy_rxbvm_noopt ...........   Passed    0.87 sec
    Start 1701: ts_http_policy_rxbvm_noopt
    Test #1702: ts_http_policy_rxbvm_opt .............   Passed    0.69 sec
    Start 1702: ts_http_policy_rxbvm_opt
    Test #1704: ts_http_policy_rxtvm_opt .............   Passed    0.69 sec
    Start 1704: ts_http_policy_rxtvm_opt
    Test #1703: ts_http_policy_rxtvm_noopt ...........   Passed    0.86 sec
    Start 1703: ts_http_policy_rxtvm_noopt
    Test #1701: ts_http_policy_rxbvm_noopt ...........   Passed    0.86 sec
    Start 1701: ts_http_policy_rxbvm_noopt
    Test #1702: ts_http_policy_rxbvm_opt .............   Passed    0.70 sec
    Start 1702: ts_http_policy_rxbvm_opt
    Test #1704: ts_http_policy_rxtvm_opt .............   Passed    0.69 sec
    Start 1704: ts_http_policy_rxtvm_opt
    Test #1702: ts_http_policy_rxbvm_opt .............   Passed    0.68 sec
    Start 1702: ts_http_policy_rxbvm_opt
    Test #1704: ts_http_policy_rxtvm_opt .............   Passed    0.69 sec
    Start 1704: ts_http_policy_rxtvm_opt
    Test #1703: ts_http_policy_rxtvm_noopt ...........   Passed    0.86 sec
    Start 1703: ts_http_policy_rxtvm_noopt
    Test #1701: ts_http_policy_rxbvm_noopt ...........   Passed    0.88 sec
    Start 1701: ts_http_policy_rxbvm_noopt
    Test #1702: ts_http_policy_rxbvm_opt .............   Passed    0.69 sec
    Start 1702: ts_http_policy_rxbvm_opt
    Test #1704: ts_http_policy_rxtvm_opt .............   Passed    0.69 sec
    Start 1704: ts_http_policy_rxtvm_opt
    Test #1703: ts_http_policy_rxtvm_noopt ...........   Passed    0.86 sec
    Start 1703: ts_http_policy_rxtvm_noopt
    Test #1701: ts_http_policy_rxbvm_noopt ...........   Passed    0.85 sec
    Start 1701: ts_http_policy_rxbvm_noopt
    Test #1702: ts_http_policy_rxbvm_opt .............   Passed    0.67 sec
    Start 1702: ts_http_policy_rxbvm_opt
    Test #1704: ts_http_policy_rxtvm_opt .............   Passed    0.69 sec
    Start 1704: ts_http_policy_rxtvm_opt
    Test #1703: ts_http_policy_rxtvm_noopt ...........   Passed    0.86 sec
    Start 1703: ts_http_policy_rxtvm_noopt
    Test #1701: ts_http_policy_rxbvm_noopt ...........   Passed    0.86 sec
    Start 1701: ts_http_policy_rxbvm_noopt
    Test #1702: ts_http_policy_rxbvm_opt .............   Passed    0.70 sec
    Start 1702: ts_http_policy_rxbvm_opt
    Test #1704: ts_http_policy_rxtvm_opt .............   Passed    0.69 sec
    Start 1704: ts_http_policy_rxtvm_opt
    Test #1703: ts_http_policy_rxtvm_noopt ...........   Passed    0.85 sec
    Start 1703: ts_http_policy_rxtvm_noopt
    Test #1702: ts_http_policy_rxbvm_opt .............   Passed    0.69 sec
    Start 1702: ts_http_policy_rxbvm_opt
    Test #1701: ts_http_policy_rxbvm_noopt ...........   Passed    0.85 sec
    Start 1701: ts_http_policy_rxbvm_noopt
    Test #1704: ts_http_policy_rxtvm_opt .............   Passed    0.68 sec
    Start 1704: ts_http_policy_rxtvm_opt
    Test #1702: ts_http_policy_rxbvm_opt .............   Passed    0.70 sec
    Start 1702: ts_http_policy_rxbvm_opt
    Test #1704: ts_http_policy_rxtvm_opt .............   Passed    0.68 sec
    Start 1704: ts_http_policy_rxtvm_opt
    Test #1703: ts_http_policy_rxtvm_noopt ...........   Passed    0.86 sec
    Start 1703: ts_http_policy_rxtvm_noopt
    Test #1701: ts_http_policy_rxbvm_noopt ...........   Passed    0.88 sec
    Start 1701: ts_http_policy_rxbvm_noopt
    Test #1702: ts_http_policy_rxbvm_opt .............   Passed    0.70 sec
    Start 1702: ts_http_policy_rxbvm_opt
    Test #1704: ts_http_policy_rxtvm_opt .............   Passed    0.70 sec
    Start 1704: ts_http_policy_rxtvm_opt
    Test #1703: ts_http_policy_rxtvm_noopt ...........   Passed    0.86 sec
    Start 1703: ts_http_policy_rxtvm_noopt
    Test #1701: ts_http_policy_rxbvm_noopt ...........   Passed    0.86 sec
    Start 1701: ts_http_policy_rxbvm_noopt
    Test #1702: ts_http_policy_rxbvm_opt .............   Passed    0.66 sec
    Start 1702: ts_http_policy_rxbvm_opt
    Test #1704: ts_http_policy_rxtvm_opt .............   Passed    0.66 sec
    Start 1704: ts_http_policy_rxtvm_opt
    Test #1703: ts_http_policy_rxtvm_noopt ...........   Passed    0.85 sec
    Start 1703: ts_http_policy_rxtvm_noopt
    Test #1701: ts_http_policy_rxbvm_noopt ...........   Passed    0.85 sec
    Start 1701: ts_http_policy_rxbvm_noopt
    Test #1704: ts_http_policy_rxtvm_opt .............   Passed    0.69 sec
    Start 1704: ts_http_policy_rxtvm_opt
    Test #1702: ts_http_policy_rxbvm_opt .............   Passed    0.70 sec
    Start 1702: ts_http_policy_rxbvm_opt
    Test #1703: ts_http_policy_rxtvm_noopt ...........   Passed    0.85 sec
    Start 1703: ts_http_policy_rxtvm_noopt
    Test #1704: ts_http_policy_rxtvm_opt .............   Passed    0.68 sec
    Start 1704: ts_http_policy_rxtvm_opt
    Test #1702: ts_http_policy_rxbvm_opt .............   Passed    0.69 sec
    Start 1702: ts_http_policy_rxbvm_opt
    Test #1701: ts_http_policy_rxbvm_noopt ...........   Passed    0.86 sec
    Start 1701: ts_http_policy_rxbvm_noopt
    Test #1704: ts_http_policy_rxtvm_opt .............   Passed    0.69 sec
    Start 1704: ts_http_policy_rxtvm_opt
    Test #1702: ts_http_policy_rxbvm_opt .............   Passed    0.69 sec
    Start 1702: ts_http_policy_rxbvm_opt
    Test #1703: ts_http_policy_rxtvm_noopt ...........   Passed    0.87 sec
    Start 1703: ts_http_policy_rxtvm_noopt
    Test #1701: ts_http_policy_rxbvm_noopt ...........   Passed    0.88 sec
    Start 1701: ts_http_policy_rxbvm_noopt
    Test #1704: ts_http_policy_rxtvm_opt .............   Passed    0.71 sec
    Start 1704: ts_http_policy_rxtvm_opt
    Test #1702: ts_http_policy_rxbvm_opt .............   Passed    0.71 sec
    Start 1702: ts_http_policy_rxbvm_opt
    Test #1703: ts_http_policy_rxtvm_noopt ...........   Passed    0.88 sec
    Start 1703: ts_http_policy_rxtvm_noopt
    Test #1701: ts_http_policy_rxbvm_noopt ...........   Passed    0.87 sec
    Start 1701: ts_http_policy_rxbvm_noopt
    Test #1702: ts_http_policy_rxbvm_opt .............   Passed    0.68 sec
    Start 1702: ts_http_policy_rxbvm_opt
    Test #1704: ts_http_policy_rxtvm_opt .............   Passed    0.68 sec
    Start 1704: ts_http_policy_rxtvm_opt
    Test #1703: ts_http_policy_rxtvm_noopt ...........   Passed    0.86 sec
    Start 1703: ts_http_policy_rxtvm_noopt
    Test #1701: ts_http_policy_rxbvm_noopt ...........   Passed    0.86 sec
    Start 1701: ts_http_policy_rxbvm_noopt
    Test #1704: ts_http_policy_rxtvm_opt .............   Passed    0.70 sec
    Start 1704: ts_http_policy_rxtvm_opt
    Test #1702: ts_http_policy_rxbvm_opt .............   Passed    0.71 sec
    Start 1702: ts_http_policy_rxbvm_opt
    Test #1703: ts_http_policy_rxtvm_noopt ...........   Passed    0.87 sec
    Start 1703: ts_http_policy_rxtvm_noopt
    Test #1704: ts_http_policy_rxtvm_opt .............   Passed    0.70 sec
    Start 1704: ts_http_policy_rxtvm_opt
    Test #1702: ts_http_policy_rxbvm_opt .............   Passed    0.69 sec
    Start 1702: ts_http_policy_rxbvm_opt
    Test #1701: ts_http_policy_rxbvm_noopt ...........   Passed    0.87 sec
    Start 1701: ts_http_policy_rxbvm_noopt
    Test #1704: ts_http_policy_rxtvm_opt .............   Passed    0.69 sec
    Start 1704: ts_http_policy_rxtvm_opt
    Test #1702: ts_http_policy_rxbvm_opt .............   Passed    0.69 sec
    Start 1702: ts_http_policy_rxbvm_opt
    Test #1703: ts_http_policy_rxtvm_noopt ...........   Passed    0.85 sec
    Start 1703: ts_http_policy_rxtvm_noopt
    Test #1701: ts_http_policy_rxbvm_noopt ...........   Passed    0.87 sec
    Start 1701: ts_http_policy_rxbvm_noopt
2/5 Test #1702: ts_http_policy_rxbvm_opt .............   Passed    0.69 sec
3/5 Test #1704: ts_http_policy_rxtvm_opt .............   Passed    0.69 sec
    Test #1703: ts_http_policy_rxtvm_noopt ...........   Passed    0.85 sec
    Start 1703: ts_http_policy_rxtvm_noopt
    Test #1701: ts_http_policy_rxbvm_noopt ...........   Passed    0.81 sec
    Start 1701: ts_http_policy_rxbvm_noopt
    Test #1703: ts_http_policy_rxtvm_noopt ...........   Passed    0.77 sec
    Start 1703: ts_http_policy_rxtvm_noopt
    Test #1701: ts_http_policy_rxbvm_noopt ...........   Passed    0.77 sec
    Start 1701: ts_http_policy_rxbvm_noopt
    Test #1703: ts_http_policy_rxtvm_noopt ...........   Passed    0.77 sec
    Start 1703: ts_http_policy_rxtvm_noopt
    Test #1701: ts_http_policy_rxbvm_noopt ...........   Passed    0.77 sec
    Start 1701: ts_http_policy_rxbvm_noopt
    Test #1703: ts_http_policy_rxtvm_noopt ...........   Passed    0.77 sec
    Start 1703: ts_http_policy_rxtvm_noopt
    Test #1701: ts_http_policy_rxbvm_noopt ...........   Passed    0.77 sec
    Start 1701: ts_http_policy_rxbvm_noopt
    Test #1703: ts_http_policy_rxtvm_noopt ...........   Passed    0.77 sec
    Start 1703: ts_http_policy_rxtvm_noopt
    Test #1701: ts_http_policy_rxbvm_noopt ...........   Passed    0.77 sec
    Start 1701: ts_http_policy_rxbvm_noopt
    Test #1703: ts_http_policy_rxtvm_noopt ...........   Passed    0.77 sec
    Start 1703: ts_http_policy_rxtvm_noopt
    Test #1701: ts_http_policy_rxbvm_noopt ...........   Passed    0.77 sec
    Start 1701: ts_http_policy_rxbvm_noopt
    Test #1703: ts_http_policy_rxtvm_noopt ...........   Passed    0.77 sec
    Start 1703: ts_http_policy_rxtvm_noopt
    Test #1701: ts_http_policy_rxbvm_noopt ...........   Passed    0.77 sec
    Start 1701: ts_http_policy_rxbvm_noopt
    Test #1703: ts_http_policy_rxtvm_noopt ...........   Passed    0.77 sec
    Start 1703: ts_http_policy_rxtvm_noopt
    Test #1701: ts_http_policy_rxbvm_noopt ...........   Passed    0.78 sec
    Start 1701: ts_http_policy_rxbvm_noopt
    Test #1703: ts_http_policy_rxtvm_noopt ...........   Passed    0.77 sec
    Start 1703: ts_http_policy_rxtvm_noopt
    Test #1701: ts_http_policy_rxbvm_noopt ...........   Passed    0.77 sec
    Start 1701: ts_http_policy_rxbvm_noopt
    Test #1703: ts_http_policy_rxtvm_noopt ...........   Passed    0.77 sec
    Start 1703: ts_http_policy_rxtvm_noopt
    Test #1701: ts_http_policy_rxbvm_noopt ...........   Passed    0.77 sec
    Start 1701: ts_http_policy_rxbvm_noopt
    Test #1703: ts_http_policy_rxtvm_noopt ...........   Passed    0.77 sec
    Start 1703: ts_http_policy_rxtvm_noopt
    Test #1701: ts_http_policy_rxbvm_noopt ...........   Passed    0.77 sec
    Start 1701: ts_http_policy_rxbvm_noopt
    Test #1703: ts_http_policy_rxtvm_noopt ...........   Passed    0.77 sec
    Start 1703: ts_http_policy_rxtvm_noopt
    Test #1701: ts_http_policy_rxbvm_noopt ...........   Passed    0.77 sec
    Start 1701: ts_http_policy_rxbvm_noopt
    Test #1703: ts_http_policy_rxtvm_noopt ...........   Passed    0.77 sec
    Start 1703: ts_http_policy_rxtvm_noopt
    Test #1701: ts_http_policy_rxbvm_noopt ...........   Passed    0.77 sec
    Start 1701: ts_http_policy_rxbvm_noopt
    Test #1703: ts_http_policy_rxtvm_noopt ...........   Passed    0.77 sec
    Start 1703: ts_http_policy_rxtvm_noopt
    Test #1701: ts_http_policy_rxbvm_noopt ...........   Passed    0.77 sec
    Start 1701: ts_http_policy_rxbvm_noopt
    Test #1703: ts_http_policy_rxtvm_noopt ...........   Passed    0.77 sec
    Start 1703: ts_http_policy_rxtvm_noopt
    Test #1701: ts_http_policy_rxbvm_noopt ...........   Passed    0.77 sec
    Start 1701: ts_http_policy_rxbvm_noopt
    Test #1703: ts_http_policy_rxtvm_noopt ...........   Passed    0.77 sec
    Start 1703: ts_http_policy_rxtvm_noopt
    Test #1701: ts_http_policy_rxbvm_noopt ...........   Passed    0.77 sec
    Start 1701: ts_http_policy_rxbvm_noopt
    Test #1703: ts_http_policy_rxtvm_noopt ...........   Passed    0.77 sec
    Start 1703: ts_http_policy_rxtvm_noopt
    Test #1701: ts_http_policy_rxbvm_noopt ...........   Passed    0.77 sec
    Start 1701: ts_http_policy_rxbvm_noopt
    Test #1703: ts_http_policy_rxtvm_noopt ...........   Passed    0.77 sec
    Start 1703: ts_http_policy_rxtvm_noopt
    Test #1701: ts_http_policy_rxbvm_noopt ...........   Passed    0.77 sec
    Start 1701: ts_http_policy_rxbvm_noopt
    Test #1703: ts_http_policy_rxtvm_noopt ...........   Passed    0.77 sec
    Start 1703: ts_http_policy_rxtvm_noopt
    Test #1701: ts_http_policy_rxbvm_noopt ...........   Passed    0.77 sec
    Start 1701: ts_http_policy_rxbvm_noopt
    Test #1703: ts_http_policy_rxtvm_noopt ...........   Passed    0.78 sec
    Start 1703: ts_http_policy_rxtvm_noopt
    Test #1701: ts_http_policy_rxbvm_noopt ...........   Passed    0.77 sec
    Start 1701: ts_http_policy_rxbvm_noopt
4/5 Test #1703: ts_http_policy_rxtvm_noopt ...........   Passed    0.77 sec
5/5 Test #1701: ts_http_policy_rxbvm_noopt ...........   Passed    0.77 sec

100% tests passed, 0 tests failed out of 5

Label Time Summary:
f1g           =   2.92 sec*proc (4 tests)
gate_f        =   2.92 sec*proc (4 tests)
http          =   2.92 sec*proc (4 tests)
levelg        =   2.92 sec*proc (4 tests)
library       =   2.92 sec*proc (4 tests)
linked_opt    =   1.38 sec*proc (2 tests)
policy        =   2.92 sec*proc (4 tests)
rxbvm         =   1.46 sec*proc (2 tests)
rxtvm         =   1.46 sec*proc (2 tests)

Total Test time (real) =  90.21 sec
