[0/2] Re-checking globbed directories...
[1/355] cREXX RXLINK fixture tests_link_root ...
[2/355] cREXX RXLINK fixture tests_link_provider_a ...
[3/355] cREXX RXLINK fixture tests_link_interface_root ...
[4/355] cREXX RXLINK fixture tests_link_interface_impl ...
[5/355] cREXX RXAS Float Constant Pool Tests ...
[6/355] cREXX RXBIN 007 portable-format tests ...
[7/355] cREXX RXLINK fixture tests_link_provider_b ...
[8/355] cREXX RXLINK fixture tests_link_srcfproc_contract ...
[9/355] cREXX RXLINK success fixture ...
[10/355] cREXX RXLINK interface fixture ...
[11/355] cREXX RXLINK fixture tests_link_srcfproc_root ...
[12/355] cREXX RXLINK stripped fixture ...
[13/355] cREXX RXLINK fixture tests_link_srcmethod_root ...
[14/355] cREXX RXLINK inline-metadata fixture ...
[15/355] cREXX RXLINK fixture tests_link_srcmethod_provider ...
[16/355] Building C object disassembler/CMakeFiles/rxdas.dir/rxdamain.c.o
[17/355] cREXX RXLINK record-stream concat fixture ...
[18/355] Building C object tests/rxpa/CMakeFiles/_rxpa_classdecl_static_decl.dir/rxpa_classdecl.c.o
[19/355] Building C object tests/rxpa/CMakeFiles/_rxpalink_static.dir/rxpa_staticlink.c.o
[20/355] Building C object lib/plugins/system/CMakeFiles/_system_static.dir/system.c.o
[21/355] Building C object interpreter/CMakeFiles/rxvm_instrumented_core_objects.dir/exitfunc.c.o
[22/355] Building C object interpreter/CMakeFiles/rxbvm_instrumented_core_objects.dir/interrupt.c.o
[23/355] Building C object interpreter/CMakeFiles/rxvm_instrumented_core_objects.dir/interrupt.c.o
[24/355] Linking C static library bin/rx_system_static.a
[25/355] Building C object compiler/tests/CMakeFiles/test_source_provenance.dir/src/test_source_provenance.c.o
[26/355] Building C object interpreter/CMakeFiles/rxbvm_instrumented_core_objects.dir/exitfunc.c.o
[27/355] Building C object compiler/tests/CMakeFiles/test_source_semantics.dir/src/test_source_semantics.c.o
[28/355] Building C object interpreter/CMakeFiles/rxbvm_instrumented.dir/rxvmmain.c.o
[29/355] Building C object disassembler/CMakeFiles/rxdas.dir/rxdadism.c.o
[30/355] Building C object interpreter/CMakeFiles/test_rxcrexxcmd_flush.dir/tests/test_rxcrexxcmd_flush.c.o
[31/355] Building C object interpreter/CMakeFiles/rxvm_instrumented_core_objects.dir/rxpafuncs.c.o
[32/355] cREXX RXAS jump-table corruption base (linear) ...
[33/355] Building C object interpreter/CMakeFiles/rxbvm_instrumented_core_objects.dir/rxvml/rxvm_run.c.o
[34/355] cREXX RXAS jump-table corruption base (openhash) ...
[35/355] cREXX RXAS jump-table corruption base (acph) ...
[36/355] Linking C executable bin/rxdas
[37/355] Building C object interpreter/CMakeFiles/rxvm_instrumented.dir/rxvmmain.c.o
[38/355] Linking C shared library bin/libcrexxsaa.dylib
[39/355] cREXX RXDAS roundtrip fixture tests_compact_format ...
[40/355] Building C object interpreter/CMakeFiles/rxvm_instrumented_core_objects.dir/rxvml/rxvm_run.c.o
[41/355] Building C object lib/plugins/stack/CMakeFiles/_stack_static.dir/stack.c.o
[42/355] Building C object lib/plugins/rxmath/CMakeFiles/_rxmath_static.dir/rxmath.c.o
[43/355] Building C object lib/plugins/cipher/CMakeFiles/_cipher_static.dir/cipher.c.o
[44/355] Building C object disassembler/CMakeFiles/test_disassembler_dump.dir/tests/test_disassembler_dump.c.o
[45/355] Building C object interpreter/CMakeFiles/rxbvm_instrumented_core_objects.dir/rxpafuncs.c.o
[46/355] Building C object interpreter/CMakeFiles/rxvm_instrumented_core_objects.dir/rxvmload.c.o
[47/355] Building C object interpreter/CMakeFiles/test_rxpa_utf_validation.dir/tests/test_rxpa_utf_validation.c.o
[48/355] Building C object interpreter/CMakeFiles/rxbvm_instrumented_core_objects.dir/rxvmload.c.o
[49/355] Building C object lib/plugins/keyaccess/CMakeFiles/_keyaccess_static.dir/keyaccess.c.o
[50/355] Building C object tests/CMakeFiles/test_rxinteger_contract.dir/test_rxinteger_contract.c.o
[51/355] Building C object tests/rxpa/CMakeFiles/_rxpa_classdecl.dir/rxpa_classdecl.c.o
[52/355] Building C object interpreter/CMakeFiles/test_rxpa_utf_validation.dir/rxpafuncs.c.o
[53/355] Building C object lib/plugins/llist/CMakeFiles/_llist_static.dir/llist.c.o
[54/355] Linking C static library tests/rx_rxpa_classdecl_static_decl.a
[55/355] Linking C static library tests/rx_rxpalink_static.a
[56/355] Building C object interpreter/CMakeFiles/rxvm_instrumented_core_objects.dir/rxspawn.c.o
[57/355] Building C object lib/plugins/rxtcp/CMakeFiles/_rxtcp_static.dir/rxtcp.c.o
[58/355] Building C object tests/rxpa/CMakeFiles/testvm.dir/__/__/interpreter/rxvmmain.c.o
[59/355] Building C object lib/plugins/id/CMakeFiles/_id_static.dir/id.c.o
[60/355] Linking C executable compiler/tests/test_rxvml_utf_boundaries
[61/355] Linking C executable compiler/tests/test_highlight_editor_diagnostics
[62/355] Building C object lib/plugins/treemap/CMakeFiles/_treemap_static.dir/treemap.c.o
[63/355] Building C object disassembler/CMakeFiles/test_disassembler_dump.dir/rxdadism.c.o
[64/355] Linking C executable compiler/tests/test_crexxsaa_status
[65/355] Building C object interpreter/CMakeFiles/rxbvm_instrumented_core_objects.dir/rxspawn.c.o
[66/355] Building C object lib/plugins/recv390/CMakeFiles/_recv390_static.dir/recv390.c.o
[67/355] Linking C executable compiler/tests/test_source_semantics
[68/355] Linking C executable compiler/tests/test_highlight_cache
[69/355] Linking C executable compiler/tests/test_source_provenance
[70/355] C Packing cREXX RXFNSB Library ...
[71/355] Building C object interpreter/CMakeFiles/rxvme.dir/rxvmmain.c.o
[72/355] Compiling test_trace_source_jump_helper.crexx (opt)
[73/355] Building optimized arraydump function example
[74/355] Building optimized arrayformat function example
[75/355] Bundling array-formatting function example
[76/355] Building C object interpreter/CMakeFiles/rxbvme.dir/rxvmmain.c.o
[77/355] Compiling test_trace_source_jump_helper.crexx (noopt)
[78/355] Building exittestsupport.rxbin
[79/355] Building optimized array-formatting example program
[80/355] Compiling dynamic_load_provider.crexx ...
[81/355] Compiling stub_plugin.crexx ...
[82/355] Compiling test_reentrancy.crexx ...
[83/355] Linking C executable compiler/tests/test_bridge
[84/355] cREXX compile and assemble rxdb_gui ...
[85/355] Compiling sqlite_address_demo.crexx ...
[86/355] Linking C executable compiler/tests/native_sqlite_address_demo
[87/355] Compiling test_dump.crexx with exit (opt)
[88/355] Compiling test_dump.crexx with exit (noopt)
[89/355] Compiling kv_address_demo.crexx ...
[90/355] Compiling test_query.crexx with exit (noopt)
[91/355] Compiling test_query.crexx with exit (opt)
[92/355] Compiling test_sortx.crexx with exit (opt)
[93/355] Compiling test_sort.crexx with exit (noopt)
[94/355] Compiling test_sortx.crexx with exit (noopt)
[95/355] Linking C executable compiler/tests/native_kv_address_demo
[96/355] Compiling test_sort.crexx with exit (opt)
[97/355] Compiling crexxsaa_variables_host.crexx ...
[98/355] Linking C executable compiler/tests/test_crexxsaa_variables
[99/355] Compiling test_execio.crexx with exit (noopt)
[100/355] Compiling address_callback_host.crexx ...
[101/355] Building optimized pprint compiler-exit example
[102/355] Bundling standalone pprint compiler-exit example
[103/355] Linking C executable compiler/tests/test_address_callback_host
[104/355] Compiling cms_address_environment.crexx ...
[105/355] Compiling cms_address_demo.crexx ...
[106/355] Compiling test_address.crexx with exit (noopt)
[107/355] Building C object interpreter/CMakeFiles/rxbvm_instrumented_core_objects.dir/rxvmintp.c.o
[108/355] Compiling address_llm_host.crexx ...
[109/355] Compiling test_execio.crexx with exit (opt)
[110/355] Compiling test_address.crexx with exit (opt)
[111/355] Building C object interpreter/CMakeFiles/rxvm_instrumented_core_objects.dir/rxvmintp.c.o
[112/355] Compiling test_add.crexx with exit (noopt)
[113/355] Compiling test_address_direct.crexx with exit (noopt)
[114/355] Compiling address_cms_host.crexx ...
[115/355] Linking C executable compiler/tests/test_address_bridge
[116/355] Compiling dynamic_load_host.crexx ...
[117/355] Compiling test_fsay.crexx with exit (noopt)
[118/355] Linking C executable compiler/tests/test_dynamic_load
[119/355] Building C object interpreter/CMakeFiles/rxvme.dir/library.c.o
[120/355] Linking C executable bin/rxvme
[121/355] Compiling test_fsay.crexx with exit (opt)
[122/355] Compiling test_msay.crexx with exit (noopt)
[123/355] Compiling test_add.crexx with exit (opt)
[124/355] Compiling test_msay.crexx with exit (opt)
[125/355] Compiling llm_address_environment.crexx ...
[126/355] cREXX compile, assemble, link and package rxdb ...
[127/355] Compiling test_parse_direct.crexx with exit (noopt)
[128/355] Compiling test_signal.crexx with exit (noopt)
[129/355] Compiling test_signal.crexx with exit (opt)
[130/355] Building C object interpreter/CMakeFiles/rxbvme.dir/library.c.o
[131/355] Building C object debugger/CMakeFiles/rxdb.dir/rxdb.c.o
[132/355] Compiling test_signal_direct.crexx with exit (noopt)
[133/355] Compiling reference_source_invalid_signal.crexx with exit (noopt)
[134/355] Compiling reference_source_invalid_signal.crexx with exit (opt)
[135/355] Compiling test_signal_block.crexx with exit (noopt)
[136/355] Compiling test_signal_block.crexx with exit (opt)
[137/355] Compiling test_signal_direct.crexx with exit (opt)
[138/355] Compiling test_address_direct.crexx with exit (opt)
[139/355] Compiling test_trace_negated_string.crexx with exit (noopt)
[140/355] Compiling test_trace_results.crexx with exit (noopt)
[141/355] Compiling test_parse_direct.crexx with exit (opt)
[142/355] Compiling test_trace_negated_string.crexx with exit (opt)
[143/355] Compiling test_trace_results.crexx with exit (opt)
[144/355] Compiling test_trace_llm.crexx with exit (noopt)
[145/355] Compiling test_trace_llm.crexx with exit (opt)
[146/355] Compiling test_trace_direct.crexx with exit (noopt)
[147/355] Compiling test_trace_exit.crexx with exit (noopt)
[148/355] Compiling test_trace_exit.crexx with exit (opt)
[149/355] cREXX RXLINK fixture tests_link_signature_bad_impl ...
[150/355] cREXX RXLINK control-file fixture ...
[151/355] Compiling test_trace_stderr.crexx with exit (noopt)
[152/355] cREXX RXLINK srcfprocsel fixture ...
[153/355] cREXX RXLINK srcmethodsel fixture ...
[154/355] cREXX RXDAS roundtrip fixture tests_basic ...
[155/355] cREXX RXDAS roundtrip fixture tests_int_contract ...
[156/355] cREXX RXDAS roundtrip fixture tests_float_pool ...
[157/355] cREXX RXDAS roundtrip fixture tests_interfaces ...
[158/355] Linking C executable disassembler/test_disassembler_dump
[159/355] cREXX RXDAS roundtrip fixture tests_disassembler_roundtrip ...
[160/355] cREXX RXDAS roundtrip fixture tests_disassembler_imported ...
[161/355] cREXX RXDAS roundtrip fixture tests_binary ...
[162/355] cREXX RXDAS roundtrip fixture tests_jump_table ...
[163/355] cREXX RXDAS roundtrip fixture tests_jump_table_rexx_strings ...
[164/355] cREXX RXDAS roundtrip fixture tests_jump_table_hash_edges ...
[165/355] Linking C executable bin/rxvm_instrumented
[166/355] Linking C executable bin/rxdb
[167/355] Linking C executable bin/rxbvm_instrumented
[168/355] Linking C executable bin/rxbvme
[169/355] Linking C executable bin/test_rxcrexxcmd_flush
[170/355] Linking C executable interpreter/test_rxpa_utf_validation
[171/355] Linking C executable bin/crexxsaa
[172/355] cREXX RXAS Instruction Tests (raise uncaptured signal) ...
[173/355] cREXX RXAS Instruction Tests (fallback panic source reporting) ...
[174/355] cREXX RXAS Instruction Tests (breakpoint address reporting) ...
[175/355] cREXX RXAS Instruction Tests (register flag partitioning) ...
[176/355] cREXX RXAS Instruction Tests (UTF flag cache) ...
[177/355] cREXX RXAS Instruction Tests (attribute bulk insert/delete) ...
[178/355] cREXX RXAS Instruction Tests (reference value instructions) ...
[179/355] Linking C executable interpreter/test_reentrancy
[180/355] cREXX RXAS Instruction Tests (object initialization lifecycle instructions) ...
[181/355] cREXX RXAS Instruction Tests (signal call argument attributes) ...
[182/355] cREXX RXAS Instruction Tests (signal handler response modes) ...
[183/355] cREXX RXAS Instruction Tests (signal call-window mapping unwind) ...
[184/355] cREXX RXAS Instruction Tests (signal mask boundary handling) ...
[185/355] Compiling test_trace_file.crexx with exit (noopt)
[186/355] cREXX RXAS Instruction Tests (signal silent halt response) ...
[187/355] cREXX RXAS Instruction Tests (signal frame handler table scope) ...
[188/355] cREXX RXAS Instruction Tests (nested pending signal delivery) ...
[189/355] cREXX RXAS Instruction Tests (action-aware signal handlers) ...
[190/355] cREXX RXAS Instruction Tests (signal handler push/pop scope) ...
[191/355] cREXX RXAS Instruction Tests (signal branch with bound value) ...
[192/355] cREXX RXAS Basic Instruction Tests ...
[193/355] cREXX RXAS Instruction Tests (signed 64-bit integer contract) ...
[194/355] cREXX RXAS Integer Math Instruction Tests ...
[195/355] cREXX RXAS Float Math Instruction Tests ...
[196/355] cREXX RXAS String Instruction Tests ...
[197/355] cREXX RXAS Logic and Flow Instruction Tests ...
[198/355] cREXX RXAS System and I/O Instruction Tests ...
[199/355] cREXX RXAS Instruction Tests (binary buffer and I/O) ...
[200/355] cREXX RXAS Instruction Tests (linear jump table dispatch) ...
[201/355] cREXX RXAS Instruction Tests (linear jump table source matrix) ...
[202/355] cREXX RXAS Instruction Tests (openhash jump table source matrix) ...
[203/355] cREXX RXAS Instruction Tests (typed binary memory operations) ...
[204/355] cREXX RXAS Instruction Tests (acph jump table source matrix) ...
[205/355] cREXX RXAS Instruction Tests (auto jump table source matrix) ...
[206/355] cREXX RXAS Instruction Tests (open-hash and ACPH jump table edge cases) ...
[207/355] cREXX RXAS Instruction Tests (auto jump table policy paths) ...
[208/355] cREXX RXAS Instruction Tests (Rexx padded and numeric string jump tables) ...
[209/355] cREXX RXAS Instruction Tests (jump table syntax and value boundaries) ...
[210/355] Mutating jump table rxasjtablecorruptalgorithm (algorithm) ...
[211/355] Mutating jump table rxasjtablecorruptheader (header) ...
[212/355] Mutating jump table rxasjtablecorruptlinearkey (linear-key-offset) ...
[213/355] Mutating jump table rxasjtablecorruptlineartarget (linear-target) ...
[214/355] Mutating jump table rxasjtablecorruptopenslot (open-slot-offset) ...
[215/355] Mutating jump table rxasjtablecorruptacphslot (acph-slot-kind) ...
[216/355] Mutating jump table rxasjtablecorruptacphtarget (acph-target) ...
[217/355] cREXX RXAS Socket Instruction Tests ...
[218/355] cREXX RXAS Conversion Instruction Tests ...
[219/355] cREXX RXAS Object Instruction Tests ...
[220/355] cREXX RXAS Reflection Instruction Tests ...
[221/355] cREXX RXAS Interface Dispatch Instruction Tests ...
[222/355] cREXX RXAS Instruction Tests (descriptor selector contracts) ...
[223/355] cREXX RXAS Stress Instruction Tests ...
[224/355] cREXX RXAS Decimal Instruction Tests ...
[225/355] cREXX RXAS Instruction Tests (remaining deterministic instruction gaps) ...
[226/355] Compiling test_trace_stderr.crexx with exit (opt)
[227/355] Linking C executable bin/rxpp-sh
[228/355] Compiling test_trace_normal_quiet.crexx with exit (noopt)
[229/355] Compiling test_trace_env.crexx with exit (noopt)
[230/355] Linking archive-level db_decimal regression harness ...
[231/355] Compiling test_trace_normal_command.crexx with exit (noopt)
[232/355] Compiling test_trace_normal_quiet.crexx with exit (opt)
[233/355] Linking C static library bin/rx_rxmath_static.a
[234/355] Compiling test_trace_env.crexx with exit (opt)
[235/355] Compiling test_trace_file.crexx with exit (opt)
[236/355] Linking C static library bin/rx_stack_static.a
[237/355] Linking C static library bin/rx_cipher_static.a
[238/355] Compiling test_trace_env.crexx with exit (noopt)
[239/355] Compiling test_trace_normal_command.crexx with exit (opt)
[240/355] Compiling test_trace_env_ignored.crexx with exit (noopt)
[241/355] Linking C static library bin/rx_keyaccess_static.a
[242/355] Compiling test_trace_env.crexx with exit (opt)
[243/355] Linking C static library bin/rx_llist_static.a
[244/355] Compiling test_trace_env_ignored.crexx with exit (opt)
[245/355] Linking C static library bin/rx_treemap_static.a
[246/355] Compiling test_trace_source_jump.crexx with exit (noopt)
[247/355] Linking C static library bin/rx_id_static.a
[248/355] Compiling test_trace_namespace_commands.crexx with exit (noopt)
[249/355] Linking C static library bin/rx_recv390_static.a
[250/355] Generating ts_arraysort_errors_noopt.rxbin
[251/355] Compiling test_rexxscript.crexx with exit (noopt)
[252/355] Compiling test_trace_namespace_commands.crexx with exit (opt)
[253/355] Linking C static library bin/rx_rxtcp_static.a
[254/355] Generating ts_stem_errors_noopt.rxbin
[255/355] Compiling test_trace_source_jump.crexx with exit (opt)
[256/355] Generating ts_rxhttp_noopt.rxbin
[257/355] Generating ts_tinyexpr_noopt.rxbin
[258/355] Generating ts_llm_providers_noopt.rxbin
[259/355] Compiling test_rexxscript.crexx with exit (opt)
[260/355] Compiling test_rexxscript_direct.crexx with exit (noopt)
[261/355] Linking C executable tests/test_rxinteger_contract
[262/355] Compiling test_rexxscript_direct.crexx with exit (opt)
[263/355] cREXX RXAS intr_test - Native Signal Test Harness ...
[264/355] Compiling test_trace_direct.crexx with exit (opt)
[265/355] Compiling test_dummy.crexx with exit (noopt)
[266/355] Compiling test_substr.crexx with exit (noopt)
[267/355] Compiling test_dummy.crexx with exit (opt)
[268/355] Generating testOS_noopt.rxbin
[269/355] Generating testJSON_noopt.rxbin
[270/355] Generating testRexxScriptCompat_noopt.rxbin
[271/355] Generating testRexxClassicBifXrange_noopt.rxbin
[272/355] Compiling test_substr.crexx with exit (opt)
[273/355] cREXX compile, assemble, link and package standalone RexxScript runner ...
[274/355] Generating concatenation_noopt.rxbin
[275/355] Generating crexxbrexx_noopt.rxbin
[276/355] Generating arrays_test_noopt.rxbin
[277/355] Generating math_test_noopt.rxbin
[278/355] Generating stack_test_noopt.rxbin
[279/355] Generating cipher_test_noopt.rxbin
[280/355] Generating strings_test_noopt.rxbin
[281/355] Generating getpi_test_noopt.rxbin
[282/355] Generating keyaccess_test_noopt.rxbin
[283/355] Generating llist_test_noopt.rxbin
[284/355] Generating treemap_test_noopt.rxbin
[285/355] Generating id_test_noopt.rxbin
[286/355] Generating recv390_test_noopt.rxbin
[287/355] Generating system_test_noopt.rxbin
[288/355] Generating map_test_noopt.rxbin
[289/355] Generating tcp_test_noopt.rxbin
[290/355] Building C object rexxscript/CMakeFiles/rexxscript_cli.dir/RexxScriptRunner.c.o
[291/355] Linking C executable bin/rexxscript
[292/355] Generating levelbfunc_noopt.rxbin
[293/355] Generating reference_iterator_system_rxvm_noopt.rxbin
[294/355] Generating reference_iterator_system_rxbvm_noopt.rxbin
[295/355] Generating reference_iterator_perf_rxvm_noopt.rxbin
[296/355] Generating reference_iterator_perf_rxbvm_noopt.rxbin
[297/355] Generating reference_generated_contract_rxvm_noopt.rxbin
[298/355] Generating reference_generated_contract_rxbvm_noopt.rxbin
[299/355] Linking C shared module tests/rxpa/rx_rxpa_classdecl.rxplugin
[300/355] Building program with standalone pprint exit example
[301/355] Linking C executable tests/rxc_classdecl_static
[302/355] Linking C executable tests/testvm
[303/355] cREXX compile and assemble veclib ...
[304/355] cREXX compile, assemble, link and package crexx ...
[305/355] Generating benchmark_awfy_sieve_noopt.rxbin
[306/355] Generating benchmark_awfy_permute_noopt.rxbin
[307/355] Generating benchmark_awfy_mandelbrot_noopt.rxbin
[308/355] Building C object crexx_driver/CMakeFiles/crexx.dir/crexx.c.o
[309/355] Linking C executable bin/crexx
[310/355] Generating benchmark_awfy_towers_noopt.rxbin
[311/355] Generating benchmark_awfy_storage_noopt.rxbin
[312/355] Generating benchmark_awfy_bounce_noopt.rxbin
[313/355] Generating tinyexpr_dispatch_compare_noopt.rxbin
[314/355] Generating benchmark_awfy_list_noopt.rxbin
[315/355] Generating benchmark_awfy_richards_noopt.rxbin
[316/355] Generating benchmark_json_parser_noopt.rxbin
[317/355] Generating benchmark_base64_roundtrip_noopt.rxbin
[318/355] Generating inlining_simple_noopt.rxbin
[319/355] Generating reference_iterator_compare_rxvm_noopt.rxbin
[320/355] Generating reference_iterator_compare_rxbvm_noopt.rxbin
[321/355] Generating benchmark_runner_noopt.rxbin
[322/355] Generating stringarraylist_iterator_compare_rxvm_noopt.rxbin
[323/355] Generating stringarraylist_iterator_compare_rxbvm_noopt.rxbin
[324/355] Generating stringtreemap_insert_compare_noopt.rxbin
[325/355] Generating binary_fastpath_compare_noopt.rxbin
[326/355] Generating rxjson_parser_compare_noopt.rxbin
[327/355] Generating jump_dispatch_compare_noopt.rxbin
[328/355] Generating runtime_interface_lookup_compare_noopt.rxbin
[329/355] Generating inlining_complex_noopt.rxbin
[330/355] Generating rxpa_dynlink_run_noopt.rxbin
[331/355] Generating rxpa_staticlink_run_noopt.rxbin
[332/355] Generating rxpa_signal_funcs_dynamic_noopt.rxbin
[333/355] Generating rxpa_signal_funcs_static_noopt.rxbin
[334/355] Generating rxpa_string_funcs_dynamic_noopt.rxbin
[335/355] Generating rxpa_string_funcs_static_noopt.rxbin
[336/355] Generating rxpa_int_funcs_dynamic_noopt.rxbin
[337/355] Generating rxpa_int_funcs_static_noopt.rxbin
[338/355] Generating rxpa_float_funcs_static_noopt.rxbin
[339/355] Compiling dynamic interface contract ...
[340/355] Generating rxpa_float_funcs_dynamic_noopt.rxbin
[341/355] Generating rxpa_array_push_funcs_dynamic_noopt.rxbin
[342/355] Generating rxpa_array_push_funcs_static_noopt.rxbin
[343/355] Generating rxpa_native_payload_funcs_dynamic_noopt.rxbin
[344/355] Generating rxpa_native_payload_funcs_static_noopt.rxbin
[345/355] Generating rxpa_native_unwind_funcs_dynamic_noopt.rxbin
[346/355] Generating benchmark_rexxcps_levelb_noopt.rxbin
[347/355] Generating rxpa_native_unwind_funcs_static_noopt.rxbin
[348/355] Generating benchmark_rexxcps_levelb_opaque_noopt.rxbin
[349/355] Generating rxpa_mult_test_noopt.rxbin
[350/355] Generating nr03_evidence_tool_selftest_noopt.rxbin
[351/355] Compiling dynamic interface provider ...
[352/355] Compiling dynamic interface host ...
[353/355] Compiling test_parse.crexx with exit (noopt)
[354/355] Compiling test_parse.crexx with exit (opt)
