Test project /Users/adrian/CLionProjects/CREXX/cmake-build-debug
    Start    1: linked_opt_runtime_artifacts_build
    Test    #1: linked_opt_runtime_artifacts_build ...   Passed    0.07 sec
    Start    1: linked_opt_runtime_artifacts_build
    Test    #1: linked_opt_runtime_artifacts_build ...   Passed    0.07 sec
    Start    1: linked_opt_runtime_artifacts_build
    Test    #1: linked_opt_runtime_artifacts_build ...   Passed    0.07 sec
    Start    1: linked_opt_runtime_artifacts_build
    Test    #1: linked_opt_runtime_artifacts_build ...   Passed    0.07 sec
    Start    1: linked_opt_runtime_artifacts_build
    Test    #1: linked_opt_runtime_artifacts_build ...   Passed    0.07 sec
    Start    1: linked_opt_runtime_artifacts_build
    Test    #1: linked_opt_runtime_artifacts_build ...   Passed    0.07 sec
    Start    1: linked_opt_runtime_artifacts_build
    Test    #1: linked_opt_runtime_artifacts_build ...   Passed    0.07 sec
    Start    1: linked_opt_runtime_artifacts_build
    Test    #1: linked_opt_runtime_artifacts_build ...   Passed    0.07 sec
    Start    1: linked_opt_runtime_artifacts_build
    Test    #1: linked_opt_runtime_artifacts_build ...   Passed    0.07 sec
    Start    1: linked_opt_runtime_artifacts_build
    Test    #1: linked_opt_runtime_artifacts_build ...   Passed    0.07 sec
    Start    1: linked_opt_runtime_artifacts_build
    Test    #1: linked_opt_runtime_artifacts_build ...   Passed    0.07 sec
    Start    1: linked_opt_runtime_artifacts_build
    Test    #1: linked_opt_runtime_artifacts_build ...   Passed    0.07 sec
    Start    1: linked_opt_runtime_artifacts_build
    Test    #1: linked_opt_runtime_artifacts_build ...   Passed    0.07 sec
    Start    1: linked_opt_runtime_artifacts_build
    Test    #1: linked_opt_runtime_artifacts_build ...   Passed    0.07 sec
    Start    1: linked_opt_runtime_artifacts_build
    Test    #1: linked_opt_runtime_artifacts_build ...   Passed    0.07 sec
    Start    1: linked_opt_runtime_artifacts_build
    Test    #1: linked_opt_runtime_artifacts_build ...   Passed    0.07 sec
    Start    1: linked_opt_runtime_artifacts_build
    Test    #1: linked_opt_runtime_artifacts_build ...   Passed    0.07 sec
    Start    1: linked_opt_runtime_artifacts_build
    Test    #1: linked_opt_runtime_artifacts_build ...   Passed    0.07 sec
    Start    1: linked_opt_runtime_artifacts_build
    Test    #1: linked_opt_runtime_artifacts_build ...   Passed    0.07 sec
    Start    1: linked_opt_runtime_artifacts_build
    Test    #1: linked_opt_runtime_artifacts_build ...   Passed    0.07 sec
    Start    1: linked_opt_runtime_artifacts_build
    Test    #1: linked_opt_runtime_artifacts_build ...   Passed    0.07 sec
    Start    1: linked_opt_runtime_artifacts_build
    Test    #1: linked_opt_runtime_artifacts_build ...   Passed    0.07 sec
    Start    1: linked_opt_runtime_artifacts_build
    Test    #1: linked_opt_runtime_artifacts_build ...   Passed    0.07 sec
    Start    1: linked_opt_runtime_artifacts_build
    Test    #1: linked_opt_runtime_artifacts_build ...   Passed    0.07 sec
    Start    1: linked_opt_runtime_artifacts_build
    Test    #1: linked_opt_runtime_artifacts_build ...   Passed    0.07 sec
    Start    1: linked_opt_runtime_artifacts_build
    Test    #1: linked_opt_runtime_artifacts_build ...   Passed    0.07 sec
    Start    1: linked_opt_runtime_artifacts_build
    Test    #1: linked_opt_runtime_artifacts_build ...   Passed    0.07 sec
    Start    1: linked_opt_runtime_artifacts_build
    Test    #1: linked_opt_runtime_artifacts_build ...   Passed    0.07 sec
    Start    1: linked_opt_runtime_artifacts_build
    Test    #1: linked_opt_runtime_artifacts_build ...   Passed    0.07 sec
    Start    1: linked_opt_runtime_artifacts_build
    Test    #1: linked_opt_runtime_artifacts_build ...   Passed    0.07 sec
    Start    1: linked_opt_runtime_artifacts_build
    Test    #1: linked_opt_runtime_artifacts_build ...   Passed    0.07 sec
    Start    1: linked_opt_runtime_artifacts_build
    Test    #1: linked_opt_runtime_artifacts_build ...   Passed    0.07 sec
    Start    1: linked_opt_runtime_artifacts_build
    Test    #1: linked_opt_runtime_artifacts_build ...   Passed    0.07 sec
    Start    1: linked_opt_runtime_artifacts_build
    Test    #1: linked_opt_runtime_artifacts_build ...   Passed    0.07 sec
    Start    1: linked_opt_runtime_artifacts_build
    Test    #1: linked_opt_runtime_artifacts_build ...   Passed    0.07 sec
    Start    1: linked_opt_runtime_artifacts_build
    Test    #1: linked_opt_runtime_artifacts_build ...   Passed    0.07 sec
    Start    1: linked_opt_runtime_artifacts_build
    Test    #1: linked_opt_runtime_artifacts_build ...   Passed    0.07 sec
    Start    1: linked_opt_runtime_artifacts_build
    Test    #1: linked_opt_runtime_artifacts_build ...   Passed    0.07 sec
    Start    1: linked_opt_runtime_artifacts_build
    Test    #1: linked_opt_runtime_artifacts_build ...   Passed    0.07 sec
    Start    1: linked_opt_runtime_artifacts_build
    Test    #1: linked_opt_runtime_artifacts_build ...   Passed    0.07 sec
    Start    1: linked_opt_runtime_artifacts_build
    Test    #1: linked_opt_runtime_artifacts_build ...   Passed    0.07 sec
    Start    1: linked_opt_runtime_artifacts_build
    Test    #1: linked_opt_runtime_artifacts_build ...   Passed    0.07 sec
    Start    1: linked_opt_runtime_artifacts_build
    Test    #1: linked_opt_runtime_artifacts_build ...   Passed    0.07 sec
    Start    1: linked_opt_runtime_artifacts_build
    Test    #1: linked_opt_runtime_artifacts_build ...   Passed    0.07 sec
    Start    1: linked_opt_runtime_artifacts_build
    Test    #1: linked_opt_runtime_artifacts_build ...   Passed    0.07 sec
    Start    1: linked_opt_runtime_artifacts_build
    Test    #1: linked_opt_runtime_artifacts_build ...   Passed    0.07 sec
    Start    1: linked_opt_runtime_artifacts_build
    Test    #1: linked_opt_runtime_artifacts_build ...   Passed    0.07 sec
    Start    1: linked_opt_runtime_artifacts_build
    Test    #1: linked_opt_runtime_artifacts_build ...   Passed    0.07 sec
    Start    1: linked_opt_runtime_artifacts_build
    Test    #1: linked_opt_runtime_artifacts_build ...   Passed    0.07 sec
    Start    1: linked_opt_runtime_artifacts_build
    Test    #1: linked_opt_runtime_artifacts_build ...   Passed    0.07 sec
    Start    1: linked_opt_runtime_artifacts_build
    Test    #1: linked_opt_runtime_artifacts_build ...   Passed    0.07 sec
    Start    1: linked_opt_runtime_artifacts_build
    Test    #1: linked_opt_runtime_artifacts_build ...   Passed    0.07 sec
    Start    1: linked_opt_runtime_artifacts_build
    Test    #1: linked_opt_runtime_artifacts_build ...   Passed    0.07 sec
    Start    1: linked_opt_runtime_artifacts_build
    Test    #1: linked_opt_runtime_artifacts_build ...   Passed    0.07 sec
    Start    1: linked_opt_runtime_artifacts_build
    Test    #1: linked_opt_runtime_artifacts_build ...   Passed    0.07 sec
    Start    1: linked_opt_runtime_artifacts_build
    Test    #1: linked_opt_runtime_artifacts_build ...   Passed    0.07 sec
    Start    1: linked_opt_runtime_artifacts_build
    Test    #1: linked_opt_runtime_artifacts_build ...   Passed    0.07 sec
    Start    1: linked_opt_runtime_artifacts_build
    Test    #1: linked_opt_runtime_artifacts_build ...   Passed    0.07 sec
    Start    1: linked_opt_runtime_artifacts_build
    Test    #1: linked_opt_runtime_artifacts_build ...   Passed    0.07 sec
    Start    1: linked_opt_runtime_artifacts_build
    Test    #1: linked_opt_runtime_artifacts_build ...   Passed    0.07 sec
    Start    1: linked_opt_runtime_artifacts_build
    Test    #1: linked_opt_runtime_artifacts_build ...   Passed    0.07 sec
    Start    1: linked_opt_runtime_artifacts_build
    Test    #1: linked_opt_runtime_artifacts_build ...   Passed    0.07 sec
    Start    1: linked_opt_runtime_artifacts_build
    Test    #1: linked_opt_runtime_artifacts_build ...   Passed    0.07 sec
    Start    1: linked_opt_runtime_artifacts_build
    Test    #1: linked_opt_runtime_artifacts_build ...   Passed    0.07 sec
    Start    1: linked_opt_runtime_artifacts_build
    Test    #1: linked_opt_runtime_artifacts_build ...   Passed    0.07 sec
    Start    1: linked_opt_runtime_artifacts_build
    Test    #1: linked_opt_runtime_artifacts_build ...   Passed    0.07 sec
    Start    1: linked_opt_runtime_artifacts_build
    Test    #1: linked_opt_runtime_artifacts_build ...   Passed    0.07 sec
    Start    1: linked_opt_runtime_artifacts_build
    Test    #1: linked_opt_runtime_artifacts_build ...   Passed    0.07 sec
    Start    1: linked_opt_runtime_artifacts_build
    Test    #1: linked_opt_runtime_artifacts_build ...   Passed    0.07 sec
    Start    1: linked_opt_runtime_artifacts_build
    Test    #1: linked_opt_runtime_artifacts_build ...   Passed    0.07 sec
    Start    1: linked_opt_runtime_artifacts_build
    Test    #1: linked_opt_runtime_artifacts_build ...   Passed    0.07 sec
    Start    1: linked_opt_runtime_artifacts_build
    Test    #1: linked_opt_runtime_artifacts_build ...   Passed    0.07 sec
    Start    1: linked_opt_runtime_artifacts_build
    Test    #1: linked_opt_runtime_artifacts_build ...   Passed    0.07 sec
    Start    1: linked_opt_runtime_artifacts_build
    Test    #1: linked_opt_runtime_artifacts_build ...   Passed    0.07 sec
    Start    1: linked_opt_runtime_artifacts_build
    Test    #1: linked_opt_runtime_artifacts_build ...   Passed    0.07 sec
    Start    1: linked_opt_runtime_artifacts_build
    Test    #1: linked_opt_runtime_artifacts_build ...   Passed    0.07 sec
    Start    1: linked_opt_runtime_artifacts_build
    Test    #1: linked_opt_runtime_artifacts_build ...   Passed    0.07 sec
    Start    1: linked_opt_runtime_artifacts_build
    Test    #1: linked_opt_runtime_artifacts_build ...   Passed    0.07 sec
    Start    1: linked_opt_runtime_artifacts_build
    Test    #1: linked_opt_runtime_artifacts_build ...   Passed    0.07 sec
    Start    1: linked_opt_runtime_artifacts_build
    Test    #1: linked_opt_runtime_artifacts_build ...   Passed    0.07 sec
    Start    1: linked_opt_runtime_artifacts_build
    Test    #1: linked_opt_runtime_artifacts_build ...   Passed    0.07 sec
    Start    1: linked_opt_runtime_artifacts_build
    Test    #1: linked_opt_runtime_artifacts_build ...   Passed    0.07 sec
    Start    1: linked_opt_runtime_artifacts_build
    Test    #1: linked_opt_runtime_artifacts_build ...   Passed    0.07 sec
    Start    1: linked_opt_runtime_artifacts_build
    Test    #1: linked_opt_runtime_artifacts_build ...   Passed    0.07 sec
    Start    1: linked_opt_runtime_artifacts_build
    Test    #1: linked_opt_runtime_artifacts_build ...   Passed    0.07 sec
    Start    1: linked_opt_runtime_artifacts_build
    Test    #1: linked_opt_runtime_artifacts_build ...   Passed    0.07 sec
    Start    1: linked_opt_runtime_artifacts_build
    Test    #1: linked_opt_runtime_artifacts_build ...   Passed    0.07 sec
    Start    1: linked_opt_runtime_artifacts_build
    Test    #1: linked_opt_runtime_artifacts_build ...   Passed    0.07 sec
    Start    1: linked_opt_runtime_artifacts_build
    Test    #1: linked_opt_runtime_artifacts_build ...   Passed    0.07 sec
    Start    1: linked_opt_runtime_artifacts_build
    Test    #1: linked_opt_runtime_artifacts_build ...   Passed    0.07 sec
    Start    1: linked_opt_runtime_artifacts_build
    Test    #1: linked_opt_runtime_artifacts_build ...   Passed    0.07 sec
    Start    1: linked_opt_runtime_artifacts_build
    Test    #1: linked_opt_runtime_artifacts_build ...   Passed    0.07 sec
    Start    1: linked_opt_runtime_artifacts_build
    Test    #1: linked_opt_runtime_artifacts_build ...   Passed    0.07 sec
    Start    1: linked_opt_runtime_artifacts_build
    Test    #1: linked_opt_runtime_artifacts_build ...   Passed    0.07 sec
    Start    1: linked_opt_runtime_artifacts_build
    Test    #1: linked_opt_runtime_artifacts_build ...   Passed    0.07 sec
    Start    1: linked_opt_runtime_artifacts_build
    Test    #1: linked_opt_runtime_artifacts_build ...   Passed    0.07 sec
    Start    1: linked_opt_runtime_artifacts_build
    Test    #1: linked_opt_runtime_artifacts_build ...   Passed    0.07 sec
    Start    1: linked_opt_runtime_artifacts_build
    Test    #1: linked_opt_runtime_artifacts_build ...   Passed    0.07 sec
    Start    1: linked_opt_runtime_artifacts_build
    Test    #1: linked_opt_runtime_artifacts_build ...   Passed    0.07 sec
    Start    1: linked_opt_runtime_artifacts_build
1/6 Test    #1: linked_opt_runtime_artifacts_build ...   Passed    0.07 sec
    Start 1629: testConcurrency_noopt
    Start 1630: testConcurrency_opt
    Start 1058: rxvmchannel_provider_registry
    Start 1141: gate_f_channel_local_rxbvm
    Test #1058: rxvmchannel_provider_registry ........   Passed    0.00 sec
    Start 1058: rxvmchannel_provider_registry
    Test #1058: rxvmchannel_provider_registry ........   Passed    0.00 sec
    Start 1058: rxvmchannel_provider_registry
    Test #1058: rxvmchannel_provider_registry ........   Passed    0.00 sec
    Start 1058: rxvmchannel_provider_registry
    Test #1058: rxvmchannel_provider_registry ........   Passed    0.00 sec
    Start 1058: rxvmchannel_provider_registry
    Test #1058: rxvmchannel_provider_registry ........   Passed    0.00 sec
    Start 1058: rxvmchannel_provider_registry
    Test #1058: rxvmchannel_provider_registry ........   Passed    0.00 sec
    Start 1058: rxvmchannel_provider_registry
    Test #1058: rxvmchannel_provider_registry ........   Passed    0.00 sec
    Start 1058: rxvmchannel_provider_registry
    Test #1058: rxvmchannel_provider_registry ........   Passed    0.00 sec
    Start 1058: rxvmchannel_provider_registry
    Test #1058: rxvmchannel_provider_registry ........   Passed    0.00 sec
    Start 1058: rxvmchannel_provider_registry
    Test #1058: rxvmchannel_provider_registry ........   Passed    0.00 sec
    Start 1058: rxvmchannel_provider_registry
    Test #1058: rxvmchannel_provider_registry ........   Passed    0.00 sec
    Start 1058: rxvmchannel_provider_registry
    Test #1058: rxvmchannel_provider_registry ........   Passed    0.00 sec
    Start 1058: rxvmchannel_provider_registry
    Test #1058: rxvmchannel_provider_registry ........   Passed    0.00 sec
    Start 1058: rxvmchannel_provider_registry
    Test #1058: rxvmchannel_provider_registry ........   Passed    0.00 sec
    Start 1058: rxvmchannel_provider_registry
    Test #1058: rxvmchannel_provider_registry ........   Passed    0.00 sec
    Start 1058: rxvmchannel_provider_registry
    Test #1141: gate_f_channel_local_rxbvm ...........   Passed    0.03 sec
    Start 1141: gate_f_channel_local_rxbvm
    Test #1058: rxvmchannel_provider_registry ........   Passed    0.00 sec
    Start 1058: rxvmchannel_provider_registry
    Test #1058: rxvmchannel_provider_registry ........   Passed    0.00 sec
    Start 1058: rxvmchannel_provider_registry
    Test #1058: rxvmchannel_provider_registry ........   Passed    0.00 sec
    Start 1058: rxvmchannel_provider_registry
    Test #1058: rxvmchannel_provider_registry ........   Passed    0.00 sec
    Start 1058: rxvmchannel_provider_registry
    Test #1058: rxvmchannel_provider_registry ........   Passed    0.00 sec
    Start 1058: rxvmchannel_provider_registry
    Test #1058: rxvmchannel_provider_registry ........   Passed    0.00 sec
    Start 1058: rxvmchannel_provider_registry
    Test #1058: rxvmchannel_provider_registry ........   Passed    0.00 sec
    Start 1058: rxvmchannel_provider_registry
    Test #1058: rxvmchannel_provider_registry ........   Passed    0.00 sec
    Start 1058: rxvmchannel_provider_registry
    Test #1058: rxvmchannel_provider_registry ........   Passed    0.00 sec
    Start 1058: rxvmchannel_provider_registry
    Test #1058: rxvmchannel_provider_registry ........   Passed    0.00 sec
    Start 1058: rxvmchannel_provider_registry
    Test #1058: rxvmchannel_provider_registry ........   Passed    0.00 sec
    Start 1058: rxvmchannel_provider_registry
    Test #1058: rxvmchannel_provider_registry ........   Passed    0.00 sec
    Start 1058: rxvmchannel_provider_registry
    Test #1058: rxvmchannel_provider_registry ........   Passed    0.00 sec
    Start 1058: rxvmchannel_provider_registry
    Test #1058: rxvmchannel_provider_registry ........   Passed    0.00 sec
    Start 1058: rxvmchannel_provider_registry
    Test #1058: rxvmchannel_provider_registry ........   Passed    0.00 sec
    Start 1058: rxvmchannel_provider_registry
    Test #1141: gate_f_channel_local_rxbvm ...........   Passed    0.03 sec
    Start 1141: gate_f_channel_local_rxbvm
    Test #1058: rxvmchannel_provider_registry ........   Passed    0.00 sec
    Start 1058: rxvmchannel_provider_registry
    Test #1058: rxvmchannel_provider_registry ........   Passed    0.00 sec
    Start 1058: rxvmchannel_provider_registry
    Test #1058: rxvmchannel_provider_registry ........   Passed    0.00 sec
    Start 1058: rxvmchannel_provider_registry
    Test #1058: rxvmchannel_provider_registry ........   Passed    0.00 sec
    Start 1058: rxvmchannel_provider_registry
    Test #1058: rxvmchannel_provider_registry ........   Passed    0.00 sec
    Start 1058: rxvmchannel_provider_registry
    Test #1058: rxvmchannel_provider_registry ........   Passed    0.00 sec
    Start 1058: rxvmchannel_provider_registry
    Test #1058: rxvmchannel_provider_registry ........   Passed    0.00 sec
    Start 1058: rxvmchannel_provider_registry
    Test #1058: rxvmchannel_provider_registry ........   Passed    0.00 sec
    Start 1058: rxvmchannel_provider_registry
    Test #1058: rxvmchannel_provider_registry ........   Passed    0.00 sec
    Start 1058: rxvmchannel_provider_registry
    Test #1058: rxvmchannel_provider_registry ........   Passed    0.00 sec
    Start 1058: rxvmchannel_provider_registry
    Test #1058: rxvmchannel_provider_registry ........   Passed    0.00 sec
    Start 1058: rxvmchannel_provider_registry
    Test #1058: rxvmchannel_provider_registry ........   Passed    0.00 sec
    Start 1058: rxvmchannel_provider_registry
    Test #1058: rxvmchannel_provider_registry ........   Passed    0.00 sec
    Start 1058: rxvmchannel_provider_registry
    Test #1058: rxvmchannel_provider_registry ........   Passed    0.00 sec
    Start 1058: rxvmchannel_provider_registry
    Test #1141: gate_f_channel_local_rxbvm ...........   Passed    0.03 sec
    Start 1141: gate_f_channel_local_rxbvm
    Test #1058: rxvmchannel_provider_registry ........   Passed    0.00 sec
    Start 1058: rxvmchannel_provider_registry
    Test #1058: rxvmchannel_provider_registry ........   Passed    0.00 sec
    Start 1058: rxvmchannel_provider_registry
    Test #1058: rxvmchannel_provider_registry ........   Passed    0.00 sec
    Start 1058: rxvmchannel_provider_registry
    Test #1058: rxvmchannel_provider_registry ........   Passed    0.00 sec
    Start 1058: rxvmchannel_provider_registry
    Test #1058: rxvmchannel_provider_registry ........   Passed    0.00 sec
    Start 1058: rxvmchannel_provider_registry
    Test #1058: rxvmchannel_provider_registry ........   Passed    0.00 sec
    Start 1058: rxvmchannel_provider_registry
    Test #1058: rxvmchannel_provider_registry ........   Passed    0.00 sec
    Start 1058: rxvmchannel_provider_registry
    Test #1058: rxvmchannel_provider_registry ........   Passed    0.00 sec
    Start 1058: rxvmchannel_provider_registry
    Test #1058: rxvmchannel_provider_registry ........   Passed    0.00 sec
    Start 1058: rxvmchannel_provider_registry
    Test #1058: rxvmchannel_provider_registry ........   Passed    0.00 sec
    Start 1058: rxvmchannel_provider_registry
    Test #1058: rxvmchannel_provider_registry ........   Passed    0.00 sec
    Start 1058: rxvmchannel_provider_registry
    Test #1058: rxvmchannel_provider_registry ........   Passed    0.00 sec
    Start 1058: rxvmchannel_provider_registry
    Test #1058: rxvmchannel_provider_registry ........   Passed    0.00 sec
    Start 1058: rxvmchannel_provider_registry
    Test #1058: rxvmchannel_provider_registry ........   Passed    0.00 sec
    Start 1058: rxvmchannel_provider_registry
    Test #1058: rxvmchannel_provider_registry ........   Passed    0.00 sec
    Start 1058: rxvmchannel_provider_registry
    Test #1141: gate_f_channel_local_rxbvm ...........   Passed    0.03 sec
    Start 1141: gate_f_channel_local_rxbvm
    Test #1058: rxvmchannel_provider_registry ........   Passed    0.00 sec
    Start 1058: rxvmchannel_provider_registry
    Test #1058: rxvmchannel_provider_registry ........   Passed    0.00 sec
    Start 1058: rxvmchannel_provider_registry
    Test #1058: rxvmchannel_provider_registry ........   Passed    0.00 sec
    Start 1058: rxvmchannel_provider_registry
    Test #1058: rxvmchannel_provider_registry ........   Passed    0.00 sec
    Start 1058: rxvmchannel_provider_registry
    Test #1058: rxvmchannel_provider_registry ........   Passed    0.00 sec
    Start 1058: rxvmchannel_provider_registry
    Test #1058: rxvmchannel_provider_registry ........   Passed    0.00 sec
    Start 1058: rxvmchannel_provider_registry
    Test #1058: rxvmchannel_provider_registry ........   Passed    0.00 sec
    Start 1058: rxvmchannel_provider_registry
    Test #1058: rxvmchannel_provider_registry ........   Passed    0.00 sec
    Start 1058: rxvmchannel_provider_registry
    Test #1058: rxvmchannel_provider_registry ........   Passed    0.00 sec
    Start 1058: rxvmchannel_provider_registry
    Test #1058: rxvmchannel_provider_registry ........   Passed    0.00 sec
    Start 1058: rxvmchannel_provider_registry
    Test #1058: rxvmchannel_provider_registry ........   Passed    0.00 sec
    Start 1058: rxvmchannel_provider_registry
    Test #1058: rxvmchannel_provider_registry ........   Passed    0.00 sec
    Start 1058: rxvmchannel_provider_registry
    Test #1058: rxvmchannel_provider_registry ........   Passed    0.00 sec
    Start 1058: rxvmchannel_provider_registry
    Test #1058: rxvmchannel_provider_registry ........   Passed    0.00 sec
    Start 1058: rxvmchannel_provider_registry
    Test #1058: rxvmchannel_provider_registry ........   Passed    0.00 sec
    Start 1058: rxvmchannel_provider_registry
    Test #1141: gate_f_channel_local_rxbvm ...........   Passed    0.03 sec
    Start 1141: gate_f_channel_local_rxbvm
    Test #1058: rxvmchannel_provider_registry ........   Passed    0.00 sec
    Start 1058: rxvmchannel_provider_registry
    Test #1058: rxvmchannel_provider_registry ........   Passed    0.00 sec
    Start 1058: rxvmchannel_provider_registry
    Test #1058: rxvmchannel_provider_registry ........   Passed    0.00 sec
    Start 1058: rxvmchannel_provider_registry
    Test #1058: rxvmchannel_provider_registry ........   Passed    0.00 sec
    Start 1058: rxvmchannel_provider_registry
    Test #1058: rxvmchannel_provider_registry ........   Passed    0.00 sec
    Start 1058: rxvmchannel_provider_registry
    Test #1058: rxvmchannel_provider_registry ........   Passed    0.00 sec
    Start 1058: rxvmchannel_provider_registry
    Test #1058: rxvmchannel_provider_registry ........   Passed    0.00 sec
    Start 1058: rxvmchannel_provider_registry
    Test #1058: rxvmchannel_provider_registry ........   Passed    0.00 sec
    Start 1058: rxvmchannel_provider_registry
    Test #1058: rxvmchannel_provider_registry ........   Passed    0.00 sec
    Start 1058: rxvmchannel_provider_registry
    Test #1058: rxvmchannel_provider_registry ........   Passed    0.00 sec
    Start 1058: rxvmchannel_provider_registry
    Test #1058: rxvmchannel_provider_registry ........   Passed    0.00 sec
    Start 1058: rxvmchannel_provider_registry
    Test #1058: rxvmchannel_provider_registry ........   Passed    0.00 sec
    Start 1058: rxvmchannel_provider_registry
    Test #1058: rxvmchannel_provider_registry ........   Passed    0.00 sec
    Start 1058: rxvmchannel_provider_registry
    Test #1058: rxvmchannel_provider_registry ........   Passed    0.00 sec
    Start 1058: rxvmchannel_provider_registry
    Test #1058: rxvmchannel_provider_registry ........   Passed    0.00 sec
    Start 1058: rxvmchannel_provider_registry
    Test #1141: gate_f_channel_local_rxbvm ...........   Passed    0.03 sec
    Start 1141: gate_f_channel_local_rxbvm
    Test #1058: rxvmchannel_provider_registry ........   Passed    0.00 sec
    Start 1058: rxvmchannel_provider_registry
    Test #1058: rxvmchannel_provider_registry ........   Passed    0.00 sec
    Start 1058: rxvmchannel_provider_registry
    Test #1058: rxvmchannel_provider_registry ........   Passed    0.00 sec
    Start 1058: rxvmchannel_provider_registry
    Test #1058: rxvmchannel_provider_registry ........   Passed    0.00 sec
    Start 1058: rxvmchannel_provider_registry
    Test #1058: rxvmchannel_provider_registry ........   Passed    0.00 sec
    Start 1058: rxvmchannel_provider_registry
    Test #1058: rxvmchannel_provider_registry ........   Passed    0.00 sec
    Start 1058: rxvmchannel_provider_registry
    Test #1058: rxvmchannel_provider_registry ........   Passed    0.00 sec
    Start 1058: rxvmchannel_provider_registry
    Test #1058: rxvmchannel_provider_registry ........   Passed    0.00 sec
    Start 1058: rxvmchannel_provider_registry
    Test #1058: rxvmchannel_provider_registry ........   Passed    0.00 sec
    Start 1058: rxvmchannel_provider_registry
    Test #1058: rxvmchannel_provider_registry ........   Passed    0.00 sec
    Start 1058: rxvmchannel_provider_registry
2/6 Test #1058: rxvmchannel_provider_registry ........   Passed    0.00 sec
    Start 1142: gate_f_channel_local_rxtvm
    Test #1141: gate_f_channel_local_rxbvm ...........   Passed    0.03 sec
    Start 1141: gate_f_channel_local_rxbvm
    Test #1142: gate_f_channel_local_rxtvm ...........   Passed    0.03 sec
    Start 1142: gate_f_channel_local_rxtvm
    Test #1141: gate_f_channel_local_rxbvm ...........   Passed    0.03 sec
    Start 1141: gate_f_channel_local_rxbvm
    Test #1142: gate_f_channel_local_rxtvm ...........   Passed    0.03 sec
    Start 1142: gate_f_channel_local_rxtvm
    Test #1141: gate_f_channel_local_rxbvm ...........   Passed    0.03 sec
    Start 1141: gate_f_channel_local_rxbvm
    Test #1142: gate_f_channel_local_rxtvm ...........   Passed    0.03 sec
    Start 1142: gate_f_channel_local_rxtvm
    Test #1141: gate_f_channel_local_rxbvm ...........   Passed    0.03 sec
    Start 1141: gate_f_channel_local_rxbvm
    Test #1142: gate_f_channel_local_rxtvm ...........   Passed    0.03 sec
    Start 1142: gate_f_channel_local_rxtvm
    Test #1141: gate_f_channel_local_rxbvm ...........   Passed    0.03 sec
    Start 1141: gate_f_channel_local_rxbvm
    Test #1142: gate_f_channel_local_rxtvm ...........   Passed    0.03 sec
    Start 1142: gate_f_channel_local_rxtvm
    Test #1141: gate_f_channel_local_rxbvm ...........   Passed    0.03 sec
    Start 1141: gate_f_channel_local_rxbvm
    Test #1142: gate_f_channel_local_rxtvm ...........   Passed    0.03 sec
    Start 1142: gate_f_channel_local_rxtvm
    Test #1141: gate_f_channel_local_rxbvm ...........   Passed    0.03 sec
    Start 1141: gate_f_channel_local_rxbvm
    Test #1142: gate_f_channel_local_rxtvm ...........   Passed    0.03 sec
    Start 1142: gate_f_channel_local_rxtvm
    Test #1141: gate_f_channel_local_rxbvm ...........   Passed    0.03 sec
    Start 1141: gate_f_channel_local_rxbvm
    Test #1630: testConcurrency_opt ..................   Passed    0.47 sec
    Start 1630: testConcurrency_opt
    Test #1142: gate_f_channel_local_rxtvm ...........   Passed    0.03 sec
    Start 1142: gate_f_channel_local_rxtvm
    Test #1141: gate_f_channel_local_rxbvm ...........   Passed    0.03 sec
    Start 1141: gate_f_channel_local_rxbvm
    Test #1142: gate_f_channel_local_rxtvm ...........   Passed    0.03 sec
    Start 1142: gate_f_channel_local_rxtvm
    Test #1141: gate_f_channel_local_rxbvm ...........   Passed    0.03 sec
    Start 1141: gate_f_channel_local_rxbvm
    Test #1142: gate_f_channel_local_rxtvm ...........   Passed    0.03 sec
    Start 1142: gate_f_channel_local_rxtvm
    Test #1141: gate_f_channel_local_rxbvm ...........   Passed    0.03 sec
    Start 1141: gate_f_channel_local_rxbvm
    Test #1142: gate_f_channel_local_rxtvm ...........   Passed    0.03 sec
    Start 1142: gate_f_channel_local_rxtvm
    Test #1141: gate_f_channel_local_rxbvm ...........   Passed    0.03 sec
    Start 1141: gate_f_channel_local_rxbvm
    Test #1142: gate_f_channel_local_rxtvm ...........   Passed    0.03 sec
    Start 1142: gate_f_channel_local_rxtvm
    Test #1141: gate_f_channel_local_rxbvm ...........   Passed    0.03 sec
    Start 1141: gate_f_channel_local_rxbvm
    Test #1142: gate_f_channel_local_rxtvm ...........   Passed    0.03 sec
    Start 1142: gate_f_channel_local_rxtvm
    Test #1141: gate_f_channel_local_rxbvm ...........   Passed    0.03 sec
    Start 1141: gate_f_channel_local_rxbvm
    Test #1142: gate_f_channel_local_rxtvm ...........   Passed    0.03 sec
    Start 1142: gate_f_channel_local_rxtvm
    Test #1141: gate_f_channel_local_rxbvm ...........   Passed    0.03 sec
    Start 1141: gate_f_channel_local_rxbvm
    Test #1142: gate_f_channel_local_rxtvm ...........   Passed    0.03 sec
    Start 1142: gate_f_channel_local_rxtvm
    Test #1141: gate_f_channel_local_rxbvm ...........   Passed    0.03 sec
    Start 1141: gate_f_channel_local_rxbvm
    Test #1142: gate_f_channel_local_rxtvm ...........   Passed    0.03 sec
    Start 1142: gate_f_channel_local_rxtvm
    Test #1141: gate_f_channel_local_rxbvm ...........   Passed    0.03 sec
    Start 1141: gate_f_channel_local_rxbvm
    Test #1142: gate_f_channel_local_rxtvm ...........   Passed    0.03 sec
    Start 1142: gate_f_channel_local_rxtvm
    Test #1141: gate_f_channel_local_rxbvm ...........   Passed    0.03 sec
    Start 1141: gate_f_channel_local_rxbvm
    Test #1142: gate_f_channel_local_rxtvm ...........   Passed    0.03 sec
    Start 1142: gate_f_channel_local_rxtvm
    Test #1141: gate_f_channel_local_rxbvm ...........   Passed    0.03 sec
    Start 1141: gate_f_channel_local_rxbvm
    Test #1142: gate_f_channel_local_rxtvm ...........   Passed    0.03 sec
    Start 1142: gate_f_channel_local_rxtvm
    Test #1141: gate_f_channel_local_rxbvm ...........   Passed    0.03 sec
    Start 1141: gate_f_channel_local_rxbvm
    Test #1142: gate_f_channel_local_rxtvm ...........   Passed    0.03 sec
    Start 1142: gate_f_channel_local_rxtvm
    Test #1141: gate_f_channel_local_rxbvm ...........   Passed    0.03 sec
    Start 1141: gate_f_channel_local_rxbvm
    Test #1142: gate_f_channel_local_rxtvm ...........   Passed    0.03 sec
    Start 1142: gate_f_channel_local_rxtvm
    Test #1141: gate_f_channel_local_rxbvm ...........   Passed    0.03 sec
    Start 1141: gate_f_channel_local_rxbvm
    Test #1630: testConcurrency_opt ..................   Passed    0.47 sec
    Start 1630: testConcurrency_opt
    Test #1142: gate_f_channel_local_rxtvm ...........   Passed    0.03 sec
    Start 1142: gate_f_channel_local_rxtvm
    Test #1141: gate_f_channel_local_rxbvm ...........   Passed    0.03 sec
    Start 1141: gate_f_channel_local_rxbvm
    Test #1142: gate_f_channel_local_rxtvm ...........   Passed    0.03 sec
    Start 1142: gate_f_channel_local_rxtvm
    Test #1141: gate_f_channel_local_rxbvm ...........   Passed    0.03 sec
    Start 1141: gate_f_channel_local_rxbvm
    Test #1142: gate_f_channel_local_rxtvm ...........   Passed    0.03 sec
    Start 1142: gate_f_channel_local_rxtvm
    Test #1141: gate_f_channel_local_rxbvm ...........   Passed    0.03 sec
    Start 1141: gate_f_channel_local_rxbvm
    Test #1142: gate_f_channel_local_rxtvm ...........   Passed    0.03 sec
    Start 1142: gate_f_channel_local_rxtvm
    Test #1141: gate_f_channel_local_rxbvm ...........   Passed    0.03 sec
    Start 1141: gate_f_channel_local_rxbvm
    Test #1142: gate_f_channel_local_rxtvm ...........   Passed    0.03 sec
    Start 1142: gate_f_channel_local_rxtvm
    Test #1141: gate_f_channel_local_rxbvm ...........   Passed    0.03 sec
    Start 1141: gate_f_channel_local_rxbvm
    Test #1142: gate_f_channel_local_rxtvm ...........   Passed    0.03 sec
    Start 1142: gate_f_channel_local_rxtvm
    Test #1141: gate_f_channel_local_rxbvm ...........   Passed    0.03 sec
    Start 1141: gate_f_channel_local_rxbvm
    Test #1142: gate_f_channel_local_rxtvm ...........   Passed    0.03 sec
    Start 1142: gate_f_channel_local_rxtvm
    Test #1141: gate_f_channel_local_rxbvm ...........   Passed    0.03 sec
    Start 1141: gate_f_channel_local_rxbvm
    Test #1142: gate_f_channel_local_rxtvm ...........   Passed    0.03 sec
    Start 1142: gate_f_channel_local_rxtvm
    Test #1141: gate_f_channel_local_rxbvm ...........   Passed    0.03 sec
    Start 1141: gate_f_channel_local_rxbvm
    Test #1142: gate_f_channel_local_rxtvm ...........   Passed    0.03 sec
    Start 1142: gate_f_channel_local_rxtvm
    Test #1141: gate_f_channel_local_rxbvm ...........   Passed    0.03 sec
    Start 1141: gate_f_channel_local_rxbvm
    Test #1142: gate_f_channel_local_rxtvm ...........   Passed    0.03 sec
    Start 1142: gate_f_channel_local_rxtvm
    Test #1141: gate_f_channel_local_rxbvm ...........   Passed    0.03 sec
    Start 1141: gate_f_channel_local_rxbvm
    Test #1142: gate_f_channel_local_rxtvm ...........   Passed    0.03 sec
    Start 1142: gate_f_channel_local_rxtvm
    Test #1141: gate_f_channel_local_rxbvm ...........   Passed    0.03 sec
    Start 1141: gate_f_channel_local_rxbvm
    Test #1142: gate_f_channel_local_rxtvm ...........   Passed    0.03 sec
    Start 1142: gate_f_channel_local_rxtvm
    Test #1141: gate_f_channel_local_rxbvm ...........   Passed    0.03 sec
    Start 1141: gate_f_channel_local_rxbvm
    Test #1142: gate_f_channel_local_rxtvm ...........   Passed    0.03 sec
    Start 1142: gate_f_channel_local_rxtvm
    Test #1141: gate_f_channel_local_rxbvm ...........   Passed    0.03 sec
    Start 1141: gate_f_channel_local_rxbvm
    Test #1142: gate_f_channel_local_rxtvm ...........   Passed    0.03 sec
    Start 1142: gate_f_channel_local_rxtvm
    Test #1141: gate_f_channel_local_rxbvm ...........   Passed    0.03 sec
    Start 1141: gate_f_channel_local_rxbvm
    Test #1142: gate_f_channel_local_rxtvm ...........   Passed    0.03 sec
    Start 1142: gate_f_channel_local_rxtvm
    Test #1141: gate_f_channel_local_rxbvm ...........   Passed    0.03 sec
    Start 1141: gate_f_channel_local_rxbvm
    Test #1630: testConcurrency_opt ..................   Passed    0.48 sec
    Start 1630: testConcurrency_opt
    Test #1142: gate_f_channel_local_rxtvm ...........   Passed    0.03 sec
    Start 1142: gate_f_channel_local_rxtvm
    Test #1141: gate_f_channel_local_rxbvm ...........   Passed    0.03 sec
    Start 1141: gate_f_channel_local_rxbvm
    Test #1142: gate_f_channel_local_rxtvm ...........   Passed    0.03 sec
    Start 1142: gate_f_channel_local_rxtvm
    Test #1141: gate_f_channel_local_rxbvm ...........   Passed    0.03 sec
    Start 1141: gate_f_channel_local_rxbvm
    Test #1142: gate_f_channel_local_rxtvm ...........   Passed    0.03 sec
    Start 1142: gate_f_channel_local_rxtvm
    Test #1141: gate_f_channel_local_rxbvm ...........   Passed    0.03 sec
    Start 1141: gate_f_channel_local_rxbvm
    Test #1142: gate_f_channel_local_rxtvm ...........   Passed    0.03 sec
    Start 1142: gate_f_channel_local_rxtvm
    Test #1141: gate_f_channel_local_rxbvm ...........   Passed    0.03 sec
    Start 1141: gate_f_channel_local_rxbvm
    Test #1142: gate_f_channel_local_rxtvm ...........   Passed    0.03 sec
    Start 1142: gate_f_channel_local_rxtvm
    Test #1141: gate_f_channel_local_rxbvm ...........   Passed    0.03 sec
    Start 1141: gate_f_channel_local_rxbvm
    Test #1142: gate_f_channel_local_rxtvm ...........   Passed    0.03 sec
    Start 1142: gate_f_channel_local_rxtvm
    Test #1141: gate_f_channel_local_rxbvm ...........   Passed    0.03 sec
    Start 1141: gate_f_channel_local_rxbvm
    Test #1142: gate_f_channel_local_rxtvm ...........   Passed    0.03 sec
    Start 1142: gate_f_channel_local_rxtvm
    Test #1141: gate_f_channel_local_rxbvm ...........   Passed    0.03 sec
    Start 1141: gate_f_channel_local_rxbvm
    Test #1142: gate_f_channel_local_rxtvm ...........   Passed    0.03 sec
    Start 1142: gate_f_channel_local_rxtvm
    Test #1141: gate_f_channel_local_rxbvm ...........   Passed    0.03 sec
    Start 1141: gate_f_channel_local_rxbvm
    Test #1141: gate_f_channel_local_rxbvm ...........   Passed    0.03 sec
    Start 1141: gate_f_channel_local_rxbvm
    Test #1142: gate_f_channel_local_rxtvm ...........   Passed    0.03 sec
    Start 1142: gate_f_channel_local_rxtvm
    Test #1141: gate_f_channel_local_rxbvm ...........   Passed    0.03 sec
    Start 1141: gate_f_channel_local_rxbvm
    Test #1142: gate_f_channel_local_rxtvm ...........   Passed    0.03 sec
    Start 1142: gate_f_channel_local_rxtvm
    Test #1141: gate_f_channel_local_rxbvm ...........   Passed    0.03 sec
    Start 1141: gate_f_channel_local_rxbvm
    Test #1142: gate_f_channel_local_rxtvm ...........   Passed    0.03 sec
    Start 1142: gate_f_channel_local_rxtvm
    Test #1141: gate_f_channel_local_rxbvm ...........   Passed    0.03 sec
    Start 1141: gate_f_channel_local_rxbvm
    Test #1142: gate_f_channel_local_rxtvm ...........   Passed    0.03 sec
    Start 1142: gate_f_channel_local_rxtvm
    Test #1141: gate_f_channel_local_rxbvm ...........   Passed    0.03 sec
    Start 1141: gate_f_channel_local_rxbvm
    Test #1142: gate_f_channel_local_rxtvm ...........   Passed    0.03 sec
    Start 1142: gate_f_channel_local_rxtvm
    Test #1141: gate_f_channel_local_rxbvm ...........   Passed    0.03 sec
    Start 1141: gate_f_channel_local_rxbvm
    Test #1142: gate_f_channel_local_rxtvm ...........   Passed    0.03 sec
    Start 1142: gate_f_channel_local_rxtvm
    Test #1141: gate_f_channel_local_rxbvm ...........   Passed    0.03 sec
    Start 1141: gate_f_channel_local_rxbvm
    Test #1142: gate_f_channel_local_rxtvm ...........   Passed    0.03 sec
    Start 1142: gate_f_channel_local_rxtvm
    Test #1630: testConcurrency_opt ..................   Passed    0.49 sec
    Start 1630: testConcurrency_opt
    Test #1141: gate_f_channel_local_rxbvm ...........   Passed    0.03 sec
    Start 1141: gate_f_channel_local_rxbvm
    Test #1142: gate_f_channel_local_rxtvm ...........   Passed    0.03 sec
    Start 1142: gate_f_channel_local_rxtvm
    Test #1141: gate_f_channel_local_rxbvm ...........   Passed    0.03 sec
    Start 1141: gate_f_channel_local_rxbvm
    Test #1142: gate_f_channel_local_rxtvm ...........   Passed    0.03 sec
    Start 1142: gate_f_channel_local_rxtvm
    Test #1142: gate_f_channel_local_rxtvm ...........   Passed    0.03 sec
    Start 1142: gate_f_channel_local_rxtvm
    Test #1141: gate_f_channel_local_rxbvm ...........   Passed    0.03 sec
    Start 1141: gate_f_channel_local_rxbvm
    Test #1142: gate_f_channel_local_rxtvm ...........   Passed    0.03 sec
    Start 1142: gate_f_channel_local_rxtvm
    Test #1141: gate_f_channel_local_rxbvm ...........   Passed    0.03 sec
    Start 1141: gate_f_channel_local_rxbvm
    Test #1142: gate_f_channel_local_rxtvm ...........   Passed    0.03 sec
    Start 1142: gate_f_channel_local_rxtvm
    Test #1141: gate_f_channel_local_rxbvm ...........   Passed    0.03 sec
    Start 1141: gate_f_channel_local_rxbvm
    Test #1142: gate_f_channel_local_rxtvm ...........   Passed    0.03 sec
    Start 1142: gate_f_channel_local_rxtvm
    Test #1141: gate_f_channel_local_rxbvm ...........   Passed    0.03 sec
    Start 1141: gate_f_channel_local_rxbvm
    Test #1629: testConcurrency_noopt ................   Passed    2.11 sec
    Start 1629: testConcurrency_noopt
    Test #1142: gate_f_channel_local_rxtvm ...........   Passed    0.03 sec
    Start 1142: gate_f_channel_local_rxtvm
    Test #1141: gate_f_channel_local_rxbvm ...........   Passed    0.03 sec
    Start 1141: gate_f_channel_local_rxbvm
    Test #1141: gate_f_channel_local_rxbvm ...........   Passed    0.03 sec
    Start 1141: gate_f_channel_local_rxbvm
    Test #1142: gate_f_channel_local_rxtvm ...........   Passed    0.03 sec
    Start 1142: gate_f_channel_local_rxtvm
    Test #1141: gate_f_channel_local_rxbvm ...........   Passed    0.03 sec
    Start 1141: gate_f_channel_local_rxbvm
    Test #1142: gate_f_channel_local_rxtvm ...........   Passed    0.03 sec
    Start 1142: gate_f_channel_local_rxtvm
    Test #1141: gate_f_channel_local_rxbvm ...........   Passed    0.03 sec
    Start 1141: gate_f_channel_local_rxbvm
    Test #1142: gate_f_channel_local_rxtvm ...........   Passed    0.03 sec
    Start 1142: gate_f_channel_local_rxtvm
    Test #1141: gate_f_channel_local_rxbvm ...........   Passed    0.03 sec
    Start 1141: gate_f_channel_local_rxbvm
    Test #1142: gate_f_channel_local_rxtvm ...........   Passed    0.03 sec
    Start 1142: gate_f_channel_local_rxtvm
    Test #1141: gate_f_channel_local_rxbvm ...........   Passed    0.03 sec
    Start 1141: gate_f_channel_local_rxbvm
    Test #1142: gate_f_channel_local_rxtvm ...........   Passed    0.03 sec
    Start 1142: gate_f_channel_local_rxtvm
    Test #1141: gate_f_channel_local_rxbvm ...........   Passed    0.03 sec
    Start 1141: gate_f_channel_local_rxbvm
    Test #1142: gate_f_channel_local_rxtvm ...........   Passed    0.03 sec
    Start 1142: gate_f_channel_local_rxtvm
    Test #1142: gate_f_channel_local_rxtvm ...........   Passed    0.03 sec
    Start 1142: gate_f_channel_local_rxtvm
    Test #1141: gate_f_channel_local_rxbvm ...........   Passed    0.03 sec
    Start 1141: gate_f_channel_local_rxbvm
    Test #1142: gate_f_channel_local_rxtvm ...........   Passed    0.03 sec
    Start 1142: gate_f_channel_local_rxtvm
    Test #1141: gate_f_channel_local_rxbvm ...........   Passed    0.03 sec
    Start 1141: gate_f_channel_local_rxbvm
    Test #1630: testConcurrency_opt ..................   Passed    0.50 sec
    Start 1630: testConcurrency_opt
    Test #1142: gate_f_channel_local_rxtvm ...........   Passed    0.03 sec
    Start 1142: gate_f_channel_local_rxtvm
    Test #1141: gate_f_channel_local_rxbvm ...........   Passed    0.03 sec
    Start 1141: gate_f_channel_local_rxbvm
    Test #1142: gate_f_channel_local_rxtvm ...........   Passed    0.03 sec
    Start 1142: gate_f_channel_local_rxtvm
    Test #1141: gate_f_channel_local_rxbvm ...........   Passed    0.03 sec
    Start 1141: gate_f_channel_local_rxbvm
    Test #1142: gate_f_channel_local_rxtvm ...........   Passed    0.03 sec
    Start 1142: gate_f_channel_local_rxtvm
    Test #1141: gate_f_channel_local_rxbvm ...........   Passed    0.03 sec
    Start 1141: gate_f_channel_local_rxbvm
    Test #1142: gate_f_channel_local_rxtvm ...........   Passed    0.03 sec
    Start 1142: gate_f_channel_local_rxtvm
    Test #1141: gate_f_channel_local_rxbvm ...........   Passed    0.03 sec
    Start 1141: gate_f_channel_local_rxbvm
    Test #1142: gate_f_channel_local_rxtvm ...........   Passed    0.03 sec
    Start 1142: gate_f_channel_local_rxtvm
    Test #1141: gate_f_channel_local_rxbvm ...........   Passed    0.03 sec
    Start 1141: gate_f_channel_local_rxbvm
    Test #1142: gate_f_channel_local_rxtvm ...........   Passed    0.03 sec
    Start 1142: gate_f_channel_local_rxtvm
    Test #1141: gate_f_channel_local_rxbvm ...........   Passed    0.03 sec
    Start 1141: gate_f_channel_local_rxbvm
    Test #1142: gate_f_channel_local_rxtvm ...........   Passed    0.03 sec
    Start 1142: gate_f_channel_local_rxtvm
    Test #1141: gate_f_channel_local_rxbvm ...........   Passed    0.03 sec
    Start 1141: gate_f_channel_local_rxbvm
    Test #1142: gate_f_channel_local_rxtvm ...........   Passed    0.03 sec
    Start 1142: gate_f_channel_local_rxtvm
    Test #1141: gate_f_channel_local_rxbvm ...........   Passed    0.03 sec
    Start 1141: gate_f_channel_local_rxbvm
    Test #1142: gate_f_channel_local_rxtvm ...........   Passed    0.03 sec
    Start 1142: gate_f_channel_local_rxtvm
    Test #1141: gate_f_channel_local_rxbvm ...........   Passed    0.03 sec
    Start 1141: gate_f_channel_local_rxbvm
    Test #1142: gate_f_channel_local_rxtvm ...........   Passed    0.03 sec
    Start 1142: gate_f_channel_local_rxtvm
    Test #1141: gate_f_channel_local_rxbvm ...........   Passed    0.03 sec
    Start 1141: gate_f_channel_local_rxbvm
    Test #1142: gate_f_channel_local_rxtvm ...........   Passed    0.03 sec
    Start 1142: gate_f_channel_local_rxtvm
    Test #1141: gate_f_channel_local_rxbvm ...........   Passed    0.03 sec
    Start 1141: gate_f_channel_local_rxbvm
    Test #1142: gate_f_channel_local_rxtvm ...........   Passed    0.03 sec
    Start 1142: gate_f_channel_local_rxtvm
    Test #1141: gate_f_channel_local_rxbvm ...........   Passed    0.03 sec
    Start 1141: gate_f_channel_local_rxbvm
    Test #1142: gate_f_channel_local_rxtvm ...........   Passed    0.03 sec
    Start 1142: gate_f_channel_local_rxtvm
    Test #1141: gate_f_channel_local_rxbvm ...........   Passed    0.03 sec
    Start 1141: gate_f_channel_local_rxbvm
    Test #1142: gate_f_channel_local_rxtvm ...........   Passed    0.03 sec
    Start 1142: gate_f_channel_local_rxtvm
    Test #1141: gate_f_channel_local_rxbvm ...........   Passed    0.03 sec
    Start 1141: gate_f_channel_local_rxbvm
    Test #1142: gate_f_channel_local_rxtvm ...........   Passed    0.03 sec
    Start 1142: gate_f_channel_local_rxtvm
    Test #1141: gate_f_channel_local_rxbvm ...........   Passed    0.03 sec
    Start 1141: gate_f_channel_local_rxbvm
    Test #1630: testConcurrency_opt ..................   Passed    0.50 sec
    Start 1630: testConcurrency_opt
    Test #1142: gate_f_channel_local_rxtvm ...........   Passed    0.03 sec
    Start 1142: gate_f_channel_local_rxtvm
    Test #1141: gate_f_channel_local_rxbvm ...........   Passed    0.03 sec
    Start 1141: gate_f_channel_local_rxbvm
    Test #1142: gate_f_channel_local_rxtvm ...........   Passed    0.03 sec
    Start 1142: gate_f_channel_local_rxtvm
    Test #1141: gate_f_channel_local_rxbvm ...........   Passed    0.03 sec
    Start 1141: gate_f_channel_local_rxbvm
    Test #1142: gate_f_channel_local_rxtvm ...........   Passed    0.03 sec
    Start 1142: gate_f_channel_local_rxtvm
    Test #1141: gate_f_channel_local_rxbvm ...........   Passed    0.03 sec
    Start 1141: gate_f_channel_local_rxbvm
    Test #1141: gate_f_channel_local_rxbvm ...........   Passed    0.03 sec
    Start 1141: gate_f_channel_local_rxbvm
    Test #1142: gate_f_channel_local_rxtvm ...........   Passed    0.03 sec
    Start 1142: gate_f_channel_local_rxtvm
    Test #1141: gate_f_channel_local_rxbvm ...........   Passed    0.03 sec
    Start 1141: gate_f_channel_local_rxbvm
    Test #1142: gate_f_channel_local_rxtvm ...........   Passed    0.03 sec
    Start 1142: gate_f_channel_local_rxtvm
    Test #1142: gate_f_channel_local_rxtvm ...........   Passed    0.03 sec
    Start 1142: gate_f_channel_local_rxtvm
    Test #1141: gate_f_channel_local_rxbvm ...........   Passed    0.03 sec
    Start 1141: gate_f_channel_local_rxbvm
    Test #1141: gate_f_channel_local_rxbvm ...........   Passed    0.03 sec
    Start 1141: gate_f_channel_local_rxbvm
    Test #1142: gate_f_channel_local_rxtvm ...........   Passed    0.03 sec
    Start 1142: gate_f_channel_local_rxtvm
    Test #1141: gate_f_channel_local_rxbvm ...........   Passed    0.03 sec
    Start 1141: gate_f_channel_local_rxbvm
    Test #1142: gate_f_channel_local_rxtvm ...........   Passed    0.03 sec
    Start 1142: gate_f_channel_local_rxtvm
    Test #1141: gate_f_channel_local_rxbvm ...........   Passed    0.03 sec
    Start 1141: gate_f_channel_local_rxbvm
    Test #1142: gate_f_channel_local_rxtvm ...........   Passed    0.03 sec
    Start 1142: gate_f_channel_local_rxtvm
    Test #1141: gate_f_channel_local_rxbvm ...........   Passed    0.03 sec
    Start 1141: gate_f_channel_local_rxbvm
    Test #1142: gate_f_channel_local_rxtvm ...........   Passed    0.03 sec
    Start 1142: gate_f_channel_local_rxtvm
    Test #1141: gate_f_channel_local_rxbvm ...........   Passed    0.03 sec
    Start 1141: gate_f_channel_local_rxbvm
    Test #1142: gate_f_channel_local_rxtvm ...........   Passed    0.03 sec
    Start 1142: gate_f_channel_local_rxtvm
3/6 Test #1141: gate_f_channel_local_rxbvm ...........   Passed    0.03 sec
    Test #1142: gate_f_channel_local_rxtvm ...........   Passed    0.03 sec
    Start 1142: gate_f_channel_local_rxtvm
    Test #1142: gate_f_channel_local_rxtvm ...........   Passed    0.03 sec
    Start 1142: gate_f_channel_local_rxtvm
    Test #1142: gate_f_channel_local_rxtvm ...........   Passed    0.03 sec
    Start 1142: gate_f_channel_local_rxtvm
    Test #1142: gate_f_channel_local_rxtvm ...........   Passed    0.03 sec
    Start 1142: gate_f_channel_local_rxtvm
    Test #1630: testConcurrency_opt ..................   Passed    0.50 sec
    Start 1630: testConcurrency_opt
    Test #1142: gate_f_channel_local_rxtvm ...........   Passed    0.03 sec
    Start 1142: gate_f_channel_local_rxtvm
    Test #1142: gate_f_channel_local_rxtvm ...........   Passed    0.03 sec
    Start 1142: gate_f_channel_local_rxtvm
    Test #1142: gate_f_channel_local_rxtvm ...........   Passed    0.03 sec
    Start 1142: gate_f_channel_local_rxtvm
4/6 Test #1142: gate_f_channel_local_rxtvm ...........   Passed    0.03 sec
    Test #1630: testConcurrency_opt ..................   Passed    0.47 sec
    Start 1630: testConcurrency_opt
    Test #1629: testConcurrency_noopt ................   Passed    2.14 sec
    Start 1629: testConcurrency_noopt
    Test #1630: testConcurrency_opt ..................   Passed    0.45 sec
    Start 1630: testConcurrency_opt
    Test #1630: testConcurrency_opt ..................   Passed    0.45 sec
    Start 1630: testConcurrency_opt
    Test #1630: testConcurrency_opt ..................   Passed    0.45 sec
    Start 1630: testConcurrency_opt
    Test #1630: testConcurrency_opt ..................   Passed    0.45 sec
    Start 1630: testConcurrency_opt
    Test #1630: testConcurrency_opt ..................   Passed    0.45 sec
    Start 1630: testConcurrency_opt
    Test #1629: testConcurrency_noopt ................   Passed    1.98 sec
    Start 1629: testConcurrency_noopt
    Test #1630: testConcurrency_opt ..................   Passed    0.45 sec
    Start 1630: testConcurrency_opt
    Test #1630: testConcurrency_opt ..................   Passed    0.45 sec
    Start 1630: testConcurrency_opt
    Test #1630: testConcurrency_opt ..................   Passed    0.45 sec
    Start 1630: testConcurrency_opt
    Test #1630: testConcurrency_opt ..................   Passed    0.44 sec
    Start 1630: testConcurrency_opt
    Test #1629: testConcurrency_noopt ................   Passed    1.97 sec
    Start 1629: testConcurrency_noopt
    Test #1630: testConcurrency_opt ..................   Passed    0.44 sec
    Start 1630: testConcurrency_opt
    Test #1630: testConcurrency_opt ..................   Passed    0.45 sec
    Start 1630: testConcurrency_opt
    Test #1630: testConcurrency_opt ..................   Passed    0.44 sec
    Start 1630: testConcurrency_opt
    Test #1630: testConcurrency_opt ..................   Passed    0.44 sec
    Start 1630: testConcurrency_opt
    Test #1630: testConcurrency_opt ..................   Passed    0.44 sec
    Start 1630: testConcurrency_opt
    Test #1629: testConcurrency_noopt ................   Passed    1.97 sec
    Start 1629: testConcurrency_noopt
    Test #1630: testConcurrency_opt ..................   Passed    0.44 sec
    Start 1630: testConcurrency_opt
    Test #1630: testConcurrency_opt ..................   Passed    0.45 sec
    Start 1630: testConcurrency_opt
    Test #1630: testConcurrency_opt ..................   Passed    0.45 sec
    Start 1630: testConcurrency_opt
    Test #1630: testConcurrency_opt ..................   Passed    0.44 sec
    Start 1630: testConcurrency_opt
    Test #1629: testConcurrency_noopt ................   Passed    1.97 sec
    Start 1629: testConcurrency_noopt
    Test #1630: testConcurrency_opt ..................   Passed    0.45 sec
    Start 1630: testConcurrency_opt
    Test #1630: testConcurrency_opt ..................   Passed    0.44 sec
    Start 1630: testConcurrency_opt
    Test #1630: testConcurrency_opt ..................   Passed    0.44 sec
    Start 1630: testConcurrency_opt
    Test #1630: testConcurrency_opt ..................   Passed    0.44 sec
    Start 1630: testConcurrency_opt
    Test #1630: testConcurrency_opt ..................   Passed    0.45 sec
    Start 1630: testConcurrency_opt
    Test #1629: testConcurrency_noopt ................   Passed    1.98 sec
    Start 1629: testConcurrency_noopt
    Test #1630: testConcurrency_opt ..................   Passed    0.45 sec
    Start 1630: testConcurrency_opt
    Test #1630: testConcurrency_opt ..................   Passed    0.45 sec
    Start 1630: testConcurrency_opt
    Test #1630: testConcurrency_opt ..................   Passed    0.45 sec
    Start 1630: testConcurrency_opt
    Test #1630: testConcurrency_opt ..................   Passed    0.47 sec
    Start 1630: testConcurrency_opt
    Test #1629: testConcurrency_noopt ................   Passed    1.98 sec
    Start 1629: testConcurrency_noopt
    Test #1630: testConcurrency_opt ..................   Passed    0.45 sec
    Start 1630: testConcurrency_opt
    Test #1630: testConcurrency_opt ..................   Passed    0.45 sec
    Start 1630: testConcurrency_opt
    Test #1630: testConcurrency_opt ..................   Passed    0.45 sec
    Start 1630: testConcurrency_opt
    Test #1630: testConcurrency_opt ..................   Passed    0.45 sec
    Start 1630: testConcurrency_opt
    Test #1629: testConcurrency_noopt ................   Passed    1.98 sec
    Start 1629: testConcurrency_noopt
    Test #1630: testConcurrency_opt ..................   Passed    0.45 sec
    Start 1630: testConcurrency_opt
    Test #1630: testConcurrency_opt ..................   Passed    0.45 sec
    Start 1630: testConcurrency_opt
    Test #1630: testConcurrency_opt ..................   Passed    0.44 sec
    Start 1630: testConcurrency_opt
    Test #1630: testConcurrency_opt ..................   Passed    0.44 sec
    Start 1630: testConcurrency_opt
    Test #1630: testConcurrency_opt ..................   Passed    0.44 sec
    Start 1630: testConcurrency_opt
    Test #1629: testConcurrency_noopt ................   Passed    1.98 sec
    Start 1629: testConcurrency_noopt
    Test #1630: testConcurrency_opt ..................   Passed    0.45 sec
    Start 1630: testConcurrency_opt
    Test #1630: testConcurrency_opt ..................   Passed    0.45 sec
    Start 1630: testConcurrency_opt
    Test #1630: testConcurrency_opt ..................   Passed    0.46 sec
    Start 1630: testConcurrency_opt
    Test #1630: testConcurrency_opt ..................   Passed    0.45 sec
    Start 1630: testConcurrency_opt
    Test #1629: testConcurrency_noopt ................   Passed    1.99 sec
    Start 1629: testConcurrency_noopt
    Test #1630: testConcurrency_opt ..................   Passed    0.45 sec
    Start 1630: testConcurrency_opt
    Test #1630: testConcurrency_opt ..................   Passed    0.45 sec
    Start 1630: testConcurrency_opt
    Test #1630: testConcurrency_opt ..................   Passed    0.45 sec
    Start 1630: testConcurrency_opt
    Test #1630: testConcurrency_opt ..................   Passed    0.45 sec
    Start 1630: testConcurrency_opt
    Test #1630: testConcurrency_opt ..................   Passed    0.45 sec
    Start 1630: testConcurrency_opt
    Test #1629: testConcurrency_noopt ................   Passed    2.01 sec
    Start 1629: testConcurrency_noopt
    Test #1630: testConcurrency_opt ..................   Passed    0.45 sec
    Start 1630: testConcurrency_opt
    Test #1630: testConcurrency_opt ..................   Passed    0.46 sec
    Start 1630: testConcurrency_opt
    Test #1630: testConcurrency_opt ..................   Passed    0.45 sec
    Start 1630: testConcurrency_opt
    Test #1630: testConcurrency_opt ..................   Passed    0.45 sec
    Start 1630: testConcurrency_opt
    Test #1629: testConcurrency_noopt ................   Passed    1.99 sec
    Start 1629: testConcurrency_noopt
    Test #1630: testConcurrency_opt ..................   Passed    0.44 sec
    Start 1630: testConcurrency_opt
    Test #1630: testConcurrency_opt ..................   Passed    0.45 sec
    Start 1630: testConcurrency_opt
    Test #1630: testConcurrency_opt ..................   Passed    0.45 sec
    Start 1630: testConcurrency_opt
    Test #1630: testConcurrency_opt ..................   Passed    0.45 sec
    Start 1630: testConcurrency_opt
    Test #1629: testConcurrency_noopt ................   Passed    1.99 sec
    Start 1629: testConcurrency_noopt
    Test #1630: testConcurrency_opt ..................   Passed    0.45 sec
    Start 1630: testConcurrency_opt
    Test #1630: testConcurrency_opt ..................   Passed    0.45 sec
    Start 1630: testConcurrency_opt
    Test #1630: testConcurrency_opt ..................   Passed    0.45 sec
    Start 1630: testConcurrency_opt
    Test #1630: testConcurrency_opt ..................   Passed    0.46 sec
    Start 1630: testConcurrency_opt
    Test #1630: testConcurrency_opt ..................   Passed    0.45 sec
    Start 1630: testConcurrency_opt
    Test #1629: testConcurrency_noopt ................   Passed    1.98 sec
    Start 1629: testConcurrency_noopt
    Test #1630: testConcurrency_opt ..................   Passed    0.46 sec
    Start 1630: testConcurrency_opt
    Test #1630: testConcurrency_opt ..................   Passed    0.45 sec
    Start 1630: testConcurrency_opt
    Test #1630: testConcurrency_opt ..................   Passed    0.46 sec
    Start 1630: testConcurrency_opt
    Test #1630: testConcurrency_opt ..................   Passed    0.46 sec
    Start 1630: testConcurrency_opt
    Test #1629: testConcurrency_noopt ................   Passed    2.02 sec
    Start 1629: testConcurrency_noopt
    Test #1630: testConcurrency_opt ..................   Passed    0.47 sec
    Start 1630: testConcurrency_opt
    Test #1630: testConcurrency_opt ..................   Passed    0.45 sec
    Start 1630: testConcurrency_opt
    Test #1630: testConcurrency_opt ..................   Passed    0.45 sec
    Start 1630: testConcurrency_opt
    Test #1630: testConcurrency_opt ..................   Passed    0.45 sec
    Start 1630: testConcurrency_opt
    Test #1630: testConcurrency_opt ..................   Passed    0.46 sec
    Start 1630: testConcurrency_opt
    Test #1629: testConcurrency_noopt ................   Passed    2.00 sec
    Start 1629: testConcurrency_noopt
    Test #1630: testConcurrency_opt ..................   Passed    0.46 sec
    Start 1630: testConcurrency_opt
    Test #1630: testConcurrency_opt ..................   Passed    0.47 sec
    Start 1630: testConcurrency_opt
    Test #1630: testConcurrency_opt ..................   Passed    0.46 sec
    Start 1630: testConcurrency_opt
    Test #1630: testConcurrency_opt ..................   Passed    0.46 sec
    Start 1630: testConcurrency_opt
    Test #1629: testConcurrency_noopt ................   Passed    2.02 sec
    Start 1629: testConcurrency_noopt
    Test #1630: testConcurrency_opt ..................   Passed    0.47 sec
    Start 1630: testConcurrency_opt
    Test #1630: testConcurrency_opt ..................   Passed    0.45 sec
    Start 1630: testConcurrency_opt
    Test #1630: testConcurrency_opt ..................   Passed    0.46 sec
    Start 1630: testConcurrency_opt
    Test #1630: testConcurrency_opt ..................   Passed    0.47 sec
    Start 1630: testConcurrency_opt
    Test #1629: testConcurrency_noopt ................   Passed    2.03 sec
    Start 1629: testConcurrency_noopt
    Test #1630: testConcurrency_opt ..................   Passed    0.46 sec
    Start 1630: testConcurrency_opt
    Test #1630: testConcurrency_opt ..................   Passed    0.46 sec
    Start 1630: testConcurrency_opt
    Test #1630: testConcurrency_opt ..................   Passed    0.44 sec
    Start 1630: testConcurrency_opt
    Test #1630: testConcurrency_opt ..................   Passed    0.45 sec
    Start 1630: testConcurrency_opt
    Test #1630: testConcurrency_opt ..................   Passed    0.46 sec
    Start 1630: testConcurrency_opt
    Test #1629: testConcurrency_noopt ................   Passed    2.01 sec
    Start 1629: testConcurrency_noopt
    Test #1630: testConcurrency_opt ..................   Passed    0.46 sec
    Start 1630: testConcurrency_opt
    Test #1630: testConcurrency_opt ..................   Passed    0.46 sec
    Start 1630: testConcurrency_opt
    Test #1630: testConcurrency_opt ..................   Passed    0.47 sec
    Start 1630: testConcurrency_opt
    Test #1630: testConcurrency_opt ..................   Passed    0.47 sec
    Start 1630: testConcurrency_opt
    Test #1629: testConcurrency_noopt ................   Passed    2.03 sec
    Start 1629: testConcurrency_noopt
    Test #1630: testConcurrency_opt ..................   Passed    0.46 sec
    Start 1630: testConcurrency_opt
    Test #1630: testConcurrency_opt ..................   Passed    0.47 sec
    Start 1630: testConcurrency_opt
    Test #1630: testConcurrency_opt ..................   Passed    0.46 sec
    Start 1630: testConcurrency_opt
    Test #1630: testConcurrency_opt ..................   Passed    0.45 sec
    Start 1630: testConcurrency_opt
    Test #1630: testConcurrency_opt ..................   Passed    0.47 sec
    Start 1630: testConcurrency_opt
    Test #1629: testConcurrency_noopt ................   Passed    2.01 sec
    Start 1629: testConcurrency_noopt
    Test #1630: testConcurrency_opt ..................   Passed    0.45 sec
    Start 1630: testConcurrency_opt
    Test #1630: testConcurrency_opt ..................   Passed    0.45 sec
    Start 1630: testConcurrency_opt
5/6 Test #1630: testConcurrency_opt ..................   Passed    0.46 sec
    Test #1629: testConcurrency_noopt ................   Passed    2.00 sec
    Start 1629: testConcurrency_noopt
    Test #1629: testConcurrency_noopt ................   Passed    1.94 sec
    Start 1629: testConcurrency_noopt
    Test #1629: testConcurrency_noopt ................   Passed    1.94 sec
    Start 1629: testConcurrency_noopt
    Test #1629: testConcurrency_noopt ................   Passed    1.94 sec
    Start 1629: testConcurrency_noopt
    Test #1629: testConcurrency_noopt ................   Passed    1.94 sec
    Start 1629: testConcurrency_noopt
    Test #1629: testConcurrency_noopt ................   Passed    1.94 sec
    Start 1629: testConcurrency_noopt
    Test #1629: testConcurrency_noopt ................   Passed    1.94 sec
    Start 1629: testConcurrency_noopt
    Test #1629: testConcurrency_noopt ................   Passed    1.95 sec
    Start 1629: testConcurrency_noopt
    Test #1629: testConcurrency_noopt ................   Passed    1.94 sec
    Start 1629: testConcurrency_noopt
    Test #1629: testConcurrency_noopt ................   Passed    1.94 sec
    Start 1629: testConcurrency_noopt
    Test #1629: testConcurrency_noopt ................   Passed    1.94 sec
    Start 1629: testConcurrency_noopt
    Test #1629: testConcurrency_noopt ................   Passed    1.95 sec
    Start 1629: testConcurrency_noopt
    Test #1629: testConcurrency_noopt ................   Passed    1.94 sec
    Start 1629: testConcurrency_noopt
    Test #1629: testConcurrency_noopt ................   Passed    1.94 sec
    Start 1629: testConcurrency_noopt
    Test #1629: testConcurrency_noopt ................   Passed    1.94 sec
    Start 1629: testConcurrency_noopt
    Test #1629: testConcurrency_noopt ................   Passed    1.94 sec
    Start 1629: testConcurrency_noopt
    Test #1629: testConcurrency_noopt ................   Passed    1.94 sec
    Start 1629: testConcurrency_noopt
    Test #1629: testConcurrency_noopt ................   Passed    1.94 sec
    Start 1629: testConcurrency_noopt
    Test #1629: testConcurrency_noopt ................   Passed    1.94 sec
    Start 1629: testConcurrency_noopt
    Test #1629: testConcurrency_noopt ................   Passed    1.94 sec
    Start 1629: testConcurrency_noopt
    Test #1629: testConcurrency_noopt ................   Passed    1.94 sec
    Start 1629: testConcurrency_noopt
    Test #1629: testConcurrency_noopt ................   Passed    1.94 sec
    Start 1629: testConcurrency_noopt
    Test #1629: testConcurrency_noopt ................   Passed    1.94 sec
    Start 1629: testConcurrency_noopt
    Test #1629: testConcurrency_noopt ................   Passed    1.94 sec
    Start 1629: testConcurrency_noopt
    Test #1629: testConcurrency_noopt ................   Passed    1.94 sec
    Start 1629: testConcurrency_noopt
    Test #1629: testConcurrency_noopt ................   Passed    1.94 sec
    Start 1629: testConcurrency_noopt
    Test #1629: testConcurrency_noopt ................   Passed    1.94 sec
    Start 1629: testConcurrency_noopt
    Test #1629: testConcurrency_noopt ................   Passed    1.94 sec
    Start 1629: testConcurrency_noopt
    Test #1629: testConcurrency_noopt ................   Passed    1.94 sec
    Start 1629: testConcurrency_noopt
    Test #1629: testConcurrency_noopt ................   Passed    1.94 sec
    Start 1629: testConcurrency_noopt
    Test #1629: testConcurrency_noopt ................   Passed    1.94 sec
    Start 1629: testConcurrency_noopt
    Test #1629: testConcurrency_noopt ................   Passed    1.94 sec
    Start 1629: testConcurrency_noopt
    Test #1629: testConcurrency_noopt ................   Passed    1.94 sec
    Start 1629: testConcurrency_noopt
    Test #1629: testConcurrency_noopt ................   Passed    1.94 sec
    Start 1629: testConcurrency_noopt
    Test #1629: testConcurrency_noopt ................   Passed    1.94 sec
    Start 1629: testConcurrency_noopt
    Test #1629: testConcurrency_noopt ................   Passed    1.93 sec
    Start 1629: testConcurrency_noopt
    Test #1629: testConcurrency_noopt ................   Passed    1.93 sec
    Start 1629: testConcurrency_noopt
    Test #1629: testConcurrency_noopt ................   Passed    1.93 sec
    Start 1629: testConcurrency_noopt
    Test #1629: testConcurrency_noopt ................   Passed    1.93 sec
    Start 1629: testConcurrency_noopt
    Test #1629: testConcurrency_noopt ................   Passed    1.93 sec
    Start 1629: testConcurrency_noopt
    Test #1629: testConcurrency_noopt ................   Passed    1.94 sec
    Start 1629: testConcurrency_noopt
    Test #1629: testConcurrency_noopt ................   Passed    1.94 sec
    Start 1629: testConcurrency_noopt
    Test #1629: testConcurrency_noopt ................   Passed    1.94 sec
    Start 1629: testConcurrency_noopt
    Test #1629: testConcurrency_noopt ................   Passed    1.94 sec
    Start 1629: testConcurrency_noopt
    Test #1629: testConcurrency_noopt ................   Passed    1.94 sec
    Start 1629: testConcurrency_noopt
    Test #1629: testConcurrency_noopt ................   Passed    1.94 sec
    Start 1629: testConcurrency_noopt
    Test #1629: testConcurrency_noopt ................   Passed    1.94 sec
    Start 1629: testConcurrency_noopt
    Test #1629: testConcurrency_noopt ................   Passed    1.94 sec
    Start 1629: testConcurrency_noopt
    Test #1629: testConcurrency_noopt ................   Passed    1.94 sec
    Start 1629: testConcurrency_noopt
    Test #1629: testConcurrency_noopt ................   Passed    1.94 sec
    Start 1629: testConcurrency_noopt
    Test #1629: testConcurrency_noopt ................   Passed    1.94 sec
    Start 1629: testConcurrency_noopt
    Test #1629: testConcurrency_noopt ................   Passed    1.94 sec
    Start 1629: testConcurrency_noopt
    Test #1629: testConcurrency_noopt ................   Passed    1.94 sec
    Start 1629: testConcurrency_noopt
    Test #1629: testConcurrency_noopt ................   Passed    1.93 sec
    Start 1629: testConcurrency_noopt
    Test #1629: testConcurrency_noopt ................   Passed    1.93 sec
    Start 1629: testConcurrency_noopt
    Test #1629: testConcurrency_noopt ................   Passed    1.93 sec
    Start 1629: testConcurrency_noopt
    Test #1629: testConcurrency_noopt ................   Passed    1.93 sec
    Start 1629: testConcurrency_noopt
    Test #1629: testConcurrency_noopt ................   Passed    1.94 sec
    Start 1629: testConcurrency_noopt
    Test #1629: testConcurrency_noopt ................   Passed    1.94 sec
    Start 1629: testConcurrency_noopt
    Test #1629: testConcurrency_noopt ................   Passed    1.94 sec
    Start 1629: testConcurrency_noopt
    Test #1629: testConcurrency_noopt ................   Passed    1.94 sec
    Start 1629: testConcurrency_noopt
    Test #1629: testConcurrency_noopt ................   Passed    1.94 sec
    Start 1629: testConcurrency_noopt
    Test #1629: testConcurrency_noopt ................   Passed    1.93 sec
    Start 1629: testConcurrency_noopt
    Test #1629: testConcurrency_noopt ................   Passed    1.93 sec
    Start 1629: testConcurrency_noopt
    Test #1629: testConcurrency_noopt ................   Passed    1.93 sec
    Start 1629: testConcurrency_noopt
    Test #1629: testConcurrency_noopt ................   Passed    1.93 sec
    Start 1629: testConcurrency_noopt
    Test #1629: testConcurrency_noopt ................   Passed    1.93 sec
    Start 1629: testConcurrency_noopt
    Test #1629: testConcurrency_noopt ................   Passed    1.93 sec
    Start 1629: testConcurrency_noopt
    Test #1629: testConcurrency_noopt ................   Passed    1.93 sec
    Start 1629: testConcurrency_noopt
    Test #1629: testConcurrency_noopt ................   Passed    1.93 sec
    Start 1629: testConcurrency_noopt
    Test #1629: testConcurrency_noopt ................   Passed    1.93 sec
    Start 1629: testConcurrency_noopt
    Test #1629: testConcurrency_noopt ................   Passed    1.93 sec
    Start 1629: testConcurrency_noopt
    Test #1629: testConcurrency_noopt ................   Passed    1.93 sec
    Start 1629: testConcurrency_noopt
    Test #1629: testConcurrency_noopt ................   Passed    1.93 sec
    Start 1629: testConcurrency_noopt
    Test #1629: testConcurrency_noopt ................   Passed    1.93 sec
    Start 1629: testConcurrency_noopt
    Test #1629: testConcurrency_noopt ................   Passed    1.94 sec
    Start 1629: testConcurrency_noopt
    Test #1629: testConcurrency_noopt ................   Passed    1.94 sec
    Start 1629: testConcurrency_noopt
6/6 Test #1629: testConcurrency_noopt ................   Passed    1.93 sec

100% tests passed, 0 tests failed out of 6

Label Time Summary:
channels             =   0.07 sec*proc (3 tests)
f1c                  =   0.07 sec*proc (3 tests)
gate-f               =   0.07 sec*proc (3 tests)
interpreter          =   0.07 sec*proc (3 tests)
lifecycle            =   0.07 sec*proc (2 tests)
linked_opt           =   0.46 sec*proc (1 test)
perf3                =   0.07 sec*proc (3 tests)
provider-registry    =   0.00 sec*proc (1 test)

Total Test time (real) = 202.74 sec
