[0/2] Re-checking globbed directories...
[1/2] Re-running CMake...
-- CMake Version: 4.3.2
-- CREXX Version: crexx-1.0.0-beta.3+local.ge0e67ad3e89e.dirty
-- CREXX Build Channel: local
-- CREXX Build Timestamp: 20260906T100326Z
-- CREXX Build Commit: e0e67ad3e89e
-- CMake Generator: Ninja
-- cREXX build resources: profile=developer-fast, vm-compile=4, native-link=6, backend=Ninja pools
-- Using local DSL-Syntax-Highlighter at /Users/adrian/CLionProjects/crexx-scaling-20260906.1lT795/dsl-syntax-frozen
-- C compiler flags: 
-- C++ compiler flags:  -W -Wall -Wextra -Weffc++ -pedantic -Wformat=2 -Wredundant-decls -Wconversion -Wsign-conversion -Werror=return-type -Weverything -Wno-unknown-warning-option -Wno-reserved-id-macro -Wno-padded -Wno-nested-anon-types -Wno-reserved-identifier -Wno-shadow-field-in-constructor -Wno-undefined-func-template -Wno-c++98-compat -Wno-c++98-compat-pedantic -Wno-unsafe-pointer-arithmetic -Wno-unsafe-buffer-usage -Wno-exit-time-destructors -Wno-switch-enum -fdiagnostics-color=always 
-- Linker flags for executables: 
-- Linker flags for shared libs: 
-- Debug C compiler flags: -g
-- Debug C++ compiler flags: -g
-- Debug linker flags for executables: 
-- Debug linker flags for shared libs: 
-- cREXX VM handler panel: profile-20
-- cREXX VM core socket TLS backend: NETWORK
-- cREXX product VM: rxvm -> rxbvm (AppleClang)
-- Legacy OpenSSL socket plugin is disabled; use VM core sockets/rxsocket instead.
-- GTK Gui support is disabled, skipping subdirectory.
-- ODBC support is disabled; building the mock-driver qualification target only.
-- Configuring done (1.0s)
-- Generating done (1.1s)
-- Build files have been written to: /Users/adrian/CLionProjects/crexx-scaling-20260906.1lT795/build-debug
[0/4] Re-checking globbed directories...
[1/61] Building C object tests/performance/CMakeFiles/_crexxrag_sha256_gate.dir/crexxrag_sha256_gate_plugin.c.o
[2/61] Building C object tests/performance/CMakeFiles/_rcc5f_stats_boxed.dir/rcc5f_stats_boxed.c.o
[3/61] Building C object tests/performance/CMakeFiles/rcc5f_stats_kernel.dir/__/__/lib/plugins/stats/rxstats.c.o
[4/61] Building C object tests/performance/CMakeFiles/rxvector01_kernel.dir/__/__/lib/plugins/vector/rxvector.c.o
[5/61] Building C object tests/performance/CMakeFiles/_rcc5f_stats_direct.dir/rcc5f_stats_direct.c.o
[6/61] Building C object tests/performance/CMakeFiles/_rxvector01_direct.dir/rxvector01_direct.c.o
[7/61] Linking C static library tests/performance/librcc5f_stats_kernel.a
[8/61] Linking C static library tests/performance/librxvector01_kernel.a
[9/61] Linking C shared module tests/performance/rx_crexxrag_sha256_gate.rxplugin
[10/61] Linking C shared module tests/performance/rx_rcc5f_stats_boxed.rxplugin
[11/61] Linking C shared module tests/performance/rx_rcc5f_stats_direct.rxplugin
[12/61] Linking C shared module tests/performance/rx_rxvector01_direct.rxplugin
[13/61] Generating inlining_simple_noopt.rxbin
[14/61] Generating inlining_simple_opt.rxbin
[15/61] Generating reference_iterator_compare_rxvm_noopt.rxbin
[16/61] Generating crexxrag_sha256_a_vs_d_noopt.rxbin
Warning in crexxrag_sha256_a_vs_d.crexx @ 62:8 - #NOT_IN_SAME_SCOPE: Implicit use creates a separate binding; the earlier same-named binding is at line 45, column 8. Declare this binding explicitly if intentional., "word_index"
Warning in crexxrag_sha256_a_vs_d.crexx @ 108:5 - #NOT_IN_SAME_SCOPE: Implicit use creates a separate binding; the earlier same-named binding is at line 46, column 7. Declare this binding explicitly if intentional., "value"
Warning in crexxrag_sha256_a_vs_d.crexx @ 245:35 - #NOT_IN_SAME_SCOPE: Implicit use creates a separate binding; the earlier same-named binding is at line 242, column 28. Declare this binding explicitly if intentional., "iteration"
Warning in crexxrag_sha256_a_vs_d.crexx @ 248:11 - #NOT_IN_SAME_SCOPE: Implicit use creates a separate binding; the earlier same-named binding is at line 242, column 28. Declare this binding explicitly if intentional., "iteration"
4 warning(s) in source file
[17/61] Generating reference_iterator_compare_rxvm_opt.rxbin
[18/61] Generating crexxrag_sha256_a_vs_d_opt.rxbin
Warning in crexxrag_sha256_a_vs_d.crexx @ 62:8 - #NOT_IN_SAME_SCOPE: Implicit use creates a separate binding; the earlier same-named binding is at line 45, column 8. Declare this binding explicitly if intentional., "word_index"
Warning in crexxrag_sha256_a_vs_d.crexx @ 108:5 - #NOT_IN_SAME_SCOPE: Implicit use creates a separate binding; the earlier same-named binding is at line 46, column 7. Declare this binding explicitly if intentional., "value"
Warning in crexxrag_sha256_a_vs_d.crexx @ 245:35 - #NOT_IN_SAME_SCOPE: Implicit use creates a separate binding; the earlier same-named binding is at line 242, column 28. Declare this binding explicitly if intentional., "iteration"
Warning in crexxrag_sha256_a_vs_d.crexx @ 248:11 - #NOT_IN_SAME_SCOPE: Implicit use creates a separate binding; the earlier same-named binding is at line 242, column 28. Declare this binding explicitly if intentional., "iteration"
4 warning(s) in source file
[19/61] Generating stringarraylist_iterator_compare_rxvm_noopt.rxbin
[20/61] Generating stringarraylist_iterator_compare_rxvm_opt.rxbin
[21/61] Generating stringtreemap_insert_compare_noopt.rxbin
[22/61] Generating stringtreemap_insert_compare_opt.rxbin
[23/61] Generating binary_fastpath_compare_noopt.rxbin
[24/61] Generating binary_byvalue_compare_rxvm_noopt.rxbin
[25/61] Generating binary_fastpath_compare_opt.rxbin
[26/61] Generating binary_byvalue_compare_rxvm_opt.rxbin
[27/61] Generating rxjson_parser_compare_noopt.rxbin
[28/61] Generating rxjson_parser_compare_opt.rxbin
[29/61] Generating rxjson_numeric_materialization_compare_noopt.rxbin
[30/61] Generating postperf04_scalar_access_compare_noopt.rxbin
[31/61] Generating binary_packed_float_compare_noopt.rxbin
[32/61] Generating packed_numeric_class_compare_noopt.rxbin
Warning in packed_numeric_class_compare.crexx @ 63:8 - #NOT_IN_SAME_SCOPE: Implicit use creates a separate binding; the earlier same-named binding is at line 57, column 6. Declare this binding explicitly if intentional., "index"
Warning in packed_numeric_class_compare.crexx @ 125:8 - #NOT_IN_SAME_SCOPE: Implicit use creates a separate binding; the earlier same-named binding is at line 119, column 6. Declare this binding explicitly if intentional., "index"
Warning in packed_numeric_class_compare.crexx @ 143:8 - #NOT_IN_SAME_SCOPE: Implicit use creates a separate binding; the earlier same-named binding is at line 137, column 6. Declare this binding explicitly if intentional., "index"
3 warning(s) in source file
[33/61] Generating binary_packed_float_compare_opt.rxbin
[34/61] Generating packed_numeric_class_compare_opt.rxbin
Warning in packed_numeric_class_compare.crexx @ 63:8 - #NOT_IN_SAME_SCOPE: Implicit use creates a separate binding; the earlier same-named binding is at line 57, column 6. Declare this binding explicitly if intentional., "index"
Warning in packed_numeric_class_compare.crexx @ 125:8 - #NOT_IN_SAME_SCOPE: Implicit use creates a separate binding; the earlier same-named binding is at line 119, column 6. Declare this binding explicitly if intentional., "index"
Warning in packed_numeric_class_compare.crexx @ 143:8 - #NOT_IN_SAME_SCOPE: Implicit use creates a separate binding; the earlier same-named binding is at line 137, column 6. Declare this binding explicitly if intentional., "index"
3 warning(s) in source file
[35/61] Generating rcc5f_rxstats_packed_noopt.rxbin
[36/61] Generating rxjson_numeric_materialization_compare_opt.rxbin
[37/61] Generating rcc5f_rxstats_packed_opt.rxbin
[38/61] Generating rcc5f_rxstats_boxed_noopt.rxbin
[39/61] Generating rcc5f_rxstats_boxed_opt.rxbin
[40/61] Generating rcc5f_rxstats_direct_noopt.rxbin
[41/61] Generating rcc5f_rxstats_direct_opt.rxbin
[42/61] Generating rxvector01_compare_noopt.rxbin
Warning in rxvector01_compare.crexx @ 38:8 - #NOT_IN_SAME_SCOPE: Implicit use creates a separate binding; the earlier same-named binding is at line 28, column 6. Declare this binding explicitly if intentional., "dimension_index"
Warning in rxvector01_compare.crexx @ 40:7 - #NOT_IN_SAME_SCOPE: Implicit use creates a separate binding; the earlier same-named binding is at line 29, column 5. Declare this binding explicitly if intentional., "query_value"
Warning in rxvector01_compare.crexx @ 56:10 - #NOT_IN_SAME_SCOPE: Implicit use creates a separate binding; the earlier same-named binding is at line 47, column 8. Declare this binding explicitly if intentional., "result_index"
Warning in rxvector01_compare.crexx @ 65:6 - #NOT_IN_SAME_SCOPE: Implicit use creates a separate binding; the earlier same-named binding is at line 47, column 8. Declare this binding explicitly if intentional., "result_index"
Warning in rxvector01_compare.crexx @ 117:38 - #NOT_IN_SAME_SCOPE: Implicit use creates a separate binding; the earlier same-named binding is at line 114, column 31. Declare this binding explicitly if intentional., "iteration"
5 warning(s) in source file
[43/61] Generating tinyexpr_dispatch_compare_noopt.rxbin
[44/61] Generating rxvector01_compare_opt.rxbin
Warning in rxvector01_compare.crexx @ 38:8 - #NOT_IN_SAME_SCOPE: Implicit use creates a separate binding; the earlier same-named binding is at line 28, column 6. Declare this binding explicitly if intentional., "dimension_index"
Warning in rxvector01_compare.crexx @ 40:7 - #NOT_IN_SAME_SCOPE: Implicit use creates a separate binding; the earlier same-named binding is at line 29, column 5. Declare this binding explicitly if intentional., "query_value"
Warning in rxvector01_compare.crexx @ 56:10 - #NOT_IN_SAME_SCOPE: Implicit use creates a separate binding; the earlier same-named binding is at line 47, column 8. Declare this binding explicitly if intentional., "result_index"
Warning in rxvector01_compare.crexx @ 65:6 - #NOT_IN_SAME_SCOPE: Implicit use creates a separate binding; the earlier same-named binding is at line 47, column 8. Declare this binding explicitly if intentional., "result_index"
Warning in rxvector01_compare.crexx @ 117:38 - #NOT_IN_SAME_SCOPE: Implicit use creates a separate binding; the earlier same-named binding is at line 114, column 31. Declare this binding explicitly if intentional., "iteration"
5 warning(s) in source file
[45/61] Generating tinyexpr_dispatch_compare_opt.rxbin
[46/61] Generating postperf04_scalar_access_compare_opt.rxbin
[47/61] Generating jump_dispatch_compare_noopt.rxbin
[48/61] Generating runtime_interface_lookup_compare_noopt.rxbin
[49/61] Generating jump_dispatch_compare_opt.rxbin
[50/61] Generating runtime_interface_lookup_compare_opt.rxbin
[51/61] Generating inlining_complex_noopt.rxbin
[52/61] Generating inlining_complex_opt.rxbin
[53/61] Generating nr15_stem_semantics_rxvm_noopt.rxbin
Warning in nr15_stem_semantics.crexx @ 93:4 - #NOT_IN_SAME_SCOPE: Implicit use creates a separate binding; the earlier same-named binding is at line 89, column 4. Declare this binding explicitly if intentional., "i"
1 warning(s) in source file
[54/61] Generating nr15_stem_access_rxvm_noopt.rxbin
Warning in nr15_stem_access_compare.crexx @ 31:8 - #NOT_IN_SAME_SCOPE: Implicit use creates a separate binding; the earlier same-named binding is at line 21, column 4. Declare this binding explicitly if intentional., "i"
Warning in nr15_stem_access_compare.crexx @ 38:8 - #NOT_IN_SAME_SCOPE: Implicit use creates a separate binding; the earlier same-named binding is at line 21, column 4. Declare this binding explicitly if intentional., "i"
Warning in nr15_stem_access_compare.crexx @ 43:8 - #NOT_IN_SAME_SCOPE: Implicit use creates a separate binding; the earlier same-named binding is at line 21, column 4. Declare this binding explicitly if intentional., "i"
Warning in nr15_stem_access_compare.crexx @ 44:7 - #NOT_IN_SAME_SCOPE: Implicit use creates a separate binding; the earlier same-named binding is at line 32, column 7. Declare this binding explicitly if intentional., "index"
Warning in nr15_stem_access_compare.crexx @ 50:8 - #NOT_IN_SAME_SCOPE: Implicit use creates a separate binding; the earlier same-named binding is at line 21, column 4. Declare this binding explicitly if intentional., "i"
Warning in nr15_stem_access_compare.crexx @ 51:7 - #NOT_IN_SAME_SCOPE: Implicit use creates a separate binding; the earlier same-named binding is at line 32, column 7. Declare this binding explicitly if intentional., "index"
Warning in nr15_stem_access_compare.crexx @ 56:8 - #NOT_IN_SAME_SCOPE: Implicit use creates a separate binding; the earlier same-named binding is at line 21, column 4. Declare this binding explicitly if intentional., "i"
Warning in nr15_stem_access_compare.crexx @ 57:7 - #NOT_IN_SAME_SCOPE: Implicit use creates a separate binding; the earlier same-named binding is at line 32, column 7. Declare this binding explicitly if intentional., "index"
Warning in nr15_stem_access_compare.crexx @ 63:8 - #NOT_IN_SAME_SCOPE: Implicit use creates a separate binding; the earlier same-named binding is at line 21, column 4. Declare this binding explicitly if intentional., "i"
Warning in nr15_stem_access_compare.crexx @ 64:7 - #NOT_IN_SAME_SCOPE: Implicit use creates a separate binding; the earlier same-named binding is at line 45, column 7. Declare this binding explicitly if intentional., "key"
Warning in nr15_stem_access_compare.crexx @ 70:8 - #NOT_IN_SAME_SCOPE: Implicit use creates a separate binding; the earlier same-named binding is at line 21, column 4. Declare this binding explicitly if intentional., "i"
Warning in nr15_stem_access_compare.crexx @ 76:8 - #NOT_IN_SAME_SCOPE: Implicit use creates a separate binding; the earlier same-named binding is at line 21, column 4. Declare this binding explicitly if intentional., "i"
Warning in nr15_stem_access_compare.crexx @ 77:7 - #NOT_IN_SAME_SCOPE: Implicit use creates a separate binding; the earlier same-named binding is at line 32, column 7. Declare this binding explicitly if intentional., "index"
Warning in nr15_stem_access_compare.crexx @ 85:8 - #NOT_IN_SAME_SCOPE: Implicit use creates a separate binding; the earlier same-named binding is at line 21, column 4. Declare this binding explicitly if intentional., "i"
Warning in nr15_stem_access_compare.crexx @ 90:8 - #NOT_IN_SAME_SCOPE: Implicit use creates a separate binding; the earlier same-named binding is at line 21, column 4. Declare this binding explicitly if intentional., "i"
Warning in nr15_stem_access_compare.crexx @ 91:7 - #NOT_IN_SAME_SCOPE: Implicit use creates a separate binding; the earlier same-named binding is at line 32, column 7. Declare this binding explicitly if intentional., "index"
Warning in nr15_stem_access_compare.crexx @ 92:7 - #NOT_IN_SAME_SCOPE: Implicit use creates a separate binding; the earlier same-named binding is at line 86, column 7. Declare this binding explicitly if intentional., "left"
Warning in nr15_stem_access_compare.crexx @ 93:7 - #NOT_IN_SAME_SCOPE: Implicit use creates a separate binding; the earlier same-named binding is at line 87, column 7. Declare this binding explicitly if intentional., "right"
Warning in nr15_stem_access_compare.crexx @ 100:8 - #NOT_IN_SAME_SCOPE: Implicit use creates a separate binding; the earlier same-named binding is at line 21, column 4. Declare this binding explicitly if intentional., "i"
19 warning(s) in source file
[55/61] Generating nr15_stem_access_rxvm_opt.rxbin
Warning in nr15_stem_access_compare.crexx @ 31:8 - #NOT_IN_SAME_SCOPE: Implicit use creates a separate binding; the earlier same-named binding is at line 21, column 4. Declare this binding explicitly if intentional., "i"
Warning in nr15_stem_access_compare.crexx @ 38:8 - #NOT_IN_SAME_SCOPE: Implicit use creates a separate binding; the earlier same-named binding is at line 21, column 4. Declare this binding explicitly if intentional., "i"
Warning in nr15_stem_access_compare.crexx @ 43:8 - #NOT_IN_SAME_SCOPE: Implicit use creates a separate binding; the earlier same-named binding is at line 21, column 4. Declare this binding explicitly if intentional., "i"
Warning in nr15_stem_access_compare.crexx @ 44:7 - #NOT_IN_SAME_SCOPE: Implicit use creates a separate binding; the earlier same-named binding is at line 32, column 7. Declare this binding explicitly if intentional., "index"
Warning in nr15_stem_access_compare.crexx @ 50:8 - #NOT_IN_SAME_SCOPE: Implicit use creates a separate binding; the earlier same-named binding is at line 21, column 4. Declare this binding explicitly if intentional., "i"
Warning in nr15_stem_access_compare.crexx @ 51:7 - #NOT_IN_SAME_SCOPE: Implicit use creates a separate binding; the earlier same-named binding is at line 32, column 7. Declare this binding explicitly if intentional., "index"
Warning in nr15_stem_access_compare.crexx @ 56:8 - #NOT_IN_SAME_SCOPE: Implicit use creates a separate binding; the earlier same-named binding is at line 21, column 4. Declare this binding explicitly if intentional., "i"
Warning in nr15_stem_access_compare.crexx @ 57:7 - #NOT_IN_SAME_SCOPE: Implicit use creates a separate binding; the earlier same-named binding is at line 32, column 7. Declare this binding explicitly if intentional., "index"
Warning in nr15_stem_access_compare.crexx @ 63:8 - #NOT_IN_SAME_SCOPE: Implicit use creates a separate binding; the earlier same-named binding is at line 21, column 4. Declare this binding explicitly if intentional., "i"
Warning in nr15_stem_access_compare.crexx @ 64:7 - #NOT_IN_SAME_SCOPE: Implicit use creates a separate binding; the earlier same-named binding is at line 45, column 7. Declare this binding explicitly if intentional., "key"
Warning in nr15_stem_access_compare.crexx @ 70:8 - #NOT_IN_SAME_SCOPE: Implicit use creates a separate binding; the earlier same-named binding is at line 21, column 4. Declare this binding explicitly if intentional., "i"
Warning in nr15_stem_access_compare.crexx @ 76:8 - #NOT_IN_SAME_SCOPE: Implicit use creates a separate binding; the earlier same-named binding is at line 21, column 4. Declare this binding explicitly if intentional., "i"
Warning in nr15_stem_access_compare.crexx @ 77:7 - #NOT_IN_SAME_SCOPE: Implicit use creates a separate binding; the earlier same-named binding is at line 32, column 7. Declare this binding explicitly if intentional., "index"
Warning in nr15_stem_access_compare.crexx @ 85:8 - #NOT_IN_SAME_SCOPE: Implicit use creates a separate binding; the earlier same-named binding is at line 21, column 4. Declare this binding explicitly if intentional., "i"
Warning in nr15_stem_access_compare.crexx @ 90:8 - #NOT_IN_SAME_SCOPE: Implicit use creates a separate binding; the earlier same-named binding is at line 21, column 4. Declare this binding explicitly if intentional., "i"
Warning in nr15_stem_access_compare.crexx @ 91:7 - #NOT_IN_SAME_SCOPE: Implicit use creates a separate binding; the earlier same-named binding is at line 32, column 7. Declare this binding explicitly if intentional., "index"
Warning in nr15_stem_access_compare.crexx @ 92:7 - #NOT_IN_SAME_SCOPE: Implicit use creates a separate binding; the earlier same-named binding is at line 86, column 7. Declare this binding explicitly if intentional., "left"
Warning in nr15_stem_access_compare.crexx @ 93:7 - #NOT_IN_SAME_SCOPE: Implicit use creates a separate binding; the earlier same-named binding is at line 87, column 7. Declare this binding explicitly if intentional., "right"
Warning in nr15_stem_access_compare.crexx @ 100:8 - #NOT_IN_SAME_SCOPE: Implicit use creates a separate binding; the earlier same-named binding is at line 21, column 4. Declare this binding explicitly if intentional., "i"
19 warning(s) in source file
[56/61] Generating nr16_17_stable_state_rxvm_noopt.rxbin
Warning in nr16_17_stable_state_compare.crexx @ 27:8 - #NOT_IN_SAME_SCOPE: Implicit use creates a separate binding; the earlier same-named binding is at line 22, column 8. Declare this binding explicitly if intentional., "i"
Warning in nr16_17_stable_state_compare.crexx @ 33:8 - #NOT_IN_SAME_SCOPE: Implicit use creates a separate binding; the earlier same-named binding is at line 22, column 8. Declare this binding explicitly if intentional., "i"
Warning in nr16_17_stable_state_compare.crexx @ 39:8 - #NOT_IN_SAME_SCOPE: Implicit use creates a separate binding; the earlier same-named binding is at line 22, column 8. Declare this binding explicitly if intentional., "i"
Warning in nr16_17_stable_state_compare.crexx @ 46:8 - #NOT_IN_SAME_SCOPE: Implicit use creates a separate binding; the earlier same-named binding is at line 22, column 8. Declare this binding explicitly if intentional., "i"
Warning in nr16_17_stable_state_compare.crexx @ 52:8 - #NOT_IN_SAME_SCOPE: Implicit use creates a separate binding; the earlier same-named binding is at line 22, column 8. Declare this binding explicitly if intentional., "i"
Warning in nr16_17_stable_state_compare.crexx @ 58:8 - #NOT_IN_SAME_SCOPE: Implicit use creates a separate binding; the earlier same-named binding is at line 22, column 8. Declare this binding explicitly if intentional., "i"
Warning in nr16_17_stable_state_compare.crexx @ 64:8 - #NOT_IN_SAME_SCOPE: Implicit use creates a separate binding; the earlier same-named binding is at line 22, column 8. Declare this binding explicitly if intentional., "i"
Warning in nr16_17_stable_state_compare.crexx @ 70:8 - #NOT_IN_SAME_SCOPE: Implicit use creates a separate binding; the earlier same-named binding is at line 22, column 8. Declare this binding explicitly if intentional., "i"
Warning in nr16_17_stable_state_compare.crexx @ 77:8 - #NOT_IN_SAME_SCOPE: Implicit use creates a separate binding; the earlier same-named binding is at line 22, column 8. Declare this binding explicitly if intentional., "i"
9 warning(s) in source file
[57/61] Generating nr16_17_stable_state_rxvm_opt.rxbin
Warning in nr16_17_stable_state_compare.crexx @ 27:8 - #NOT_IN_SAME_SCOPE: Implicit use creates a separate binding; the earlier same-named binding is at line 22, column 8. Declare this binding explicitly if intentional., "i"
Warning in nr16_17_stable_state_compare.crexx @ 33:8 - #NOT_IN_SAME_SCOPE: Implicit use creates a separate binding; the earlier same-named binding is at line 22, column 8. Declare this binding explicitly if intentional., "i"
Warning in nr16_17_stable_state_compare.crexx @ 39:8 - #NOT_IN_SAME_SCOPE: Implicit use creates a separate binding; the earlier same-named binding is at line 22, column 8. Declare this binding explicitly if intentional., "i"
Warning in nr16_17_stable_state_compare.crexx @ 46:8 - #NOT_IN_SAME_SCOPE: Implicit use creates a separate binding; the earlier same-named binding is at line 22, column 8. Declare this binding explicitly if intentional., "i"
Warning in nr16_17_stable_state_compare.crexx @ 52:8 - #NOT_IN_SAME_SCOPE: Implicit use creates a separate binding; the earlier same-named binding is at line 22, column 8. Declare this binding explicitly if intentional., "i"
Warning in nr16_17_stable_state_compare.crexx @ 58:8 - #NOT_IN_SAME_SCOPE: Implicit use creates a separate binding; the earlier same-named binding is at line 22, column 8. Declare this binding explicitly if intentional., "i"
Warning in nr16_17_stable_state_compare.crexx @ 64:8 - #NOT_IN_SAME_SCOPE: Implicit use creates a separate binding; the earlier same-named binding is at line 22, column 8. Declare this binding explicitly if intentional., "i"
Warning in nr16_17_stable_state_compare.crexx @ 70:8 - #NOT_IN_SAME_SCOPE: Implicit use creates a separate binding; the earlier same-named binding is at line 22, column 8. Declare this binding explicitly if intentional., "i"
Warning in nr16_17_stable_state_compare.crexx @ 77:8 - #NOT_IN_SAME_SCOPE: Implicit use creates a separate binding; the earlier same-named binding is at line 22, column 8. Declare this binding explicitly if intentional., "i"
9 warning(s) in source file
[58/61] Generating nr15_stem_semantics_rxvm_opt.rxbin
Warning in nr15_stem_semantics.crexx @ 93:4 - #NOT_IN_SAME_SCOPE: Implicit use creates a separate binding; the earlier same-named binding is at line 89, column 4. Declare this binding explicitly if intentional., "i"
1 warning(s) in source file
