Test project /Users/adrian/CLionProjects/crexx-scaling-20260906.1lT795/build-release
    Start 362: nr21_fixed_call_contract
    Start 363: nr14_frozen_parse_contract
    Start 364: nr15_native_stem_contract
    Start 365: gate_f_channel_contract
1/4 Test #364: nr15_native_stem_contract ........   Passed    0.35 sec
2/4 Test #365: gate_f_channel_contract ..........   Passed    0.35 sec
3/4 Test #362: nr21_fixed_call_contract .........   Passed    0.95 sec
4/4 Test #363: nr14_frozen_parse_contract .......   Passed    1.59 sec

100% tests passed, 0 tests failed out of 4

Label Time Summary:
channels            =   0.35 sec*proc (1 test)
codegen             =   3.24 sec*proc (4 tests)
compiler            =   3.24 sec*proc (4 tests)
comprehensive       =   3.24 sec*proc (4 tests)
concurrency         =   0.35 sec*proc (1 test)
concurrency-sp02    =   0.35 sec*proc (1 test)
gate-f              =   0.35 sec*proc (1 test)
nr15                =   0.35 sec*proc (1 test)
parse               =   1.59 sec*proc (1 test)
rxas                =   0.35 sec*proc (1 test)
rxbin               =   3.24 sec*proc (4 tests)
stem                =   0.35 sec*proc (1 test)

Total Test time (real) =   1.67 sec
