Test project /tmp/crexx-mthread-linux-clang-debug
    Start 1187: persistent_worker_executor-rxvml
    Test #1187: persistent_worker_executor-rxvml ....   Passed    0.64 sec
    Start 1187: persistent_worker_executor-rxvml
    Test #1187: persistent_worker_executor-rxvml ....   Passed    1.29 sec
    Start 1187: persistent_worker_executor-rxvml
    Test #1187: persistent_worker_executor-rxvml ....   Passed    0.86 sec
    Start 1187: persistent_worker_executor-rxvml
    Test #1187: persistent_worker_executor-rxvml ....   Passed    0.98 sec
    Start 1187: persistent_worker_executor-rxvml
    Test #1187: persistent_worker_executor-rxvml ....   Passed    0.84 sec
    Start 1187: persistent_worker_executor-rxvml
    Test #1187: persistent_worker_executor-rxvml ....   Passed    0.74 sec
    Start 1187: persistent_worker_executor-rxvml
    Test #1187: persistent_worker_executor-rxvml ....   Passed    0.62 sec
    Start 1187: persistent_worker_executor-rxvml
    Test #1187: persistent_worker_executor-rxvml ....   Passed    0.67 sec
    Start 1187: persistent_worker_executor-rxvml
    Test #1187: persistent_worker_executor-rxvml ....   Passed    0.96 sec
    Start 1187: persistent_worker_executor-rxvml
    Test #1187: persistent_worker_executor-rxvml ....   Passed    0.69 sec
    Start 1187: persistent_worker_executor-rxvml
    Test #1187: persistent_worker_executor-rxvml ....   Passed    0.63 sec
    Start 1187: persistent_worker_executor-rxvml
    Test #1187: persistent_worker_executor-rxvml ....   Passed    0.81 sec
    Start 1187: persistent_worker_executor-rxvml
    Test #1187: persistent_worker_executor-rxvml ....   Passed    0.55 sec
    Start 1187: persistent_worker_executor-rxvml
    Test #1187: persistent_worker_executor-rxvml ....   Passed    0.76 sec
    Start 1187: persistent_worker_executor-rxvml
    Test #1187: persistent_worker_executor-rxvml ....   Passed    0.55 sec
    Start 1187: persistent_worker_executor-rxvml
    Test #1187: persistent_worker_executor-rxvml ....   Passed    0.74 sec
    Start 1187: persistent_worker_executor-rxvml
    Test #1187: persistent_worker_executor-rxvml ....   Passed    0.55 sec
    Start 1187: persistent_worker_executor-rxvml
    Test #1187: persistent_worker_executor-rxvml ....   Passed    0.75 sec
    Start 1187: persistent_worker_executor-rxvml
    Test #1187: persistent_worker_executor-rxvml ....   Passed    0.56 sec
    Start 1187: persistent_worker_executor-rxvml
1/3 Test #1187: persistent_worker_executor-rxvml ....   Passed    0.76 sec
    Start 1188: persistent_worker_executor-rxbvml
    Test #1188: persistent_worker_executor-rxbvml ...   Passed    0.86 sec
    Start 1188: persistent_worker_executor-rxbvml
    Test #1188: persistent_worker_executor-rxbvml ...   Passed    0.78 sec
    Start 1188: persistent_worker_executor-rxbvml
    Test #1188: persistent_worker_executor-rxbvml ...   Passed    0.63 sec
    Start 1188: persistent_worker_executor-rxbvml
    Test #1188: persistent_worker_executor-rxbvml ...   Passed    0.65 sec
    Start 1188: persistent_worker_executor-rxbvml
    Test #1188: persistent_worker_executor-rxbvml ...   Passed    0.63 sec
    Start 1188: persistent_worker_executor-rxbvml
    Test #1188: persistent_worker_executor-rxbvml ...   Passed    0.86 sec
    Start 1188: persistent_worker_executor-rxbvml
    Test #1188: persistent_worker_executor-rxbvml ...   Passed    0.84 sec
    Start 1188: persistent_worker_executor-rxbvml
    Test #1188: persistent_worker_executor-rxbvml ...   Passed    0.68 sec
    Start 1188: persistent_worker_executor-rxbvml
    Test #1188: persistent_worker_executor-rxbvml ...   Passed    0.58 sec
    Start 1188: persistent_worker_executor-rxbvml
    Test #1188: persistent_worker_executor-rxbvml ...   Passed    0.92 sec
    Start 1188: persistent_worker_executor-rxbvml
    Test #1188: persistent_worker_executor-rxbvml ...   Passed    0.87 sec
    Start 1188: persistent_worker_executor-rxbvml
    Test #1188: persistent_worker_executor-rxbvml ...   Passed    0.59 sec
    Start 1188: persistent_worker_executor-rxbvml
    Test #1188: persistent_worker_executor-rxbvml ...   Passed    0.65 sec
    Start 1188: persistent_worker_executor-rxbvml
    Test #1188: persistent_worker_executor-rxbvml ...   Passed    0.71 sec
    Start 1188: persistent_worker_executor-rxbvml
    Test #1188: persistent_worker_executor-rxbvml ...   Passed    0.91 sec
    Start 1188: persistent_worker_executor-rxbvml
    Test #1188: persistent_worker_executor-rxbvml ...   Passed    0.87 sec
    Start 1188: persistent_worker_executor-rxbvml
    Test #1188: persistent_worker_executor-rxbvml ...   Passed    0.67 sec
    Start 1188: persistent_worker_executor-rxbvml
    Test #1188: persistent_worker_executor-rxbvml ...   Passed    0.61 sec
    Start 1188: persistent_worker_executor-rxbvml
    Test #1188: persistent_worker_executor-rxbvml ...   Passed    0.48 sec
    Start 1188: persistent_worker_executor-rxbvml
2/3 Test #1188: persistent_worker_executor-rxbvml ...   Passed    0.70 sec
    Start 1189: persistent_worker_executor-rxtvml
    Test #1189: persistent_worker_executor-rxtvml ...   Passed    0.64 sec
    Start 1189: persistent_worker_executor-rxtvml
    Test #1189: persistent_worker_executor-rxtvml ...   Passed    0.87 sec
    Start 1189: persistent_worker_executor-rxtvml
    Test #1189: persistent_worker_executor-rxtvml ...   Passed    0.68 sec
    Start 1189: persistent_worker_executor-rxtvml
    Test #1189: persistent_worker_executor-rxtvml ...   Passed    0.56 sec
    Start 1189: persistent_worker_executor-rxtvml
    Test #1189: persistent_worker_executor-rxtvml ...   Passed    0.52 sec
    Start 1189: persistent_worker_executor-rxtvml
    Test #1189: persistent_worker_executor-rxtvml ...   Passed    0.64 sec
    Start 1189: persistent_worker_executor-rxtvml
    Test #1189: persistent_worker_executor-rxtvml ...   Passed    0.64 sec
    Start 1189: persistent_worker_executor-rxtvml
    Test #1189: persistent_worker_executor-rxtvml ...   Passed    0.74 sec
    Start 1189: persistent_worker_executor-rxtvml
    Test #1189: persistent_worker_executor-rxtvml ...   Passed    0.60 sec
    Start 1189: persistent_worker_executor-rxtvml
    Test #1189: persistent_worker_executor-rxtvml ...   Passed    0.82 sec
    Start 1189: persistent_worker_executor-rxtvml
    Test #1189: persistent_worker_executor-rxtvml ...   Passed    0.68 sec
    Start 1189: persistent_worker_executor-rxtvml
    Test #1189: persistent_worker_executor-rxtvml ...   Passed    0.59 sec
    Start 1189: persistent_worker_executor-rxtvml
    Test #1189: persistent_worker_executor-rxtvml ...   Passed    0.87 sec
    Start 1189: persistent_worker_executor-rxtvml
    Test #1189: persistent_worker_executor-rxtvml ...   Passed    0.66 sec
    Start 1189: persistent_worker_executor-rxtvml
    Test #1189: persistent_worker_executor-rxtvml ...   Passed    0.55 sec
    Start 1189: persistent_worker_executor-rxtvml
    Test #1189: persistent_worker_executor-rxtvml ...   Passed    0.64 sec
    Start 1189: persistent_worker_executor-rxtvml
    Test #1189: persistent_worker_executor-rxtvml ...   Passed    0.61 sec
    Start 1189: persistent_worker_executor-rxtvml
    Test #1189: persistent_worker_executor-rxtvml ...   Passed    0.73 sec
    Start 1189: persistent_worker_executor-rxtvml
    Test #1189: persistent_worker_executor-rxtvml ...   Passed    0.52 sec
    Start 1189: persistent_worker_executor-rxtvml
3/3 Test #1189: persistent_worker_executor-rxtvml ...   Passed    0.70 sec

100% tests passed, 0 tests failed out of 3

Label Time Summary:
e5             =   2.15 sec*proc (3 tests)
gate-e         =   2.15 sec*proc (3 tests)
interpreter    =   2.15 sec*proc (3 tests)
linux          =   2.15 sec*proc (3 tests)
perf3          =   2.15 sec*proc (3 tests)
poc            =   2.15 sec*proc (3 tests)

Total Test time (real) =  42.97 sec
