PASS: opt-shared_generation-compile
PASS: opt-shared_generation-assemble
PASS: opt-shared_generation-link
PASS: opt-shared_generation-installed-rxbvm-cpu
PASS: opt-shared_generation-installed-rxtvm-cpu
PASS: opt-shared_generation-installed-rxbvm-required-gpu
PASS: opt-shared_generation-installed-rxtvm-required-gpu
PASS: opt-shared_generation-native-build
PASS: opt-shared_generation-relocated-native-cpu
PASS: opt-shared_generation-relocated-native-required-gpu
PASS: noopt-typed_generation-compile
PASS: noopt-typed_generation-assemble
PASS: noopt-typed_generation-link
PASS: noopt-typed_generation-installed-rxbvm-cpu
PASS: noopt-typed_generation-installed-rxtvm-cpu
PASS: noopt-typed_generation-installed-rxbvm-required-gpu
PASS: noopt-typed_generation-installed-rxtvm-required-gpu
PASS: noopt-typed_generation-native-build
PASS: noopt-typed_generation-relocated-native-cpu
PASS: noopt-typed_generation-relocated-native-required-gpu
PASS: noopt-generation_overhead-compile
PASS: noopt-generation_overhead-assemble
PASS: noopt-generation_overhead-link
PASS: noopt-generation_overhead-installed-rxbvm-cpu
PASS: noopt-generation_overhead-installed-rxtvm-cpu
PASS: noopt-generation_overhead-installed-rxbvm-required-gpu
PASS: noopt-generation_overhead-installed-rxtvm-required-gpu
PASS: noopt-generation_overhead-native-build
PASS: noopt-generation_overhead-relocated-native-cpu
PASS: noopt-generation_overhead-relocated-native-required-gpu
PASS: noopt-persistent_generation-compile
PASS: noopt-persistent_generation-assemble
PASS: noopt-persistent_generation-link
PASS: noopt-persistent_generation-installed-rxbvm-cpu
PASS: noopt-persistent_generation-installed-rxtvm-cpu
PASS: noopt-persistent_generation-installed-rxbvm-required-gpu
PASS: noopt-persistent_generation-installed-rxtvm-required-gpu
PASS: noopt-persistent_generation-native-build
PASS: noopt-persistent_generation-relocated-native-cpu
PASS: noopt-persistent_generation-relocated-native-required-gpu
PASS: noopt-shared_generation-compile
PASS: noopt-shared_generation-assemble
PASS: noopt-shared_generation-link
PASS: noopt-shared_generation-installed-rxbvm-cpu
PASS: noopt-shared_generation-installed-rxtvm-cpu
PASS: noopt-shared_generation-installed-rxbvm-required-gpu
PASS: noopt-shared_generation-installed-rxtvm-required-gpu
PASS: noopt-shared_generation-native-build
PASS: noopt-shared_generation-relocated-native-cpu
PASS: noopt-shared_generation-relocated-native-required-gpu
PASS: typed STEP-05 installed and relocated native consumers, opt/noopt; continuation from opt-shared_generation
