benchmark=rxjson_numeric_materialization_compare
dimension=3072
iterations=10
legacy_extract_128_us=10466
float_source_bytes=58479
float_index_bytes=123282
float_first_parse_us=1839
float_element_walk_control_us=70583
float_children_us=3555
float_repeated_traversal_us=149228
float_materialize_us=15073
float_typed_copy_us=81
float_packed_bytes=12288
float_pack_us=32
production_float_project_us=314
float_direct_scan_us=246
integer_source_bytes=14265
integer_index_bytes=122966
integer_first_parse_us=1169
integer_children_us=3478
integer_materialize_us=16303
integer_typed_copy_us=123
integer_packed_bytes=24576
integer_pack_us=35
production_integer_project_us=1794
integer_direct_scan_us=224
json_encoded_bytes=12289
json_encode_us=2277
parse_pack_scan_total_us=20301
production_parse_project_scan_total_us=2161
float_checksum=15360
integer_checksum=47201280
production_float_checksum=1536
PASS: CRI-13 JSON numeric materialization compare
