[0/2] Re-checking globbed directories...
[1/251] Copying bootstrap src/options/parse_opts.cc, reconfigure with RE2C_REBUILD_LEXERS to regenerate
[2/251] Copying bootstrap src/parse/conf_lexer.cc, reconfigure with RE2C_REBUILD_LEXERS to regenerate
[3/251] Copying bootstrap syntax file, reconfigure with RE2C_REBUILD_PARSERS to regenerate
[4/251] Copying bootstrap syntax file, reconfigure with RE2C_REBUILD_PARSERS to regenerate
[5/251] Copying bootstrap syntax file, reconfigure with RE2C_REBUILD_PARSERS to regenerate
[6/251] Copying bootstrap syntax file, reconfigure with RE2C_REBUILD_PARSERS to regenerate
[7/251] Copying bootstrap syntax file, reconfigure with RE2C_REBUILD_PARSERS to regenerate
[8/251] Copying bootstrap src/parse/lexer.cc and src/parse/lexer.h, reconfigure with RE2C_REBUILD_LEXERS to regenerate
[9/251] Copying bootstrap syntax file, reconfigure with RE2C_REBUILD_PARSERS to regenerate
[10/251] Copying bootstrap syntax file, reconfigure with RE2C_REBUILD_PARSERS to regenerate
[11/251] Copying bootstrap syntax file, reconfigure with RE2C_REBUILD_PARSERS to regenerate
[12/251] Copying bootstrap parser, reconfigure with RE2C_REBUILD_PARSERS to regenerate
[13/251] Copying bootstrap syntax file, reconfigure with RE2C_REBUILD_PARSERS to regenerate
[14/251] Copying bootstrap syntax file, reconfigure with RE2C_REBUILD_PARSERS to regenerate
[15/251] Generating doc/re2c.1
[16/251] Copying bootstrap syntax file, reconfigure with RE2C_REBUILD_PARSERS to regenerate
[17/251] Copying bootstrap parser, reconfigure with RE2C_REBUILD_PARSERS to regenerate
[18/251] Copying bootstrap syntax file, reconfigure with RE2C_REBUILD_PARSERS to regenerate
[19/251] Copying bootstrap src/msg/ver_to_vernum.cc, reconfigure with RE2C_REBUILD_LEXERS to regenerate
[20/251] Building C object _deps/dsl_syntax_highlighter-build/CMakeFiles/dslsyntax_parser.dir/dslsyntax_log.c.o
[21/251] Building C object _deps/dsl_syntax_highlighter-build/CMakeFiles/dslsyntax_parser.dir/thread_utils.c.o
[22/251] Building C object _deps/dsl_syntax_highlighter-build/CMakeFiles/dslsyntax_parser.dir/diff.c.o
[23/251] Building C object _deps/dsl_syntax_highlighter-build/CMakeFiles/dslsyntax_parser.dir/serialization.c.o
[24/251] Building C object _deps/dsl_syntax_highlighter-build/CMakeFiles/dslsyntax_parser.dir/emergency_parse.c.o
[25/251] Building C object _deps/dsl_syntax_highlighter-build/CMakeFiles/dslsyntax_parser.dir/code_buffer.c.o
[26/251] Building C object _deps/dsl_syntax_highlighter-build/CMakeFiles/dslsyntax_parser.dir/dslsyntax_common.c.o
[27/251] Building C object _deps/dsl_syntax_highlighter-build/CMakeFiles/dslsyntax_parser.dir/comms.c.o
[28/251] Building C object platform/CMakeFiles/platform.dir/rxinteger.c.o
[29/251] Building C object _deps/dsl_syntax_highlighter-build/CMakeFiles/dslsyntax_parser.dir/dslsyntax_parser.c.o
[30/251] Building C object platform/CMakeFiles/platform.dir/platform.c.o
[31/251] Building C object avl_tree/CMakeFiles/avl_tree.dir/avl_tree.c.o
[32/251] Building C object binutils/CMakeFiles/rxbin.dir/rxbin.c.o
[33/251] Building C object binutils/CMakeFiles/rxbin.dir/rxsignature.c.o
[34/251] Building C object lemon/CMakeFiles/lemon.dir/lemon.c.o
[35/251] Building C object binutils/CMakeFiles/rxbin.dir/rxbin007.c.o
[36/251] Building CXX object re2c/CMakeFiles/re2c_objects_autogen_ver_to_vernum.dir/src/msg/ver_to_vernum.cc.o
[37/251] Linking C static library _deps/dsl_syntax_highlighter-build/libdslsyntax_parser.a
[38/251] Building C object interpreter/CMakeFiles/rxvmmemory.dir/rxvmmemory.c.o
[39/251] Linking C executable lemon/lemon
[40/251] Building C object binutils/CMakeFiles/rxbin.dir/rxgraph.c.o
[41/251] Linking C static library bin/libplatform.a
[42/251] Linking C static library bin/libavl_tree.a
[43/251] Building C object interpreter/CMakeFiles/rxvmref.dir/rxvmref.c.o
[44/251] Linking C static library bin/librxvmmemory.a
[45/251] Linking C static library bin/librxbin.a
[46/251] Building C object interpreter/rxvmplugin/rxvmplugins/mc_decimal/CMakeFiles/decnumber.dir/decnumber/decContext.c.o
[47/251] Building C object interpreter/rxvmplugin/CMakeFiles/rxvmplugin.dir/rxvmplugin_framework.c.o
[48/251] Linking C static library bin/librxvmref.a
[49/251] Building C object rxpa/CMakeFiles/rxpa.dir/rxpa.c.o
[50/251] Building C object interpreter/rxvmplugin/rxvmplugins/mc_decimal/CMakeFiles/mc_decimal_manual.dir/mc_decimal.c.o
[51/251] Linking C static library bin/librxvmplugin.a
[52/251] Building C object interpreter/rxvmplugin/rxvmplugins/mc_decimal/CMakeFiles/decnumber.dir/decnumber/decNumber.c.o
[53/251] Building C object interpreter/CMakeFiles/rxbvm_core_objects.dir/interrupt.c.o
[54/251] Linking C static library bin/libdecnumber.a
[55/251] Building C object interpreter/CMakeFiles/rxbvm_core_objects.dir/rxvmload.c.o
[56/251] Building C object interpreter/CMakeFiles/rxbvm_core_objects.dir/rxspawn.c.o
[57/251] Building CXX object re2c/CMakeFiles/re2c_objects_autogen.dir/src/parse/parser.cc.o
[58/251] Building C object interpreter/CMakeFiles/rxbvm_core_objects.dir/exitfunc.c.o
[59/251] Building C object interpreter/CMakeFiles/rxbvm_core_objects.dir/rxcrexxcmd.c.o
[60/251] Building CXX object re2c/CMakeFiles/re2c_objects_autogen.dir/src/parse/conf_parser.cc.o
[61/251] Building C object interpreter/CMakeFiles/rxbvml.dir/rxvmlib.c.o
[62/251] Building C object interpreter/CMakeFiles/rxbvm_core_objects.dir/rxvml/rxvm_run.c.o
[63/251] Building C object interpreter/CMakeFiles/rxbvm_core_objects.dir/rxpafuncs.c.o
[64/251] Linking C static library bin/rxvm_mc_decimal_manual.a
[65/251] Linking C static library bin/librxpa.a
[66/251] Building C object interpreter/CMakeFiles/rxpashim.dir/rxpashim.c.o
[67/251] Building CXX object re2c/CMakeFiles/re2c_objects_autogen.dir/src/options/parse_opts.cc.o
[68/251] Building C object interpreter/CMakeFiles/rxbvml.dir/rxvml.c.o
[69/251] Building C object interpreter/rxvmplugin/rxvmplugins/mc_decimal/CMakeFiles/mc_decimal_dynamic.dir/mc_decimal.c.o
[70/251] Building C object interpreter/rxvmplugin/rxvmplugins/mc_decimal/CMakeFiles/mc_decimal.dir/mc_decimal.c.o
[71/251] Building C object interpreter/rxvmplugin/rxvmplugins/db_decimal/CMakeFiles/db_decimal_manual.dir/db_decimal.c.o
[72/251] Linking C static library bin/librxpashim.a
[73/251] Building C object interpreter/CMakeFiles/rxbvm.dir/rxvmmain.c.o
[74/251] Building C object interpreter/CMakeFiles/test_rxvmmemory.dir/tests/test_rxvmmemory.c.o
[75/251] Linking C shared module bin/rxvm_mc_decimal.rxvmplugin
[76/251] Building C object interpreter/CMakeFiles/rxvm_platform_objects.dir/rxvmsock.c.o
[77/251] Linking C static library bin/rxvm_mc_decimal.a
[78/251] Building C object interpreter/CMakeFiles/test_rxvmstem_allocator_family.dir/tests/test_rxvmstem_allocator_family.c.o
[79/251] Building C object interpreter/CMakeFiles/test_rxvmstem.dir/tests/test_rxvmstem.c.o
[80/251] Building C object interpreter/CMakeFiles/ts_regvalue_tester.dir/tests/ts_regvalue_tester.c.o
[81/251] Building C object interpreter/rxvmplugin/rxvmplugins/mc_decimal/CMakeFiles/mc_decimal_test_harness.dir/mc_decimal_sanity_harness_test.c.o
[82/251] Building CXX object re2c/CMakeFiles/re2c_objects_autogen.dir/src/parse/lexer.cc.o
[83/251] Linking C static library bin/rxvm_db_decimal_manual.a
[84/251] Building C object interpreter/rxvmplugin/rxvmplugins/mc_decimal/CMakeFiles/mc_decimal_dyn_test_harness.dir/mc_decimal_sanity_harness_test.c.o
[85/251] Building C object interpreter/rxvmplugin/rxvmplugins/mc_decimal/CMakeFiles/mc_decimal_manual_test_harness.dir/mc_decimal_sanity_harness_test.c.o
[86/251] Building C object interpreter/rxvmplugin/rxvmplugins/mc_decimal/CMakeFiles/mc_decimal_full_tests.dir/mc_decimal_full_tests.c.o
[87/251] Linking C executable interpreter/ts_regvalue_tester
[88/251] Linking C executable interpreter/test_rxvmstem_allocator_family
[89/251] Linking C executable interpreter/test_rxvmstem
[90/251] Linking C executable interpreter/test_rxvmmemory
[91/251] Building CXX object re2c/CMakeFiles/re2c_objects_autogen.dir/src/parse/conf_lexer.cc.o
[92/251] Linking C executable interpreter/rxvmplugin/rxvmplugins/mc_decimal/mc_decimal_test_harness
[93/251] Linking C executable interpreter/rxvmplugin/rxvmplugins/mc_decimal/mc_decimal_dyn_test_harness
[94/251] Generating src/msg/help_re2c.cc
[95/251] Building C object interpreter/rxvmplugin/rxvmplugins/db_decimal/CMakeFiles/db_decimal_tests.dir/db_decimal_tests.c.o
[96/251] Linking C executable interpreter/rxvmplugin/rxvmplugins/mc_decimal/mc_decimal_manual_test_harness
[97/251] Linking C executable interpreter/rxvmplugin/rxvmplugins/mc_decimal/mc_decimal_full_tests
[98/251] Building C object interpreter/CMakeFiles/rxbvm_core_objects.dir/rxvmintp.c.o
[99/251] Building CXX object re2c/CMakeFiles/re2c.dir/src/options/symtab.cc.o
[100/251] Building CXX object re2c/CMakeFiles/re2c.dir/src/codegen/helpers.cc.o
[101/251] Building CXX object re2c/CMakeFiles/re2c.dir/src/codegen/pass3_fixup.cc.o
[102/251] Building CXX object re2c/CMakeFiles/re2c.dir/src/nfa/re_to_nfa.cc.o
[103/251] Building CXX object re2c/CMakeFiles/re2c.dir/src/codegen/output.cc.o
[104/251] Building CXX object re2c/CMakeFiles/re2c.dir/src/codegen/pass4_render.cc.o
[105/251] Building CXX object re2c/CMakeFiles/re2c.dir/src/codegen/pass1_analyze.cc.o
[106/251] Building CXX object re2c/CMakeFiles/re2c.dir/src/codegen/pass2_generate.cc.o
[107/251] Building CXX object re2c/CMakeFiles/re2c.dir/src/debug/dump_cfg.cc.o
[108/251] Building CXX object re2c/CMakeFiles/re2c.dir/src/options/opt.cc.o
[109/251] Building CXX object re2c/CMakeFiles/re2c.dir/src/debug/dump_adfa.cc.o
[110/251] Building CXX object re2c/CMakeFiles/re2c.dir/src/debug/dump_interf.cc.o
[111/251] Building CXX object re2c/CMakeFiles/re2c.dir/src/debug/dump_nfa.cc.o
[112/251] Building CXX object re2c/CMakeFiles/re2c.dir/src/cfg/cfg.cc.o
[113/251] Building CXX object re2c/CMakeFiles/re2c.dir/src/adfa/adfa.cc.o
[114/251] Building CXX object re2c/CMakeFiles/re2c.dir/src/debug/dump_dfa.cc.o
[115/251] Building CXX object re2c/CMakeFiles/re2c.dir/src/cfg/compact.cc.o
[116/251] Building CXX object re2c/CMakeFiles/re2c.dir/src/cfg/dce.cc.o
[117/251] Building CXX object re2c/CMakeFiles/re2c.dir/src/debug/dump_dfa_tree.cc.o
[118/251] Building CXX object re2c/CMakeFiles/re2c.dir/src/cfg/freeze.cc.o
[119/251] Building CXX object re2c/CMakeFiles/re2c.dir/src/cfg/liveanal.cc.o
[120/251] Building CXX object re2c/CMakeFiles/re2c.dir/src/cfg/interfere.cc.o
[121/251] Building CXX object re2c/CMakeFiles/re2c.dir/src/cfg/varalloc.cc.o
[122/251] Building CXX object re2c/CMakeFiles/re2c.dir/src/cfg/normalize.cc.o
[123/251] Building CXX object re2c/CMakeFiles/re2c.dir/src/cfg/rename.cc.o
[124/251] Building CXX object re2c/CMakeFiles/re2c.dir/src/cfg/optimize.cc.o
[125/251] Building CXX object re2c/CMakeFiles/re2c.dir/src/dfa/fallback_tags.cc.o
[126/251] Building CXX object re2c/CMakeFiles/re2c.dir/src/dfa/dead_rules.cc.o
[127/251] Building CXX object re2c/CMakeFiles/re2c.dir/src/encoding/ebcdic.cc.o
[128/251] Building CXX object re2c/CMakeFiles/re2c.dir/src/dfa/minimization.cc.o
[129/251] Building CXX object re2c/CMakeFiles/re2c.dir/src/dfa/tagver_table.cc.o
[130/251] Building CXX object re2c/CMakeFiles/re2c.dir/src/dfa/tcmd.cc.o
[131/251] Building CXX object re2c/CMakeFiles/re2c.dir/src/dfa/fillpoints.cc.o
[132/251] Building CXX object re2c/CMakeFiles/re2c.dir/src/dfa/determinization.cc.o
[133/251] Building CXX object re2c/CMakeFiles/re2c.dir/src/dfa/closure.cc.o
[134/251] Building CXX object re2c/CMakeFiles/re2c.dir/src/dfa/find_state.cc.o
[135/251] Building CXX object re2c/CMakeFiles/re2c.dir/src/encoding/range_suffix.cc.o
[136/251] Building CXX object re2c/CMakeFiles/re2c.dir/src/encoding/enc.cc.o
[137/251] Building CXX object re2c/CMakeFiles/re2c.dir/src/encoding/utf16.cc.o
[138/251] Building CXX object re2c/CMakeFiles/re2c.dir/src/encoding/utf8.cc.o
[139/251] Building CXX object re2c/CMakeFiles/re2c.dir/src/msg/msg.cc.o
[140/251] Building CXX object re2c/CMakeFiles/re2c.dir/src/regexp/default_tags.cc.o
[141/251] Building CXX object re2c/CMakeFiles/re2c.dir/src/regexp/fixed_tags.cc.o
[142/251] Building CXX object re2c/CMakeFiles/re2c.dir/src/regexp/ast_to_re.cc.o
[143/251] Building CXX object re2c/CMakeFiles/re2c.dir/src/msg/warn.cc.o
[144/251] Building CXX object re2c/CMakeFiles/re2c.dir/src/regexp/nullable.cc.o
[145/251] Building CXX object re2c/CMakeFiles/re2c.dir/src/regexp/regexp.cc.o
[146/251] Building CXX object re2c/CMakeFiles/re2c.dir/src/regexp/split_charset.cc.o
[147/251] Building CXX object re2c/CMakeFiles/re2c.dir/src/skeleton/control_flow.cc.o
[148/251] Building CXX object re2c/CMakeFiles/re2c.dir/src/util/file_utils.cc.o
[149/251] Building CXX object re2c/CMakeFiles/re2c.dir/src/skeleton/generate_code.cc.o
[150/251] Building CXX object re2c/CMakeFiles/re2c.dir/src/msg/help_re2c.cc.o
[151/251] Building CXX object re2c/CMakeFiles/re2c.dir/src/skeleton/maxpath.cc.o
[152/251] Linking C static library bin/librxbvml.a
[153/251] Linking C executable bin/rxbvm
[154/251] Linking C executable interpreter/rxvmplugin/rxvmplugins/db_decimal/db_decimal_tests
[155/251] Building CXX object re2c/CMakeFiles/re2c.dir/src/parse/input.cc.o
[156/251] Building CXX object re2c/CMakeFiles/re2c.dir/src/util/string_utils.cc.o
[157/251] Building CXX object re2c/CMakeFiles/re2c.dir/src/util/range.cc.o
[158/251] Building CXX object re2c/CMakeFiles/re2c.dir/src/skeleton/skeleton.cc.o
[159/251] Building CXX object re2c/CMakeFiles/re2c.dir/src/skeleton/generate_data.cc.o
[160/251] Building CXX object re2c/CMakeFiles/re2c.dir/src/parse/ast.cc.o
[161/251] Building CXX object re2c/CMakeFiles/re2c.dir/src/encoding/unicode_casemap.cc.o
[162/251] Building CXX object re2c/CMakeFiles/re2c.dir/src/main.cc.o
[163/251] Linking CXX executable re2c/re2c
[164/251] Create REXX ASSEMBLER Parser...
[165/251] Create REXX ASSEMBLER Lexer...
[166/251] Building C object assembler/CMakeFiles/rxaslib.dir/rxaseror.c.o
[167/251] Building C object assembler/CMakeFiles/rxaslib.dir/rxas_flow_batch.c.o
[168/251] Building C object assembler/CMakeFiles/rxaslib.dir/rxastoke.c.o
[169/251] Building C object assembler/CMakeFiles/rxaslib.dir/rxas_flow_rewrite.c.o
[170/251] Building C object assembler/CMakeFiles/rxaslib.dir/rxas_flow_pass.c.o
[171/251] Building C object assembler/CMakeFiles/rxaslib.dir/rxas_flow_graph.c.o
[172/251] Building C object assembler/CMakeFiles/rxaslib.dir/rxas_flow_analysis.c.o
[173/251] Building C object assembler/CMakeFiles/rxaslib.dir/rxas_opt.c.o
[174/251] Building C object assembler/CMakeFiles/rxaslib.dir/rxasscan.c.o
[175/251] Building C object assembler/CMakeFiles/rxaslib.dir/rxas_flow.c.o
[176/251] Building C object assembler/CMakeFiles/rxaslib.dir/rxasgrmr.c.o
[177/251] Building C object assembler/CMakeFiles/rxaslib.dir/rxas_flow_use.c.o
[178/251] Building C object assembler/CMakeFiles/rxaslib.dir/rxas_flow_signal.c.o
[179/251] Building C object assembler/CMakeFiles/rxaslib.dir/rxaslib.c.o
[180/251] Building C object assembler/CMakeFiles/rxaslib.dir/__/binutils/rxopmeta.c.o
[181/251] Building C object assembler/CMakeFiles/rxaslib.dir/rxas_dsl.c.o
[182/251] Building C object assembler/CMakeFiles/rxaslib.dir/rxas_flow_ssa.c.o
[183/251] Building C object assembler/CMakeFiles/rxaslib.dir/rxasassm.c.o
[184/251] Building C object assembler/CMakeFiles/rxaslib.dir/rxas_flow_proof.c.o
[185/251] Linking C static library bin/librxaslib.a
[186/251] Create Options Parser...
[187/251] Create REXX C Parser...
[188/251] Create REXX B Parser...
[189/251] Create Options Lexer...
[190/251] Create REXX C Lexer...
[191/251] Create REXX B Lexer...
[192/251] Building C object compiler/CMakeFiles/rxclib.dir/rxcp_diag_fallback.c.o
[193/251] Building C object compiler/CMakeFiles/rxclib.dir/rxcp_ast_walk.c.o
[194/251] Building C object compiler/CMakeFiles/rxclib.dir/rxcp_diag.c.o
[195/251] Building C object compiler/CMakeFiles/rxclib.dir/rxcp_ast_print.c.o
[196/251] Building C object compiler/CMakeFiles/rxclib.dir/rxcp_source_tree.c.o
[197/251] Building C object compiler/CMakeFiles/rxclib.dir/rxcpmain.c.o
[198/251] Building C object compiler/CMakeFiles/rxclib.dir/rxcp_util.c.o
[199/251] Building C object compiler/CMakeFiles/rxclib.dir/rxcp_dsl.c.o
[200/251] Building C object compiler/CMakeFiles/rxclib.dir/rxcp_source_ext.c.o
[201/251] Building C object compiler/CMakeFiles/rxclib.dir/rxcp_ast_core.c.o
[202/251] Building C object compiler/CMakeFiles/rxclib.dir/rxcp_srcmap.c.o
[203/251] Building C object compiler/CMakeFiles/rxclib.dir/rxcpopar.c.o
[204/251] Building C object compiler/CMakeFiles/rxclib.dir/rxcp_highlight_controller.c.o
[205/251] Building C object compiler/CMakeFiles/rxclib.dir/rxcpopgr.c.o
[206/251] Building C object compiler/CMakeFiles/rxclib.dir/rxcpbpar.c.o
[207/251] Building C object compiler/CMakeFiles/rxclib.dir/rxcpcsym.c.o
[208/251] Building C object compiler/CMakeFiles/rxclib.dir/rxcposcn.c.o
[209/251] Building C object compiler/CMakeFiles/rxclib.dir/rxcpcpar.c.o
[210/251] Building C object compiler/CMakeFiles/rxclib.dir/rxcpcval.c.o
[211/251] Building C object compiler/CMakeFiles/rxclib.dir/rxcpcdiag.c.o
[212/251] Building C object compiler/CMakeFiles/rxclib.dir/rxcp_ast_rewrite.c.o
[213/251] Building C object compiler/CMakeFiles/rxclib.dir/rxcp_val_sym.c.o
[214/251] Building C object compiler/CMakeFiles/rxclib.dir/rxcp_val_trans.c.o
[215/251] Building C object compiler/CMakeFiles/rxclib.dir/rexcscan.c.o
[216/251] Building C object compiler/CMakeFiles/rxclib.dir/rxcp_val_plugin.c.o
[217/251] Building C object compiler/CMakeFiles/rxclib.dir/rxcp_val_check.c.o
[218/251] Building C object compiler/CMakeFiles/rxclib.dir/rxcpcgmr.c.o
[219/251] Building C object compiler/CMakeFiles/rxclib.dir/rxcpbgmr.c.o
[220/251] Building C object compiler/CMakeFiles/rxclib.dir/rxcp_ast_val.c.o
[221/251] Building C object compiler/CMakeFiles/rxclib.dir/rxcp_fixup.c.o
[222/251] Building C object compiler/CMakeFiles/rxclib.dir/rxcp_remap.c.o
[223/251] Building C object compiler/CMakeFiles/rxclib.dir/rxcp_val_type.c.o
[224/251] Building C object compiler/CMakeFiles/rxclib.dir/rxcp_val_orch.c.o
[225/251] Building C object compiler/CMakeFiles/rxclib.dir/rxcp_remap_build.c.o
[226/251] Building C object compiler/CMakeFiles/rxclib.dir/rxcpsymb.c.o
[227/251] Building C object compiler/CMakeFiles/rxclib.dir/rxcp_inline_rules.c.o
[228/251] Building C object compiler/CMakeFiles/rxclib.dir/rxcp_emit_core.c.o
[229/251] Building C object compiler/CMakeFiles/rxclib.dir/rxcp_levelc_lower.c.o
[230/251] Building C object compiler/CMakeFiles/rxclib.dir/rxcp_emit_super.c.o
[231/251] Building C object compiler/CMakeFiles/rxclib.dir/rxcpemit.c.o
[232/251] Building C object compiler/CMakeFiles/rxclib.dir/rxcp_emit_reg.c.o
[233/251] Building C object compiler/CMakeFiles/rxclib.dir/rxcp_emit_flow.c.o
[234/251] Building C object compiler/CMakeFiles/rxclib.dir/rxcp_emit_expr.c.o
[235/251] Building C object compiler/CMakeFiles/rxclib.dir/rxcp_emit_proc.c.o
[236/251] Building C object compiler/CMakeFiles/rxclib.dir/rxcp_emit_meta.c.o
[237/251] Building C object compiler/CMakeFiles/rxclib.dir/__/platform/rxinteger.c.o
[238/251] Building C object compiler/CMakeFiles/rxclib.dir/rxcp_dispatch.c.o
[239/251] Building C object compiler/CMakeFiles/rxclib.dir/__/platform/platform.c.o
[240/251] Building C object compiler/CMakeFiles/rxclib.dir/rxcp_flow.c.o
[241/251] Building C object compiler/CMakeFiles/rxclib.dir/rxcp_partial_call.c.o
[242/251] Building C object compiler/CMakeFiles/rxclib.dir/rxcp_instr.c.o
[243/251] Building C object compiler/CMakeFiles/rxclib.dir/rxcp_opt.c.o
[244/251] Building C object compiler/CMakeFiles/rxclib.dir/rxcp_inline.c.o
[245/251] Building C object compiler/CMakeFiles/rxc.dir/rxc_main.c.o
[246/251] Building C object compiler/CMakeFiles/rxclib.dir/rxcp_exit.c.o
[247/251] Building C object compiler/CMakeFiles/rxclib.dir/rxcpfunc.c.o
[248/251] Building C object compiler/CMakeFiles/rxclib.dir/rexbscan.c.o
[249/251] Linking C static library bin/librxclib.a
[250/251] Linking C executable bin/rxc
