-- The C compiler identification is AppleClang 21.0.0.21000101
-- The CXX compiler identification is AppleClang 21.0.0.21000101
-- Detecting C compiler ABI info
-- Detecting C compiler ABI info - done
-- Check for working C compiler: /usr/bin/cc - skipped
-- Detecting C compile features
-- Detecting C compile features - done
-- Detecting CXX compiler ABI info
-- Detecting CXX compiler ABI info - done
-- Check for working CXX compiler: /usr/bin/c++ - skipped
-- Detecting CXX compile features
-- Detecting CXX compile features - done
-- CMake Version: 4.3.2
-- CREXX Version: crexx-1.0.0-beta.3+local.g4a3940395980.dirty
-- CREXX Build Channel: local
-- CREXX Build Timestamp: 20260801T104545Z
-- CREXX Build Commit: 4a3940395980
-- CMake Generator: Ninja
-- Using local DSL-Syntax-Highlighter at /Users/adrian/CLionProjects/DSL-Syntax-Highlighter
-- Performing Test cxxflag__W
-- Performing Test cxxflag__W - Success
-- Performing Test cxxflag__Wall
-- Performing Test cxxflag__Wall - Success
-- Performing Test cxxflag__Wextra
-- Performing Test cxxflag__Wextra - Success
-- Performing Test cxxflag__Weffc__
-- Performing Test cxxflag__Weffc__ - Success
-- Performing Test cxxflag__pedantic
-- Performing Test cxxflag__pedantic - Success
-- Performing Test cxxflag__Wformat_2
-- Performing Test cxxflag__Wformat_2 - Success
-- Performing Test cxxflag__Wredundant_decls
-- Performing Test cxxflag__Wredundant_decls - Success
-- Performing Test cxxflag__Wsuggest_attribute_format
-- Performing Test cxxflag__Wsuggest_attribute_format - Failed
-- Performing Test cxxflag__Wconversion
-- Performing Test cxxflag__Wconversion - Success
-- Performing Test cxxflag__Wsign_conversion
-- Performing Test cxxflag__Wsign_conversion - Success
-- Performing Test cxxflag__Werror_return_type
-- Performing Test cxxflag__Werror_return_type - Success
-- Performing Test cxxflag__Weverything
-- Performing Test cxxflag__Weverything - Success
-- Performing Test cxxflag__fdiagnostics_color_always
-- Performing Test cxxflag__fdiagnostics_color_always - Success
-- C compiler flags: 
-- C++ compiler flags:  -W -Wall -Wextra -Weffc++ -pedantic -Wformat=2 -Wredundant-decls -Wconversion -Wsign-conversion -Werror=return-type -Weverything -Wno-unknown-warning-option -Wno-reserved-id-macro -Wno-padded -Wno-nested-anon-types -Wno-reserved-identifier -Wno-shadow-field-in-constructor -Wno-undefined-func-template -Wno-c++98-compat -Wno-c++98-compat-pedantic -Wno-unsafe-pointer-arithmetic -Wno-unsafe-buffer-usage -Wno-exit-time-destructors -Wno-switch-enum -fdiagnostics-color=always 
-- Linker flags for executables: 
-- Linker flags for shared libs: 
-- Release C compiler flags: -O3 -DNDEBUG
-- Release C++ compiler flags: -O3 -DNDEBUG
-- Release linker flags for executables: 
-- Release linker flags for shared libs: 
-- Looking for sys/types.h
-- Looking for sys/types.h - found
-- Looking for sys/stat.h
-- Looking for sys/stat.h - found
-- Looking for fcntl.h
-- Looking for fcntl.h - found
-- Looking for unistd.h
-- Looking for unistd.h - found
-- Looking for io.h
-- Looking for io.h - not found
-- Writing config.h
-- Fetching SQLite amalgamation 3530200 for native ADDRESS demo
-- cREXX VM core socket TLS backend: NETWORK
-- Legacy OpenSSL socket plugin is disabled; use VM core sockets/rxsocket instead.
-- GTK Gui support is disabled, skipping subdirectory.
-- ODBC support is disabled, skipping subdirectory.
-- Configuring done (11.2s)
-- Generating done (0.4s)
-- Build files have been written to: /tmp/crexx-perf3-05.9DY131/build-noflatten
       11.61 real         2.61 user         1.44 sys
           209240064  maximum resident set size
                   0  average shared memory size
                   0  average unshared data size
                   0  average unshared stack size
              361540  page reclaims
                7301  page faults
                   0  swaps
                   0  block input operations
                   0  block output operations
                  14  messages sent
                1204  messages received
                  32  signals received
                1169  voluntary context switches
               11938  involuntary context switches
         13312224448  instructions retired
          3489724763  cycles elapsed
            67551712  peak memory footprint
