ASan run directory: /private/tmp/crexx-mthread-asan/asan-logs/20260812-074526-ctest
==> ctest
    log: /private/tmp/crexx-mthread-asan/asan-logs/20260812-074526-ctest/ctest.log
==> ctest passed
Command: ctest --test-dir /private/tmp/crexx-mthread-asan --output-on-failure -R \^persistent_worker_executor- --parallel 1
ASAN_OPTIONS=detect_leaks=0

Test project /private/tmp/crexx-mthread-asan
    Start 1187: persistent_worker_executor-rxvml
1/3 Test #1187: persistent_worker_executor-rxvml ....   Passed    0.58 sec
    Start 1188: persistent_worker_executor-rxbvml
2/3 Test #1188: persistent_worker_executor-rxbvml ...   Passed    0.55 sec
    Start 1189: persistent_worker_executor-rxtvml
3/3 Test #1189: persistent_worker_executor-rxtvml ...   Passed    0.57 sec

100% tests passed, 0 tests failed out of 3

Label Time Summary:
e5             =   1.71 sec*proc (3 tests)
gate-e         =   1.71 sec*proc (3 tests)
interpreter    =   1.71 sec*proc (3 tests)
macos          =   1.71 sec*proc (3 tests)
perf3          =   1.71 sec*proc (3 tests)
poc            =   1.71 sec*proc (3 tests)

Total Test time (real) =   1.73 sec
ASan run complete: /private/tmp/crexx-mthread-asan/asan-logs/20260812-074526-ctest
