Test project /private/tmp/crexx-mthread-debug
    Start 1187: persistent_worker_executor-rxvml
    Test #1187: persistent_worker_executor-rxvml ....   Passed    0.07 sec
    Start 1187: persistent_worker_executor-rxvml
    Test #1187: persistent_worker_executor-rxvml ....   Passed    0.07 sec
    Start 1187: persistent_worker_executor-rxvml
    Test #1187: persistent_worker_executor-rxvml ....   Passed    0.07 sec
    Start 1187: persistent_worker_executor-rxvml
    Test #1187: persistent_worker_executor-rxvml ....   Passed    0.07 sec
    Start 1187: persistent_worker_executor-rxvml
    Test #1187: persistent_worker_executor-rxvml ....   Passed    0.06 sec
    Start 1187: persistent_worker_executor-rxvml
    Test #1187: persistent_worker_executor-rxvml ....   Passed    0.07 sec
    Start 1187: persistent_worker_executor-rxvml
    Test #1187: persistent_worker_executor-rxvml ....   Passed    0.07 sec
    Start 1187: persistent_worker_executor-rxvml
    Test #1187: persistent_worker_executor-rxvml ....   Passed    0.06 sec
    Start 1187: persistent_worker_executor-rxvml
    Test #1187: persistent_worker_executor-rxvml ....   Passed    0.06 sec
    Start 1187: persistent_worker_executor-rxvml
    Test #1187: persistent_worker_executor-rxvml ....   Passed    0.06 sec
    Start 1187: persistent_worker_executor-rxvml
    Test #1187: persistent_worker_executor-rxvml ....   Passed    0.06 sec
    Start 1187: persistent_worker_executor-rxvml
    Test #1187: persistent_worker_executor-rxvml ....   Passed    0.06 sec
    Start 1187: persistent_worker_executor-rxvml
    Test #1187: persistent_worker_executor-rxvml ....   Passed    0.07 sec
    Start 1187: persistent_worker_executor-rxvml
    Test #1187: persistent_worker_executor-rxvml ....   Passed    0.07 sec
    Start 1187: persistent_worker_executor-rxvml
    Test #1187: persistent_worker_executor-rxvml ....   Passed    0.06 sec
    Start 1187: persistent_worker_executor-rxvml
    Test #1187: persistent_worker_executor-rxvml ....   Passed    0.07 sec
    Start 1187: persistent_worker_executor-rxvml
    Test #1187: persistent_worker_executor-rxvml ....   Passed    0.07 sec
    Start 1187: persistent_worker_executor-rxvml
    Test #1187: persistent_worker_executor-rxvml ....   Passed    0.07 sec
    Start 1187: persistent_worker_executor-rxvml
    Test #1187: persistent_worker_executor-rxvml ....   Passed    0.07 sec
    Start 1187: persistent_worker_executor-rxvml
1/3 Test #1187: persistent_worker_executor-rxvml ....   Passed    0.07 sec
    Start 1188: persistent_worker_executor-rxbvml
    Test #1188: persistent_worker_executor-rxbvml ...   Passed    0.07 sec
    Start 1188: persistent_worker_executor-rxbvml
    Test #1188: persistent_worker_executor-rxbvml ...   Passed    0.07 sec
    Start 1188: persistent_worker_executor-rxbvml
    Test #1188: persistent_worker_executor-rxbvml ...   Passed    0.07 sec
    Start 1188: persistent_worker_executor-rxbvml
    Test #1188: persistent_worker_executor-rxbvml ...   Passed    0.07 sec
    Start 1188: persistent_worker_executor-rxbvml
    Test #1188: persistent_worker_executor-rxbvml ...   Passed    0.06 sec
    Start 1188: persistent_worker_executor-rxbvml
    Test #1188: persistent_worker_executor-rxbvml ...   Passed    0.07 sec
    Start 1188: persistent_worker_executor-rxbvml
    Test #1188: persistent_worker_executor-rxbvml ...   Passed    0.07 sec
    Start 1188: persistent_worker_executor-rxbvml
    Test #1188: persistent_worker_executor-rxbvml ...   Passed    0.06 sec
    Start 1188: persistent_worker_executor-rxbvml
    Test #1188: persistent_worker_executor-rxbvml ...   Passed    0.06 sec
    Start 1188: persistent_worker_executor-rxbvml
    Test #1188: persistent_worker_executor-rxbvml ...   Passed    0.07 sec
    Start 1188: persistent_worker_executor-rxbvml
    Test #1188: persistent_worker_executor-rxbvml ...   Passed    0.06 sec
    Start 1188: persistent_worker_executor-rxbvml
    Test #1188: persistent_worker_executor-rxbvml ...   Passed    0.06 sec
    Start 1188: persistent_worker_executor-rxbvml
    Test #1188: persistent_worker_executor-rxbvml ...   Passed    0.07 sec
    Start 1188: persistent_worker_executor-rxbvml
    Test #1188: persistent_worker_executor-rxbvml ...   Passed    0.07 sec
    Start 1188: persistent_worker_executor-rxbvml
    Test #1188: persistent_worker_executor-rxbvml ...   Passed    0.07 sec
    Start 1188: persistent_worker_executor-rxbvml
    Test #1188: persistent_worker_executor-rxbvml ...   Passed    0.07 sec
    Start 1188: persistent_worker_executor-rxbvml
    Test #1188: persistent_worker_executor-rxbvml ...   Passed    0.07 sec
    Start 1188: persistent_worker_executor-rxbvml
    Test #1188: persistent_worker_executor-rxbvml ...   Passed    0.06 sec
    Start 1188: persistent_worker_executor-rxbvml
    Test #1188: persistent_worker_executor-rxbvml ...   Passed    0.07 sec
    Start 1188: persistent_worker_executor-rxbvml
2/3 Test #1188: persistent_worker_executor-rxbvml ...   Passed    0.07 sec
    Start 1189: persistent_worker_executor-rxtvml
    Test #1189: persistent_worker_executor-rxtvml ...   Passed    0.07 sec
    Start 1189: persistent_worker_executor-rxtvml
    Test #1189: persistent_worker_executor-rxtvml ...   Passed    0.07 sec
    Start 1189: persistent_worker_executor-rxtvml
    Test #1189: persistent_worker_executor-rxtvml ...   Passed    0.07 sec
    Start 1189: persistent_worker_executor-rxtvml
    Test #1189: persistent_worker_executor-rxtvml ...   Passed    0.07 sec
    Start 1189: persistent_worker_executor-rxtvml
    Test #1189: persistent_worker_executor-rxtvml ...   Passed    0.07 sec
    Start 1189: persistent_worker_executor-rxtvml
    Test #1189: persistent_worker_executor-rxtvml ...   Passed    0.07 sec
    Start 1189: persistent_worker_executor-rxtvml
    Test #1189: persistent_worker_executor-rxtvml ...   Passed    0.07 sec
    Start 1189: persistent_worker_executor-rxtvml
    Test #1189: persistent_worker_executor-rxtvml ...   Passed    0.07 sec
    Start 1189: persistent_worker_executor-rxtvml
    Test #1189: persistent_worker_executor-rxtvml ...   Passed    0.07 sec
    Start 1189: persistent_worker_executor-rxtvml
    Test #1189: persistent_worker_executor-rxtvml ...   Passed    0.07 sec
    Start 1189: persistent_worker_executor-rxtvml
    Test #1189: persistent_worker_executor-rxtvml ...   Passed    0.07 sec
    Start 1189: persistent_worker_executor-rxtvml
    Test #1189: persistent_worker_executor-rxtvml ...   Passed    0.07 sec
    Start 1189: persistent_worker_executor-rxtvml
    Test #1189: persistent_worker_executor-rxtvml ...   Passed    0.07 sec
    Start 1189: persistent_worker_executor-rxtvml
    Test #1189: persistent_worker_executor-rxtvml ...   Passed    0.07 sec
    Start 1189: persistent_worker_executor-rxtvml
    Test #1189: persistent_worker_executor-rxtvml ...   Passed    0.07 sec
    Start 1189: persistent_worker_executor-rxtvml
    Test #1189: persistent_worker_executor-rxtvml ...   Passed    0.07 sec
    Start 1189: persistent_worker_executor-rxtvml
    Test #1189: persistent_worker_executor-rxtvml ...   Passed    0.07 sec
    Start 1189: persistent_worker_executor-rxtvml
    Test #1189: persistent_worker_executor-rxtvml ...   Passed    0.07 sec
    Start 1189: persistent_worker_executor-rxtvml
    Test #1189: persistent_worker_executor-rxtvml ...   Passed    0.07 sec
    Start 1189: persistent_worker_executor-rxtvml
3/3 Test #1189: persistent_worker_executor-rxtvml ...   Passed    0.07 sec

100% tests passed, 0 tests failed out of 3

Label Time Summary:
e5             =   0.20 sec*proc (3 tests)
gate-e         =   0.20 sec*proc (3 tests)
interpreter    =   0.20 sec*proc (3 tests)
macos          =   0.20 sec*proc (3 tests)
perf3          =   0.20 sec*proc (3 tests)
poc            =   0.20 sec*proc (3 tests)

Total Test time (real) =   4.10 sec
