-- CMake Version: 4.3.2
-- CREXX Version: crexx-1.0.0-beta.3+local.g295a6d886b33.dirty
-- CREXX Build Channel: local
-- CREXX Build Timestamp: 20260812T061436Z
-- CREXX Build Commit: 295a6d886b33
-- CMake Generator: Unix Makefiles
-- Fetching DSL-Syntax-Highlighter develop from https://github.com/adesutherland/DSL-Syntax-Highlighter.git
-- C compiler flags: 
-- C++ compiler flags:  -W -Wall -Wextra -Weffc++ -pedantic -Wformat=2 -Wredundant-decls -Wconversion -Wsign-conversion -Werror=return-type -Weverything -Wno-unknown-warning-option -Wno-reserved-id-macro -Wno-padded -Wno-nested-anon-types -Wno-reserved-identifier -Wno-shadow-field-in-constructor -Wno-undefined-func-template -Wno-c++98-compat -Wno-c++98-compat-pedantic -Wno-unsafe-pointer-arithmetic -Wno-unsafe-buffer-usage -Wno-exit-time-destructors -Wno-switch-enum -fdiagnostics-color=always 
-- Linker flags for executables: 
-- Linker flags for shared libs: 
-- Debug C compiler flags: -g
-- Debug C++ compiler flags: -g
-- Debug linker flags for executables: 
-- Debug linker flags for shared libs: 
-- Fetching SQLite amalgamation 3530200 for native ADDRESS demo
-- cREXX VM handler panel: profile-20
-- cREXX VM core socket TLS backend: NETWORK
-- cREXX product VM: rxvm -> rxbvm (AppleClang)
-- Legacy OpenSSL socket plugin is disabled; use VM core sockets/rxsocket instead.
-- GTK Gui support is disabled, skipping subdirectory.
-- ODBC support is disabled; building the mock-driver qualification target only.
-- Configuring done (1.0s)
-- Generating done (1.2s)
-- Build files have been written to: /private/tmp/crexx-mthread-debug
