PASS: project-build
PASS: project-no-op
PASS: selected-metadata-invalidation
PASS: restored-package
PASS: stale-dependency-rejected
PASS: unrelated-metadata-ignored
PASS: relocated-bge-small-en-v1.5-cpu
PASS: relocated-bge-small-en-v1.5-required-gpu
PASS: relocated-smollm2-360m-instruct-cpu
PASS: relocated-smollm2-360m-instruct-required-gpu
PASS: missing-gpu-auto-fallback
PASS: missing-required-gpu-rejected
PASS: missing-runtime-manifest-rejected
PASS: worker_transport_positive-compile
PASS: worker_transport_positive-assemble
PASS: worker_transport_positive-link
PASS: worker_transport_positive-positive
PASS: provider_worker_acceptance-compile
PASS: provider_worker_acceptance-assemble
PASS: provider_worker_acceptance-link
PASS: provider_worker_acceptance-foreign
PASS: shared_worker_lifecycle-compile
PASS: shared_worker_lifecycle-assemble
PASS: shared_worker_lifecycle-link
PASS: shared_worker_lifecycle-bge-small-en-v1.5-cpu
PASS: shared_worker_lifecycle-bge-small-en-v1.5-required-gpu
PASS: shared_worker_lifecycle-smollm2-360m-instruct-cpu
PASS: shared_worker_lifecycle-smollm2-360m-instruct-required-gpu
