[0/2] Re-checking globbed directories...
[1/48] Building C object platform/CMakeFiles/platform.dir/rxinteger.c.o
[2/48] Building C object interpreter/rxvmplugin/rxvmplugins/mc_decimal/CMakeFiles/decnumber.dir/decnumber/decContext.c.o
[3/48] Building C object avl_tree/CMakeFiles/avl_tree.dir/avl_tree.c.o
[4/48] Building C object interpreter/CMakeFiles/rxvmref.dir/rxvmref.c.o
[5/48] Building C object binutils/CMakeFiles/rxbin.dir/rxbin.c.o
[6/48] Building C object platform/CMakeFiles/platform.dir/platform.c.o
[7/48] Building C object interpreter/CMakeFiles/rxpashim.dir/rxpashim.c.o
[8/48] Building C object interpreter/rxvmplugin/CMakeFiles/rxvmplugin.dir/rxvmplugin_framework.c.o
[9/48] Building C object rxpa/CMakeFiles/rxpa.dir/rxpa.c.o
[10/48] Building C object interpreter/CMakeFiles/rxvmmemory.dir/rxvmmemory.c.o
[11/48] Building C object binutils/CMakeFiles/rxbin.dir/rxsignature.c.o
[12/48] Linking C static library bin/libplatform.a
[13/48] Linking C static library bin/libavl_tree.a
[14/48] Linking C static library bin/librxvmmemory.a
[15/48] Building C object interpreter/rxvmplugin/rxvmplugins/mc_decimal/CMakeFiles/mc_decimal_manual.dir/mc_decimal.c.o
[16/48] Building C object interpreter/CMakeFiles/rxbvm_core_objects.dir/interrupt.c.o
[17/48] Linking C static library bin/librxvmref.a
[18/48] Building C object interpreter/CMakeFiles/rxbvm_core_objects.dir/exitfunc.c.o
[19/48] Linking C static library bin/librxvmplugin.a
[20/48] Building C object interpreter/CMakeFiles/rxbvm_core_objects.dir/rxvmload.c.o
[21/48] Building C object interpreter/CMakeFiles/rxbvm_core_objects.dir/rxvml/rxvm_run.c.o
[22/48] Building C object binutils/CMakeFiles/rxbin.dir/rxbin007.c.o
[23/48] Building C object interpreter/CMakeFiles/rxbvm_core_objects.dir/rxpafuncs.c.o
[24/48] Building C object interpreter/CMakeFiles/rxbvm.dir/rxvmmain.c.o
[25/48] Building C object interpreter/CMakeFiles/rxbvm_core_objects.dir/rxcrexxcmd.c.o
[26/48] Linking C static library bin/librxpashim.a
[27/48] Linking C static library bin/librxpa.a
[28/48] Building C object interpreter/CMakeFiles/rxbvm_core_objects.dir/rxspawn.c.o
[29/48] Building C object interpreter/CMakeFiles/rxtvm_core_objects.dir/interrupt.c.o
[30/48] Building C object interpreter/CMakeFiles/rxtvm_core_objects.dir/exitfunc.c.o
[31/48] Building C object interpreter/CMakeFiles/rxtvm_core_objects.dir/rxvml/rxvm_run.c.o
[32/48] Building C object interpreter/CMakeFiles/rxtvm_core_objects.dir/rxvmload.c.o
[33/48] Building C object interpreter/CMakeFiles/rxtvm_core_objects.dir/rxpafuncs.c.o
[34/48] Building C object binutils/CMakeFiles/rxbin.dir/rxgraph.c.o
[35/48] Building C object interpreter/CMakeFiles/rxvm_platform_objects.dir/rxvmsock.c.o
[36/48] Building C object interpreter/rxvmplugin/rxvmplugins/mc_decimal/CMakeFiles/decnumber.dir/decnumber/decNumber.c.o
[37/48] Building C object interpreter/CMakeFiles/rxtvm.dir/rxvmmain.c.o
[38/48] Building C object interpreter/CMakeFiles/rxtvm_core_objects.dir/rxcrexxcmd.c.o
[39/48] Building C object interpreter/CMakeFiles/rxtvm_core_objects.dir/rxspawn.c.o
[40/48] Linking C static library bin/librxbin.a
[41/48] Linking C static library bin/libdecnumber.a
[42/48] Linking C static library bin/rxvm_mc_decimal_manual.a
[43/48] Building C object interpreter/CMakeFiles/rxbvm_core_objects.dir/rxvmintp.c.o
[44/48] Linking C executable bin/rxbvm
[45/48] Creating rxvm symlink to rxbvm
[46/48] Building C object interpreter/CMakeFiles/rxtvm_core_objects.dir/rxvmintp.c.o
[47/48] Linking C executable bin/rxtvm
