Warning in ragprocess.crexx @ 359:6 - #NOT_IN_SAME_SCOPE: Implicit use creates a separate binding; the earlier same-named binding is at line 352, column 5. Declare this binding explicitly if intentional., "index"
Warning in ragprocess.crexx @ 410:8 - #NOT_IN_SAME_SCOPE: Implicit use creates a separate binding; the earlier same-named binding is at line 392, column 6. Declare this binding explicitly if intentional., "i"
Warning in ragprocess.crexx @ 421:6 - #NOT_IN_SAME_SCOPE: Implicit use creates a separate binding; the earlier same-named binding is at line 392, column 6. Declare this binding explicitly if intentional., "i"
Warning in ragprocess.crexx @ 430:6 - #NOT_IN_SAME_SCOPE: Implicit use creates a separate binding; the earlier same-named binding is at line 392, column 6. Declare this binding explicitly if intentional., "i"
Warning in ragprocess.crexx @ 499:147 - #NOT_IN_SAME_SCOPE: Implicit use creates a separate binding; the earlier same-named binding is at line 498, column 73. Declare this binding explicitly if intentional., "ignored"
Warning in ragprocess.crexx @ 546:73 - #NOT_IN_SAME_SCOPE: Implicit use creates a separate binding; the earlier same-named binding is at line 542, column 84. Declare this binding explicitly if intentional., "ignored"
Warning in ragprocess.crexx @ 547:147 - #NOT_IN_SAME_SCOPE: Implicit use creates a separate binding; the earlier same-named binding is at line 542, column 84. Declare this binding explicitly if intentional., "ignored"
Warning in ragprocess.crexx @ 563:7 - #NOT_IN_SAME_SCOPE: Implicit use creates a separate binding; the earlier same-named binding is at line 542, column 84. Declare this binding explicitly if intentional., "ignored"
Warning in ragprocess.crexx @ 569:7 - #NOT_IN_SAME_SCOPE: Implicit use creates a separate binding; the earlier same-named binding is at line 542, column 84. Declare this binding explicitly if intentional., "ignored"
Warning in ragprocess.crexx @ 615:40 - #NOT_IN_SAME_SCOPE: Implicit use creates a separate binding; the earlier same-named binding is at line 561, column 7. Declare this binding explicitly if intentional., "detail"
Warning in ragprocess.crexx @ 625:53 - #NOT_IN_SAME_SCOPE: Implicit use creates a separate binding; the earlier same-named binding is at line 542, column 84. Declare this binding explicitly if intentional., "ignored"
Warning in ragprocess.crexx @ 630:5 - #NOT_IN_SAME_SCOPE: Implicit use creates a separate binding; the earlier same-named binding is at line 542, column 84. Declare this binding explicitly if intentional., "ignored"
Warning in ragprocess.crexx @ 665:142 - #NOT_IN_SAME_SCOPE: Implicit use creates a separate binding; the earlier same-named binding is at line 664, column 78. Declare this binding explicitly if intentional., "ignored"
Warning in ragprocess.crexx @ 668:5 - #NOT_IN_SAME_SCOPE: Implicit use creates a separate binding; the earlier same-named binding is at line 664, column 78. Declare this binding explicitly if intentional., "ignored"
Warning in ragprocess.crexx @ 687:7 - #NOT_IN_SAME_SCOPE: Implicit use creates a separate binding; the earlier same-named binding is at line 664, column 78. Declare this binding explicitly if intentional., "ignored"
Warning in ragprocess.crexx @ 694:6 - #NOT_IN_SAME_SCOPE: Implicit use creates a separate binding; the earlier same-named binding is at line 681, column 6. Declare this binding explicitly if intentional., "i"
Warning in ragprocess.crexx @ 695:5 - #NOT_IN_SAME_SCOPE: Implicit use creates a separate binding; the earlier same-named binding is at line 682, column 5. Declare this binding explicitly if intentional., "worker_id"
Warning in ragprocess.crexx @ 744:10 - #NOT_IN_SAME_SCOPE: Implicit use creates a separate binding; the earlier same-named binding is at line 681, column 6. Declare this binding explicitly if intentional., "i"
Warning in ragprocess.crexx @ 761:11 - #NOT_IN_SAME_SCOPE: Implicit use creates a separate binding; the earlier same-named binding is at line 664, column 78. Declare this binding explicitly if intentional., "ignored"
Warning in ragprocess.crexx @ 764:11 - #NOT_IN_SAME_SCOPE: Implicit use creates a separate binding; the earlier same-named binding is at line 759, column 11. Declare this binding explicitly if intentional., "terminal"
Warning in ragprocess.crexx @ 764:32 - #NOT_IN_SAME_SCOPE: Implicit use creates a separate binding; the earlier same-named binding is at line 759, column 32. Declare this binding explicitly if intentional., "detail"
Warning in ragprocess.crexx @ 766:11 - #NOT_IN_SAME_SCOPE: Implicit use creates a separate binding; the earlier same-named binding is at line 664, column 78. Declare this binding explicitly if intentional., "ignored"
Warning in ragprocess.crexx @ 796:7 - #NOT_IN_SAME_SCOPE: Implicit use creates a separate binding; the earlier same-named binding is at line 776, column 9. Declare this binding explicitly if intentional., "previous_id"
Warning in ragprocess.crexx @ 799:11 - #NOT_IN_SAME_SCOPE: Implicit use creates a separate binding; the earlier same-named binding is at line 664, column 78. Declare this binding explicitly if intentional., "ignored"
Warning in ragprocess.crexx @ 828:11 - #NOT_IN_SAME_SCOPE: Implicit use creates a separate binding; the earlier same-named binding is at line 696, column 5. Declare this binding explicitly if intentional., "arguments"
Warning in ragprocess.crexx @ 829:11 - #NOT_IN_SAME_SCOPE: Implicit use creates a separate binding; the earlier same-named binding is at line 697, column 5. Declare this binding explicitly if intentional., "envelope"
Warning in ragprocess.crexx @ 830:11 - #NOT_IN_SAME_SCOPE: Implicit use creates a separate binding; the earlier same-named binding is at line 698, column 5. Declare this binding explicitly if intentional., "request"
Warning in ragprocess.crexx @ 847:5 - #NOT_IN_SAME_SCOPE: Implicit use creates a separate binding; the earlier same-named binding is at line 664, column 78. Declare this binding explicitly if intentional., "ignored"
Warning in ragprocess.crexx @ 848:8 - #NOT_IN_SAME_SCOPE: Implicit use creates a separate binding; the earlier same-named binding is at line 681, column 6. Declare this binding explicitly if intentional., "i"
Warning in ragprocess.crexx @ 855:3 - #NOT_IN_SAME_SCOPE: Implicit use creates a separate binding; the earlier same-named binding is at line 730, column 5. Declare this binding explicitly if intentional., "controller_state"
Warning in ragprocess.crexx @ 855:54 - #NOT_IN_SAME_SCOPE: Implicit use creates a separate binding; the earlier same-named binding is at line 730, column 32. Declare this binding explicitly if intentional., "controller_detail"
Warning in ragprocess.crexx @ 959:41 - #NOT_IN_SAME_SCOPE: Implicit use creates a separate binding; the earlier same-named binding is at line 954, column 59. Declare this binding explicitly if intentional., "ignored"
Warning in ragprocess.crexx @ 970:41 - #NOT_IN_SAME_SCOPE: Implicit use creates a separate binding; the earlier same-named binding is at line 965, column 59. Declare this binding explicitly if intentional., "ignored"
33 warning(s) in source file
