BEGIN vm=rxbvm phase=warmup variant=s0
----- REXXCPS 2.2d -- Measuring cREXX clauses/second -----
 cREXX version is: macOS 64 crexx-1.0.0-beta.3+local.g06fe132872b1.dirty 20260808
       System is: macOS
REXXCPS-PROVENANCE contract=canonical-default argv_count=0 initial_count=100 averaging=100
        Averaged: 200 x 100 iterations of 1000 clauses (over 1.9 s)
REXXCPS-EFFECTIVE contract=canonical-default initial_count=100 effective_count=200 averaging=100 calibrated=1

     Performance: 10737875 cREXX clauses per second

PASS: RexxCPS 2.2d cREXX port
END rc=0
BEGIN vm=rxbvm phase=warmup variant=h1
----- REXXCPS 2.2d -- Measuring cREXX clauses/second -----
 cREXX version is: macOS 64 crexx-1.0.0-beta.3+local.g06fe132872b1.dirty 20260808
       System is: macOS
REXXCPS-PROVENANCE contract=canonical-default argv_count=0 initial_count=100 averaging=100
        Averaged: 200 x 100 iterations of 1000 clauses (over 1.8 s)
REXXCPS-EFFECTIVE contract=canonical-default initial_count=100 effective_count=200 averaging=100 calibrated=1

     Performance: 11122778 cREXX clauses per second

PASS: RexxCPS 2.2d cREXX port
END rc=0
BEGIN vm=rxbvm phase=warmup variant=h2
----- REXXCPS 2.2d -- Measuring cREXX clauses/second -----
 cREXX version is: macOS 64 crexx-1.0.0-beta.3+local.g06fe132872b1.dirty 20260808
       System is: macOS
REXXCPS-PROVENANCE contract=canonical-default argv_count=0 initial_count=100 averaging=100
        Averaged: 500 x 100 iterations of 1000 clauses (over 1.2 s)
REXXCPS-EFFECTIVE contract=canonical-default initial_count=100 effective_count=500 averaging=100 calibrated=1

     Performance: 43339687 cREXX clauses per second

PASS: RexxCPS 2.2d cREXX port
END rc=0
