BEGIN vm=rxtvm round=3 position=1 variant=s0
----- REXXCPS 2.2d -- Measuring cREXX clauses/second -----
 cREXX version is: macOS 64 crexx-1.0.0-beta.3+local.g06fe132872b1.dirty 20260808
       System is: macOS
REXXCPS-PROVENANCE contract=canonical-default argv_count=0 initial_count=100 averaging=100
        Averaged: 100 x 100 iterations of 1000 clauses (over 1.0 s)
REXXCPS-EFFECTIVE contract=canonical-default initial_count=100 effective_count=100 averaging=100 calibrated=0

     Performance: 9986758 cREXX clauses per second

PASS: RexxCPS 2.2d cREXX port
        1.01 real         1.01 user         0.00 sys
            19251200  maximum resident set size
                   0  average shared memory size
                   0  average unshared data size
                   0  average unshared stack size
                1352  page reclaims
                   3  page faults
                   0  swaps
                   0  block input operations
                   0  block output operations
                   0  messages sent
                   0  messages received
                   0  signals received
                   0  voluntary context switches
                 217  involuntary context switches
         18958473448  instructions retired
          4391554550  cycles elapsed
            14156208  peak memory footprint
END rc=0
