BEGIN vm=rxtvm round=4 position=3 variant=s0
----- REXXCPS 2.2d -- Measuring cREXX clauses/second -----
 cREXX version is: macOS 64 crexx-1.0.0-beta.3+local.g06fe132872b1.dirty 20260808
       System is: macOS
REXXCPS-PROVENANCE contract=canonical-default argv_count=0 initial_count=100 averaging=100
        Averaged: 200 x 100 iterations of 1000 clauses (over 2.0 s)
REXXCPS-EFFECTIVE contract=canonical-default initial_count=100 effective_count=200 averaging=100 calibrated=1

     Performance: 10099174 cREXX clauses per second

PASS: RexxCPS 2.2d cREXX port
        2.98 real         2.96 user         0.01 sys
            19218432  maximum resident set size
                   0  average shared memory size
                   0  average unshared data size
                   0  average unshared stack size
                1350  page reclaims
                   3  page faults
                   0  swaps
                   0  block input operations
                   0  block output operations
                   0  messages sent
                   0  messages received
                   0  signals received
                   0  voluntary context switches
                 541  involuntary context switches
         56580854310  instructions retired
         12890470929  cycles elapsed
            14123440  peak memory footprint
END rc=0
